Solving model_1.lp
variables = 37
constraints = 71
Optimal objective = 19.7172
Optimal variable values:
x2 = 6.0000000000000000e+00
PHI_L = 1.3717249251824166e+01
x3 = -6.4018439299037100e-01
x4 = 7.6822127398844531e-01
x5 = 1.5949841064190486e+00
x7 = 1.0000000000000000e+00
x8 = 4.5710620899999999e+00
x9 = 5.6229917078271086e-01
x10 = 8.2693387745030678e-01
x11 = 2.7592677818944247e+00
x12 = -1.0000000000000000e+00
x14 = 4.3072259884513864e+00
x15 = 1.5948386173098306e+00
x16 = 3.9467875199999995e+00
x17 = 6.8706888916199960e+00
x18 = 8.9508741399999998e+00
X[2] = 6.0000000000000000e+00
X[3] = -6.4018439299037100e-01
X[4] = 7.6822127398844531e-01
X[5] = 1.5949841064190486e+00
X[7] = 1.0000000000000000e+00
X[8] = 4.5710620899999999e+00
X[9] = 5.6229917078271086e-01
X[10] = 8.2693387745030678e-01
X[11] = 2.7592677818944247e+00
X[12] = -1.0000000000000000e+00
X[14] = 4.3072259884513864e+00
X[15] = 1.5948386173098306e+00
X[16] = 3.9467875199999995e+00
X[17] = 6.8706888916199960e+00
X[18] = 8.9508741399999998e+00
cutPHI_L[1] = 1.3717249251824166e+01
phi[1,'e200'] = 1.3717249251824166e+01
33 nonzero variables in solution
bye.
