Starting log: Fri Apr  3 16:11:34 2026.
Running on: jasper.local.

<Version 2025.Apr.03.143900@jasper>
Reading config file drsk.conf.
LPFILE ../data/case9_full.lp
SOLFILE ../data/case9_full.sol
NONZEROSINSOL 1
LOUDCONSTRAINTS 0
STRUCTFILE struct_case9dcfull.conf
Reading LP ../data/case9_full.lp.
Number of variables = 31.
Done reading LP.
Reading solution file ../data/case9_full.sol.
Now storing LP data.

Storing linear constraints; 27 in total.
Stored linear constraints with code 0.
Storing quadratic constraints; 0 in total.
Quad constraints read with code 0.

->quadratic objective!
Iter 0 Quad term 3.4429e+03 lin term 1.7731e+03 constant 0.0000e+00 total 5.216036e+03.
Reading structure file struct_case9dcfull.conf.
I = 9 budget = 1
Read structure.
Running Algo1.
Getting impact at iteration_cnt 0 using style 0-norm_per.
>feat: 0  name: PBaldef_1_1  numrisky: 2
 riskyterm: 0  z: z_1  card: 1  vars: ['theta_1']
 j 0 h 0 var = theta_1 xval = 0.639789 coeff = 17.36111111111111
 -> displacement 1.111e+01
 riskyterm: 1  z: z_1_1_4  card: 1  vars: ['theta_4']
 j 1 h 0 var = theta_4 xval = 0.589928 coeff = -17.36111111111111
 -> displacement -1.024e+01
 feat: PBaldef_1_1 (=)  L0norm: 11.1074  L1norm: 21.3493  L2norm: 15.1086
>feat: 1  name: PBaldef_2_2  numrisky: 2
 riskyterm: 0  z: z_2  card: 1  vars: ['theta_2']
 j 0 h 0 var = theta_2 xval = 0.74521 coeff = 16.0
 -> displacement 1.192e+01
 riskyterm: 1  z: z_7_8_2  card: 1  vars: ['theta_8']
 j 1 h 0 var = theta_8 xval = 0.661224 coeff = -16.0
 -> displacement -1.058e+01
 feat: PBaldef_2_2 (=)  L0norm: 11.9234  L1norm: 22.5029  L2norm: 15.9403
>feat: 2  name: PBaldef_3_3  numrisky: 2
 riskyterm: 0  z: z_3  card: 1  vars: ['theta_3']
 j 0 h 0 var = theta_3 xval = 0.709653 coeff = 17.06484641638225
 -> displacement 1.211e+01
 riskyterm: 1  z: z_4_3_6  card: 1  vars: ['theta_6']
 j 1 h 0 var = theta_6 xval = 0.654535 coeff = -17.06484641638225
 -> displacement -1.117e+01
 feat: PBaldef_3_3 (=)  L0norm: 12.1101  L1norm: 23.2797  L2norm: 16.4746
>feat: 3  name: PBaldef_4_4  numrisky: 4
 riskyterm: 0  z: z_4  card: 1  vars: ['theta_4']
 j 0 h 0 var = theta_4 xval = 0.589928 coeff = 39.99538221085535
 -> displacement 2.359e+01
 riskyterm: 1  z: z_2_4_5  card: 1  vars: ['theta_5']
 j 1 h 0 var = theta_5 xval = 0.558889 coeff = -10.8695652173913
 -> displacement -6.075e+00
 riskyterm: 2  z: z_1_1_4  card: 1  vars: ['theta_1']
 j 2 h 0 var = theta_1 xval = 0.639789 coeff = -17.36111111111111
 -> displacement -1.111e+01
 riskyterm: 3  z: z_9_9_4  card: 1  vars: ['theta_9']
 j 3 h 0 var = theta_9 xval = 0.545025 coeff = -11.76470588235294
 -> displacement -6.412e+00
 feat: PBaldef_4_4 (=)  L0norm: 23.5944  L1norm: 47.1888  L2norm: 27.5334
>feat: 4  name: PBaldef_5_5  numrisky: 3
 riskyterm: 0  z: z_5  card: 1  vars: ['theta_5']
 j 0 h 0 var = theta_5 xval = 0.558889 coeff = 16.75191815856778
 -> displacement 9.362e+00
 riskyterm: 1  z: z_3_5_6  card: 1  vars: ['theta_6']
 j 1 h 0 var = theta_6 xval = 0.654535 coeff = -5.88235294117647
 -> displacement -3.850e+00
 riskyterm: 2  z: z_2_4_5  card: 1  vars: ['theta_4']
 j 2 h 0 var = theta_4 xval = 0.589928 coeff = -10.8695652173913
 -> displacement -6.412e+00
 feat: PBaldef_5_5 (=)  L0norm: 9.36246  L1norm: 19.6249  L2norm: 11.9832
>feat: 5  name: PBaldef_6_6  numrisky: 4
 riskyterm: 0  z: z_6  card: 1  vars: ['theta_6']
 j 0 h 0 var = theta_6 xval = 0.654535 coeff = 32.86783427819364
 -> displacement 2.151e+01
 riskyterm: 1  z: z_5_6_7  card: 1  vars: ['theta_7']
 j 1 h 0 var = theta_7 xval = 0.616437 coeff = -9.920634920634921
 -> displacement -6.115e+00
 riskyterm: 2  z: z_3_5_6  card: 1  vars: ['theta_5']
 j 2 h 0 var = theta_5 xval = 0.558889 coeff = -5.88235294117647
 -> displacement -3.288e+00
 riskyterm: 3  z: z_4_3_6  card: 1  vars: ['theta_3']
 j 3 h 0 var = theta_3 xval = 0.709653 coeff = -17.06484641638225
 -> displacement -1.211e+01
 feat: PBaldef_6_6 (=)  L0norm: 21.5131  L1norm: 43.0263  L2norm: 25.6452
>feat: 6  name: PBaldef_7_7  numrisky: 3
 riskyterm: 0  z: z_7  card: 1  vars: ['theta_7']
 j 0 h 0 var = theta_7 xval = 0.616437 coeff = 23.80952380952381
 -> displacement 1.468e+01
 riskyterm: 1  z: z_6_7_8  card: 1  vars: ['theta_8']
 j 1 h 0 var = theta_8 xval = 0.661224 coeff = -13.88888888888889
 -> displacement -9.184e+00
 riskyterm: 2  z: z_5_6_7  card: 1  vars: ['theta_6']
 j 2 h 0 var = theta_6 xval = 0.654535 coeff = -9.920634920634921
 -> displacement -6.493e+00
 feat: PBaldef_7_7 (=)  L0norm: 14.6771  L1norm: 30.3541  L2norm: 18.4911
>feat: 7  name: PBaldef_8_8  numrisky: 4
 riskyterm: 0  z: z_8  card: 1  vars: ['theta_8']
 j 0 h 0 var = theta_8 xval = 0.661224 coeff = 36.10006901311249
 -> displacement 2.387e+01
 riskyterm: 1  z: z_7_8_2  card: 1  vars: ['theta_2']
 j 1 h 0 var = theta_2 xval = 0.74521 coeff = -16.0
 -> displacement -1.192e+01
 riskyterm: 2  z: z_8_8_9  card: 1  vars: ['theta_9']
 j 2 h 0 var = theta_9 xval = 0.545025 coeff = -6.211180124223603
 -> displacement -3.385e+00
 riskyterm: 3  z: z_6_7_8  card: 1  vars: ['theta_7']
 j 3 h 0 var = theta_7 xval = 0.616437 coeff = -13.88888888888889
 -> displacement -8.562e+00
 feat: PBaldef_8_8 (=)  L0norm: 23.8702  L1norm: 47.7405  L2norm: 28.2262
>feat: 8  name: PBaldef_9_9  numrisky: 3
 riskyterm: 0  z: z_9  card: 1  vars: ['theta_9']
 j 0 h 0 var = theta_9 xval = 0.545025 coeff = 17.97588600657654
 -> displacement 9.797e+00
 riskyterm: 1  z: z_9_9_4  card: 1  vars: ['theta_4']
 j 1 h 0 var = theta_4 xval = 0.589928 coeff = -11.76470588235294
 -> displacement -6.940e+00
 riskyterm: 2  z: z_8_8_9  card: 1  vars: ['theta_8']
 j 2 h 0 var = theta_8 xval = 0.661224 coeff = -6.211180124223603
 -> displacement -4.107e+00
 feat: PBaldef_9_9 (=)  L0norm: 9.79731  L1norm: 20.8446  L2norm: 12.6895
Max feature value: 23.8702 at 7  L1-norm: 47.7405  L2-norm: 28.2262.
Counter: 0  feature: 7  delta: 2.387e+01  ind: 0
Counter: 1  feature: 3  delta: 2.359e+01  ind: 0
Counter: 2  feature: 5  delta: 2.151e+01  ind: 0
Counter: 3  feature: 6  delta: 1.468e+01  ind: 0
Counter: 4  feature: 2  delta: 1.211e+01  ind: 0
Counter: 5  feature: 1  delta: 1.192e+01  ind: 0
Counter: 6  feature: 0  delta: 1.111e+01  ind: 0
Counter: 7  feature: 8  delta: 9.797e+00  ind: 0
Counter: 8  feature: 4  delta: 9.362e+00  ind: 0
Iteration 0.  Obj 5216  Impact 23.87.
Current impact 23.8702 target_impact 17.9027 curr_obj 5216.04
Adding impact variable with Theta 291.355.
Adding greedy cuts at iteration_cnt 0.
Writing LP to file form_0.lp.
Solving Model
  variables = 34
  constraints = 30
 OPTIMAL. optimal value: 5.2160e+03 in time 4.2870e-03Optimal objective = 5216.03
Optimal variable values:
GP_1_1 = 0.865645
GP_2_2 = 1.34378
GP_3_3 = 0.940579
constant = 1
theta_1 = -0.021435
theta_4 = -0.0712962
P_1_1_4 = 0.865645
theta_5 = -0.102335
P_2_4_5 = 0.337377
theta_6 = -0.00668909
P_3_5_6 = -0.562623
theta_3 = 0.0484288
P_4_3_6 = 0.940579
theta_7 = -0.0447871
P_5_6_7 = 0.377957
P_6_7_8 = -0.622043
theta_2 = 0.083986
P_7_8_2 = -1.34378
theta_9 = -0.116199
P_8_8_9 = 0.721732
P_9_9_4 = -0.528268
IP_1 = 0.865645
IP_2 = 1.34378
IP_3 = 0.940579
IP_5 = -0.9
IP_7 = -1
IP_9 = -1.25
27 nonzero variables in solution
Getting impact at iteration_cnt 1 using style 0-norm_per.
>feat: 0  name: PBaldef_1_1  numrisky: 2
 riskyterm: 0  z: z_1  card: 1  vars: ['theta_1']
 j 0 h 0 var = theta_1 xval = -0.02143504284717057 coeff = 17.36111111111111
 -> displacement -3.721e-01
 riskyterm: 1  z: z_1_1_4  card: 1  vars: ['theta_4']
 j 1 h 0 var = theta_4 xval = -0.07129619372761331 coeff = -17.36111111111111
 -> displacement 1.238e+00
 feat: PBaldef_1_1 (=)  L0norm: 1.23778  L1norm: 1.60992  L2norm: 1.29251
>feat: 1  name: PBaldef_2_2  numrisky: 2
 riskyterm: 0  z: z_2  card: 1  vars: ['theta_2']
 j 0 h 0 var = theta_2 xval = 0.08398599088558978 coeff = 16.0
 -> displacement 1.344e+00
 riskyterm: 1  z: z_7_8_2  card: 1  vars: ['theta_8']
 j 1 h 0 var = theta_8 xval = 3.9129280747500006e-11 coeff = -16.0
 -> displacement -6.261e-10
 feat: PBaldef_2_2 (=)  L0norm: 1.34378  L1norm: 1.34378  L2norm: 1.34378
>feat: 2  name: PBaldef_3_3  numrisky: 2
 riskyterm: 0  z: z_3  card: 1  vars: ['theta_3']
 j 0 h 0 var = theta_3 xval = 0.048428846800956826 coeff = 17.06484641638225
 -> displacement 8.264e-01
 riskyterm: 1  z: z_4_3_6  card: 1  vars: ['theta_6']
 j 1 h 0 var = theta_6 xval = -0.006689092320688875 coeff = -17.06484641638225
 -> displacement 1.141e-01
 feat: PBaldef_3_3 (=)  L0norm: 0.826431  L1norm: 0.940579  L2norm: 0.834277
>feat: 3  name: PBaldef_4_4  numrisky: 4
 riskyterm: 0  z: z_4  card: 1  vars: ['theta_4']
 j 0 h 0 var = theta_4 xval = -0.07129619372761331 coeff = 39.99538221085535
 -> displacement -2.852e+00
 riskyterm: 1  z: z_2_4_5  card: 1  vars: ['theta_5']
 j 1 h 0 var = theta_5 xval = -0.10233492147795964 coeff = -10.8695652173913
 -> displacement 1.112e+00
 riskyterm: 2  z: z_1_1_4  card: 1  vars: ['theta_1']
 j 2 h 0 var = theta_1 xval = -0.02143504284717057 coeff = -17.36111111111111
 -> displacement 3.721e-01
 riskyterm: 3  z: z_9_9_4  card: 1  vars: ['theta_9']
 j 3 h 0 var = theta_9 xval = -0.1161989316536296 coeff = -11.76470588235294
 -> displacement 1.367e+00
 feat: PBaldef_4_4 (=)  L0norm: 2.85152  L1norm: 5.70304  L2norm: 3.3728
>feat: 4  name: PBaldef_5_5  numrisky: 3
 riskyterm: 0  z: z_5  card: 1  vars: ['theta_5']
 j 0 h 0 var = theta_5 xval = -0.10233492147795964 coeff = 16.75191815856778
 -> displacement -1.714e+00
 riskyterm: 1  z: z_3_5_6  card: 1  vars: ['theta_6']
 j 1 h 0 var = theta_6 xval = -0.006689092320688875 coeff = -5.88235294117647
 -> displacement 3.935e-02
 riskyterm: 2  z: z_2_4_5  card: 1  vars: ['theta_4']
 j 2 h 0 var = theta_4 xval = -0.07129619372761331 coeff = -10.8695652173913
 -> displacement 7.750e-01
 feat: PBaldef_5_5 (=)  L0norm: 1.71431  L1norm: 2.52861  L2norm: 1.88174
>feat: 5  name: PBaldef_6_6  numrisky: 4
 riskyterm: 0  z: z_6  card: 1  vars: ['theta_6']
 j 0 h 0 var = theta_6 xval = -0.006689092320688875 coeff = 32.86783427819364
 -> displacement -2.199e-01
 riskyterm: 1  z: z_5_6_7  card: 1  vars: ['theta_7']
 j 1 h 0 var = theta_7 xval = -0.044787121777589256 coeff = -9.920634920634921
 -> displacement 4.443e-01
 riskyterm: 2  z: z_3_5_6  card: 1  vars: ['theta_5']
 j 2 h 0 var = theta_5 xval = -0.10233492147795964 coeff = -5.88235294117647
 -> displacement 6.020e-01
 riskyterm: 3  z: z_4_3_6  card: 1  vars: ['theta_3']
 j 3 h 0 var = theta_3 xval = 0.048428846800956826 coeff = -17.06484641638225
 -> displacement -8.264e-01
 feat: PBaldef_6_6 (=)  L0norm: 0.826431  L1norm: 2.09257  L2norm: 1.13627
>feat: 6  name: PBaldef_7_7  numrisky: 3
 riskyterm: 0  z: z_7  card: 1  vars: ['theta_7']
 j 0 h 0 var = theta_7 xval = -0.044787121777589256 coeff = 23.80952380952381
 -> displacement -1.066e+00
 riskyterm: 1  z: z_6_7_8  card: 1  vars: ['theta_8']
 j 1 h 0 var = theta_8 xval = 3.9129280747500006e-11 coeff = -13.88888888888889
 -> displacement -5.435e-10
 riskyterm: 2  z: z_5_6_7  card: 1  vars: ['theta_6']
 j 2 h 0 var = theta_6 xval = -0.006689092320688875 coeff = -9.920634920634921
 -> displacement 6.636e-02
 feat: PBaldef_7_7 (=)  L0norm: 1.06636  L1norm: 1.13272  L2norm: 1.06842
>feat: 7  name: PBaldef_8_8  numrisky: 4
 riskyterm: 0  z: z_8  card: 1  vars: ['theta_8']
 j 0 h 0 var = theta_8 xval = 3.9129280747500006e-11 coeff = 36.10006901311249
 -> displacement 1.413e-09
 riskyterm: 1  z: z_7_8_2  card: 1  vars: ['theta_2']
 j 1 h 0 var = theta_2 xval = 0.08398599088558978 coeff = -16.0
 -> displacement -1.344e+00
 riskyterm: 2  z: z_8_8_9  card: 1  vars: ['theta_9']
 j 2 h 0 var = theta_9 xval = -0.1161989316536296 coeff = -6.211180124223603
 -> displacement 7.217e-01
 riskyterm: 3  z: z_6_7_8  card: 1  vars: ['theta_7']
 j 3 h 0 var = theta_7 xval = -0.044787121777589256 coeff = -13.88888888888889
 -> displacement 6.220e-01
 feat: PBaldef_8_8 (=)  L0norm: 1.34378  L1norm: 2.68755  L2norm: 1.64729
>feat: 8  name: PBaldef_9_9  numrisky: 3
 riskyterm: 0  z: z_9  card: 1  vars: ['theta_9']
 j 0 h 0 var = theta_9 xval = -0.1161989316536296 coeff = 17.97588600657654
 -> displacement -2.089e+00
 riskyterm: 1  z: z_9_9_4  card: 1  vars: ['theta_4']
 j 1 h 0 var = theta_4 xval = -0.07129619372761331 coeff = -11.76470588235294
 -> displacement 8.388e-01
 riskyterm: 2  z: z_8_8_9  card: 1  vars: ['theta_8']
 j 2 h 0 var = theta_8 xval = 3.9129280747500006e-11 coeff = -6.211180124223603
 -> displacement -2.430e-10
 feat: PBaldef_9_9 (=)  L0norm: 2.08878  L1norm: 2.92756  L2norm: 2.2509
Max feature value: 2.85152 at 3  L1-norm: 5.70304  L2-norm: 3.3728.
Counter: 0  feature: 3  delta: 2.852e+00  ind: 0
Counter: 1  feature: 8  delta: 2.089e+00  ind: 0
Counter: 2  feature: 4  delta: 1.714e+00  ind: 0
Counter: 3  feature: 1  delta: 1.344e+00  ind: 0
Counter: 4  feature: 7  delta: 1.344e+00  ind: 1
Counter: 5  feature: 0  delta: 1.238e+00  ind: 1
Counter: 6  feature: 6  delta: 1.066e+00  ind: 0
Counter: 7  feature: 2  delta: 8.264e-01  ind: 0
Counter: 8  feature: 5  delta: 8.264e-01  ind: 3
Iteration 1.  Obj 5216  Impact 2.8515.
Adding greedy cuts at iteration_cnt 1.
Writing LP to file form_1.lp.
Solving Model
  variables = 36
  constraints = 33
 OPTIMAL. optimal value: 5.5133e+03 in time 1.6999e-03Optimal objective = 5513.29
Optimal variable values:
GP_1_1 = 1.09262
GP_2_2 = 1.1266
GP_3_3 = 0.930777
constant = 1
theta_1 = 0.0457385
theta_4 = -0.0171964
P_1_1_4 = 1.09262
theta_5 = -0.0560093
P_2_4_5 = 0.42188
theta_6 = 0.0252711
P_3_5_6 = -0.47812
theta_3 = 0.0798146
P_4_3_6 = 0.930777
theta_7 = -0.0203568
P_5_6_7 = 0.452657
theta_8 = 0.0190519
P_6_7_8 = -0.547343
theta_2 = 0.0894647
P_7_8_2 = -1.1266
theta_9 = -0.0742092
P_8_8_9 = 0.579261
P_9_9_4 = -0.670739
IP_1 = 1.09262
IP_2 = 1.1266
IP_3 = 0.930777
IP_5 = -0.9
IP_7 = -1
IP_9 = -1.25
IMP = 0.687775
displacement_7_0 = 0.687775
displacement_3_0 = 0.687775
31 nonzero variables in solution
Getting impact at iteration_cnt 2 using style 0-norm_per.
>feat: 0  name: PBaldef_1_1  numrisky: 2
 riskyterm: 0  z: z_1  card: 1  vars: ['theta_1']
 j 0 h 0 var = theta_1 xval = 0.045738474253009365 coeff = 17.36111111111111
 -> displacement 7.941e-01
 riskyterm: 1  z: z_1_1_4  card: 1  vars: ['theta_4']
 j 1 h 0 var = theta_4 xval = -0.0171963677777095 coeff = -17.36111111111111
 -> displacement 2.985e-01
 feat: PBaldef_1_1 (=)  L0norm: 0.794071  L1norm: 1.09262  L2norm: 0.848339
>feat: 1  name: PBaldef_2_2  numrisky: 2
 riskyterm: 0  z: z_2  card: 1  vars: ['theta_2']
 j 0 h 0 var = theta_2 xval = 0.08946467603107333 coeff = 16.0
 -> displacement 1.431e+00
 riskyterm: 1  z: z_7_8_2  card: 1  vars: ['theta_8']
 j 1 h 0 var = theta_8 xval = 0.019051911023955582 coeff = -16.0
 -> displacement -3.048e-01
 feat: PBaldef_2_2 (=)  L0norm: 1.43143  L1norm: 1.73627  L2norm: 1.46353
>feat: 2  name: PBaldef_3_3  numrisky: 2
 riskyterm: 0  z: z_3  card: 1  vars: ['theta_3']
 j 0 h 0 var = theta_3 xval = 0.07981458207199665 coeff = 17.06484641638225
 -> displacement 1.362e+00
 riskyterm: 1  z: z_4_3_6  card: 1  vars: ['theta_6']
 j 1 h 0 var = theta_6 xval = 0.02527105098010411 coeff = -17.06484641638225
 -> displacement -4.312e-01
 feat: PBaldef_3_3 (=)  L0norm: 1.36202  L1norm: 1.79327  L2norm: 1.42866
>feat: 3  name: PBaldef_4_4  numrisky: 4
 riskyterm: 0  z: z_4  card: 1  vars: ['theta_4']
 j 0 h 0 var = theta_4 xval = -0.0171963677777095 coeff = 39.99538221085535
 -> displacement -6.878e-01
 riskyterm: 1  z: z_2_4_5  card: 1  vars: ['theta_5']
 j 1 h 0 var = theta_5 xval = -0.05600933523815943 coeff = -10.8695652173913
 -> displacement 6.088e-01
 riskyterm: 2  z: z_1_1_4  card: 1  vars: ['theta_1']
 j 2 h 0 var = theta_1 xval = 0.045738474253009365 coeff = -17.36111111111111
 -> displacement -7.941e-01
 riskyterm: 3  z: z_9_9_4  card: 1  vars: ['theta_9']
 j 3 h 0 var = theta_9 xval = -0.07420915762245682 coeff = -11.76470588235294
 -> displacement 8.730e-01
 feat: PBaldef_4_4 (=)  L0norm: 0.873049  L1norm: 2.96369  L2norm: 1.49547
>feat: 4  name: PBaldef_5_5  numrisky: 3
 riskyterm: 0  z: z_5  card: 1  vars: ['theta_5']
 j 0 h 0 var = theta_5 xval = -0.05600933523815943 coeff = 16.75191815856778
 -> displacement -9.383e-01
 riskyterm: 1  z: z_3_5_6  card: 1  vars: ['theta_6']
 j 1 h 0 var = theta_6 xval = 0.02527105098010411 coeff = -5.88235294117647
 -> displacement -1.487e-01
 riskyterm: 2  z: z_2_4_5  card: 1  vars: ['theta_4']
 j 2 h 0 var = theta_4 xval = -0.0171963677777095 coeff = -10.8695652173913
 -> displacement 1.869e-01
 feat: PBaldef_5_5 (=)  L0norm: 0.938264  L1norm: 1.27383  L2norm: 0.968181
>feat: 5  name: PBaldef_6_6  numrisky: 4
 riskyterm: 0  z: z_6  card: 1  vars: ['theta_6']
 j 0 h 0 var = theta_6 xval = 0.02527105098010411 coeff = 32.86783427819364
 -> displacement 8.306e-01
 riskyterm: 1  z: z_5_6_7  card: 1  vars: ['theta_7']
 j 1 h 0 var = theta_7 xval = -0.02035678079677261 coeff = -9.920634920634921
 -> displacement 2.020e-01
 riskyterm: 2  z: z_3_5_6  card: 1  vars: ['theta_5']
 j 2 h 0 var = theta_5 xval = -0.05600933523815943 coeff = -5.88235294117647
 -> displacement 3.295e-01
 riskyterm: 3  z: z_4_3_6  card: 1  vars: ['theta_3']
 j 3 h 0 var = theta_3 xval = 0.07981458207199665 coeff = -17.06484641638225
 -> displacement -1.362e+00
 feat: PBaldef_6_6 (=)  L0norm: 1.36202  L1norm: 2.72405  L2norm: 1.64145
>feat: 6  name: PBaldef_7_7  numrisky: 3
 riskyterm: 0  z: z_7  card: 1  vars: ['theta_7']
 j 0 h 0 var = theta_7 xval = -0.02035678079677261 coeff = 23.80952380952381
 -> displacement -4.847e-01
 riskyterm: 1  z: z_6_7_8  card: 1  vars: ['theta_8']
 j 1 h 0 var = theta_8 xval = 0.019051911023955582 coeff = -13.88888888888889
 -> displacement -2.646e-01
 riskyterm: 2  z: z_5_6_7  card: 1  vars: ['theta_6']
 j 2 h 0 var = theta_6 xval = 0.02527105098010411 coeff = -9.920634920634921
 -> displacement -2.507e-01
 feat: PBaldef_7_7 (=)  L0norm: 0.484685  L1norm: 1  L2norm: 0.606458
>feat: 7  name: PBaldef_8_8  numrisky: 4
 riskyterm: 0  z: z_8  card: 1  vars: ['theta_8']
 j 0 h 0 var = theta_8 xval = 0.019051911023955582 coeff = 36.10006901311249
 -> displacement 6.878e-01
 riskyterm: 1  z: z_7_8_2  card: 1  vars: ['theta_2']
 j 1 h 0 var = theta_2 xval = 0.08946467603107333 coeff = -16.0
 -> displacement -1.431e+00
 riskyterm: 2  z: z_8_8_9  card: 1  vars: ['theta_9']
 j 2 h 0 var = theta_9 xval = -0.07420915762245682 coeff = -6.211180124223603
 -> displacement 4.609e-01
 riskyterm: 3  z: z_6_7_8  card: 1  vars: ['theta_7']
 j 3 h 0 var = theta_7 xval = -0.02035678079677261 coeff = -13.88888888888889
 -> displacement 2.827e-01
 feat: PBaldef_8_8 (=)  L0norm: 1.43143  L1norm: 2.86287  L2norm: 1.67763
>feat: 8  name: PBaldef_9_9  numrisky: 3
 riskyterm: 0  z: z_9  card: 1  vars: ['theta_9']
 j 0 h 0 var = theta_9 xval = -0.07420915762245682 coeff = 17.97588600657654
 -> displacement -1.334e+00
 riskyterm: 1  z: z_9_9_4  card: 1  vars: ['theta_4']
 j 1 h 0 var = theta_4 xval = -0.0171963677777095 coeff = -11.76470588235294
 -> displacement 2.023e-01
 riskyterm: 2  z: z_8_8_9  card: 1  vars: ['theta_8']
 j 2 h 0 var = theta_8 xval = 0.019051911023955582 coeff = -6.211180124223603
 -> displacement -1.183e-01
 feat: PBaldef_9_9 (=)  L0norm: 1.33398  L1norm: 1.65462  L2norm: 1.35441
Max feature value: 1.43143 at 1  L1-norm: 1.73627  L2-norm: 1.46353.
Counter: 0  feature: 1  delta: 1.431e+00  ind: 0
Counter: 1  feature: 7  delta: 1.431e+00  ind: 1
Counter: 2  feature: 2  delta: 1.362e+00  ind: 0
Counter: 3  feature: 5  delta: 1.362e+00  ind: 3
Counter: 4  feature: 8  delta: 1.334e+00  ind: 0
Counter: 5  feature: 4  delta: 9.383e-01  ind: 0
Counter: 6  feature: 3  delta: 8.730e-01  ind: 3
Counter: 7  feature: 0  delta: 7.941e-01  ind: 0
Counter: 8  feature: 6  delta: 4.847e-01  ind: 0
Iteration 2.  Obj 5312.9  Impact 1.4314.
Adding greedy cuts at iteration_cnt 2.
Writing LP to file form_2.lp.
Solving Model
  variables = 38
  constraints = 36
 OPTIMAL. optimal value: 5.6631e+03 in time 9.9080e-03Optimal objective = 5663.13
Optimal variable values:
GP_1_1 = 1.0407
GP_2_2 = 1.14019
GP_3_3 = 0.969111
constant = 1
theta_1 = 0.0275781
theta_4 = -0.0323664
P_1_1_4 = 1.0407
theta_5 = -0.0685583
P_2_4_5 = 0.393391
theta_6 = 0.0175653
P_3_5_6 = -0.506609
theta_3 = 0.0743552
P_4_3_6 = 0.969111
theta_7 = -0.0290549
P_5_6_7 = 0.462502
theta_8 = 0.00964493
P_6_7_8 = -0.537498
theta_2 = 0.0809066
P_7_8_2 = -1.14019
theta_9 = -0.0873879
P_8_8_9 = 0.602688
P_9_9_4 = -0.647312
IP_1 = 1.0407
IP_2 = 1.14019
IP_3 = 0.969111
IP_5 = -0.9
IP_7 = -1
IP_9 = -1.25
IMP = 1.29451
displacement_7_0 = 0.348183
displacement_3_0 = 1.29451
displacement_1_0 = 1.29451
32 nonzero variables in solution
Getting impact at iteration_cnt 3 using style 0-norm_per.
>feat: 0  name: PBaldef_1_1  numrisky: 2
 riskyterm: 0  z: z_1  card: 1  vars: ['theta_1']
 j 0 h 0 var = theta_1 xval = 0.027578095791015222 coeff = 17.36111111111111
 -> displacement 4.788e-01
 riskyterm: 1  z: z_1_1_4  card: 1  vars: ['theta_4']
 j 1 h 0 var = theta_4 xval = -0.03236636467300696 coeff = -17.36111111111111
 -> displacement 5.619e-01
 feat: PBaldef_1_1 (=)  L0norm: 0.561916  L1norm: 1.0407  L2norm: 0.738232
>feat: 1  name: PBaldef_2_2  numrisky: 2
 riskyterm: 0  z: z_2  card: 1  vars: ['theta_2']
 j 0 h 0 var = theta_2 xval = 0.08090657036036344 coeff = 16.0
 -> displacement 1.295e+00
 riskyterm: 1  z: z_7_8_2  card: 1  vars: ['theta_8']
 j 1 h 0 var = theta_8 xval = 0.009644934479503589 coeff = -16.0
 -> displacement -1.543e-01
 feat: PBaldef_2_2 (=)  L0norm: 1.29451  L1norm: 1.44882  L2norm: 1.30367
>feat: 2  name: PBaldef_3_3  numrisky: 2
 riskyterm: 0  z: z_3  card: 1  vars: ['theta_3']
 j 0 h 0 var = theta_3 xval = 0.07435521324383743 coeff = 17.06484641638225
 -> displacement 1.269e+00
 riskyterm: 1  z: z_4_3_6  card: 1  vars: ['theta_6']
 j 1 h 0 var = theta_6 xval = 0.017565285935527072 coeff = -17.06484641638225
 -> displacement -2.997e-01
 feat: PBaldef_3_3 (=)  L0norm: 1.26886  L1norm: 1.56861  L2norm: 1.30379
>feat: 3  name: PBaldef_4_4  numrisky: 4
 riskyterm: 0  z: z_4  card: 1  vars: ['theta_4']
 j 0 h 0 var = theta_4 xval = -0.03236636467300696 coeff = 39.99538221085535
 -> displacement -1.295e+00
 riskyterm: 1  z: z_2_4_5  card: 1  vars: ['theta_5']
 j 1 h 0 var = theta_5 xval = -0.0685583041479152 coeff = -10.8695652173913
 -> displacement 7.452e-01
 riskyterm: 2  z: z_1_1_4  card: 1  vars: ['theta_1']
 j 2 h 0 var = theta_1 xval = 0.027578095791015222 coeff = -17.36111111111111
 -> displacement -4.788e-01
 riskyterm: 3  z: z_9_9_4  card: 1  vars: ['theta_9']
 j 3 h 0 var = theta_9 xval = -0.08738786699837532 coeff = -11.76470588235294
 -> displacement 1.028e+00
 feat: PBaldef_4_4 (=)  L0norm: 1.29451  L1norm: 3.54658  L2norm: 1.87544
>feat: 4  name: PBaldef_5_5  numrisky: 3
 riskyterm: 0  z: z_5  card: 1  vars: ['theta_5']
 j 0 h 0 var = theta_5 xval = -0.0685583041479152 coeff = 16.75191815856778
 -> displacement -1.148e+00
 riskyterm: 1  z: z_3_5_6  card: 1  vars: ['theta_6']
 j 1 h 0 var = theta_6 xval = 0.017565285935527072 coeff = -5.88235294117647
 -> displacement -1.033e-01
 riskyterm: 2  z: z_2_4_5  card: 1  vars: ['theta_4']
 j 2 h 0 var = theta_4 xval = -0.03236636467300696 coeff = -10.8695652173913
 -> displacement 3.518e-01
 feat: PBaldef_5_5 (=)  L0norm: 1.14848  L1norm: 1.60362  L2norm: 1.20559
>feat: 5  name: PBaldef_6_6  numrisky: 4
 riskyterm: 0  z: z_6  card: 1  vars: ['theta_6']
 j 0 h 0 var = theta_6 xval = 0.017565285935527072 coeff = 32.86783427819364
 -> displacement 5.773e-01
 riskyterm: 1  z: z_5_6_7  card: 1  vars: ['theta_7']
 j 1 h 0 var = theta_7 xval = -0.029054919083716158 coeff = -9.920634920634921
 -> displacement 2.882e-01
 riskyterm: 2  z: z_3_5_6  card: 1  vars: ['theta_5']
 j 2 h 0 var = theta_5 xval = -0.0685583041479152 coeff = -5.88235294117647
 -> displacement 4.033e-01
 riskyterm: 3  z: z_4_3_6  card: 1  vars: ['theta_3']
 j 3 h 0 var = theta_3 xval = 0.07435521324383743 coeff = -17.06484641638225
 -> displacement -1.269e+00
 feat: PBaldef_6_6 (=)  L0norm: 1.26886  L1norm: 2.53772  L2norm: 1.47954
>feat: 6  name: PBaldef_7_7  numrisky: 3
 riskyterm: 0  z: z_7  card: 1  vars: ['theta_7']
 j 0 h 0 var = theta_7 xval = -0.029054919083716158 coeff = 23.80952380952381
 -> displacement -6.918e-01
 riskyterm: 1  z: z_6_7_8  card: 1  vars: ['theta_8']
 j 1 h 0 var = theta_8 xval = 0.009644934479503589 coeff = -13.88888888888889
 -> displacement -1.340e-01
 riskyterm: 2  z: z_5_6_7  card: 1  vars: ['theta_6']
 j 2 h 0 var = theta_6 xval = 0.017565285935527072 coeff = -9.920634920634921
 -> displacement -1.743e-01
 feat: PBaldef_7_7 (=)  L0norm: 0.691784  L1norm: 1  L2norm: 0.725862
>feat: 7  name: PBaldef_8_8  numrisky: 4
 riskyterm: 0  z: z_8  card: 1  vars: ['theta_8']
 j 0 h 0 var = theta_8 xval = 0.009644934479503589 coeff = 36.10006901311249
 -> displacement 3.482e-01
 riskyterm: 1  z: z_7_8_2  card: 1  vars: ['theta_2']
 j 1 h 0 var = theta_2 xval = 0.08090657036036344 coeff = -16.0
 -> displacement -1.295e+00
 riskyterm: 2  z: z_8_8_9  card: 1  vars: ['theta_9']
 j 2 h 0 var = theta_9 xval = -0.08738786699837532 coeff = -6.211180124223603
 -> displacement 5.428e-01
 riskyterm: 3  z: z_6_7_8  card: 1  vars: ['theta_7']
 j 3 h 0 var = theta_7 xval = -0.029054919083716158 coeff = -13.88888888888889
 -> displacement 4.035e-01
 feat: PBaldef_8_8 (=)  L0norm: 1.29451  L1norm: 2.58901  L2norm: 1.50148
>feat: 8  name: PBaldef_9_9  numrisky: 3
 riskyterm: 0  z: z_9  card: 1  vars: ['theta_9']
 j 0 h 0 var = theta_9 xval = -0.08738786699837532 coeff = 17.97588600657654
 -> displacement -1.571e+00
 riskyterm: 1  z: z_9_9_4  card: 1  vars: ['theta_4']
 j 1 h 0 var = theta_4 xval = -0.03236636467300696 coeff = -11.76470588235294
 -> displacement 3.808e-01
 riskyterm: 2  z: z_8_8_9  card: 1  vars: ['theta_8']
 j 2 h 0 var = theta_8 xval = 0.009644934479503589 coeff = -6.211180124223603
 -> displacement -5.991e-02
 feat: PBaldef_9_9 (=)  L0norm: 1.57087  L1norm: 2.01156  L2norm: 1.61748
Max feature value: 1.57087 at 8  L1-norm: 2.01156  L2-norm: 1.61748.
Counter: 0  feature: 8  delta: 1.571e+00  ind: 0
Counter: 1  feature: 3  delta: 1.295e+00  ind: 0
Counter: 2  feature: 1  delta: 1.295e+00  ind: 0
Counter: 3  feature: 7  delta: 1.295e+00  ind: 1
Counter: 4  feature: 2  delta: 1.269e+00  ind: 0
Counter: 5  feature: 5  delta: 1.269e+00  ind: 3
Counter: 6  feature: 4  delta: 1.148e+00  ind: 0
Counter: 7  feature: 6  delta: 6.918e-01  ind: 0
Counter: 8  feature: 0  delta: 5.619e-01  ind: 1
Iteration 3.  Obj 5286  Impact 1.5709.
Adding greedy cuts at iteration_cnt 3.
Writing LP to file form_3.lp.
Solving Model
  variables = 40
  constraints = 39
 OPTIMAL. optimal value: 5.6876e+03 in time 2.1119e-03Optimal objective = 5687.57
Optimal variable values:
GP_1_1 = 0.960326
GP_2_2 = 1.22645
GP_3_3 = 0.963225
constant = 1
theta_1 = 0.0200482
theta_4 = -0.0352666
P_1_1_4 = 0.960326
theta_5 = -0.068924
P_2_4_5 = 0.365842
theta_6 = 0.0218829
P_3_5_6 = -0.534158
theta_3 = 0.0783279
P_4_3_6 = 0.963225
theta_7 = -0.021367
P_5_6_7 = 0.429067
theta_8 = 0.0197402
P_6_7_8 = -0.570933
theta_2 = 0.0963932
P_7_8_2 = -1.22645
theta_9 = -0.0857978
P_8_8_9 = 0.655515
P_9_9_4 = -0.594485
IP_1 = 0.960326
IP_2 = 1.22645
IP_3 = 0.963225
IP_5 = -0.9
IP_7 = -1
IP_9 = -1.25
IMP = 1.54229
displacement_7_0 = 0.712622
displacement_3_0 = 1.4105
displacement_1_0 = 1.54229
displacement_8_0 = 1.54229
33 nonzero variables in solution
Getting impact at iteration_cnt 4 using style 0-norm_per.
>feat: 0  name: PBaldef_1_1  numrisky: 2
 riskyterm: 0  z: z_1  card: 1  vars: ['theta_1']
 j 0 h 0 var = theta_1 xval = 0.020048172782490603 coeff = 17.36111111111111
 -> displacement 3.481e-01
 riskyterm: 1  z: z_1_1_4  card: 1  vars: ['theta_4']
 j 1 h 0 var = theta_4 xval = -0.035266615910830676 coeff = -17.36111111111111
 -> displacement 6.123e-01
 feat: PBaldef_1_1 (=)  L0norm: 0.612268  L1norm: 0.960326  L2norm: 0.704284
>feat: 1  name: PBaldef_2_2  numrisky: 2
 riskyterm: 0  z: z_2  card: 1  vars: ['theta_2']
 j 0 h 0 var = theta_2 xval = 0.09639322407376294 coeff = 16.0
 -> displacement 1.542e+00
 riskyterm: 1  z: z_7_8_2  card: 1  vars: ['theta_8']
 j 1 h 0 var = theta_8 xval = 0.01974017434033882 coeff = -16.0
 -> displacement -3.158e-01
 feat: PBaldef_2_2 (=)  L0norm: 1.54229  L1norm: 1.85813  L2norm: 1.5743
>feat: 2  name: PBaldef_3_3  numrisky: 2
 riskyterm: 0  z: z_3  card: 1  vars: ['theta_3']
 j 0 h 0 var = theta_3 xval = 0.07832787054173185 coeff = 17.06484641638225
 -> displacement 1.337e+00
 riskyterm: 1  z: z_4_3_6  card: 1  vars: ['theta_6']
 j 1 h 0 var = theta_6 xval = 0.021882884856695473 coeff = -17.06484641638225
 -> displacement -3.734e-01
 feat: PBaldef_3_3 (=)  L0norm: 1.33665  L1norm: 1.71008  L2norm: 1.38784
>feat: 3  name: PBaldef_4_4  numrisky: 4
 riskyterm: 0  z: z_4  card: 1  vars: ['theta_4']
 j 0 h 0 var = theta_4 xval = -0.035266615910830676 coeff = 39.99538221085535
 -> displacement -1.411e+00
 riskyterm: 1  z: z_2_4_5  card: 1  vars: ['theta_5']
 j 1 h 0 var = theta_5 xval = -0.06892404312224354 coeff = -10.8695652173913
 -> displacement 7.492e-01
 riskyterm: 2  z: z_1_1_4  card: 1  vars: ['theta_1']
 j 2 h 0 var = theta_1 xval = 0.020048172782490603 coeff = -17.36111111111111
 -> displacement -3.481e-01
 riskyterm: 3  z: z_9_9_4  card: 1  vars: ['theta_9']
 j 3 h 0 var = theta_9 xval = -0.08579780627119879 coeff = -11.76470588235294
 -> displacement 1.009e+00
 feat: PBaldef_4_4 (=)  L0norm: 1.4105  L1norm: 3.51712  L2norm: 1.92114
>feat: 4  name: PBaldef_5_5  numrisky: 3
 riskyterm: 0  z: z_5  card: 1  vars: ['theta_5']
 j 0 h 0 var = theta_5 xval = -0.06892404312224354 coeff = 16.75191815856778
 -> displacement -1.155e+00
 riskyterm: 1  z: z_3_5_6  card: 1  vars: ['theta_6']
 j 1 h 0 var = theta_6 xval = 0.021882884856695473 coeff = -5.88235294117647
 -> displacement -1.287e-01
 riskyterm: 2  z: z_2_4_5  card: 1  vars: ['theta_4']
 j 2 h 0 var = theta_4 xval = -0.035266615910830676 coeff = -10.8695652173913
 -> displacement 3.833e-01
 feat: PBaldef_5_5 (=)  L0norm: 1.15461  L1norm: 1.66667  L2norm: 1.22337
>feat: 5  name: PBaldef_6_6  numrisky: 4
 riskyterm: 0  z: z_6  card: 1  vars: ['theta_6']
 j 0 h 0 var = theta_6 xval = 0.021882884856695473 coeff = 32.86783427819364
 -> displacement 7.192e-01
 riskyterm: 1  z: z_5_6_7  card: 1  vars: ['theta_7']
 j 1 h 0 var = theta_7 xval = -0.021367029610649624 coeff = -9.920634920634921
 -> displacement 2.120e-01
 riskyterm: 2  z: z_3_5_6  card: 1  vars: ['theta_5']
 j 2 h 0 var = theta_5 xval = -0.06892404312224354 coeff = -5.88235294117647
 -> displacement 4.054e-01
 riskyterm: 3  z: z_4_3_6  card: 1  vars: ['theta_3']
 j 3 h 0 var = theta_3 xval = 0.07832787054173185 coeff = -17.06484641638225
 -> displacement -1.337e+00
 feat: PBaldef_6_6 (=)  L0norm: 1.33665  L1norm: 2.67331  L2norm: 1.58533
>feat: 6  name: PBaldef_7_7  numrisky: 3
 riskyterm: 0  z: z_7  card: 1  vars: ['theta_7']
 j 0 h 0 var = theta_7 xval = -0.021367029610649624 coeff = 23.80952380952381
 -> displacement -5.087e-01
 riskyterm: 1  z: z_6_7_8  card: 1  vars: ['theta_8']
 j 1 h 0 var = theta_8 xval = 0.01974017434033882 coeff = -13.88888888888889
 -> displacement -2.742e-01
 riskyterm: 2  z: z_5_6_7  card: 1  vars: ['theta_6']
 j 2 h 0 var = theta_6 xval = 0.021882884856695473 coeff = -9.920634920634921
 -> displacement -2.171e-01
 feat: PBaldef_7_7 (=)  L0norm: 0.508739  L1norm: 1  L2norm: 0.617343
>feat: 7  name: PBaldef_8_8  numrisky: 4
 riskyterm: 0  z: z_8  card: 1  vars: ['theta_8']
 j 0 h 0 var = theta_8 xval = 0.01974017434033882 coeff = 36.10006901311249
 -> displacement 7.126e-01
 riskyterm: 1  z: z_7_8_2  card: 1  vars: ['theta_2']
 j 1 h 0 var = theta_2 xval = 0.09639322407376294 coeff = -16.0
 -> displacement -1.542e+00
 riskyterm: 2  z: z_8_8_9  card: 1  vars: ['theta_9']
 j 2 h 0 var = theta_9 xval = -0.08579780627119879 coeff = -6.211180124223603
 -> displacement 5.329e-01
 riskyterm: 3  z: z_6_7_8  card: 1  vars: ['theta_7']
 j 3 h 0 var = theta_7 xval = -0.021367029610649624 coeff = -13.88888888888889
 -> displacement 2.968e-01
 feat: PBaldef_8_8 (=)  L0norm: 1.54229  L1norm: 3.08458  L2norm: 1.80515
>feat: 8  name: PBaldef_9_9  numrisky: 3
 riskyterm: 0  z: z_9  card: 1  vars: ['theta_9']
 j 0 h 0 var = theta_9 xval = -0.08579780627119879 coeff = 17.97588600657654
 -> displacement -1.542e+00
 riskyterm: 1  z: z_9_9_4  card: 1  vars: ['theta_4']
 j 1 h 0 var = theta_4 xval = -0.035266615910830676 coeff = -11.76470588235294
 -> displacement 4.149e-01
 riskyterm: 2  z: z_8_8_9  card: 1  vars: ['theta_8']
 j 2 h 0 var = theta_8 xval = 0.01974017434033882 coeff = -6.211180124223603
 -> displacement -1.226e-01
 feat: PBaldef_9_9 (=)  L0norm: 1.54229  L1norm: 2.0798  L2norm: 1.60182
Max feature value: 1.54229 at 1  L1-norm: 1.85813  L2-norm: 1.5743.
Counter: 0  feature: 1  delta: 1.542e+00  ind: 0
Counter: 1  feature: 7  delta: 1.542e+00  ind: 1
Counter: 2  feature: 8  delta: 1.542e+00  ind: 0
Counter: 3  feature: 3  delta: 1.411e+00  ind: 0
Counter: 4  feature: 2  delta: 1.337e+00  ind: 0
Counter: 5  feature: 5  delta: 1.337e+00  ind: 3
Counter: 6  feature: 4  delta: 1.155e+00  ind: 0
Counter: 7  feature: 0  delta: 6.123e-01  ind: 1
Counter: 8  feature: 6  delta: 5.087e-01  ind: 0
Iteration 4.  Obj 5238.2  Impact 1.5423.
Adding greedy cuts at iteration_cnt 4.
Writing LP to file form_4.lp.
Solving Model
  variables = 42
  constraints = 42
 OPTIMAL. optimal value: 5.6876e+03 in time 1.7517e-03Optimal objective = 5687.57
Optimal variable values:
GP_1_1 = 0.960326
GP_2_2 = 1.22645
GP_3_3 = 0.963225
constant = 1
theta_1 = 0.0200482
theta_4 = -0.0352666
P_1_1_4 = 0.960326
theta_5 = -0.068924
P_2_4_5 = 0.365842
theta_6 = 0.0218829
P_3_5_6 = -0.534158
theta_3 = 0.0783279
P_4_3_6 = 0.963225
theta_7 = -0.021367
P_5_6_7 = 0.429067
theta_8 = 0.0197402
P_6_7_8 = -0.570933
theta_2 = 0.0963932
P_7_8_2 = -1.22645
theta_9 = -0.0857978
P_8_8_9 = 0.655515
P_9_9_4 = -0.594485
IP_1 = 0.960326
IP_2 = 1.22645
IP_3 = 0.963225
IP_5 = -0.9
IP_7 = -1
IP_9 = -1.25
IMP = 1.54229
displacement_7_0 = 0.712622
displacement_3_0 = 1.4105
displacement_1_0 = 1.54229
displacement_8_0 = 1.54229
displacement_1_0 = 1.54229
34 nonzero variables in solution
Skipping solution check

Closing log: Tue Apr  7 14:34:34 2026.
