Starting log: Fri Apr  3 15:54:57 2026.
Running on: jasper.local.

<Version 2025.Apr.03.143900@jasper>
Reading config file drsk.conf.
LPFILE ../data/case9_full.lp
SOLFILE ../data/case9_full.sol
NONZEROSINSOL 1
LOUDCONSTRAINTS 0
STRUCTFILE struct_case9dcfull.conf
Reading LP ../data/case9_full.lp.
Number of variables = 31.
Done reading LP.
Reading solution file ../data/case9_full.sol.
Now storing LP data.

Storing linear constraints; 27 in total.
Stored linear constraints with code 0.
Storing quadratic constraints; 0 in total.
Quad constraints read with code 0.

->quadratic objective!
Iter 0 Quad term 3.4429e+03 lin term 1.7731e+03 constant 0.0000e+00 total 5.216036e+03.
Reading structure file struct_case9dcfull.conf.
I = 9 budget = 1
Read structure.
Running Algo1.
Getting impact at iteration_cnt 0 using style 0-norm_per.
>feat: 0  name: PBaldef_1_1  numrisky: 2
 riskyterm: 0  z: z_1  card: 1  vars: ['theta_1']
 j 0 h 0 var = theta_1 xval = 0.639789 coeff = 17.36111111111111
 -> displacement 1.111e+01
 riskyterm: 1  z: z_1_1_4  card: 1  vars: ['theta_4']
 j 1 h 0 var = theta_4 xval = 0.589928 coeff = -17.36111111111111
 -> displacement -1.024e+01
 feat: PBaldef_1_1 (=)  L0norm: 11.1074  L1norm: 21.3493  L2norm: 15.1086
>feat: 1  name: PBaldef_2_2  numrisky: 2
 riskyterm: 0  z: z_2  card: 1  vars: ['theta_2']
 j 0 h 0 var = theta_2 xval = 0.74521 coeff = 16.0
 -> displacement 1.192e+01
 riskyterm: 1  z: z_7_8_2  card: 1  vars: ['theta_8']
 j 1 h 0 var = theta_8 xval = 0.661224 coeff = -16.0
 -> displacement -1.058e+01
 feat: PBaldef_2_2 (=)  L0norm: 11.9234  L1norm: 22.5029  L2norm: 15.9403
>feat: 2  name: PBaldef_3_3  numrisky: 2
 riskyterm: 0  z: z_3  card: 1  vars: ['theta_3']
 j 0 h 0 var = theta_3 xval = 0.709653 coeff = 17.06484641638225
 -> displacement 1.211e+01
 riskyterm: 1  z: z_4_3_6  card: 1  vars: ['theta_6']
 j 1 h 0 var = theta_6 xval = 0.654535 coeff = -17.06484641638225
 -> displacement -1.117e+01
 feat: PBaldef_3_3 (=)  L0norm: 12.1101  L1norm: 23.2797  L2norm: 16.4746
>feat: 3  name: PBaldef_4_4  numrisky: 4
 riskyterm: 0  z: z_4  card: 1  vars: ['theta_4']
 j 0 h 0 var = theta_4 xval = 0.589928 coeff = 39.99538221085535
 -> displacement 2.359e+01
 riskyterm: 1  z: z_2_4_5  card: 1  vars: ['theta_5']
 j 1 h 0 var = theta_5 xval = 0.558889 coeff = -10.8695652173913
 -> displacement -6.075e+00
 riskyterm: 2  z: z_1_1_4  card: 1  vars: ['theta_1']
 j 2 h 0 var = theta_1 xval = 0.639789 coeff = -17.36111111111111
 -> displacement -1.111e+01
 riskyterm: 3  z: z_9_9_4  card: 1  vars: ['theta_9']
 j 3 h 0 var = theta_9 xval = 0.545025 coeff = -11.76470588235294
 -> displacement -6.412e+00
 feat: PBaldef_4_4 (=)  L0norm: 23.5944  L1norm: 47.1888  L2norm: 27.5334
>feat: 4  name: PBaldef_5_5  numrisky: 3
 riskyterm: 0  z: z_5  card: 1  vars: ['theta_5']
 j 0 h 0 var = theta_5 xval = 0.558889 coeff = 16.75191815856778
 -> displacement 9.362e+00
 riskyterm: 1  z: z_3_5_6  card: 1  vars: ['theta_6']
 j 1 h 0 var = theta_6 xval = 0.654535 coeff = -5.88235294117647
 -> displacement -3.850e+00
 riskyterm: 2  z: z_2_4_5  card: 1  vars: ['theta_4']
 j 2 h 0 var = theta_4 xval = 0.589928 coeff = -10.8695652173913
 -> displacement -6.412e+00
 feat: PBaldef_5_5 (=)  L0norm: 9.36246  L1norm: 19.6249  L2norm: 11.9832
>feat: 5  name: PBaldef_6_6  numrisky: 4
 riskyterm: 0  z: z_6  card: 1  vars: ['theta_6']
 j 0 h 0 var = theta_6 xval = 0.654535 coeff = 32.86783427819364
 -> displacement 2.151e+01
 riskyterm: 1  z: z_5_6_7  card: 1  vars: ['theta_7']
 j 1 h 0 var = theta_7 xval = 0.616437 coeff = -9.920634920634921
 -> displacement -6.115e+00
 riskyterm: 2  z: z_3_5_6  card: 1  vars: ['theta_5']
 j 2 h 0 var = theta_5 xval = 0.558889 coeff = -5.88235294117647
 -> displacement -3.288e+00
 riskyterm: 3  z: z_4_3_6  card: 1  vars: ['theta_3']
 j 3 h 0 var = theta_3 xval = 0.709653 coeff = -17.06484641638225
 -> displacement -1.211e+01
 feat: PBaldef_6_6 (=)  L0norm: 21.5131  L1norm: 43.0263  L2norm: 25.6452
>feat: 6  name: PBaldef_7_7  numrisky: 3
 riskyterm: 0  z: z_7  card: 1  vars: ['theta_7']
 j 0 h 0 var = theta_7 xval = 0.616437 coeff = 23.80952380952381
 -> displacement 1.468e+01
 riskyterm: 1  z: z_6_7_8  card: 1  vars: ['theta_8']
 j 1 h 0 var = theta_8 xval = 0.661224 coeff = -13.88888888888889
 -> displacement -9.184e+00
 riskyterm: 2  z: z_5_6_7  card: 1  vars: ['theta_6']
 j 2 h 0 var = theta_6 xval = 0.654535 coeff = -9.920634920634921
 -> displacement -6.493e+00
 feat: PBaldef_7_7 (=)  L0norm: 14.6771  L1norm: 30.3541  L2norm: 18.4911
>feat: 7  name: PBaldef_8_8  numrisky: 4
 riskyterm: 0  z: z_8  card: 1  vars: ['theta_8']
 j 0 h 0 var = theta_8 xval = 0.661224 coeff = 36.10006901311249
 -> displacement 2.387e+01
 riskyterm: 1  z: z_7_8_2  card: 1  vars: ['theta_2']
 j 1 h 0 var = theta_2 xval = 0.74521 coeff = -16.0
 -> displacement -1.192e+01
 riskyterm: 2  z: z_8_8_9  card: 1  vars: ['theta_9']
 j 2 h 0 var = theta_9 xval = 0.545025 coeff = -6.211180124223603
 -> displacement -3.385e+00
 riskyterm: 3  z: z_6_7_8  card: 1  vars: ['theta_7']
 j 3 h 0 var = theta_7 xval = 0.616437 coeff = -13.88888888888889
 -> displacement -8.562e+00
 feat: PBaldef_8_8 (=)  L0norm: 23.8702  L1norm: 47.7405  L2norm: 28.2262
>feat: 8  name: PBaldef_9_9  numrisky: 3
 riskyterm: 0  z: z_9  card: 1  vars: ['theta_9']
 j 0 h 0 var = theta_9 xval = 0.545025 coeff = 17.97588600657654
 -> displacement 9.797e+00
 riskyterm: 1  z: z_9_9_4  card: 1  vars: ['theta_4']
 j 1 h 0 var = theta_4 xval = 0.589928 coeff = -11.76470588235294
 -> displacement -6.940e+00
 riskyterm: 2  z: z_8_8_9  card: 1  vars: ['theta_8']
 j 2 h 0 var = theta_8 xval = 0.661224 coeff = -6.211180124223603
 -> displacement -4.107e+00
 feat: PBaldef_9_9 (=)  L0norm: 9.79731  L1norm: 20.8446  L2norm: 12.6895
Max feature value: 23.8702 at 7  L1-norm: 47.7405  L2-norm: 28.2262.
Counter: 0  feature: 7  delta: 2.387e+01  ind: 0
Counter: 1  feature: 3  delta: 2.359e+01  ind: 0
Counter: 2  feature: 5  delta: 2.151e+01  ind: 0
Counter: 3  feature: 6  delta: 1.468e+01  ind: 0
Counter: 4  feature: 2  delta: 1.211e+01  ind: 0
Counter: 5  feature: 1  delta: 1.192e+01  ind: 0
Counter: 6  feature: 0  delta: 1.111e+01  ind: 0
Counter: 7  feature: 8  delta: 9.797e+00  ind: 0
Counter: 8  feature: 4  delta: 9.362e+00  ind: 0
Iteration 0.  Obj 5216.04  Impact 23.8702.
Current impact 23.8702 target_impact 5.96756 curr_obj 5216.04
Adding impact variable with Theta 874.065.
Adding greedy cuts at iteration_cnt 0.
Writing LP to file form_0.lp.
Solving Model
  variables = 34
  constraints = 29
 OPTIMAL. optimal value: 5.2160e+03 in time 1.4274e-02Optimal objective = 5216.03
Optimal variable values:
GP_1_1 = 0.865645
GP_2_2 = 1.34378
GP_3_3 = 0.940579
constant = 1
theta_1 = -0.021435
theta_4 = -0.0712962
P_1_1_4 = 0.865645
theta_5 = -0.102335
P_2_4_5 = 0.337377
theta_6 = -0.00668909
P_3_5_6 = -0.562623
theta_3 = 0.0484288
P_4_3_6 = 0.940579
theta_7 = -0.0447871
P_5_6_7 = 0.377957
P_6_7_8 = -0.622043
theta_2 = 0.083986
P_7_8_2 = -1.34378
theta_9 = -0.116199
P_8_8_9 = 0.721732
P_9_9_4 = -0.528268
IP_1 = 0.865645
IP_2 = 1.34378
IP_3 = 0.940579
IP_5 = -0.9
IP_7 = -1
IP_9 = -1.25
27 nonzero variables in solution
Getting impact at iteration_cnt 1 using style 0-norm_per.
>feat: 0  name: PBaldef_1_1  numrisky: 2
 riskyterm: 0  z: z_1  card: 1  vars: ['theta_1']
 j 0 h 0 var = theta_1 xval = -0.02143504320282874 coeff = 17.36111111111111
 -> displacement -3.721e-01
 riskyterm: 1  z: z_1_1_4  card: 1  vars: ['theta_4']
 j 1 h 0 var = theta_4 xval = -0.07129619401142659 coeff = -17.36111111111111
 -> displacement 1.238e+00
 feat: PBaldef_1_1 (=)  L0norm: 1.23778  L1norm: 1.60992  L2norm: 1.29251
>feat: 1  name: PBaldef_2_2  numrisky: 2
 riskyterm: 0  z: z_2  card: 1  vars: ['theta_2']
 j 0 h 0 var = theta_2 xval = 0.08398599097401772 coeff = 16.0
 -> displacement 1.344e+00
 riskyterm: 1  z: z_7_8_2  card: 1  vars: ['theta_8']
 j 1 h 0 var = theta_8 xval = 0.0 coeff = -16.0
 -> displacement 0.000e+00
 feat: PBaldef_2_2 (=)  L0norm: 1.34378  L1norm: 1.34378  L2norm: 1.34378
>feat: 2  name: PBaldef_3_3  numrisky: 2
 riskyterm: 0  z: z_3  card: 1  vars: ['theta_3']
 j 0 h 0 var = theta_3 xval = 0.04842884653551002 coeff = 17.06484641638225
 -> displacement 8.264e-01
 riskyterm: 1  z: z_4_3_6  card: 1  vars: ['theta_6']
 j 1 h 0 var = theta_6 xval = -0.006689092539342523 coeff = -17.06484641638225
 -> displacement 1.141e-01
 feat: PBaldef_3_3 (=)  L0norm: 0.826431  L1norm: 0.940579  L2norm: 0.834277
>feat: 3  name: PBaldef_4_4  numrisky: 4
 riskyterm: 0  z: z_4  card: 1  vars: ['theta_4']
 j 0 h 0 var = theta_4 xval = -0.07129619401142659 coeff = 39.99538221085535
 -> displacement -2.852e+00
 riskyterm: 1  z: z_2_4_5  card: 1  vars: ['theta_5']
 j 1 h 0 var = theta_5 xval = -0.1023349217387858 coeff = -10.8695652173913
 -> displacement 1.112e+00
 riskyterm: 2  z: z_1_1_4  card: 1  vars: ['theta_1']
 j 2 h 0 var = theta_1 xval = -0.02143504320282874 coeff = -17.36111111111111
 -> displacement 3.721e-01
 riskyterm: 3  z: z_9_9_4  card: 1  vars: ['theta_9']
 j 3 h 0 var = theta_9 xval = -0.11619893185300334 coeff = -11.76470588235294
 -> displacement 1.367e+00
 feat: PBaldef_4_4 (=)  L0norm: 2.85152  L1norm: 5.70304  L2norm: 3.3728
>feat: 4  name: PBaldef_5_5  numrisky: 3
 riskyterm: 0  z: z_5  card: 1  vars: ['theta_5']
 j 0 h 0 var = theta_5 xval = -0.1023349217387858 coeff = 16.75191815856778
 -> displacement -1.714e+00
 riskyterm: 1  z: z_3_5_6  card: 1  vars: ['theta_6']
 j 1 h 0 var = theta_6 xval = -0.006689092539342523 coeff = -5.88235294117647
 -> displacement 3.935e-02
 riskyterm: 2  z: z_2_4_5  card: 1  vars: ['theta_4']
 j 2 h 0 var = theta_4 xval = -0.07129619401142659 coeff = -10.8695652173913
 -> displacement 7.750e-01
 feat: PBaldef_5_5 (=)  L0norm: 1.71431  L1norm: 2.52861  L2norm: 1.88174
>feat: 5  name: PBaldef_6_6  numrisky: 4
 riskyterm: 0  z: z_6  card: 1  vars: ['theta_6']
 j 0 h 0 var = theta_6 xval = -0.006689092539342523 coeff = 32.86783427819364
 -> displacement -2.199e-01
 riskyterm: 1  z: z_5_6_7  card: 1  vars: ['theta_7']
 j 1 h 0 var = theta_7 xval = -0.04478712189138773 coeff = -9.920634920634921
 -> displacement 4.443e-01
 riskyterm: 2  z: z_3_5_6  card: 1  vars: ['theta_5']
 j 2 h 0 var = theta_5 xval = -0.1023349217387858 coeff = -5.88235294117647
 -> displacement 6.020e-01
 riskyterm: 3  z: z_4_3_6  card: 1  vars: ['theta_3']
 j 3 h 0 var = theta_3 xval = 0.04842884653551002 coeff = -17.06484641638225
 -> displacement -8.264e-01
 feat: PBaldef_6_6 (=)  L0norm: 0.826431  L1norm: 2.09257  L2norm: 1.13627
>feat: 6  name: PBaldef_7_7  numrisky: 3
 riskyterm: 0  z: z_7  card: 1  vars: ['theta_7']
 j 0 h 0 var = theta_7 xval = -0.04478712189138773 coeff = 23.80952380952381
 -> displacement -1.066e+00
 riskyterm: 1  z: z_6_7_8  card: 1  vars: ['theta_8']
 j 1 h 0 var = theta_8 xval = 0.0 coeff = -13.88888888888889
 -> displacement 0.000e+00
 riskyterm: 2  z: z_5_6_7  card: 1  vars: ['theta_6']
 j 2 h 0 var = theta_6 xval = -0.006689092539342523 coeff = -9.920634920634921
 -> displacement 6.636e-02
 feat: PBaldef_7_7 (=)  L0norm: 1.06636  L1norm: 1.13272  L2norm: 1.06842
>feat: 7  name: PBaldef_8_8  numrisky: 4
 riskyterm: 0  z: z_8  card: 1  vars: ['theta_8']
 j 0 h 0 var = theta_8 xval = 0.0 coeff = 36.10006901311249
 -> displacement 0.000e+00
 riskyterm: 1  z: z_7_8_2  card: 1  vars: ['theta_2']
 j 1 h 0 var = theta_2 xval = 0.08398599097401772 coeff = -16.0
 -> displacement -1.344e+00
 riskyterm: 2  z: z_8_8_9  card: 1  vars: ['theta_9']
 j 2 h 0 var = theta_9 xval = -0.11619893185300334 coeff = -6.211180124223603
 -> displacement 7.217e-01
 riskyterm: 3  z: z_6_7_8  card: 1  vars: ['theta_7']
 j 3 h 0 var = theta_7 xval = -0.04478712189138773 coeff = -13.88888888888889
 -> displacement 6.220e-01
 feat: PBaldef_8_8 (=)  L0norm: 1.34378  L1norm: 2.68755  L2norm: 1.64729
>feat: 8  name: PBaldef_9_9  numrisky: 3
 riskyterm: 0  z: z_9  card: 1  vars: ['theta_9']
 j 0 h 0 var = theta_9 xval = -0.11619893185300334 coeff = 17.97588600657654
 -> displacement -2.089e+00
 riskyterm: 1  z: z_9_9_4  card: 1  vars: ['theta_4']
 j 1 h 0 var = theta_4 xval = -0.07129619401142659 coeff = -11.76470588235294
 -> displacement 8.388e-01
 riskyterm: 2  z: z_8_8_9  card: 1  vars: ['theta_8']
 j 2 h 0 var = theta_8 xval = 0.0 coeff = -6.211180124223603
 -> displacement 0.000e+00
 feat: PBaldef_9_9 (=)  L0norm: 2.08878  L1norm: 2.92756  L2norm: 2.2509
Max feature value: 2.85152 at 3  L1-norm: 5.70304  L2-norm: 3.3728.
Counter: 0  feature: 3  delta: 2.852e+00  ind: 0
Counter: 1  feature: 8  delta: 2.089e+00  ind: 0
Counter: 2  feature: 4  delta: 1.714e+00  ind: 0
Counter: 3  feature: 1  delta: 1.344e+00  ind: 0
Counter: 4  feature: 7  delta: 1.344e+00  ind: 1
Counter: 5  feature: 0  delta: 1.238e+00  ind: 1
Counter: 6  feature: 6  delta: 1.066e+00  ind: 0
Counter: 7  feature: 2  delta: 8.264e-01  ind: 0
Counter: 8  feature: 5  delta: 8.264e-01  ind: 3
Iteration 1.  Obj 5216.03  Impact 2.85152.
Adding greedy cuts at iteration_cnt 1.
Writing LP to file form_1.lp.
Solving Model
  variables = 36
  constraints = 31
 OPTIMAL. optimal value: 5.6169e+03 in time 5.3358e-03Optimal objective = 5616.91
Optimal variable values:
GP_1_1 = 1.32737
GP_2_2 = 0.901995
GP_3_3 = 0.920639
constant = 1
theta_1 = 0.0764563
P_1_1_4 = 1.32737
theta_5 = -0.0468535
P_2_4_5 = 0.509277
theta_6 = 0.0195695
P_3_5_6 = -0.390723
theta_3 = 0.0735189
P_4_3_6 = 0.920639
theta_7 = -0.0338461
P_5_6_7 = 0.529916
P_6_7_8 = -0.470084
theta_2 = 0.0563747
P_7_8_2 = -0.901995
theta_9 = -0.0695376
P_8_8_9 = 0.431911
P_9_9_4 = -0.818089
IP_1 = 1.32737
IP_2 = 0.901995
IP_3 = 0.920639
IP_5 = -0.9
IP_7 = -1
IP_9 = -1.25
26 nonzero variables in solution
Getting impact at iteration_cnt 2 using style 0-norm_per.
>feat: 0  name: PBaldef_1_1  numrisky: 2
 riskyterm: 0  z: z_1  card: 1  vars: ['theta_1']
 j 0 h 0 var = theta_1 xval = 0.07645629691657733 coeff = 17.36111111111111
 -> displacement 1.327e+00
 riskyterm: 1  z: z_1_1_4  card: 1  vars: ['theta_4']
 j 1 h 0 var = theta_4 xval = 0.0 coeff = -17.36111111111111
 -> displacement 0.000e+00
 feat: PBaldef_1_1 (=)  L0norm: 1.32737  L1norm: 1.32737  L2norm: 1.32737
>feat: 1  name: PBaldef_2_2  numrisky: 2
 riskyterm: 0  z: z_2  card: 1  vars: ['theta_2']
 j 0 h 0 var = theta_2 xval = 0.0563746662023685 coeff = 16.0
 -> displacement 9.020e-01
 riskyterm: 1  z: z_7_8_2  card: 1  vars: ['theta_8']
 j 1 h 0 var = theta_8 xval = 0.0 coeff = -16.0
 -> displacement 0.000e+00
 feat: PBaldef_2_2 (=)  L0norm: 0.901995  L1norm: 0.901995  L2norm: 0.901995
>feat: 2  name: PBaldef_3_3  numrisky: 2
 riskyterm: 0  z: z_3  card: 1  vars: ['theta_3']
 j 0 h 0 var = theta_3 xval = 0.07351891901132421 coeff = 17.06484641638225
 -> displacement 1.255e+00
 riskyterm: 1  z: z_4_3_6  card: 1  vars: ['theta_6']
 j 1 h 0 var = theta_6 xval = 0.019569469225155043 coeff = -17.06484641638225
 -> displacement -3.339e-01
 feat: PBaldef_3_3 (=)  L0norm: 1.25459  L1norm: 1.58854  L2norm: 1.29827
>feat: 3  name: PBaldef_4_4  numrisky: 4
 riskyterm: 0  z: z_4  card: 1  vars: ['theta_4']
 j 0 h 0 var = theta_4 xval = 0.0 coeff = 39.99538221085535
 -> displacement 0.000e+00
 riskyterm: 1  z: z_2_4_5  card: 1  vars: ['theta_5']
 j 1 h 0 var = theta_5 xval = -0.04685346882170128 coeff = -10.8695652173913
 -> displacement 5.093e-01
 riskyterm: 2  z: z_1_1_4  card: 1  vars: ['theta_1']
 j 2 h 0 var = theta_1 xval = 0.07645629691657733 coeff = -17.36111111111111
 -> displacement -1.327e+00
 riskyterm: 3  z: z_9_9_4  card: 1  vars: ['theta_9']
 j 3 h 0 var = theta_9 xval = -0.06953760162601627 coeff = -11.76470588235294
 -> displacement 8.181e-01
 feat: PBaldef_4_4 (=)  L0norm: 1.32737  L1norm: 2.65473  L2norm: 1.64028
>feat: 4  name: PBaldef_5_5  numrisky: 3
 riskyterm: 0  z: z_5  card: 1  vars: ['theta_5']
 j 0 h 0 var = theta_5 xval = -0.04685346882170128 coeff = 16.75191815856778
 -> displacement -7.849e-01
 riskyterm: 1  z: z_3_5_6  card: 1  vars: ['theta_6']
 j 1 h 0 var = theta_6 xval = 0.019569469225155043 coeff = -5.88235294117647
 -> displacement -1.151e-01
 riskyterm: 2  z: z_2_4_5  card: 1  vars: ['theta_4']
 j 2 h 0 var = theta_4 xval = 0.0 coeff = -10.8695652173913
 -> displacement 0.000e+00
 feat: PBaldef_5_5 (=)  L0norm: 0.784885  L1norm: 0.9  L2norm: 0.793282
>feat: 5  name: PBaldef_6_6  numrisky: 4
 riskyterm: 0  z: z_6  card: 1  vars: ['theta_6']
 j 0 h 0 var = theta_6 xval = 0.019569469225155043 coeff = 32.86783427819364
 -> displacement 6.432e-01
 riskyterm: 1  z: z_5_6_7  card: 1  vars: ['theta_7']
 j 1 h 0 var = theta_7 xval = -0.03384605448951873 coeff = -9.920634920634921
 -> displacement 3.358e-01
 riskyterm: 2  z: z_3_5_6  card: 1  vars: ['theta_5']
 j 2 h 0 var = theta_5 xval = -0.04685346882170128 coeff = -5.88235294117647
 -> displacement 2.756e-01
 riskyterm: 3  z: z_4_3_6  card: 1  vars: ['theta_3']
 j 3 h 0 var = theta_3 xval = 0.07351891901132421 coeff = -17.06484641638225
 -> displacement -1.255e+00
 feat: PBaldef_6_6 (=)  L0norm: 1.25459  L1norm: 2.50918  L2norm: 1.47527
>feat: 6  name: PBaldef_7_7  numrisky: 3
 riskyterm: 0  z: z_7  card: 1  vars: ['theta_7']
 j 0 h 0 var = theta_7 xval = -0.03384605448951873 coeff = 23.80952380952381
 -> displacement -8.059e-01
 riskyterm: 1  z: z_6_7_8  card: 1  vars: ['theta_8']
 j 1 h 0 var = theta_8 xval = 0.0 coeff = -13.88888888888889
 -> displacement 0.000e+00
 riskyterm: 2  z: z_5_6_7  card: 1  vars: ['theta_6']
 j 2 h 0 var = theta_6 xval = 0.019569469225155043 coeff = -9.920634920634921
 -> displacement -1.941e-01
 feat: PBaldef_7_7 (=)  L0norm: 0.805858  L1norm: 1  L2norm: 0.828914
>feat: 7  name: PBaldef_8_8  numrisky: 4
 riskyterm: 0  z: z_8  card: 1  vars: ['theta_8']
 j 0 h 0 var = theta_8 xval = 0.0 coeff = 36.10006901311249
 -> displacement 0.000e+00
 riskyterm: 1  z: z_7_8_2  card: 1  vars: ['theta_2']
 j 1 h 0 var = theta_2 xval = 0.0563746662023685 coeff = -16.0
 -> displacement -9.020e-01
 riskyterm: 2  z: z_8_8_9  card: 1  vars: ['theta_9']
 j 2 h 0 var = theta_9 xval = -0.06953760162601627 coeff = -6.211180124223603
 -> displacement 4.319e-01
 riskyterm: 3  z: z_6_7_8  card: 1  vars: ['theta_7']
 j 3 h 0 var = theta_7 xval = -0.03384605448951873 coeff = -13.88888888888889
 -> displacement 4.701e-01
 feat: PBaldef_8_8 (=)  L0norm: 0.901995  L1norm: 1.80399  L2norm: 1.10504
>feat: 8  name: PBaldef_9_9  numrisky: 3
 riskyterm: 0  z: z_9  card: 1  vars: ['theta_9']
 j 0 h 0 var = theta_9 xval = -0.06953760162601627 coeff = 17.97588600657654
 -> displacement -1.250e+00
 riskyterm: 1  z: z_9_9_4  card: 1  vars: ['theta_4']
 j 1 h 0 var = theta_4 xval = 0.0 coeff = -11.76470588235294
 -> displacement 0.000e+00
 riskyterm: 2  z: z_8_8_9  card: 1  vars: ['theta_8']
 j 2 h 0 var = theta_8 xval = 0.0 coeff = -6.211180124223603
 -> displacement 0.000e+00
 feat: PBaldef_9_9 (=)  L0norm: 1.25  L1norm: 1.25  L2norm: 1.25
Max feature value: 1.32737 at 0  L1-norm: 1.32737  L2-norm: 1.32737.
Counter: 0  feature: 0  delta: 1.327e+00  ind: 0
Counter: 1  feature: 3  delta: 1.327e+00  ind: 2
Counter: 2  feature: 2  delta: 1.255e+00  ind: 0
Counter: 3  feature: 5  delta: 1.255e+00  ind: 3
Counter: 4  feature: 8  delta: 1.250e+00  ind: 0
Counter: 5  feature: 1  delta: 9.020e-01  ind: 0
Counter: 6  feature: 7  delta: 9.020e-01  ind: 1
Counter: 7  feature: 6  delta: 8.059e-01  ind: 0
Counter: 8  feature: 4  delta: 7.849e-01  ind: 0
Iteration 2.  Obj 5616.91  Impact 1.32737.
Adding greedy cuts at iteration_cnt 2.
Writing LP to file form_2.lp.
Solving Model
  variables = 38
  constraints = 33
 OPTIMAL. optimal value: 5.9470e+03 in time 3.5043e-03Optimal objective = 5947.03
Optimal variable values:
GP_1_1 = 1.05945
GP_2_2 = 1.11936
GP_3_3 = 0.971192
constant = 1
theta_1 = 0.042553
theta_4 = -0.0184713
P_1_1_4 = 1.05945
theta_5 = -0.0552379
P_2_4_5 = 0.399637
theta_6 = 0.0298238
P_3_5_6 = -0.500363
theta_3 = 0.0867356
P_4_3_6 = 0.971192
theta_7 = -0.0176358
P_5_6_7 = 0.470829
theta_8 = 0.0204644
P_6_7_8 = -0.529171
theta_2 = 0.0904242
P_7_8_2 = -1.11936
theta_9 = -0.0745555
P_8_8_9 = 0.590186
P_9_9_4 = -0.659814
IP_1 = 1.05945
IP_2 = 1.11936
IP_3 = 0.971192
IP_5 = -0.9
IP_7 = -1
IP_9 = -1.25
IMP = 0.738768
displacement_7_0 = 0.738768
phifunc_7_0 = 0.738768
displacement_3_0 = 0.738768
phifunc_3_0 = 0.738768
displacement_0_0 = 0.738768
phifunc_0_0 = 0.738768
35 nonzero variables in solution
Getting impact at iteration_cnt 3 using style 0-norm_per.
>feat: 0  name: PBaldef_1_1  numrisky: 2
 riskyterm: 0  z: z_1  card: 1  vars: ['theta_1']
 j 0 h 0 var = theta_1 xval = 0.042553038916641646 coeff = 17.36111111111111
 -> displacement 7.388e-01
 riskyterm: 1  z: z_1_1_4  card: 1  vars: ['theta_4']
 j 1 h 0 var = theta_4 xval = -0.018471333336745513 coeff = -17.36111111111111
 -> displacement 3.207e-01
 feat: PBaldef_1_1 (=)  L0norm: 0.738768  L1norm: 1.05945  L2norm: 0.805367
>feat: 1  name: PBaldef_2_2  numrisky: 2
 riskyterm: 0  z: z_2  card: 1  vars: ['theta_2']
 j 0 h 0 var = theta_2 xval = 0.0904242441920535 coeff = 16.0
 -> displacement 1.447e+00
 riskyterm: 1  z: z_7_8_2  card: 1  vars: ['theta_8']
 j 1 h 0 var = theta_8 xval = 0.020464449430246542 coeff = -16.0
 -> displacement -3.274e-01
 feat: PBaldef_2_2 (=)  L0norm: 1.44679  L1norm: 1.77422  L2norm: 1.48338
>feat: 2  name: PBaldef_3_3  numrisky: 2
 riskyterm: 0  z: z_3  card: 1  vars: ['theta_3']
 j 0 h 0 var = theta_3 xval = 0.08673564174574822 coeff = 17.06484641638225
 -> displacement 1.480e+00
 riskyterm: 1  z: z_4_3_6  card: 1  vars: ['theta_6']
 j 1 h 0 var = theta_6 xval = 0.029823768474982443 coeff = -17.06484641638225
 -> displacement -5.089e-01
 feat: PBaldef_3_3 (=)  L0norm: 1.48013  L1norm: 1.98907  L2norm: 1.56518
>feat: 3  name: PBaldef_4_4  numrisky: 4
 riskyterm: 0  z: z_4  card: 1  vars: ['theta_4']
 j 0 h 0 var = theta_4 xval = -0.018471333336745513 coeff = 39.99538221085535
 -> displacement -7.388e-01
 riskyterm: 1  z: z_2_4_5  card: 1  vars: ['theta_5']
 j 1 h 0 var = theta_5 xval = -0.055237938807436444 coeff = -10.8695652173913
 -> displacement 6.004e-01
 riskyterm: 2  z: z_1_1_4  card: 1  vars: ['theta_1']
 j 2 h 0 var = theta_1 xval = 0.042553038916641646 coeff = -17.36111111111111
 -> displacement -7.388e-01
 riskyterm: 3  z: z_9_9_4  card: 1  vars: ['theta_9']
 j 3 h 0 var = theta_9 xval = -0.0745555140879881 coeff = -11.76470588235294
 -> displacement 8.771e-01
 feat: PBaldef_4_4 (=)  L0norm: 0.877124  L1norm: 2.95507  L2norm: 1.49044
>feat: 4  name: PBaldef_5_5  numrisky: 3
 riskyterm: 0  z: z_5  card: 1  vars: ['theta_5']
 j 0 h 0 var = theta_5 xval = -0.055237938807436444 coeff = 16.75191815856778
 -> displacement -9.253e-01
 riskyterm: 1  z: z_3_5_6  card: 1  vars: ['theta_6']
 j 1 h 0 var = theta_6 xval = 0.029823768474982443 coeff = -5.88235294117647
 -> displacement -1.754e-01
 riskyterm: 2  z: z_2_4_5  card: 1  vars: ['theta_4']
 j 2 h 0 var = theta_4 xval = -0.018471333336745513 coeff = -10.8695652173913
 -> displacement 2.008e-01
 feat: PBaldef_5_5 (=)  L0norm: 0.925341  L1norm: 1.30155  L2norm: 0.962987
>feat: 5  name: PBaldef_6_6  numrisky: 4
 riskyterm: 0  z: z_6  card: 1  vars: ['theta_6']
 j 0 h 0 var = theta_6 xval = 0.029823768474982443 coeff = 32.86783427819364
 -> displacement 9.802e-01
 riskyterm: 1  z: z_5_6_7  card: 1  vars: ['theta_7']
 j 1 h 0 var = theta_7 xval = -0.0176358343011135 coeff = -9.920634920634921
 -> displacement 1.750e-01
 riskyterm: 2  z: z_3_5_6  card: 1  vars: ['theta_5']
 j 2 h 0 var = theta_5 xval = -0.055237938807436444 coeff = -5.88235294117647
 -> displacement 3.249e-01
 riskyterm: 3  z: z_4_3_6  card: 1  vars: ['theta_3']
 j 3 h 0 var = theta_3 xval = 0.08673564174574822 coeff = -17.06484641638225
 -> displacement -1.480e+00
 feat: PBaldef_6_6 (=)  L0norm: 1.48013  L1norm: 2.96026  L2norm: 1.81324
>feat: 6  name: PBaldef_7_7  numrisky: 3
 riskyterm: 0  z: z_7  card: 1  vars: ['theta_7']
 j 0 h 0 var = theta_7 xval = -0.0176358343011135 coeff = 23.80952380952381
 -> displacement -4.199e-01
 riskyterm: 1  z: z_6_7_8  card: 1  vars: ['theta_8']
 j 1 h 0 var = theta_8 xval = 0.020464449430246542 coeff = -13.88888888888889
 -> displacement -2.842e-01
 riskyterm: 2  z: z_5_6_7  card: 1  vars: ['theta_6']
 j 2 h 0 var = theta_6 xval = 0.029823768474982443 coeff = -9.920634920634921
 -> displacement -2.959e-01
 feat: PBaldef_7_7 (=)  L0norm: 0.419901  L1norm: 1  L2norm: 0.587062
>feat: 7  name: PBaldef_8_8  numrisky: 4
 riskyterm: 0  z: z_8  card: 1  vars: ['theta_8']
 j 0 h 0 var = theta_8 xval = 0.020464449430246542 coeff = 36.10006901311249
 -> displacement 7.388e-01
 riskyterm: 1  z: z_7_8_2  card: 1  vars: ['theta_2']
 j 1 h 0 var = theta_2 xval = 0.0904242441920535 coeff = -16.0
 -> displacement -1.447e+00
 riskyterm: 2  z: z_8_8_9  card: 1  vars: ['theta_9']
 j 2 h 0 var = theta_9 xval = -0.0745555140879881 coeff = -6.211180124223603
 -> displacement 4.631e-01
 riskyterm: 3  z: z_6_7_8  card: 1  vars: ['theta_7']
 j 3 h 0 var = theta_7 xval = -0.0176358343011135 coeff = -13.88888888888889
 -> displacement 2.449e-01
 feat: PBaldef_8_8 (=)  L0norm: 1.44679  L1norm: 2.89358  L2norm: 1.70687
>feat: 8  name: PBaldef_9_9  numrisky: 3
 riskyterm: 0  z: z_9  card: 1  vars: ['theta_9']
 j 0 h 0 var = theta_9 xval = -0.0745555140879881 coeff = 17.97588600657654
 -> displacement -1.340e+00
 riskyterm: 1  z: z_9_9_4  card: 1  vars: ['theta_4']
 j 1 h 0 var = theta_4 xval = -0.018471333336745513 coeff = -11.76470588235294
 -> displacement 2.173e-01
 riskyterm: 2  z: z_8_8_9  card: 1  vars: ['theta_8']
 j 2 h 0 var = theta_8 xval = 0.020464449430246542 coeff = -6.211180124223603
 -> displacement -1.271e-01
 feat: PBaldef_9_9 (=)  L0norm: 1.3402  L1norm: 1.68462  L2norm: 1.36364
Max feature value: 1.48013 at 2  L1-norm: 1.98907  L2-norm: 1.56518.
Counter: 0  feature: 2  delta: 1.480e+00  ind: 0
Counter: 1  feature: 5  delta: 1.480e+00  ind: 3
Counter: 2  feature: 1  delta: 1.447e+00  ind: 0
Counter: 3  feature: 7  delta: 1.447e+00  ind: 1
Counter: 4  feature: 8  delta: 1.340e+00  ind: 0
Counter: 5  feature: 4  delta: 9.253e-01  ind: 0
Counter: 6  feature: 3  delta: 8.771e-01  ind: 3
Counter: 7  feature: 0  delta: 7.388e-01  ind: 0
Counter: 8  feature: 6  delta: 4.199e-01  ind: 0
Iteration 3.  Obj 5301.3  Impact 1.48013.
Adding greedy cuts at iteration_cnt 3.
