Starting log: Thu Apr  2 15:14:13 2026.
Running on: jasper.local.

<Version 2025.Apr.01.163400@jasper>
Reading config file drsk.conf.
LPFILE ../data/simple.lp
SOLFILE simple.sol
NONZEROSINSOL 1
LOUDCONSTRAINTS 0
STRUCTFILE struct_simple.conf
Reading LP ../data/simple.lp.
Number of variables = 2.
Done reading LP.
Reading solution file simple.sol.
Now storing LP data.

Storing linear constraints; 3 in total.
Stored linear constraints with code 0.
Storing quadratic constraints; 0 in total.
Quad constraints read with code 0.

->Linear objective!
Iter 0 Quad term 0.0000e+00 lin term 6.0000e+00 constant 0.0000e+00 total 6.000000e+00.
Reading structure file struct_simple.conf.
I = 2 budget = 1
Read structure.
Running Algo1.
Getting impact at iteration_cnt 0 using style 0-norm_per.
>feat: 0  name: c1  numrisky: 1
 riskyterm: 0  z: z_1y  card: 1  vars: ['y']
 j 0 h 0 var = y xval = 0.0 coeff = 2.0
 -> displacement 0.000e+00
 feat: c1 (<)  L0norm: 0  L1norm: 0  L2norm: 0
>feat: 1  name: c2  numrisky: 1
 riskyterm: 0  z: z_2x  card: 1  vars: ['x']
 j 0 h 0 var = x xval = 2.0 coeff = 3.0
 -> displacement 6.000e+00
 feat: c2 (>)  L0norm: 6  L1norm: 6  L2norm: 6
Max feature value: 6 at 1  L1-norm: 6  L2-norm: 6.
Counter: 0  feature: 1  delta: 6.000e+00  ind: 0
Counter: 1  feature: 0  delta: 0.000e+00  ind: -1
Iteration 0.  Obj 6  Impact 6.
Current impact 6 target_impact 12 curr_obj 6
Adding impact variable with Theta 0.5.
Adding greedy cuts at iteration_cnt 0.
Writing LP to file form_0.lp.
Now checking solution.

Checking variables.
Warning: variable IMP in gurobimodel is not in solution.
Warnings will be not repeated.
3 variables in gurobimodel but not in solution.
Variables checked with code 0. Max bound inf 0.000000e+00 at x.

Checking linear constraints; 5 in total.
displacement_0 (2 lin nonz, const = 0.000000) = 6.000000: thisinf 6.000000
Linear constraints checked with code 1.
Solution checked with code 1.

Closing log: Thu Apr  2 15:14:28 2026.
