Starting log: Mon Apr 27 16:34:07 2026.
Running on: jasper.local.

Reading LP form_1.lp.
Number of variables = 12.
Done reading LP.
Reading solution file form_1.sol.
Now storing LP data.

Storing linear constraints; 11 in total.
Stored linear constraints with code 0.
Storing quadratic constraints; 0 in total.
Quad constraints read with code 0.
Now checking solution.

Checking variables.
Variables checked with code 0. Max bound inf 0.000000e+00 at x1.

Checking linear constraints; 11 in total.
Linear constraints checked with code 0.
Max linconstr inf 0.000000e+00 at demand_total.

Checking quadratic constraints; 0 in total.
Quad constraints checked with code 0.
Max quadconstr inf -1.000000e+00 at None.

Solution checked with code 0.

Closing log: Mon Apr 27 16:34:16 2026.
