Starting log: Tue May 26 23:45:30 2026.
Running on: jasper.local.

<Version 2025.May.26.152000@jasper>
Reading config file drsk.conf.
LPFILE ../data/simpleQuad.lp
LOUDCONSTRAINTS 0
STRUCTFILE ../data/struct_simpleQuad.conf
PARAMFILE drskparams.conf
Reading LP ../data/simpleQuad.lp.
Number of variables = 2.
Done reading LP.
Now storing LP data.

Storing linear constraints; 1 in total.
Stored linear constraints with code 0.
Storing quadratic constraints; 1 in total.
Quad constraints read with code 0.
Reading structure file ../data/struct_simpleQuad.conf.
I = 2 budget = 1
Skipping structure check.
Read structure.
Reading parameter file drskparams.conf.
tol 0.01
maxits 20
lambda_hi 0.75
lambda_lo 0.74
xi 0.01
Running SOFTMAX-ADVERSARIAL.
Solving Model
  variables = 2
  constraints = 1
 OPTIMAL. optimal value: 2.0000e+00 in time 2.5392e-04
Optimal objective = 2
Optimal variable values:
x1 = 1
x2 = 1
2 nonzero variables in solution
Writing solution to file form_0.sol.
Getting impact at iteration_cnt 0 using SOFTMAX.
>feat: 0  name: c1  numrisky: 2
 >riskyterm: 0  z: z_1x1  card: 1  vars: ['x1']
  j=0 h=0 var=x1 xval=1.0000000017829256 coeff=2.0
 >riskyterm: 1  z: z_1x2  card: 1  vars: ['x2']
  j=1 h=0 var=x2 xval=1.0000000017902493 coeff=2.0
>feat: 1  name: c2  numrisky: 2
 >riskyterm: 0  z: z_2x1  card: 1  vars: [('x1', 'x1')]
  j=0 h=0 var=('x1', 'x1') xyval=1.0000000035658512 coeff=2.0
 >riskyterm: 1  z: z_2x2  card: 1  vars: [('x2', 'x2')]
  j=1 h=0 var=('x2', 'x2') xyval=1.0000000035804986 coeff=2.0
Running Red gradient ascent for SOFTMAX-ADVERSARIAL
START: Running PyTorch FOM...
  penalty parameter: 0.30000000000000004
    gradient converged? True
    zvalues: 
     -1.471e-01 -1.471e-01 -6.874e-01 -6.874e-01 
    norm: 0.9941613674163818
    logsumexp: -1.881605625152588
    penalty: 0.9883946180343628
    loss: -1.5850872993469238
STOP: PyTorch finished in 0.739848 secs, after 7 rounds.
Max impact: 0.147062  feature: c1 (idx=1)
Iteration 0.  Obj 2  Cost 2  IMP 0  Max-Impact 0.14706.
Adding impact variable with Theta 13.5997.
  NOTDONE: keep running.
