Starting log: Tue May 26 22:42:28 2026.
Running on: jasper.local.

<Version 2025.May.26.152000@jasper>
Reading config file drsk.conf.
LPFILE ../data/simpleQuad.lp
LOUDCONSTRAINTS 0
STRUCTFILE ../data/struct_simpleQuad.conf
PARAMFILE drskparams.conf
Reading LP ../data/simpleQuad.lp.
Number of variables = 2.
Done reading LP.
Now storing LP data.

Storing linear constraints; 1 in total.
Stored linear constraints with code 0.
Storing quadratic constraints; 1 in total.
Quad constraints read with code 0.
Reading structure file ../data/struct_simpleQuad.conf.
I = 2 budget = 1
Skipping structure check.
Read structure.
Reading parameter file drskparams.conf.
tol 0.01
maxits 20
lambda_hi 0.75
lambda_lo 0.74
xi 0.01
Running SOFTMAX-ADVERSARIAL.
Solving Model
  variables = 2
  constraints = 1
 OPTIMAL. optimal value: 2.0000e+00 in time 2.9993e-04
Optimal objective = 2
Optimal variable values:
x1 = 1
x2 = 1
2 nonzero variables in solution
Writing solution to file form_0.sol.
Getting impact at iteration_cnt 0 using SOFTMAX.
>feat: 0  name: c1  numrisky: 2
 >riskyterm: 0  z: z_1x1  card: 1  vars: ['x1']
  j=0 h=0 var=x1 xval=1.0000000017829256 coeff=2.0
 >riskyterm: 1  z: z_1x2  card: 1  vars: ['x2']
  j=1 h=0 var=x2 xval=1.0000000017902493 coeff=2.0
>feat: 1  name: c2  numrisky: 2
 >riskyterm: 0  z: z_2x1  card: 1  vars: [('x1', 'x1')]
  j=0 h=0 var=('x1', 'x1') xyval=1.0000000035658512 coeff=2.0
 >riskyterm: 1  z: z_2x2  card: 1  vars: [('x2', 'x2')]
  j=1 h=0 var=('x2', 'x2') xyval=1.0000000035804986 coeff=2.0
Running Red gradient ascent for SOFTMAX-ADVERSARIAL
START: Running PyTorch FOM...
  penalty parameter: 0.0
    z: 
    -5.225e-01 -5.131e-01 -4.999e-01 -4.742e-01 
    logsumexp: -1.807699203491211
    penalty: 1.0070626735687256
    loss: -1.807699203491211
  penalty parameter: 0.1
    z: 
    -5.759e-01 -5.723e-01 -8.744e-01 -8.540e-01 
    logsumexp: -2.106778383255005
    penalty: 2.150688886642456
    loss: -1.8917094469070435
  penalty parameter: 0.2
    z: 
    -2.365e-01 -2.360e-01 -9.688e-01 -9.593e-01 
    logsumexp: -2.1274805068969727
    penalty: 1.9700336456298828
    loss: -1.733473777770996
  penalty parameter: 0.30000000000000004
    z: 
    -1.357e-01 -1.357e-01 -7.529e-01 -7.517e-01 
    logsumexp: -1.9336272478103638
    penalty: 1.1694458723068237
    loss: -1.5827934741973877
  penalty parameter: 0.4
    z: 
    -1.228e-01 -1.228e-01 -5.208e-01 -5.209e-01 
    logsumexp: -1.7417609691619873
    penalty: 0.5730077028274536
    loss: -1.512557864189148
STOP: PyTorch finished in 0.615351 secs, after 5 rounds.
zvalues: 
-1.228e-01 -1.228e-01 -5.208e-01 -5.209e-01 
