Starting log: Thu Apr  9 17:20:43 2026.
Running on: jasper.local.

<Version 2025.Apr.08.104600@jasper>
Reading config file drsk.conf.
LPFILE ../data/case14_full.lp
SOLFILE ../data/case14_full.sol
NONZEROSINSOL 0
LOUDCONSTRAINTS 0
STRUCTFILE struct_case14dcfull.conf
Reading LP ../data/case14_full.lp.
Number of variables = 54.
Done reading LP.
Reading solution file ../data/case14_full.sol.
Now storing LP data.

Storing linear constraints; 48 in total.
Stored linear constraints with code 0.
Storing quadratic constraints; 0 in total.
Quad constraints read with code 0.

->quadratic objective!
Iter 0 Quad term 2.4626e+03 lin term 5.1800e+03 constant 0.0000e+00 total 7.642592e+03.
Reading structure file struct_case14dcfull.conf.
I = 14 budget = 1
Read structure.
Running Algo1.
Getting impact at iteration_cnt 0 using style 0-norm_per.
>feat: 0  name: PBaldef_1_1  numrisky: 3
 riskyterm: 0  z: z_1  card: 1  vars: ['theta_1']
 j 0 h 0 var = theta_1 xval = 3.9369835576894268 coeff = 21.38395702968055
 -> displacement 8.419e+01
 riskyterm: 1  z: z_1_1_2  card: 1  vars: ['theta_2']
 j 1 h 0 var = theta_2 xval = 3.8485317721033105 coeff = -16.90045631232043
 -> displacement -6.504e+01
 riskyterm: 2  z: z_2_1_5  card: 1  vars: ['theta_5']
 j 2 h 0 var = theta_5 xval = 3.7775542747670983 coeff = -4.483500717360115
 -> displacement -1.694e+01
 feat: PBaldef_1_1 (=)  L0norm: 84.1883  L1norm: 166.167  L2norm: 107.726
>feat: 1  name: PBaldef_2_2  numrisky: 5
 riskyterm: 0  z: z_2  card: 1  vars: ['theta_2']
 j 0 h 0 var = theta_2 xval = 3.8485317721033105 coeff = 33.37432576652621
 -> displacement 1.284e+02
 riskyterm: 1  z: z_3_2_3  card: 1  vars: ['theta_3']
 j 1 h 0 var = theta_3 xval = 3.7100303426426606 coeff = -5.051270394504217
 -> displacement -1.874e+01
 riskyterm: 2  z: z_4_2_4  card: 1  vars: ['theta_4']
 j 2 h 0 var = theta_4 xval = 3.7514866128752438 coeff = -5.671506352087114
 -> displacement -2.128e+01
 riskyterm: 3  z: z_5_2_5  card: 1  vars: ['theta_5']
 j 3 h 0 var = theta_5 xval = 3.7775542747670983 coeff = -5.751092707614447
 -> displacement -2.173e+01
 riskyterm: 4  z: z_1_1_2  card: 1  vars: ['theta_1']
 j 4 h 0 var = theta_1 xval = 3.9369835576894268 coeff = -16.90045631232043
 -> displacement -6.654e+01
 feat: PBaldef_2_2 (=)  L0norm: 128.442  L1norm: 256.721  L2norm: 148.998
>feat: 2  name: PBaldef_3_3  numrisky: 3
 riskyterm: 0  z: z_3  card: 1  vars: ['theta_3']
 j 0 h 0 var = theta_3 xval = 3.7100303426426606 coeff = 10.89819783413469
 -> displacement 4.043e+01
 riskyterm: 1  z: z_6_3_4  card: 1  vars: ['theta_4']
 j 1 h 0 var = theta_4 xval = 3.7514866128752438 coeff = -5.846927439630474
 -> displacement -2.193e+01
 riskyterm: 2  z: z_3_2_3  card: 1  vars: ['theta_2']
 j 2 h 0 var = theta_2 xval = 3.8485317721033105 coeff = -5.051270394504217
 -> displacement -1.944e+01
 feat: PBaldef_3_3 (=)  L0norm: 40.4326  L1norm: 81.8073  L2norm: 49.9384
>feat: 3  name: PBaldef_4_4  numrisky: 6
 riskyterm: 0  z: z_4  card: 1  vars: ['theta_4']
 j 0 h 0 var = theta_4 xval = 3.7514866128752438 coeff = 42.01077443540295
 -> displacement 1.576e+02
 riskyterm: 1  z: z_7_4_5  card: 1  vars: ['theta_5']
 j 1 h 0 var = theta_5 xval = 3.7775542747670983 coeff = -23.74732842555212
 -> displacement -8.971e+01
 riskyterm: 2  z: z_8_4_7  card: 1  vars: ['theta_7']
 j 2 h 0 var = theta_7 xval = 3.693494451000479 coeff = -4.889512660317341
 -> displacement -1.806e+01
 riskyterm: 3  z: z_9_4_9  card: 1  vars: ['theta_9']
 j 3 h 0 var = theta_9 xval = 3.662300737728753 coeff = -1.8554995578159
 -> displacement -6.795e+00
 riskyterm: 4  z: z_4_2_4  card: 1  vars: ['theta_2']
 j 4 h 0 var = theta_2 xval = 3.8485317721033105 coeff = -5.671506352087114
 -> displacement -2.183e+01
 riskyterm: 5  z: z_6_3_4  card: 1  vars: ['theta_3']
 j 5 h 0 var = theta_3 xval = 3.7100303426426606 coeff = -5.846927439630474
 -> displacement -2.169e+01
 feat: PBaldef_4_4 (=)  L0norm: 157.603  L1norm: 315.684  L2norm: 184.947
>feat: 4  name: PBaldef_5_5  numrisky: 5
 riskyterm: 0  z: z_5  card: 1  vars: ['theta_5']
 j 0 h 0 var = theta_5 xval = 3.7775542747670983 coeff = 38.23936718578007
 -> displacement 1.445e+02
 riskyterm: 1  z: z_10_5_6  card: 1  vars: ['theta_6']
 j 1 h 0 var = theta_6 xval = 3.6770333967160553 coeff = -4.257445335253384
 -> displacement -1.565e+01
 riskyterm: 2  z: z_2_1_5  card: 1  vars: ['theta_1']
 j 2 h 0 var = theta_1 xval = 3.9369835576894268 coeff = -4.483500717360115
 -> displacement -1.765e+01
 riskyterm: 3  z: z_5_2_5  card: 1  vars: ['theta_2']
 j 3 h 0 var = theta_2 xval = 3.8485317721033105 coeff = -5.751092707614447
 -> displacement -2.213e+01
 riskyterm: 4  z: z_7_4_5  card: 1  vars: ['theta_4']
 j 4 h 0 var = theta_4 xval = 3.7514866128752438 coeff = -23.74732842555212
 -> displacement -8.909e+01
 feat: PBaldef_5_5 (=)  L0norm: 144.451  L1norm: 288.979  L2norm: 172.77
>feat: 5  name: PBaldef_6_6  numrisky: 5
 riskyterm: 0  z: z_6  card: 1  vars: ['theta_6']
 j 0 h 0 var = theta_6 xval = 3.6770333967160553 coeff = 20.87061321876194
 -> displacement 7.674e+01
 riskyterm: 1  z: z_11_6_11  card: 1  vars: ['theta_11']
 j 1 h 0 var = theta_11 xval = 3.6636396969476763 coeff = -5.027652086475616
 -> displacement -1.842e+01
 riskyterm: 2  z: z_12_6_12  card: 1  vars: ['theta_12']
 j 2 h 0 var = theta_12 xval = 3.6575709322113177 coeff = -3.909151323247723
 -> displacement -1.430e+01
 riskyterm: 3  z: z_13_6_13  card: 1  vars: ['theta_13']
 j 3 h 0 var = theta_13 xval = 3.6545563982449885 coeff = -7.676364473785216
 -> displacement -2.805e+01
 riskyterm: 4  z: z_10_5_6  card: 1  vars: ['theta_5']
 j 4 h 0 var = theta_5 xval = 3.7775542747670983 coeff = -4.257445335253384
 -> displacement -1.608e+01
 feat: PBaldef_6_6 (=)  L0norm: 76.7419  L1norm: 153.596  L2norm: 86.4795
>feat: 6  name: PBaldef_7_7  numrisky: 4
 riskyterm: 0  z: z_7  card: 1  vars: ['theta_7']
 j 0 h 0 var = theta_7 xval = 3.693494451000479 coeff = 19.65657522679163
 -> displacement 7.260e+01
 riskyterm: 1  z: z_14_7_8  card: 1  vars: ['theta_8']
 j 1 h 0 var = theta_8 xval = 3.6934944552715496 coeff = -5.676979846721544
 -> displacement -2.097e+01
 riskyterm: 2  z: z_15_7_9  card: 1  vars: ['theta_9']
 j 2 h 0 var = theta_9 xval = 3.662300737728753 coeff = -9.09008271975275
 -> displacement -3.329e+01
 riskyterm: 3  z: z_8_4_7  card: 1  vars: ['theta_4']
 j 3 h 0 var = theta_4 xval = 3.7514866128752438 coeff = -4.889512660317341
 -> displacement -1.834e+01
 feat: PBaldef_7_7 (=)  L0norm: 72.6015  L1norm: 145.203  L2norm: 84.5893
>feat: 7  name: PBaldef_8_8  numrisky: 2
 riskyterm: 0  z: z_8  card: 1  vars: ['theta_8']
 j 0 h 0 var = theta_8 xval = 3.6934944552715496 coeff = 5.676979846721544
 -> displacement 2.097e+01
 riskyterm: 1  z: z_14_7_8  card: 1  vars: ['theta_7']
 j 1 h 0 var = theta_7 xval = 3.693494451000479 coeff = -5.676979846721544
 -> displacement -2.097e+01
 feat: PBaldef_8_8 (=)  L0norm: 20.9679  L1norm: 41.9358  L2norm: 29.6531
>feat: 8  name: PBaldef_9_9  numrisky: 5
 riskyterm: 0  z: z_9  card: 1  vars: ['theta_9']
 j 0 h 0 var = theta_9 xval = 3.662300737728753 coeff = 26.47840021384155
 -> displacement 9.697e+01
 riskyterm: 1  z: z_16_9_10  card: 1  vars: ['theta_10']
 j 1 h 0 var = theta_10 xval = 3.6574283716141807 coeff = -11.83431952662722
 -> displacement -4.328e+01
 riskyterm: 2  z: z_17_9_14  card: 1  vars: ['theta_14']
 j 2 h 0 var = theta_14 xval = 3.6362424194824854 coeff = -3.698498409645684
 -> displacement -1.345e+01
 riskyterm: 3  z: z_9_4_9  card: 1  vars: ['theta_4']
 j 3 h 0 var = theta_4 xval = 3.7514866128752438 coeff = -1.8554995578159
 -> displacement -6.961e+00
 riskyterm: 4  z: z_15_7_9  card: 1  vars: ['theta_7']
 j 4 h 0 var = theta_7 xval = 3.693494451000479 coeff = -9.09008271975275
 -> displacement -3.357e+01
 feat: PBaldef_9_9 (=)  L0norm: 96.9719  L1norm: 194.239  L2norm: 112.399
>feat: 9  name: PBaldef_10_10  numrisky: 3
 riskyterm: 0  z: z_10  card: 1  vars: ['theta_10']
 j 0 h 0 var = theta_10 xval = 3.6574283716141807 coeff = 17.04075468047738
 -> displacement 6.233e+01
 riskyterm: 1  z: z_18_10_11  card: 1  vars: ['theta_11']
 j 1 h 0 var = theta_11 xval = 3.6636396969476763 coeff = -5.206435153850159
 -> displacement -1.907e+01
 riskyterm: 2  z: z_16_9_10  card: 1  vars: ['theta_9']
 j 2 h 0 var = theta_9 xval = 3.662300737728753 coeff = -11.83431952662722
 -> displacement -4.334e+01
 feat: PBaldef_10_10 (=)  L0norm: 62.3253  L1norm: 124.741  L2norm: 78.2733
>feat: 10  name: PBaldef_11_11  numrisky: 3
 riskyterm: 0  z: z_11  card: 1  vars: ['theta_11']
 j 0 h 0 var = theta_11 xval = 3.6636396969476763 coeff = 10.23408724032577
 -> displacement 3.749e+01
 riskyterm: 1  z: z_11_6_11  card: 1  vars: ['theta_6']
 j 1 h 0 var = theta_6 xval = 3.6770333967160553 coeff = -5.027652086475616
 -> displacement -1.849e+01
 riskyterm: 2  z: z_18_10_11  card: 1  vars: ['theta_10']
 j 2 h 0 var = theta_10 xval = 3.6574283716141807 coeff = -5.206435153850159
 -> displacement -1.904e+01
 feat: PBaldef_11_11 (=)  L0norm: 37.494  L1norm: 75.023  L2norm: 45.9366
>feat: 11  name: PBaldef_12_12  numrisky: 3
 riskyterm: 0  z: z_12  card: 1  vars: ['theta_12']
 j 0 h 0 var = theta_12 xval = 3.6575709322113177 coeff = 8.912153124328372
 -> displacement 3.260e+01
 riskyterm: 1  z: z_19_12_13  card: 1  vars: ['theta_13']
 j 1 h 0 var = theta_13 xval = 3.6545563982449885 coeff = -5.003001801080648
 -> displacement -1.828e+01
 riskyterm: 2  z: z_12_6_12  card: 1  vars: ['theta_6']
 j 2 h 0 var = theta_6 xval = 3.6770333967160553 coeff = -3.909151323247723
 -> displacement -1.437e+01
 feat: PBaldef_12_12 (=)  L0norm: 32.5968  L1norm: 65.2547  L2norm: 40.0433
>feat: 12  name: PBaldef_13_13  numrisky: 4
 riskyterm: 0  z: z_13  card: 1  vars: ['theta_13']
 j 0 h 0 var = theta_13 xval = 3.6545563982449885 coeff = 15.55276435543595
 -> displacement 5.684e+01
 riskyterm: 1  z: z_20_13_14  card: 1  vars: ['theta_14']
 j 1 h 0 var = theta_14 xval = 3.6362424194824854 coeff = -2.873398080570082
 -> displacement -1.045e+01
 riskyterm: 2  z: z_13_6_13  card: 1  vars: ['theta_6']
 j 2 h 0 var = theta_6 xval = 3.6770333967160553 coeff = -7.676364473785216
 -> displacement -2.823e+01
 riskyterm: 3  z: z_19_12_13  card: 1  vars: ['theta_12']
 j 3 h 0 var = theta_12 xval = 3.6575709322113177 coeff = -5.003001801080648
 -> displacement -1.830e+01
 feat: PBaldef_13_13 (=)  L0norm: 56.8385  L1norm: 113.812  L2norm: 66.8681
>feat: 13  name: PBaldef_14_14  numrisky: 3
 riskyterm: 0  z: z_14  card: 1  vars: ['theta_14']
 j 0 h 0 var = theta_14 xval = 3.6362424194824854 coeff = 6.571896490215765
 -> displacement 2.390e+01
 riskyterm: 1  z: z_17_9_14  card: 1  vars: ['theta_9']
 j 1 h 0 var = theta_9 xval = 3.662300737728753 coeff = -3.698498409645684
 -> displacement -1.355e+01
 riskyterm: 2  z: z_20_13_14  card: 1  vars: ['theta_13']
 j 2 h 0 var = theta_13 xval = 3.6545563982449885 coeff = -2.873398080570082
 -> displacement -1.050e+01
 feat: PBaldef_14_14 (=)  L0norm: 23.897  L1norm: 47.943  L2norm: 29.4076
Max feature value: 157.603 at 3  L1-norm: 315.684  L2-norm: 184.947.
Counter: 0  feature: 3  delta: 1.576e+02  ind: 0
Counter: 1  feature: 4  delta: 1.445e+02  ind: 0
Counter: 2  feature: 1  delta: 1.284e+02  ind: 0
Counter: 3  feature: 8  delta: 9.697e+01  ind: 0
Counter: 4  feature: 0  delta: 8.419e+01  ind: 0
Counter: 5  feature: 5  delta: 7.674e+01  ind: 0
Counter: 6  feature: 6  delta: 7.260e+01  ind: 0
Counter: 7  feature: 9  delta: 6.233e+01  ind: 0
Counter: 8  feature: 12  delta: 5.684e+01  ind: 0
Counter: 9  feature: 2  delta: 4.043e+01  ind: 0
Counter: 10  feature: 10  delta: 3.749e+01  ind: 0
Counter: 11  feature: 11  delta: 3.260e+01  ind: 0
Counter: 12  feature: 13  delta: 2.390e+01  ind: 0
Counter: 13  feature: 7  delta: 2.097e+01  ind: 0
Iteration 0.  Obj 7642.6  Impact 157.6.
Current impact 157.603 curr_obj 7642.59 lambda_lo 0.5 lambda_hi 0.6 xi 0.01
Adding impact variable with Theta 4.84927.
Adding greedy cuts at iteration_cnt 0.
Writing LP to file form_0.lp.
Solving Model
  variables = 55
  constraints = 50
 OPTIMAL. optimal value: 7.6426e+03 in time 4.1940e-03Optimal objective = 7642.59
Optimal variable values:
GP_1_1 = 2.20968
GP_2_2 = 0.380323
constant = 1
theta_1 = 0.185497
theta_2 = 0.0970452
P_1_1_2 = 1.49488
theta_5 = 0.0260677
P_2_1_5 = 0.714801
theta_3 = -0.0414563
P_3_2_3 = 0.699608
P_4_2_4 = 0.550392
P_5_2_5 = 0.408198
P_6_3_4 = -0.242392
P_7_4_5 = -0.619037
theta_7 = -0.0579922
P_8_4_7 = 0.283553
theta_9 = -0.0891859
P_9_4_9 = 0.165484
theta_6 = -0.0744532
P_10_5_6 = 0.427962
theta_11 = -0.0878469
P_11_6_11 = 0.0673389
theta_12 = -0.0939157
P_12_6_12 = 0.0760817
theta_13 = -0.0969302
P_13_6_13 = 0.172542
theta_8 = -0.0579922
P_15_7_9 = 0.283553
theta_10 = -0.0940583
P_16_9_10 = 0.0576611
theta_14 = -0.115244
P_17_9_14 = 0.0963767
P_18_10_11 = -0.0323389
P_19_12_13 = 0.0150817
P_20_13_14 = 0.0526233
IP_1 = 2.20968
IP_2 = 0.163323
IP_3 = -0.942
IP_4 = -0.478
IP_5 = -0.076
IP_6 = -0.112
IP_9 = -0.295
IP_10 = -0.09
IP_11 = -0.035
IP_12 = -0.061
IP_13 = -0.135
IP_14 = -0.149
47 nonzero variables in solution
Getting impact at iteration_cnt 1 using style 0-norm_per.
>feat: 0  name: PBaldef_1_1  numrisky: 3
 riskyterm: 0  z: z_1  card: 1  vars: ['theta_1']
 j 0 h 0 var = theta_1 xval = 0.18549695568071556 coeff = 21.38395702968055
 -> displacement 3.967e+00
 riskyterm: 1  z: z_1_1_2  card: 1  vars: ['theta_2']
 j 1 h 0 var = theta_2 xval = 0.09704516555100362 coeff = -16.90045631232043
 -> displacement -1.640e+00
 riskyterm: 2  z: z_2_1_5  card: 1  vars: ['theta_5']
 j 2 h 0 var = theta_5 xval = 0.026067663165170174 coeff = -4.483500717360115
 -> displacement -1.169e-01
 feat: PBaldef_1_1 (=)  L0norm: 3.96666  L1norm: 5.72364  L2norm: 4.29395
>feat: 1  name: PBaldef_2_2  numrisky: 5
 riskyterm: 0  z: z_2  card: 1  vars: ['theta_2']
 j 0 h 0 var = theta_2 xval = 0.09704516555100362 coeff = 33.37432576652621
 -> displacement 3.239e+00
 riskyterm: 1  z: z_3_2_3  card: 1  vars: ['theta_3']
 j 1 h 0 var = theta_3 xval = -0.041456269554638325 coeff = -5.051270394504217
 -> displacement 2.094e-01
 riskyterm: 2  z: z_4_2_4  card: 1  vars: ['theta_4']
 j 2 h 0 var = theta_4 xval = 4.1872461054026644e-10 coeff = -5.671506352087114
 -> displacement -2.375e-09
 riskyterm: 3  z: z_5_2_5  card: 1  vars: ['theta_5']
 j 3 h 0 var = theta_5 xval = 0.026067663165170174 coeff = -5.751092707614447
 -> displacement -1.499e-01
 riskyterm: 4  z: z_1_1_2  card: 1  vars: ['theta_1']
 j 4 h 0 var = theta_1 xval = 0.18549695568071556 coeff = -16.90045631232043
 -> displacement -3.135e+00
 feat: PBaldef_2_2 (=)  L0norm: 3.23882  L1norm: 6.73312  L2norm: 4.51491
>feat: 2  name: PBaldef_3_3  numrisky: 3
 riskyterm: 0  z: z_3  card: 1  vars: ['theta_3']
 j 0 h 0 var = theta_3 xval = -0.041456269554638325 coeff = 10.89819783413469
 -> displacement -4.518e-01
 riskyterm: 1  z: z_6_3_4  card: 1  vars: ['theta_4']
 j 1 h 0 var = theta_4 xval = 4.1872461054026644e-10 coeff = -5.846927439630474
 -> displacement -2.448e-09
 riskyterm: 2  z: z_3_2_3  card: 1  vars: ['theta_2']
 j 2 h 0 var = theta_2 xval = 0.09704516555100362 coeff = -5.051270394504217
 -> displacement -4.902e-01
 feat: PBaldef_3_3 (=)  L0norm: 0.490201  L1norm: 0.942  L2norm: 0.666648
>feat: 3  name: PBaldef_4_4  numrisky: 6
 riskyterm: 0  z: z_4  card: 1  vars: ['theta_4']
 j 0 h 0 var = theta_4 xval = 4.1872461054026644e-10 coeff = 42.01077443540295
 -> displacement 1.759e-08
 riskyterm: 1  z: z_7_4_5  card: 1  vars: ['theta_5']
 j 1 h 0 var = theta_5 xval = 0.026067663165170174 coeff = -23.74732842555212
 -> displacement -6.190e-01
 riskyterm: 2  z: z_8_4_7  card: 1  vars: ['theta_7']
 j 2 h 0 var = theta_7 xval = -0.05799217193249082 coeff = -4.889512660317341
 -> displacement 2.836e-01
 riskyterm: 3  z: z_9_4_9  card: 1  vars: ['theta_9']
 j 3 h 0 var = theta_9 xval = -0.08918588765134405 coeff = -1.8554995578159
 -> displacement 1.655e-01
 riskyterm: 4  z: z_4_2_4  card: 1  vars: ['theta_2']
 j 4 h 0 var = theta_2 xval = 0.09704516555100362 coeff = -5.671506352087114
 -> displacement -5.504e-01
 riskyterm: 5  z: z_6_3_4  card: 1  vars: ['theta_3']
 j 5 h 0 var = theta_3 xval = -0.041456269554638325 coeff = -5.846927439630474
 -> displacement 2.424e-01
 feat: PBaldef_4_4 (=)  L0norm: 0.619037  L1norm: 1.86086  L2norm: 0.923407
>feat: 4  name: PBaldef_5_5  numrisky: 5
 riskyterm: 0  z: z_5  card: 1  vars: ['theta_5']
 j 0 h 0 var = theta_5 xval = 0.026067663165170174 coeff = 38.23936718578007
 -> displacement 9.968e-01
 riskyterm: 1  z: z_10_5_6  card: 1  vars: ['theta_6']
 j 1 h 0 var = theta_6 xval = -0.07445323069625509 coeff = -4.257445335253384
 -> displacement 3.170e-01
 riskyterm: 2  z: z_2_1_5  card: 1  vars: ['theta_1']
 j 2 h 0 var = theta_1 xval = 0.18549695568071556 coeff = -4.483500717360115
 -> displacement -8.317e-01
 riskyterm: 3  z: z_5_2_5  card: 1  vars: ['theta_2']
 j 3 h 0 var = theta_2 xval = 0.09704516555100362 coeff = -5.751092707614447
 -> displacement -5.581e-01
 riskyterm: 4  z: z_7_4_5  card: 1  vars: ['theta_4']
 j 4 h 0 var = theta_4 xval = 4.1872461054026644e-10 coeff = -23.74732842555212
 -> displacement -9.944e-09
 feat: PBaldef_5_5 (=)  L0norm: 0.996811  L1norm: 2.70358  L2norm: 1.4482
>feat: 5  name: PBaldef_6_6  numrisky: 5
 riskyterm: 0  z: z_6  card: 1  vars: ['theta_6']
 j 0 h 0 var = theta_6 xval = -0.07445323069625509 coeff = 20.87061321876194
 -> displacement -1.554e+00
 riskyterm: 1  z: z_11_6_11  card: 1  vars: ['theta_11']
 j 1 h 0 var = theta_11 xval = -0.0878469305389773 coeff = -5.027652086475616
 -> displacement 4.417e-01
 riskyterm: 2  z: z_12_6_12  card: 1  vars: ['theta_12']
 j 2 h 0 var = theta_12 xval = -0.0939156944523436 coeff = -3.909151323247723
 -> displacement 3.671e-01
 riskyterm: 3  z: z_13_6_13  card: 1  vars: ['theta_13']
 j 3 h 0 var = theta_13 xval = -0.09693022901663717 coeff = -7.676364473785216
 -> displacement 7.441e-01
 riskyterm: 4  z: z_10_5_6  card: 1  vars: ['theta_5']
 j 4 h 0 var = theta_5 xval = 0.026067663165170174 coeff = -4.257445335253384
 -> displacement -1.110e-01
 feat: PBaldef_6_6 (=)  L0norm: 1.55388  L1norm: 3.21773  L2norm: 1.81944
>feat: 6  name: PBaldef_7_7  numrisky: 4
 riskyterm: 0  z: z_7  card: 1  vars: ['theta_7']
 j 0 h 0 var = theta_7 xval = -0.05799217193249082 coeff = 19.65657522679163
 -> displacement -1.140e+00
 riskyterm: 1  z: z_14_7_8  card: 1  vars: ['theta_8']
 j 1 h 0 var = theta_8 xval = -0.05799217180187455 coeff = -5.676979846721544
 -> displacement 3.292e-01
 riskyterm: 2  z: z_15_7_9  card: 1  vars: ['theta_9']
 j 2 h 0 var = theta_9 xval = -0.08918588765134405 coeff = -9.09008271975275
 -> displacement 8.107e-01
 riskyterm: 3  z: z_8_4_7  card: 1  vars: ['theta_4']
 j 3 h 0 var = theta_4 xval = 4.1872461054026644e-10 coeff = -4.889512660317341
 -> displacement -2.047e-09
 feat: PBaldef_7_7 (=)  L0norm: 1.13993  L1norm: 2.27985  L2norm: 1.43703
>feat: 7  name: PBaldef_8_8  numrisky: 2
 riskyterm: 0  z: z_8  card: 1  vars: ['theta_8']
 j 0 h 0 var = theta_8 xval = -0.05799217180187455 coeff = 5.676979846721544
 -> displacement -3.292e-01
 riskyterm: 1  z: z_14_7_8  card: 1  vars: ['theta_7']
 j 1 h 0 var = theta_7 xval = -0.05799217193249082 coeff = -5.676979846721544
 -> displacement 3.292e-01
 feat: PBaldef_8_8 (=)  L0norm: 0.32922  L1norm: 0.658441  L2norm: 0.465588
>feat: 8  name: PBaldef_9_9  numrisky: 5
 riskyterm: 0  z: z_9  card: 1  vars: ['theta_9']
 j 0 h 0 var = theta_9 xval = -0.08918588765134405 coeff = 26.47840021384155
 -> displacement -2.361e+00
 riskyterm: 1  z: z_16_9_10  card: 1  vars: ['theta_10']
 j 1 h 0 var = theta_10 xval = -0.09405825392450318 coeff = -11.83431952662722
 -> displacement 1.113e+00
 riskyterm: 2  z: z_17_9_14  card: 1  vars: ['theta_14']
 j 2 h 0 var = theta_14 xval = -0.1152442066439745 coeff = -3.698498409645684
 -> displacement 4.262e-01
 riskyterm: 3  z: z_9_4_9  card: 1  vars: ['theta_4']
 j 3 h 0 var = theta_4 xval = 4.1872461054026644e-10 coeff = -1.8554995578159
 -> displacement -7.769e-10
 riskyterm: 4  z: z_15_7_9  card: 1  vars: ['theta_7']
 j 4 h 0 var = theta_7 xval = -0.05799217193249082 coeff = -9.09008271975275
 -> displacement 5.272e-01
 feat: PBaldef_9_9 (=)  L0norm: 2.3615  L1norm: 4.428  L2norm: 2.69727
>feat: 9  name: PBaldef_10_10  numrisky: 3
 riskyterm: 0  z: z_10  card: 1  vars: ['theta_10']
 j 0 h 0 var = theta_10 xval = -0.09405825392450318 coeff = 17.04075468047738
 -> displacement -1.603e+00
 riskyterm: 1  z: z_18_10_11  card: 1  vars: ['theta_11']
 j 1 h 0 var = theta_11 xval = -0.0878469305389773 coeff = -5.206435153850159
 -> displacement 4.574e-01
 riskyterm: 2  z: z_16_9_10  card: 1  vars: ['theta_9']
 j 2 h 0 var = theta_9 xval = -0.08918588765134405 coeff = -11.83431952662722
 -> displacement 1.055e+00
 feat: PBaldef_10_10 (=)  L0norm: 1.60282  L1norm: 3.11565  L2norm: 1.97287
>feat: 10  name: PBaldef_11_11  numrisky: 3
 riskyterm: 0  z: z_11  card: 1  vars: ['theta_11']
 j 0 h 0 var = theta_11 xval = -0.0878469305389773 coeff = 10.23408724032577
 -> displacement -8.990e-01
 riskyterm: 1  z: z_11_6_11  card: 1  vars: ['theta_6']
 j 1 h 0 var = theta_6 xval = -0.07445323069625509 coeff = -5.027652086475616
 -> displacement 3.743e-01
 riskyterm: 2  z: z_18_10_11  card: 1  vars: ['theta_10']
 j 2 h 0 var = theta_10 xval = -0.09405825392450318 coeff = -5.206435153850159
 -> displacement 4.897e-01
 feat: PBaldef_11_11 (=)  L0norm: 0.899033  L1norm: 1.76307  L2norm: 1.09004
>feat: 11  name: PBaldef_12_12  numrisky: 3
 riskyterm: 0  z: z_12  card: 1  vars: ['theta_12']
 j 0 h 0 var = theta_12 xval = -0.0939156944523436 coeff = 8.912153124328372
 -> displacement -8.370e-01
 riskyterm: 1  z: z_19_12_13  card: 1  vars: ['theta_13']
 j 1 h 0 var = theta_13 xval = -0.09693022901663717 coeff = -5.003001801080648
 -> displacement 4.849e-01
 riskyterm: 2  z: z_12_6_12  card: 1  vars: ['theta_6']
 j 2 h 0 var = theta_6 xval = -0.07445323069625509 coeff = -3.909151323247723
 -> displacement 2.910e-01
 feat: PBaldef_12_12 (=)  L0norm: 0.836991  L1norm: 1.61298  L2norm: 1.01016
>feat: 12  name: PBaldef_13_13  numrisky: 4
 riskyterm: 0  z: z_13  card: 1  vars: ['theta_13']
 j 0 h 0 var = theta_13 xval = -0.09693022901663717 coeff = 15.55276435543595
 -> displacement -1.508e+00
 riskyterm: 1  z: z_20_13_14  card: 1  vars: ['theta_14']
 j 1 h 0 var = theta_14 xval = -0.1152442066439745 coeff = -2.873398080570082
 -> displacement 3.311e-01
 riskyterm: 2  z: z_13_6_13  card: 1  vars: ['theta_6']
 j 2 h 0 var = theta_6 xval = -0.07445323069625509 coeff = -7.676364473785216
 -> displacement 5.715e-01
 riskyterm: 3  z: z_19_12_13  card: 1  vars: ['theta_12']
 j 3 h 0 var = theta_12 xval = -0.0939156944523436 coeff = -5.003001801080648
 -> displacement 4.699e-01
 feat: PBaldef_13_13 (=)  L0norm: 1.50753  L1norm: 2.88007  L2norm: 1.71164
>feat: 13  name: PBaldef_14_14  numrisky: 3
 riskyterm: 0  z: z_14  card: 1  vars: ['theta_14']
 j 0 h 0 var = theta_14 xval = -0.1152442066439745 coeff = 6.571896490215765
 -> displacement -7.574e-01
 riskyterm: 1  z: z_17_9_14  card: 1  vars: ['theta_9']
 j 1 h 0 var = theta_9 xval = -0.08918588765134405 coeff = -3.698498409645684
 -> displacement 3.299e-01
 riskyterm: 2  z: z_20_13_14  card: 1  vars: ['theta_13']
 j 2 h 0 var = theta_13 xval = -0.09693022901663717 coeff = -2.873398080570082
 -> displacement 2.785e-01
 feat: PBaldef_14_14 (=)  L0norm: 0.757373  L1norm: 1.36575  L2norm: 0.871774
Max feature value: 3.96666 at 0  L1-norm: 5.72364  L2-norm: 4.29395.
Counter: 0  feature: 0  delta: 3.967e+00  ind: 0
Counter: 1  feature: 1  delta: 3.239e+00  ind: 0
Counter: 2  feature: 8  delta: 2.361e+00  ind: 0
Counter: 3  feature: 9  delta: 1.603e+00  ind: 0
Counter: 4  feature: 5  delta: 1.554e+00  ind: 0
Counter: 5  feature: 12  delta: 1.508e+00  ind: 0
Counter: 6  feature: 6  delta: 1.140e+00  ind: 0
Counter: 7  feature: 4  delta: 9.968e-01  ind: 0
Counter: 8  feature: 10  delta: 8.990e-01  ind: 0
Counter: 9  feature: 11  delta: 8.370e-01  ind: 0
Counter: 10  feature: 13  delta: 7.574e-01  ind: 0
Counter: 11  feature: 3  delta: 6.190e-01  ind: 1
Counter: 12  feature: 2  delta: 4.902e-01  ind: 2
Counter: 13  feature: 7  delta: 3.292e-01  ind: 1
Iteration 1.  Obj 7642.6  Impact 3.9667.
Adding greedy cuts at iteration_cnt 1.
Writing LP to file form_1.lp.
Solving Model
  variables = 55
  constraints = 52
 OPTIMAL. optimal value: 7.6553e+03 in time 1.7700e-03Optimal objective = 7655.34
Optimal variable values:
GP_1_1 = 2.20921
GP_2_2 = 0.380786
constant = 1
theta_1 = 0.122914
theta_2 = 0.0344852
P_1_1_2 = 1.49449
theta_5 = -0.0364985
P_2_1_5 = 0.714726
theta_3 = -0.104019
P_3_2_3 = 0.699621
theta_4 = -0.0625646
P_4_2_4 = 0.550419
P_5_2_5 = 0.408234
P_6_3_4 = -0.242379
P_7_4_5 = -0.619
theta_7 = -0.120557
P_8_4_7 = 0.283555
theta_9 = -0.151751
P_9_4_9 = 0.165485
theta_6 = -0.137019
P_10_5_6 = 0.42796
theta_11 = -0.150412
P_11_6_11 = 0.0673375
theta_12 = -0.156481
P_12_6_12 = 0.0760815
theta_13 = -0.159496
P_13_6_13 = 0.172541
theta_8 = -0.120557
P_15_7_9 = 0.283555
theta_10 = -0.156623
P_16_9_10 = 0.0576625
theta_14 = -0.177809
P_17_9_14 = 0.0963775
P_18_10_11 = -0.0323375
P_19_12_13 = 0.0150815
P_20_13_14 = 0.0526225
IP_1 = 2.20921
IP_2 = 0.163786
IP_3 = -0.942
IP_4 = -0.478
IP_5 = -0.076
IP_6 = -0.112
IP_9 = -0.295
IP_10 = -0.09
IP_11 = -0.035
IP_12 = -0.061
IP_13 = -0.135
IP_14 = -0.149
IMP = 2.62839
49 nonzero variables in solution
Getting impact at iteration_cnt 2 using style 0-norm_per.
>feat: 0  name: PBaldef_1_1  numrisky: 3
 riskyterm: 0  z: z_1  card: 1  vars: ['theta_1']
 j 0 h 0 var = theta_1 xval = 0.12291403620894314 coeff = 21.38395702968055
 -> displacement 2.628e+00
 riskyterm: 1  z: z_1_1_2  card: 1  vars: ['theta_2']
 j 1 h 0 var = theta_2 xval = 0.03448520933471677 coeff = -16.90045631232043
 -> displacement -5.828e-01
 riskyterm: 2  z: z_2_1_5  card: 1  vars: ['theta_5']
 j 2 h 0 var = theta_5 xval = -0.03649852350521687 coeff = -4.483500717360115
 -> displacement 1.636e-01
 feat: PBaldef_1_1 (=)  L0norm: 2.62839  L1norm: 3.37485  L2norm: 2.6972
>feat: 1  name: PBaldef_2_2  numrisky: 5
 riskyterm: 0  z: z_2  card: 1  vars: ['theta_2']
 j 0 h 0 var = theta_2 xval = 0.03448520933471677 coeff = 33.37432576652621
 -> displacement 1.151e+00
 riskyterm: 1  z: z_3_2_3  card: 1  vars: ['theta_3']
 j 1 h 0 var = theta_3 xval = -0.1040187320371837 coeff = -5.051270394504217
 -> displacement 5.254e-01
 riskyterm: 2  z: z_4_2_4  card: 1  vars: ['theta_4']
 j 2 h 0 var = theta_4 xval = -0.06256462775965232 coeff = -5.671506352087114
 -> displacement 3.548e-01
 riskyterm: 3  z: z_5_2_5  card: 1  vars: ['theta_5']
 j 3 h 0 var = theta_5 xval = -0.03649852350521687 coeff = -5.751092707614447
 -> displacement 2.099e-01
 riskyterm: 4  z: z_1_1_2  card: 1  vars: ['theta_1']
 j 4 h 0 var = theta_1 xval = 0.12291403620894314 coeff = -16.90045631232043
 -> displacement -2.077e+00
 feat: PBaldef_2_2 (=)  L0norm: 2.0773  L1norm: 4.31839  L2norm: 2.46695
>feat: 2  name: PBaldef_3_3  numrisky: 3
 riskyterm: 0  z: z_3  card: 1  vars: ['theta_3']
 j 0 h 0 var = theta_3 xval = -0.1040187320371837 coeff = 10.89819783413469
 -> displacement -1.134e+00
 riskyterm: 1  z: z_6_3_4  card: 1  vars: ['theta_4']
 j 1 h 0 var = theta_4 xval = -0.06256462775965232 coeff = -5.846927439630474
 -> displacement 3.658e-01
 riskyterm: 2  z: z_3_2_3  card: 1  vars: ['theta_2']
 j 2 h 0 var = theta_2 xval = 0.03448520933471677 coeff = -5.051270394504217
 -> displacement -1.742e-01
 feat: PBaldef_3_3 (=)  L0norm: 1.13362  L1norm: 1.67362  L2norm: 1.20385
>feat: 3  name: PBaldef_4_4  numrisky: 6
 riskyterm: 0  z: z_4  card: 1  vars: ['theta_4']
 j 0 h 0 var = theta_4 xval = -0.06256462775965232 coeff = 42.01077443540295
 -> displacement -2.628e+00
 riskyterm: 1  z: z_7_4_5  card: 1  vars: ['theta_5']
 j 1 h 0 var = theta_5 xval = -0.03649852350521687 coeff = -23.74732842555212
 -> displacement 8.667e-01
 riskyterm: 2  z: z_8_4_7  card: 1  vars: ['theta_7']
 j 2 h 0 var = theta_7 xval = -0.12055707449929756 coeff = -4.889512660317341
 -> displacement 5.895e-01
 riskyterm: 3  z: z_9_4_9  card: 1  vars: ['theta_9']
 j 3 h 0 var = theta_9 xval = -0.15175093853234856 coeff = -1.8554995578159
 -> displacement 2.816e-01
 riskyterm: 4  z: z_4_2_4  card: 1  vars: ['theta_2']
 j 4 h 0 var = theta_2 xval = 0.03448520933471677 coeff = -5.671506352087114
 -> displacement -1.956e-01
 riskyterm: 5  z: z_6_3_4  card: 1  vars: ['theta_3']
 j 5 h 0 var = theta_3 xval = -0.1040187320371837 coeff = -5.846927439630474
 -> displacement 6.082e-01
 feat: PBaldef_4_4 (=)  L0norm: 2.62839  L1norm: 5.16994  L2norm: 2.91454
>feat: 4  name: PBaldef_5_5  numrisky: 5
 riskyterm: 0  z: z_5  card: 1  vars: ['theta_5']
 j 0 h 0 var = theta_5 xval = -0.03649852350521687 coeff = 38.23936718578007
 -> displacement -1.396e+00
 riskyterm: 1  z: z_10_5_6  card: 1  vars: ['theta_6']
 j 1 h 0 var = theta_6 xval = -0.13701890464873934 coeff = -4.257445335253384
 -> displacement 5.834e-01
 riskyterm: 2  z: z_2_1_5  card: 1  vars: ['theta_1']
 j 2 h 0 var = theta_1 xval = 0.12291403620894314 coeff = -4.483500717360115
 -> displacement -5.511e-01
 riskyterm: 3  z: z_5_2_5  card: 1  vars: ['theta_2']
 j 3 h 0 var = theta_2 xval = 0.03448520933471677 coeff = -5.751092707614447
 -> displacement -1.983e-01
 riskyterm: 4  z: z_7_4_5  card: 1  vars: ['theta_4']
 j 4 h 0 var = theta_4 xval = -0.06256462775965232 coeff = -23.74732842555212
 -> displacement 1.486e+00
 feat: PBaldef_5_5 (=)  L0norm: 1.48574  L1norm: 4.21419  L2norm: 2.1997
>feat: 5  name: PBaldef_6_6  numrisky: 5
 riskyterm: 0  z: z_6  card: 1  vars: ['theta_6']
 j 0 h 0 var = theta_6 xval = -0.13701890464873934 coeff = 20.87061321876194
 -> displacement -2.860e+00
 riskyterm: 1  z: z_11_6_11  card: 1  vars: ['theta_11']
 j 1 h 0 var = theta_11 xval = -0.15041234307027196 coeff = -5.027652086475616
 -> displacement 7.562e-01
 riskyterm: 2  z: z_12_6_12  card: 1  vars: ['theta_12']
 j 2 h 0 var = theta_12 xval = -0.156481319852805 coeff = -3.909151323247723
 -> displacement 6.117e-01
 riskyterm: 3  z: z_13_6_13  card: 1  vars: ['theta_13']
 j 3 h 0 var = theta_13 xval = -0.15949581527736267 coeff = -7.676364473785216
 -> displacement 1.224e+00
 riskyterm: 4  z: z_10_5_6  card: 1  vars: ['theta_5']
 j 4 h 0 var = theta_5 xval = -0.03649852350521687 coeff = -4.257445335253384
 -> displacement 1.554e-01
 feat: PBaldef_6_6 (=)  L0norm: 2.85967  L1norm: 5.60734  L2norm: 3.26296
>feat: 6  name: PBaldef_7_7  numrisky: 4
 riskyterm: 0  z: z_7  card: 1  vars: ['theta_7']
 j 0 h 0 var = theta_7 xval = -0.12055707449929756 coeff = 19.65657522679163
 -> displacement -2.370e+00
 riskyterm: 1  z: z_14_7_8  card: 1  vars: ['theta_8']
 j 1 h 0 var = theta_8 xval = -0.12055707434284457 coeff = -5.676979846721544
 -> displacement 6.844e-01
 riskyterm: 2  z: z_15_7_9  card: 1  vars: ['theta_9']
 j 2 h 0 var = theta_9 xval = -0.15175093853234856 coeff = -9.09008271975275
 -> displacement 1.379e+00
 riskyterm: 3  z: z_8_4_7  card: 1  vars: ['theta_4']
 j 3 h 0 var = theta_4 xval = -0.06256462775965232 coeff = -4.889512660317341
 -> displacement 3.059e-01
 feat: PBaldef_7_7 (=)  L0norm: 2.36974  L1norm: 4.73948  L2norm: 2.84262
>feat: 7  name: PBaldef_8_8  numrisky: 2
 riskyterm: 0  z: z_8  card: 1  vars: ['theta_8']
 j 0 h 0 var = theta_8 xval = -0.12055707434284457 coeff = 5.676979846721544
 -> displacement -6.844e-01
 riskyterm: 1  z: z_14_7_8  card: 1  vars: ['theta_7']
 j 1 h 0 var = theta_7 xval = -0.12055707449929756 coeff = -5.676979846721544
 -> displacement 6.844e-01
 feat: PBaldef_8_8 (=)  L0norm: 0.6844  L1norm: 1.3688  L2norm: 0.967888
>feat: 8  name: PBaldef_9_9  numrisky: 5
 riskyterm: 0  z: z_9  card: 1  vars: ['theta_9']
 j 0 h 0 var = theta_9 xval = -0.15175093853234856 coeff = 26.47840021384155
 -> displacement -4.018e+00
 riskyterm: 1  z: z_16_9_10  card: 1  vars: ['theta_10']
 j 1 h 0 var = theta_10 xval = -0.1566234158149582 coeff = -11.83431952662722
 -> displacement 1.854e+00
 riskyterm: 2  z: z_17_9_14  card: 1  vars: ['theta_14']
 j 2 h 0 var = theta_14 xval = -0.17780949160957427 coeff = -3.698498409645684
 -> displacement 6.576e-01
 riskyterm: 3  z: z_9_4_9  card: 1  vars: ['theta_4']
 j 3 h 0 var = theta_4 xval = -0.06256462775965232 coeff = -1.8554995578159
 -> displacement 1.161e-01
 riskyterm: 4  z: z_15_7_9  card: 1  vars: ['theta_7']
 j 4 h 0 var = theta_7 xval = -0.12055707449929756 coeff = -9.09008271975275
 -> displacement 1.096e+00
 feat: PBaldef_9_9 (=)  L0norm: 4.01812  L1norm: 7.74124  L2norm: 4.60736
>feat: 9  name: PBaldef_10_10  numrisky: 3
 riskyterm: 0  z: z_10  card: 1  vars: ['theta_10']
 j 0 h 0 var = theta_10 xval = -0.1566234158149582 coeff = 17.04075468047738
 -> displacement -2.669e+00
 riskyterm: 1  z: z_18_10_11  card: 1  vars: ['theta_11']
 j 1 h 0 var = theta_11 xval = -0.15041234307027196 coeff = -5.206435153850159
 -> displacement 7.831e-01
 riskyterm: 2  z: z_16_9_10  card: 1  vars: ['theta_9']
 j 2 h 0 var = theta_9 xval = -0.15175093853234856 coeff = -11.83431952662722
 -> displacement 1.796e+00
 feat: PBaldef_10_10 (=)  L0norm: 2.66898  L1norm: 5.24796  L2norm: 3.31087
>feat: 10  name: PBaldef_11_11  numrisky: 3
 riskyterm: 0  z: z_11  card: 1  vars: ['theta_11']
 j 0 h 0 var = theta_11 xval = -0.15041234307027196 coeff = 10.23408724032577
 -> displacement -1.539e+00
 riskyterm: 1  z: z_11_6_11  card: 1  vars: ['theta_6']
 j 1 h 0 var = theta_6 xval = -0.13701890464873934 coeff = -5.027652086475616
 -> displacement 6.889e-01
 riskyterm: 2  z: z_18_10_11  card: 1  vars: ['theta_10']
 j 2 h 0 var = theta_10 xval = -0.1566234158149582 coeff = -5.206435153850159
 -> displacement 8.154e-01
 feat: PBaldef_11_11 (=)  L0norm: 1.53933  L1norm: 3.04367  L2norm: 1.87325
>feat: 11  name: PBaldef_12_12  numrisky: 3
 riskyterm: 0  z: z_12  card: 1  vars: ['theta_12']
 j 0 h 0 var = theta_12 xval = -0.156481319852805 coeff = 8.912153124328372
 -> displacement -1.395e+00
 riskyterm: 1  z: z_19_12_13  card: 1  vars: ['theta_13']
 j 1 h 0 var = theta_13 xval = -0.15949581527736267 coeff = -5.003001801080648
 -> displacement 7.980e-01
 riskyterm: 2  z: z_12_6_12  card: 1  vars: ['theta_6']
 j 2 h 0 var = theta_6 xval = -0.13701890464873934 coeff = -3.909151323247723
 -> displacement 5.356e-01
 feat: PBaldef_12_12 (=)  L0norm: 1.39459  L1norm: 2.72817  L2norm: 1.69367
>feat: 12  name: PBaldef_13_13  numrisky: 4
 riskyterm: 0  z: z_13  card: 1  vars: ['theta_13']
 j 0 h 0 var = theta_13 xval = -0.15949581527736267 coeff = 15.55276435543595
 -> displacement -2.481e+00
 riskyterm: 1  z: z_20_13_14  card: 1  vars: ['theta_14']
 j 1 h 0 var = theta_14 xval = -0.17780949160957427 coeff = -2.873398080570082
 -> displacement 5.109e-01
 riskyterm: 2  z: z_13_6_13  card: 1  vars: ['theta_6']
 j 2 h 0 var = theta_6 xval = -0.13701890464873934 coeff = -7.676364473785216
 -> displacement 1.052e+00
 riskyterm: 3  z: z_19_12_13  card: 1  vars: ['theta_12']
 j 3 h 0 var = theta_12 xval = -0.156481319852805 coeff = -5.003001801080648
 -> displacement 7.829e-01
 feat: PBaldef_13_13 (=)  L0norm: 2.4806  L1norm: 4.8262  L2norm: 2.85195
>feat: 13  name: PBaldef_14_14  numrisky: 3
 riskyterm: 0  z: z_14  card: 1  vars: ['theta_14']
 j 0 h 0 var = theta_14 xval = -0.17780949160957427 coeff = 6.571896490215765
 -> displacement -1.169e+00
 riskyterm: 1  z: z_17_9_14  card: 1  vars: ['theta_9']
 j 1 h 0 var = theta_9 xval = -0.15175093853234856 coeff = -3.698498409645684
 -> displacement 5.613e-01
 riskyterm: 2  z: z_20_13_14  card: 1  vars: ['theta_13']
 j 2 h 0 var = theta_13 xval = -0.15949581527736267 coeff = -2.873398080570082
 -> displacement 4.583e-01
 feat: PBaldef_14_14 (=)  L0norm: 1.16855  L1norm: 2.18809  L2norm: 1.37497
Max feature value: 4.01812 at 8  L1-norm: 7.74124  L2-norm: 4.60736.
Counter: 0  feature: 8  delta: 4.018e+00  ind: 0
Counter: 1  feature: 5  delta: 2.860e+00  ind: 0
Counter: 2  feature: 9  delta: 2.669e+00  ind: 0
Counter: 3  feature: 0  delta: 2.628e+00  ind: 0
Counter: 4  feature: 3  delta: 2.628e+00  ind: 0
Counter: 5  feature: 12  delta: 2.481e+00  ind: 0
Counter: 6  feature: 6  delta: 2.370e+00  ind: 0
Counter: 7  feature: 1  delta: 2.077e+00  ind: 4
Counter: 8  feature: 10  delta: 1.539e+00  ind: 0
Counter: 9  feature: 4  delta: 1.486e+00  ind: 4
Counter: 10  feature: 11  delta: 1.395e+00  ind: 0
Counter: 11  feature: 13  delta: 1.169e+00  ind: 0
Counter: 12  feature: 2  delta: 1.134e+00  ind: 0
Counter: 13  feature: 7  delta: 6.844e-01  ind: 1
Iteration 2.  Obj 7642.6  Impact 4.0181.
Adding greedy cuts at iteration_cnt 2.
Writing LP to file form_2.lp.
Solving Model
  variables = 55
  constraints = 54
 OPTIMAL. optimal value: 7.6583e+03 in time 1.3762e-03Optimal objective = 7658.35
Optimal variable values:
GP_1_1 = 2.2093
GP_2_2 = 0.380701
constant = 1
theta_1 = 0.151952
theta_2 = 0.0635188
P_1_1_2 = 1.49456
theta_5 = -0.00746374
P_2_1_5 = 0.71474
theta_3 = -0.0749846
P_3_2_3 = 0.699619
theta_4 = -0.0335301
P_4_2_4 = 0.550414
P_5_2_5 = 0.408227
P_6_3_4 = -0.242381
P_7_4_5 = -0.619007
theta_7 = -0.0915225
P_8_4_7 = 0.283555
theta_9 = -0.122716
P_9_4_9 = 0.165485
theta_6 = -0.107984
P_10_5_6 = 0.42796
theta_11 = -0.121378
P_11_6_11 = 0.0673378
theta_12 = -0.127447
P_12_6_12 = 0.0760816
theta_13 = -0.130461
P_13_6_13 = 0.172541
theta_8 = -0.0915225
P_15_7_9 = 0.283555
theta_10 = -0.127589
P_16_9_10 = 0.0576622
theta_14 = -0.148775
P_17_9_14 = 0.0963774
P_18_10_11 = -0.0323378
P_19_12_13 = 0.0150816
P_20_13_14 = 0.0526226
IP_1 = 2.2093
IP_2 = 0.163701
IP_3 = -0.942
IP_4 = -0.478
IP_5 = -0.076
IP_6 = -0.112
IP_9 = -0.295
IP_10 = -0.09
IP_11 = -0.035
IP_12 = -0.061
IP_13 = -0.135
IP_14 = -0.149
IMP = 3.24933
49 nonzero variables in solution
Getting impact at iteration_cnt 3 using style 0-norm_per.
>feat: 0  name: PBaldef_1_1  numrisky: 3
 riskyterm: 0  z: z_1  card: 1  vars: ['theta_1']
 j 0 h 0 var = theta_1 xval = 0.151951912465905 coeff = 21.38395702968055
 -> displacement 3.249e+00
 riskyterm: 1  z: z_1_1_2  card: 1  vars: ['theta_2']
 j 1 h 0 var = theta_2 xval = 0.06351884190221835 coeff = -16.90045631232043
 -> displacement -1.073e+00
 riskyterm: 2  z: z_2_1_5  card: 1  vars: ['theta_5']
 j 2 h 0 var = theta_5 xval = -0.00746373970642189 coeff = -4.483500717360115
 -> displacement 3.346e-02
 feat: PBaldef_1_1 (=)  L0norm: 3.24933  L1norm: 4.35629  L2norm: 3.42223
>feat: 1  name: PBaldef_2_2  numrisky: 5
 riskyterm: 0  z: z_2  card: 1  vars: ['theta_2']
 j 0 h 0 var = theta_2 xval = 0.06351884190221835 coeff = 33.37432576652621
 -> displacement 2.120e+00
 riskyterm: 1  z: z_3_2_3  card: 1  vars: ['theta_3']
 j 1 h 0 var = theta_3 xval = -0.07498463597795002 coeff = -5.051270394504217
 -> displacement 3.788e-01
 riskyterm: 2  z: z_4_2_4  card: 1  vars: ['theta_4']
 j 2 h 0 var = theta_4 xval = -0.03353013169380592 coeff = -5.671506352087114
 -> displacement 1.902e-01
 riskyterm: 3  z: z_5_2_5  card: 1  vars: ['theta_5']
 j 3 h 0 var = theta_5 xval = -0.00746373970642189 coeff = -5.751092707614447
 -> displacement 4.292e-02
 riskyterm: 4  z: z_1_1_2  card: 1  vars: ['theta_1']
 j 4 h 0 var = theta_1 xval = 0.151951912465905 coeff = -16.90045631232043
 -> displacement -2.568e+00
 feat: PBaldef_2_2 (=)  L0norm: 2.56806  L1norm: 5.29981  L2norm: 3.35714
>feat: 2  name: PBaldef_3_3  numrisky: 3
 riskyterm: 0  z: z_3  card: 1  vars: ['theta_3']
 j 0 h 0 var = theta_3 xval = -0.07498463597795002 coeff = 10.89819783413469
 -> displacement -8.172e-01
 riskyterm: 1  z: z_6_3_4  card: 1  vars: ['theta_4']
 j 1 h 0 var = theta_4 xval = -0.03353013169380592 coeff = -5.846927439630474
 -> displacement 1.960e-01
 riskyterm: 2  z: z_3_2_3  card: 1  vars: ['theta_2']
 j 2 h 0 var = theta_2 xval = 0.06351884190221835 coeff = -5.051270394504217
 -> displacement -3.209e-01
 feat: PBaldef_3_3 (=)  L0norm: 0.817197  L1norm: 1.3341  L2norm: 0.899551
>feat: 3  name: PBaldef_4_4  numrisky: 6
 riskyterm: 0  z: z_4  card: 1  vars: ['theta_4']
 j 0 h 0 var = theta_4 xval = -0.03353013169380592 coeff = 42.01077443540295
 -> displacement -1.409e+00
 riskyterm: 1  z: z_7_4_5  card: 1  vars: ['theta_5']
 j 1 h 0 var = theta_5 xval = -0.00746373970642189 coeff = -23.74732842555212
 -> displacement 1.772e-01
 riskyterm: 2  z: z_8_4_7  card: 1  vars: ['theta_7']
 j 2 h 0 var = theta_7 xval = -0.0915225267190001 coeff = -4.889512660317341
 -> displacement 4.475e-01
 riskyterm: 3  z: z_9_4_9  card: 1  vars: ['theta_9']
 j 3 h 0 var = theta_9 xval = -0.12271636328690327 coeff = -1.8554995578159
 -> displacement 2.277e-01
 riskyterm: 4  z: z_4_2_4  card: 1  vars: ['theta_2']
 j 4 h 0 var = theta_2 xval = 0.06351884190221835 coeff = -5.671506352087114
 -> displacement -3.602e-01
 riskyterm: 5  z: z_6_3_4  card: 1  vars: ['theta_3']
 j 5 h 0 var = theta_3 xval = -0.07498463597795002 coeff = -5.846927439630474
 -> displacement 4.384e-01
 feat: PBaldef_4_4 (=)  L0norm: 1.40863  L1norm: 3.05975  L2norm: 1.60927
>feat: 4  name: PBaldef_5_5  numrisky: 5
 riskyterm: 0  z: z_5  card: 1  vars: ['theta_5']
 j 0 h 0 var = theta_5 xval = -0.00746373970642189 coeff = 38.23936718578007
 -> displacement -2.854e-01
 riskyterm: 1  z: z_10_5_6  card: 1  vars: ['theta_6']
 j 1 h 0 var = theta_6 xval = -0.10798421457789331 coeff = -4.257445335253384
 -> displacement 4.597e-01
 riskyterm: 2  z: z_2_1_5  card: 1  vars: ['theta_1']
 j 2 h 0 var = theta_1 xval = 0.151951912465905 coeff = -4.483500717360115
 -> displacement -6.813e-01
 riskyterm: 3  z: z_5_2_5  card: 1  vars: ['theta_2']
 j 3 h 0 var = theta_2 xval = 0.06351884190221835 coeff = -5.751092707614447
 -> displacement -3.653e-01
 riskyterm: 4  z: z_7_4_5  card: 1  vars: ['theta_4']
 j 4 h 0 var = theta_4 xval = -0.03353013169380592 coeff = -23.74732842555212
 -> displacement 7.963e-01
 feat: PBaldef_5_5 (=)  L0norm: 0.796251  L1norm: 2.58798  L2norm: 1.23467
>feat: 5  name: PBaldef_6_6  numrisky: 5
 riskyterm: 0  z: z_6  card: 1  vars: ['theta_6']
 j 0 h 0 var = theta_6 xval = -0.10798421457789331 coeff = 20.87061321876194
 -> displacement -2.254e+00
 riskyterm: 1  z: z_11_6_11  card: 1  vars: ['theta_11']
 j 1 h 0 var = theta_11 xval = -0.12137770087882949 coeff = -5.027652086475616
 -> displacement 6.102e-01
 riskyterm: 2  z: z_12_6_12  card: 1  vars: ['theta_12']
 j 2 h 0 var = theta_12 xval = -0.12744663875307527 coeff = -3.909151323247723
 -> displacement 4.982e-01
 riskyterm: 3  z: z_13_6_13  card: 1  vars: ['theta_13']
 j 3 h 0 var = theta_13 xval = -0.1304611412166672 coeff = -7.676364473785216
 -> displacement 1.001e+00
 riskyterm: 4  z: z_10_5_6  card: 1  vars: ['theta_5']
 j 4 h 0 var = theta_5 xval = -0.00746373970642189 coeff = -4.257445335253384
 -> displacement 3.178e-02
 feat: PBaldef_6_6 (=)  L0norm: 2.2537  L1norm: 4.39539  L2norm: 2.58915
>feat: 6  name: PBaldef_7_7  numrisky: 4
 riskyterm: 0  z: z_7  card: 1  vars: ['theta_7']
 j 0 h 0 var = theta_7 xval = -0.0915225267190001 coeff = 19.65657522679163
 -> displacement -1.799e+00
 riskyterm: 1  z: z_14_7_8  card: 1  vars: ['theta_8']
 j 1 h 0 var = theta_8 xval = -0.09152252582322085 coeff = -5.676979846721544
 -> displacement 5.196e-01
 riskyterm: 2  z: z_15_7_9  card: 1  vars: ['theta_9']
 j 2 h 0 var = theta_9 xval = -0.12271636328690327 coeff = -9.09008271975275
 -> displacement 1.116e+00
 riskyterm: 3  z: z_8_4_7  card: 1  vars: ['theta_4']
 j 3 h 0 var = theta_4 xval = -0.03353013169380592 coeff = -4.889512660317341
 -> displacement 1.639e-01
 feat: PBaldef_7_7 (=)  L0norm: 1.79902  L1norm: 3.59804  L2norm: 2.18578
>feat: 7  name: PBaldef_8_8  numrisky: 2
 riskyterm: 0  z: z_8  card: 1  vars: ['theta_8']
 j 0 h 0 var = theta_8 xval = -0.09152252582322085 coeff = 5.676979846721544
 -> displacement -5.196e-01
 riskyterm: 1  z: z_14_7_8  card: 1  vars: ['theta_7']
 j 1 h 0 var = theta_7 xval = -0.0915225267190001 coeff = -5.676979846721544
 -> displacement 5.196e-01
 feat: PBaldef_8_8 (=)  L0norm: 0.519572  L1norm: 1.03914  L2norm: 0.734785
>feat: 8  name: PBaldef_9_9  numrisky: 5
 riskyterm: 0  z: z_9  card: 1  vars: ['theta_9']
 j 0 h 0 var = theta_9 xval = -0.12271636328690327 coeff = 26.47840021384155
 -> displacement -3.249e+00
 riskyterm: 1  z: z_16_9_10  card: 1  vars: ['theta_10']
 j 1 h 0 var = theta_10 xval = -0.1275888200928792 coeff = -11.83431952662722
 -> displacement 1.510e+00
 riskyterm: 2  z: z_17_9_14  card: 1  vars: ['theta_14']
 j 2 h 0 var = theta_14 xval = -0.14877487323113492 coeff = -3.698498409645684
 -> displacement 5.502e-01
 riskyterm: 3  z: z_9_4_9  card: 1  vars: ['theta_4']
 j 3 h 0 var = theta_4 xval = -0.03353013169380592 coeff = -1.8554995578159
 -> displacement 6.222e-02
 riskyterm: 4  z: z_15_7_9  card: 1  vars: ['theta_7']
 j 4 h 0 var = theta_7 xval = -0.0915225267190001 coeff = -9.09008271975275
 -> displacement 8.319e-01
 feat: PBaldef_9_9 (=)  L0norm: 3.24933  L1norm: 6.20367  L2norm: 3.71979
>feat: 9  name: PBaldef_10_10  numrisky: 3
 riskyterm: 0  z: z_10  card: 1  vars: ['theta_10']
 j 0 h 0 var = theta_10 xval = -0.1275888200928792 coeff = 17.04075468047738
 -> displacement -2.174e+00
 riskyterm: 1  z: z_18_10_11  card: 1  vars: ['theta_11']
 j 1 h 0 var = theta_11 xval = -0.12137770087882949 coeff = -5.206435153850159
 -> displacement 6.319e-01
 riskyterm: 2  z: z_16_9_10  card: 1  vars: ['theta_9']
 j 2 h 0 var = theta_9 xval = -0.12271636328690327 coeff = -11.83431952662722
 -> displacement 1.452e+00
 feat: PBaldef_10_10 (=)  L0norm: 2.17421  L1norm: 4.25842  L2norm: 2.68991
>feat: 10  name: PBaldef_11_11  numrisky: 3
 riskyterm: 0  z: z_11  card: 1  vars: ['theta_11']
 j 0 h 0 var = theta_11 xval = -0.12137770087882949 coeff = 10.23408724032577
 -> displacement -1.242e+00
 riskyterm: 1  z: z_11_6_11  card: 1  vars: ['theta_6']
 j 1 h 0 var = theta_6 xval = -0.10798421457789331 coeff = -5.027652086475616
 -> displacement 5.429e-01
 riskyterm: 2  z: z_18_10_11  card: 1  vars: ['theta_10']
 j 2 h 0 var = theta_10 xval = -0.1275888200928792 coeff = -5.206435153850159
 -> displacement 6.643e-01
 feat: PBaldef_11_11 (=)  L0norm: 1.24219  L1norm: 2.44938  L2norm: 1.50965
>feat: 11  name: PBaldef_12_12  numrisky: 3
 riskyterm: 0  z: z_12  card: 1  vars: ['theta_12']
 j 0 h 0 var = theta_12 xval = -0.12744663875307527 coeff = 8.912153124328372
 -> displacement -1.136e+00
 riskyterm: 1  z: z_19_12_13  card: 1  vars: ['theta_13']
 j 1 h 0 var = theta_13 xval = -0.1304611412166672 coeff = -5.003001801080648
 -> displacement 6.527e-01
 riskyterm: 2  z: z_12_6_12  card: 1  vars: ['theta_6']
 j 2 h 0 var = theta_6 xval = -0.10798421457789331 coeff = -3.909151323247723
 -> displacement 4.221e-01
 feat: PBaldef_12_12 (=)  L0norm: 1.13582  L1norm: 2.21065  L2norm: 1.37634
>feat: 12  name: PBaldef_13_13  numrisky: 4
 riskyterm: 0  z: z_13  card: 1  vars: ['theta_13']
 j 0 h 0 var = theta_13 xval = -0.1304611412166672 coeff = 15.55276435543595
 -> displacement -2.029e+00
 riskyterm: 1  z: z_20_13_14  card: 1  vars: ['theta_14']
 j 1 h 0 var = theta_14 xval = -0.14877487323113492 coeff = -2.873398080570082
 -> displacement 4.275e-01
 riskyterm: 2  z: z_13_6_13  card: 1  vars: ['theta_6']
 j 2 h 0 var = theta_6 xval = -0.10798421457789331 coeff = -7.676364473785216
 -> displacement 8.289e-01
 riskyterm: 3  z: z_19_12_13  card: 1  vars: ['theta_12']
 j 3 h 0 var = theta_12 xval = -0.12744663875307527 coeff = -5.003001801080648
 -> displacement 6.376e-01
 feat: PBaldef_13_13 (=)  L0norm: 2.02903  L1norm: 3.92306  L2norm: 2.32237
>feat: 13  name: PBaldef_14_14  numrisky: 3
 riskyterm: 0  z: z_14  card: 1  vars: ['theta_14']
 j 0 h 0 var = theta_14 xval = -0.14877487323113492 coeff = 6.571896490215765
 -> displacement -9.777e-01
 riskyterm: 1  z: z_17_9_14  card: 1  vars: ['theta_9']
 j 1 h 0 var = theta_9 xval = -0.12271636328690327 coeff = -3.698498409645684
 -> displacement 4.539e-01
 riskyterm: 2  z: z_20_13_14  card: 1  vars: ['theta_13']
 j 2 h 0 var = theta_13 xval = -0.1304611412166672 coeff = -2.873398080570082
 -> displacement 3.749e-01
 feat: PBaldef_14_14 (=)  L0norm: 0.977733  L1norm: 1.80647  L2norm: 1.14126
Max feature value: 3.24933 at 0  L1-norm: 4.35629  L2-norm: 3.42223.
Counter: 0  feature: 0  delta: 3.249e+00  ind: 0
Counter: 1  feature: 8  delta: 3.249e+00  ind: 0
Counter: 2  feature: 1  delta: 2.568e+00  ind: 4
Counter: 3  feature: 5  delta: 2.254e+00  ind: 0
Counter: 4  feature: 9  delta: 2.174e+00  ind: 0
Counter: 5  feature: 12  delta: 2.029e+00  ind: 0
Counter: 6  feature: 6  delta: 1.799e+00  ind: 0
Counter: 7  feature: 3  delta: 1.409e+00  ind: 0
Counter: 8  feature: 10  delta: 1.242e+00  ind: 0
Counter: 9  feature: 11  delta: 1.136e+00  ind: 0
Counter: 10  feature: 13  delta: 9.777e-01  ind: 0
Counter: 11  feature: 2  delta: 8.172e-01  ind: 0
Counter: 12  feature: 4  delta: 7.963e-01  ind: 4
Counter: 13  feature: 7  delta: 5.196e-01  ind: 1
Iteration 3.  Obj 7642.6  Impact 3.2493.
Adding greedy cuts at iteration_cnt 3.
Writing LP to file form_3.lp.
Solving Model
  variables = 55
  constraints = 56
 OPTIMAL. optimal value: 7.6583e+03 in time 2.6491e-03Optimal objective = 7658.35
Optimal variable values:
GP_1_1 = 2.2093
GP_2_2 = 0.380701
constant = 1
theta_1 = 0.151952
theta_2 = 0.0635188
P_1_1_2 = 1.49456
theta_5 = -0.00746374
P_2_1_5 = 0.71474
theta_3 = -0.0749846
P_3_2_3 = 0.699619
theta_4 = -0.0335301
P_4_2_4 = 0.550414
P_5_2_5 = 0.408227
P_6_3_4 = -0.242381
P_7_4_5 = -0.619007
theta_7 = -0.0915225
P_8_4_7 = 0.283555
theta_9 = -0.122716
P_9_4_9 = 0.165485
theta_6 = -0.107984
P_10_5_6 = 0.42796
theta_11 = -0.121378
P_11_6_11 = 0.0673378
theta_12 = -0.127447
P_12_6_12 = 0.0760816
theta_13 = -0.130461
P_13_6_13 = 0.172541
theta_8 = -0.0915225
P_15_7_9 = 0.283555
theta_10 = -0.127589
P_16_9_10 = 0.0576622
theta_14 = -0.148775
P_17_9_14 = 0.0963774
P_18_10_11 = -0.0323378
P_19_12_13 = 0.0150816
P_20_13_14 = 0.0526226
IP_1 = 2.2093
IP_2 = 0.163701
IP_3 = -0.942
IP_4 = -0.478
IP_5 = -0.076
IP_6 = -0.112
IP_9 = -0.295
IP_10 = -0.09
IP_11 = -0.035
IP_12 = -0.061
IP_13 = -0.135
IP_14 = -0.149
IMP = 3.24933
49 nonzero variables in solution
Getting impact at iteration_cnt 4 using style 0-norm_per.
>feat: 0  name: PBaldef_1_1  numrisky: 3
 riskyterm: 0  z: z_1  card: 1  vars: ['theta_1']
 j 0 h 0 var = theta_1 xval = 0.1519519124641624 coeff = 21.38395702968055
 -> displacement 3.249e+00
 riskyterm: 1  z: z_1_1_2  card: 1  vars: ['theta_2']
 j 1 h 0 var = theta_2 xval = 0.0635188419245667 coeff = -16.90045631232043
 -> displacement -1.073e+00
 riskyterm: 2  z: z_2_1_5  card: 1  vars: ['theta_5']
 j 2 h 0 var = theta_5 xval = -0.007463739674105518 coeff = -4.483500717360115
 -> displacement 3.346e-02
 feat: PBaldef_1_1 (=)  L0norm: 3.24933  L1norm: 4.35629  L2norm: 3.42223
>feat: 1  name: PBaldef_2_2  numrisky: 5
 riskyterm: 0  z: z_2  card: 1  vars: ['theta_2']
 j 0 h 0 var = theta_2 xval = 0.0635188419245667 coeff = 33.37432576652621
 -> displacement 2.120e+00
 riskyterm: 1  z: z_3_2_3  card: 1  vars: ['theta_3']
 j 1 h 0 var = theta_3 xval = -0.07498463595306504 coeff = -5.051270394504217
 -> displacement 3.788e-01
 riskyterm: 2  z: z_4_2_4  card: 1  vars: ['theta_4']
 j 2 h 0 var = theta_4 xval = -0.03353013166543306 coeff = -5.671506352087114
 -> displacement 1.902e-01
 riskyterm: 3  z: z_5_2_5  card: 1  vars: ['theta_5']
 j 3 h 0 var = theta_5 xval = -0.007463739674105518 coeff = -5.751092707614447
 -> displacement 4.292e-02
 riskyterm: 4  z: z_1_1_2  card: 1  vars: ['theta_1']
 j 4 h 0 var = theta_1 xval = 0.1519519124641624 coeff = -16.90045631232043
 -> displacement -2.568e+00
 feat: PBaldef_2_2 (=)  L0norm: 2.56806  L1norm: 5.29981  L2norm: 3.35714
>feat: 2  name: PBaldef_3_3  numrisky: 3
 riskyterm: 0  z: z_3  card: 1  vars: ['theta_3']
 j 0 h 0 var = theta_3 xval = -0.07498463595306504 coeff = 10.89819783413469
 -> displacement -8.172e-01
 riskyterm: 1  z: z_6_3_4  card: 1  vars: ['theta_4']
 j 1 h 0 var = theta_4 xval = -0.03353013166543306 coeff = -5.846927439630474
 -> displacement 1.960e-01
 riskyterm: 2  z: z_3_2_3  card: 1  vars: ['theta_2']
 j 2 h 0 var = theta_2 xval = 0.0635188419245667 coeff = -5.051270394504217
 -> displacement -3.209e-01
 feat: PBaldef_3_3 (=)  L0norm: 0.817197  L1norm: 1.3341  L2norm: 0.899551
>feat: 3  name: PBaldef_4_4  numrisky: 6
 riskyterm: 0  z: z_4  card: 1  vars: ['theta_4']
 j 0 h 0 var = theta_4 xval = -0.03353013166543306 coeff = 42.01077443540295
 -> displacement -1.409e+00
 riskyterm: 1  z: z_7_4_5  card: 1  vars: ['theta_5']
 j 1 h 0 var = theta_5 xval = -0.007463739674105518 coeff = -23.74732842555212
 -> displacement 1.772e-01
 riskyterm: 2  z: z_8_4_7  card: 1  vars: ['theta_7']
 j 2 h 0 var = theta_7 xval = -0.09152252670473963 coeff = -4.889512660317341
 -> displacement 4.475e-01
 riskyterm: 3  z: z_9_4_9  card: 1  vars: ['theta_9']
 j 3 h 0 var = theta_9 xval = -0.12271636328534541 coeff = -1.8554995578159
 -> displacement 2.277e-01
 riskyterm: 4  z: z_4_2_4  card: 1  vars: ['theta_2']
 j 4 h 0 var = theta_2 xval = 0.0635188419245667 coeff = -5.671506352087114
 -> displacement -3.602e-01
 riskyterm: 5  z: z_6_3_4  card: 1  vars: ['theta_3']
 j 5 h 0 var = theta_3 xval = -0.07498463595306504 coeff = -5.846927439630474
 -> displacement 4.384e-01
 feat: PBaldef_4_4 (=)  L0norm: 1.40863  L1norm: 3.05975  L2norm: 1.60927
>feat: 4  name: PBaldef_5_5  numrisky: 5
 riskyterm: 0  z: z_5  card: 1  vars: ['theta_5']
 j 0 h 0 var = theta_5 xval = -0.007463739674105518 coeff = 38.23936718578007
 -> displacement -2.854e-01
 riskyterm: 1  z: z_10_5_6  card: 1  vars: ['theta_6']
 j 1 h 0 var = theta_6 xval = -0.10798421457939966 coeff = -4.257445335253384
 -> displacement 4.597e-01
 riskyterm: 2  z: z_2_1_5  card: 1  vars: ['theta_1']
 j 2 h 0 var = theta_1 xval = 0.1519519124641624 coeff = -4.483500717360115
 -> displacement -6.813e-01
 riskyterm: 3  z: z_5_2_5  card: 1  vars: ['theta_2']
 j 3 h 0 var = theta_2 xval = 0.0635188419245667 coeff = -5.751092707614447
 -> displacement -3.653e-01
 riskyterm: 4  z: z_7_4_5  card: 1  vars: ['theta_4']
 j 4 h 0 var = theta_4 xval = -0.03353013166543306 coeff = -23.74732842555212
 -> displacement 7.963e-01
 feat: PBaldef_5_5 (=)  L0norm: 0.796251  L1norm: 2.58798  L2norm: 1.23467
>feat: 5  name: PBaldef_6_6  numrisky: 5
 riskyterm: 0  z: z_6  card: 1  vars: ['theta_6']
 j 0 h 0 var = theta_6 xval = -0.10798421457939966 coeff = 20.87061321876194
 -> displacement -2.254e+00
 riskyterm: 1  z: z_11_6_11  card: 1  vars: ['theta_11']
 j 1 h 0 var = theta_11 xval = -0.12137770087927358 coeff = -5.027652086475616
 -> displacement 6.102e-01
 riskyterm: 2  z: z_12_6_12  card: 1  vars: ['theta_12']
 j 2 h 0 var = theta_12 xval = -0.1274466387609472 coeff = -3.909151323247723
 -> displacement 4.982e-01
 riskyterm: 3  z: z_13_6_13  card: 1  vars: ['theta_13']
 j 3 h 0 var = theta_13 xval = -0.13046114122428953 coeff = -7.676364473785216
 -> displacement 1.001e+00
 riskyterm: 4  z: z_10_5_6  card: 1  vars: ['theta_5']
 j 4 h 0 var = theta_5 xval = -0.007463739674105518 coeff = -4.257445335253384
 -> displacement 3.178e-02
 feat: PBaldef_6_6 (=)  L0norm: 2.2537  L1norm: 4.39539  L2norm: 2.58915
>feat: 6  name: PBaldef_7_7  numrisky: 4
 riskyterm: 0  z: z_7  card: 1  vars: ['theta_7']
 j 0 h 0 var = theta_7 xval = -0.09152252670473963 coeff = 19.65657522679163
 -> displacement -1.799e+00
 riskyterm: 1  z: z_14_7_8  card: 1  vars: ['theta_8']
 j 1 h 0 var = theta_8 xval = -0.09152252580896025 coeff = -5.676979846721544
 -> displacement 5.196e-01
 riskyterm: 2  z: z_15_7_9  card: 1  vars: ['theta_9']
 j 2 h 0 var = theta_9 xval = -0.12271636328534541 coeff = -9.09008271975275
 -> displacement 1.116e+00
 riskyterm: 3  z: z_8_4_7  card: 1  vars: ['theta_4']
 j 3 h 0 var = theta_4 xval = -0.03353013166543306 coeff = -4.889512660317341
 -> displacement 1.639e-01
 feat: PBaldef_7_7 (=)  L0norm: 1.79902  L1norm: 3.59804  L2norm: 2.18578
>feat: 7  name: PBaldef_8_8  numrisky: 2
 riskyterm: 0  z: z_8  card: 1  vars: ['theta_8']
 j 0 h 0 var = theta_8 xval = -0.09152252580896025 coeff = 5.676979846721544
 -> displacement -5.196e-01
 riskyterm: 1  z: z_14_7_8  card: 1  vars: ['theta_7']
 j 1 h 0 var = theta_7 xval = -0.09152252670473963 coeff = -5.676979846721544
 -> displacement 5.196e-01
 feat: PBaldef_8_8 (=)  L0norm: 0.519572  L1norm: 1.03914  L2norm: 0.734785
>feat: 8  name: PBaldef_9_9  numrisky: 5
 riskyterm: 0  z: z_9  card: 1  vars: ['theta_9']
 j 0 h 0 var = theta_9 xval = -0.12271636328534541 coeff = 26.47840021384155
 -> displacement -3.249e+00
 riskyterm: 1  z: z_16_9_10  card: 1  vars: ['theta_10']
 j 1 h 0 var = theta_10 xval = -0.12758882009149186 coeff = -11.83431952662722
 -> displacement 1.510e+00
 riskyterm: 2  z: z_17_9_14  card: 1  vars: ['theta_14']
 j 2 h 0 var = theta_14 xval = -0.14877487324131078 coeff = -3.698498409645684
 -> displacement 5.502e-01
 riskyterm: 3  z: z_9_4_9  card: 1  vars: ['theta_4']
 j 3 h 0 var = theta_4 xval = -0.03353013166543306 coeff = -1.8554995578159
 -> displacement 6.222e-02
 riskyterm: 4  z: z_15_7_9  card: 1  vars: ['theta_7']
 j 4 h 0 var = theta_7 xval = -0.09152252670473963 coeff = -9.09008271975275
 -> displacement 8.319e-01
 feat: PBaldef_9_9 (=)  L0norm: 3.24933  L1norm: 6.20367  L2norm: 3.71979
>feat: 9  name: PBaldef_10_10  numrisky: 3
 riskyterm: 0  z: z_10  card: 1  vars: ['theta_10']
 j 0 h 0 var = theta_10 xval = -0.12758882009149186 coeff = 17.04075468047738
 -> displacement -2.174e+00
 riskyterm: 1  z: z_18_10_11  card: 1  vars: ['theta_11']
 j 1 h 0 var = theta_11 xval = -0.12137770087927358 coeff = -5.206435153850159
 -> displacement 6.319e-01
 riskyterm: 2  z: z_16_9_10  card: 1  vars: ['theta_9']
 j 2 h 0 var = theta_9 xval = -0.12271636328534541 coeff = -11.83431952662722
 -> displacement 1.452e+00
 feat: PBaldef_10_10 (=)  L0norm: 2.17421  L1norm: 4.25842  L2norm: 2.68991
>feat: 10  name: PBaldef_11_11  numrisky: 3
 riskyterm: 0  z: z_11  card: 1  vars: ['theta_11']
 j 0 h 0 var = theta_11 xval = -0.12137770087927358 coeff = 10.23408724032577
 -> displacement -1.242e+00
 riskyterm: 1  z: z_11_6_11  card: 1  vars: ['theta_6']
 j 1 h 0 var = theta_6 xval = -0.10798421457939966 coeff = -5.027652086475616
 -> displacement 5.429e-01
 riskyterm: 2  z: z_18_10_11  card: 1  vars: ['theta_10']
 j 2 h 0 var = theta_10 xval = -0.12758882009149186 coeff = -5.206435153850159
 -> displacement 6.643e-01
 feat: PBaldef_11_11 (=)  L0norm: 1.24219  L1norm: 2.44938  L2norm: 1.50965
>feat: 11  name: PBaldef_12_12  numrisky: 3
 riskyterm: 0  z: z_12  card: 1  vars: ['theta_12']
 j 0 h 0 var = theta_12 xval = -0.1274466387609472 coeff = 8.912153124328372
 -> displacement -1.136e+00
 riskyterm: 1  z: z_19_12_13  card: 1  vars: ['theta_13']
 j 1 h 0 var = theta_13 xval = -0.13046114122428953 coeff = -5.003001801080648
 -> displacement 6.527e-01
 riskyterm: 2  z: z_12_6_12  card: 1  vars: ['theta_6']
 j 2 h 0 var = theta_6 xval = -0.10798421457939966 coeff = -3.909151323247723
 -> displacement 4.221e-01
 feat: PBaldef_12_12 (=)  L0norm: 1.13582  L1norm: 2.21065  L2norm: 1.37634
>feat: 12  name: PBaldef_13_13  numrisky: 4
 riskyterm: 0  z: z_13  card: 1  vars: ['theta_13']
 j 0 h 0 var = theta_13 xval = -0.13046114122428953 coeff = 15.55276435543595
 -> displacement -2.029e+00
 riskyterm: 1  z: z_20_13_14  card: 1  vars: ['theta_14']
 j 1 h 0 var = theta_14 xval = -0.14877487324131078 coeff = -2.873398080570082
 -> displacement 4.275e-01
 riskyterm: 2  z: z_13_6_13  card: 1  vars: ['theta_6']
 j 2 h 0 var = theta_6 xval = -0.10798421457939966 coeff = -7.676364473785216
 -> displacement 8.289e-01
 riskyterm: 3  z: z_19_12_13  card: 1  vars: ['theta_12']
 j 3 h 0 var = theta_12 xval = -0.1274466387609472 coeff = -5.003001801080648
 -> displacement 6.376e-01
 feat: PBaldef_13_13 (=)  L0norm: 2.02903  L1norm: 3.92306  L2norm: 2.32237
>feat: 13  name: PBaldef_14_14  numrisky: 3
 riskyterm: 0  z: z_14  card: 1  vars: ['theta_14']
 j 0 h 0 var = theta_14 xval = -0.14877487324131078 coeff = 6.571896490215765
 -> displacement -9.777e-01
 riskyterm: 1  z: z_17_9_14  card: 1  vars: ['theta_9']
 j 1 h 0 var = theta_9 xval = -0.12271636328534541 coeff = -3.698498409645684
 -> displacement 4.539e-01
 riskyterm: 2  z: z_20_13_14  card: 1  vars: ['theta_13']
 j 2 h 0 var = theta_13 xval = -0.13046114122428953 coeff = -2.873398080570082
 -> displacement 3.749e-01
 feat: PBaldef_14_14 (=)  L0norm: 0.977733  L1norm: 1.80647  L2norm: 1.14126
Max feature value: 3.24933 at 0  L1-norm: 4.35629  L2-norm: 3.42223.
Counter: 0  feature: 0  delta: 3.249e+00  ind: 0
Counter: 1  feature: 8  delta: 3.249e+00  ind: 0
Counter: 2  feature: 1  delta: 2.568e+00  ind: 4
Counter: 3  feature: 5  delta: 2.254e+00  ind: 0
Counter: 4  feature: 9  delta: 2.174e+00  ind: 0
Counter: 5  feature: 12  delta: 2.029e+00  ind: 0
Counter: 6  feature: 6  delta: 1.799e+00  ind: 0
Counter: 7  feature: 3  delta: 1.409e+00  ind: 0
Counter: 8  feature: 10  delta: 1.242e+00  ind: 0
Counter: 9  feature: 11  delta: 1.136e+00  ind: 0
Counter: 10  feature: 13  delta: 9.777e-01  ind: 0
Counter: 11  feature: 2  delta: 8.172e-01  ind: 0
Counter: 12  feature: 4  delta: 7.963e-01  ind: 4
Counter: 13  feature: 7  delta: 5.196e-01  ind: 1
Iteration 4.  Obj 7642.6  Impact 3.2493.
Adding greedy cuts at iteration_cnt 4.
Writing LP to file form_4.lp.
Solving Model
  variables = 55
  constraints = 58
 OPTIMAL. optimal value: 7.6583e+03 in time 1.5430e-03Optimal objective = 7658.35
Optimal variable values:
GP_1_1 = 2.2093
GP_2_2 = 0.380701
constant = 1
theta_1 = 0.151952
theta_2 = 0.0635188
P_1_1_2 = 1.49456
theta_5 = -0.00746374
P_2_1_5 = 0.71474
theta_3 = -0.0749846
P_3_2_3 = 0.699619
theta_4 = -0.0335301
P_4_2_4 = 0.550414
P_5_2_5 = 0.408227
P_6_3_4 = -0.242381
P_7_4_5 = -0.619007
theta_7 = -0.0915225
P_8_4_7 = 0.283555
theta_9 = -0.122716
P_9_4_9 = 0.165485
theta_6 = -0.107984
P_10_5_6 = 0.42796
theta_11 = -0.121378
P_11_6_11 = 0.0673378
theta_12 = -0.127447
P_12_6_12 = 0.0760816
theta_13 = -0.130461
P_13_6_13 = 0.172541
theta_8 = -0.0915225
P_15_7_9 = 0.283555
theta_10 = -0.127589
P_16_9_10 = 0.0576622
theta_14 = -0.148775
P_17_9_14 = 0.0963774
P_18_10_11 = -0.0323378
P_19_12_13 = 0.0150816
P_20_13_14 = 0.0526226
IP_1 = 2.2093
IP_2 = 0.163701
IP_3 = -0.942
IP_4 = -0.478
IP_5 = -0.076
IP_6 = -0.112
IP_9 = -0.295
IP_10 = -0.09
IP_11 = -0.035
IP_12 = -0.061
IP_13 = -0.135
IP_14 = -0.149
IMP = 3.24933
49 nonzero variables in solution
Getting impact at iteration_cnt 5 using style 0-norm_per.
>feat: 0  name: PBaldef_1_1  numrisky: 3
 riskyterm: 0  z: z_1  card: 1  vars: ['theta_1']
 j 0 h 0 var = theta_1 xval = 0.1519519124641624 coeff = 21.38395702968055
 -> displacement 3.249e+00
 riskyterm: 1  z: z_1_1_2  card: 1  vars: ['theta_2']
 j 1 h 0 var = theta_2 xval = 0.0635188419245667 coeff = -16.90045631232043
 -> displacement -1.073e+00
 riskyterm: 2  z: z_2_1_5  card: 1  vars: ['theta_5']
 j 2 h 0 var = theta_5 xval = -0.007463739674105518 coeff = -4.483500717360115
 -> displacement 3.346e-02
 feat: PBaldef_1_1 (=)  L0norm: 3.24933  L1norm: 4.35629  L2norm: 3.42223
>feat: 1  name: PBaldef_2_2  numrisky: 5
 riskyterm: 0  z: z_2  card: 1  vars: ['theta_2']
 j 0 h 0 var = theta_2 xval = 0.0635188419245667 coeff = 33.37432576652621
 -> displacement 2.120e+00
 riskyterm: 1  z: z_3_2_3  card: 1  vars: ['theta_3']
 j 1 h 0 var = theta_3 xval = -0.07498463595306504 coeff = -5.051270394504217
 -> displacement 3.788e-01
 riskyterm: 2  z: z_4_2_4  card: 1  vars: ['theta_4']
 j 2 h 0 var = theta_4 xval = -0.03353013166543306 coeff = -5.671506352087114
 -> displacement 1.902e-01
 riskyterm: 3  z: z_5_2_5  card: 1  vars: ['theta_5']
 j 3 h 0 var = theta_5 xval = -0.007463739674105518 coeff = -5.751092707614447
 -> displacement 4.292e-02
 riskyterm: 4  z: z_1_1_2  card: 1  vars: ['theta_1']
 j 4 h 0 var = theta_1 xval = 0.1519519124641624 coeff = -16.90045631232043
 -> displacement -2.568e+00
 feat: PBaldef_2_2 (=)  L0norm: 2.56806  L1norm: 5.29981  L2norm: 3.35714
>feat: 2  name: PBaldef_3_3  numrisky: 3
 riskyterm: 0  z: z_3  card: 1  vars: ['theta_3']
 j 0 h 0 var = theta_3 xval = -0.07498463595306504 coeff = 10.89819783413469
 -> displacement -8.172e-01
 riskyterm: 1  z: z_6_3_4  card: 1  vars: ['theta_4']
 j 1 h 0 var = theta_4 xval = -0.03353013166543306 coeff = -5.846927439630474
 -> displacement 1.960e-01
 riskyterm: 2  z: z_3_2_3  card: 1  vars: ['theta_2']
 j 2 h 0 var = theta_2 xval = 0.0635188419245667 coeff = -5.051270394504217
 -> displacement -3.209e-01
 feat: PBaldef_3_3 (=)  L0norm: 0.817197  L1norm: 1.3341  L2norm: 0.899551
>feat: 3  name: PBaldef_4_4  numrisky: 6
 riskyterm: 0  z: z_4  card: 1  vars: ['theta_4']
 j 0 h 0 var = theta_4 xval = -0.03353013166543306 coeff = 42.01077443540295
 -> displacement -1.409e+00
 riskyterm: 1  z: z_7_4_5  card: 1  vars: ['theta_5']
 j 1 h 0 var = theta_5 xval = -0.007463739674105518 coeff = -23.74732842555212
 -> displacement 1.772e-01
 riskyterm: 2  z: z_8_4_7  card: 1  vars: ['theta_7']
 j 2 h 0 var = theta_7 xval = -0.09152252670473963 coeff = -4.889512660317341
 -> displacement 4.475e-01
 riskyterm: 3  z: z_9_4_9  card: 1  vars: ['theta_9']
 j 3 h 0 var = theta_9 xval = -0.12271636328534541 coeff = -1.8554995578159
 -> displacement 2.277e-01
 riskyterm: 4  z: z_4_2_4  card: 1  vars: ['theta_2']
 j 4 h 0 var = theta_2 xval = 0.0635188419245667 coeff = -5.671506352087114
 -> displacement -3.602e-01
 riskyterm: 5  z: z_6_3_4  card: 1  vars: ['theta_3']
 j 5 h 0 var = theta_3 xval = -0.07498463595306504 coeff = -5.846927439630474
 -> displacement 4.384e-01
 feat: PBaldef_4_4 (=)  L0norm: 1.40863  L1norm: 3.05975  L2norm: 1.60927
>feat: 4  name: PBaldef_5_5  numrisky: 5
 riskyterm: 0  z: z_5  card: 1  vars: ['theta_5']
 j 0 h 0 var = theta_5 xval = -0.007463739674105518 coeff = 38.23936718578007
 -> displacement -2.854e-01
 riskyterm: 1  z: z_10_5_6  card: 1  vars: ['theta_6']
 j 1 h 0 var = theta_6 xval = -0.10798421457939966 coeff = -4.257445335253384
 -> displacement 4.597e-01
 riskyterm: 2  z: z_2_1_5  card: 1  vars: ['theta_1']
 j 2 h 0 var = theta_1 xval = 0.1519519124641624 coeff = -4.483500717360115
 -> displacement -6.813e-01
 riskyterm: 3  z: z_5_2_5  card: 1  vars: ['theta_2']
 j 3 h 0 var = theta_2 xval = 0.0635188419245667 coeff = -5.751092707614447
 -> displacement -3.653e-01
 riskyterm: 4  z: z_7_4_5  card: 1  vars: ['theta_4']
 j 4 h 0 var = theta_4 xval = -0.03353013166543306 coeff = -23.74732842555212
 -> displacement 7.963e-01
 feat: PBaldef_5_5 (=)  L0norm: 0.796251  L1norm: 2.58798  L2norm: 1.23467
>feat: 5  name: PBaldef_6_6  numrisky: 5
 riskyterm: 0  z: z_6  card: 1  vars: ['theta_6']
 j 0 h 0 var = theta_6 xval = -0.10798421457939966 coeff = 20.87061321876194
 -> displacement -2.254e+00
 riskyterm: 1  z: z_11_6_11  card: 1  vars: ['theta_11']
 j 1 h 0 var = theta_11 xval = -0.12137770087927358 coeff = -5.027652086475616
 -> displacement 6.102e-01
 riskyterm: 2  z: z_12_6_12  card: 1  vars: ['theta_12']
 j 2 h 0 var = theta_12 xval = -0.1274466387609472 coeff = -3.909151323247723
 -> displacement 4.982e-01
 riskyterm: 3  z: z_13_6_13  card: 1  vars: ['theta_13']
 j 3 h 0 var = theta_13 xval = -0.13046114122428953 coeff = -7.676364473785216
 -> displacement 1.001e+00
 riskyterm: 4  z: z_10_5_6  card: 1  vars: ['theta_5']
 j 4 h 0 var = theta_5 xval = -0.007463739674105518 coeff = -4.257445335253384
 -> displacement 3.178e-02
 feat: PBaldef_6_6 (=)  L0norm: 2.2537  L1norm: 4.39539  L2norm: 2.58915
>feat: 6  name: PBaldef_7_7  numrisky: 4
 riskyterm: 0  z: z_7  card: 1  vars: ['theta_7']
 j 0 h 0 var = theta_7 xval = -0.09152252670473963 coeff = 19.65657522679163
 -> displacement -1.799e+00
 riskyterm: 1  z: z_14_7_8  card: 1  vars: ['theta_8']
 j 1 h 0 var = theta_8 xval = -0.09152252580896025 coeff = -5.676979846721544
 -> displacement 5.196e-01
 riskyterm: 2  z: z_15_7_9  card: 1  vars: ['theta_9']
 j 2 h 0 var = theta_9 xval = -0.12271636328534541 coeff = -9.09008271975275
 -> displacement 1.116e+00
 riskyterm: 3  z: z_8_4_7  card: 1  vars: ['theta_4']
 j 3 h 0 var = theta_4 xval = -0.03353013166543306 coeff = -4.889512660317341
 -> displacement 1.639e-01
 feat: PBaldef_7_7 (=)  L0norm: 1.79902  L1norm: 3.59804  L2norm: 2.18578
>feat: 7  name: PBaldef_8_8  numrisky: 2
 riskyterm: 0  z: z_8  card: 1  vars: ['theta_8']
 j 0 h 0 var = theta_8 xval = -0.09152252580896025 coeff = 5.676979846721544
 -> displacement -5.196e-01
 riskyterm: 1  z: z_14_7_8  card: 1  vars: ['theta_7']
 j 1 h 0 var = theta_7 xval = -0.09152252670473963 coeff = -5.676979846721544
 -> displacement 5.196e-01
 feat: PBaldef_8_8 (=)  L0norm: 0.519572  L1norm: 1.03914  L2norm: 0.734785
>feat: 8  name: PBaldef_9_9  numrisky: 5
 riskyterm: 0  z: z_9  card: 1  vars: ['theta_9']
 j 0 h 0 var = theta_9 xval = -0.12271636328534541 coeff = 26.47840021384155
 -> displacement -3.249e+00
 riskyterm: 1  z: z_16_9_10  card: 1  vars: ['theta_10']
 j 1 h 0 var = theta_10 xval = -0.12758882009149186 coeff = -11.83431952662722
 -> displacement 1.510e+00
 riskyterm: 2  z: z_17_9_14  card: 1  vars: ['theta_14']
 j 2 h 0 var = theta_14 xval = -0.14877487324131078 coeff = -3.698498409645684
 -> displacement 5.502e-01
 riskyterm: 3  z: z_9_4_9  card: 1  vars: ['theta_4']
 j 3 h 0 var = theta_4 xval = -0.03353013166543306 coeff = -1.8554995578159
 -> displacement 6.222e-02
 riskyterm: 4  z: z_15_7_9  card: 1  vars: ['theta_7']
 j 4 h 0 var = theta_7 xval = -0.09152252670473963 coeff = -9.09008271975275
 -> displacement 8.319e-01
 feat: PBaldef_9_9 (=)  L0norm: 3.24933  L1norm: 6.20367  L2norm: 3.71979
>feat: 9  name: PBaldef_10_10  numrisky: 3
 riskyterm: 0  z: z_10  card: 1  vars: ['theta_10']
 j 0 h 0 var = theta_10 xval = -0.12758882009149186 coeff = 17.04075468047738
 -> displacement -2.174e+00
 riskyterm: 1  z: z_18_10_11  card: 1  vars: ['theta_11']
 j 1 h 0 var = theta_11 xval = -0.12137770087927358 coeff = -5.206435153850159
 -> displacement 6.319e-01
 riskyterm: 2  z: z_16_9_10  card: 1  vars: ['theta_9']
 j 2 h 0 var = theta_9 xval = -0.12271636328534541 coeff = -11.83431952662722
 -> displacement 1.452e+00
 feat: PBaldef_10_10 (=)  L0norm: 2.17421  L1norm: 4.25842  L2norm: 2.68991
>feat: 10  name: PBaldef_11_11  numrisky: 3
 riskyterm: 0  z: z_11  card: 1  vars: ['theta_11']
 j 0 h 0 var = theta_11 xval = -0.12137770087927358 coeff = 10.23408724032577
 -> displacement -1.242e+00
 riskyterm: 1  z: z_11_6_11  card: 1  vars: ['theta_6']
 j 1 h 0 var = theta_6 xval = -0.10798421457939966 coeff = -5.027652086475616
 -> displacement 5.429e-01
 riskyterm: 2  z: z_18_10_11  card: 1  vars: ['theta_10']
 j 2 h 0 var = theta_10 xval = -0.12758882009149186 coeff = -5.206435153850159
 -> displacement 6.643e-01
 feat: PBaldef_11_11 (=)  L0norm: 1.24219  L1norm: 2.44938  L2norm: 1.50965
>feat: 11  name: PBaldef_12_12  numrisky: 3
 riskyterm: 0  z: z_12  card: 1  vars: ['theta_12']
 j 0 h 0 var = theta_12 xval = -0.1274466387609472 coeff = 8.912153124328372
 -> displacement -1.136e+00
 riskyterm: 1  z: z_19_12_13  card: 1  vars: ['theta_13']
 j 1 h 0 var = theta_13 xval = -0.13046114122428953 coeff = -5.003001801080648
 -> displacement 6.527e-01
 riskyterm: 2  z: z_12_6_12  card: 1  vars: ['theta_6']
 j 2 h 0 var = theta_6 xval = -0.10798421457939966 coeff = -3.909151323247723
 -> displacement 4.221e-01
 feat: PBaldef_12_12 (=)  L0norm: 1.13582  L1norm: 2.21065  L2norm: 1.37634
>feat: 12  name: PBaldef_13_13  numrisky: 4
 riskyterm: 0  z: z_13  card: 1  vars: ['theta_13']
 j 0 h 0 var = theta_13 xval = -0.13046114122428953 coeff = 15.55276435543595
 -> displacement -2.029e+00
 riskyterm: 1  z: z_20_13_14  card: 1  vars: ['theta_14']
 j 1 h 0 var = theta_14 xval = -0.14877487324131078 coeff = -2.873398080570082
 -> displacement 4.275e-01
 riskyterm: 2  z: z_13_6_13  card: 1  vars: ['theta_6']
 j 2 h 0 var = theta_6 xval = -0.10798421457939966 coeff = -7.676364473785216
 -> displacement 8.289e-01
 riskyterm: 3  z: z_19_12_13  card: 1  vars: ['theta_12']
 j 3 h 0 var = theta_12 xval = -0.1274466387609472 coeff = -5.003001801080648
 -> displacement 6.376e-01
 feat: PBaldef_13_13 (=)  L0norm: 2.02903  L1norm: 3.92306  L2norm: 2.32237
>feat: 13  name: PBaldef_14_14  numrisky: 3
 riskyterm: 0  z: z_14  card: 1  vars: ['theta_14']
 j 0 h 0 var = theta_14 xval = -0.14877487324131078 coeff = 6.571896490215765
 -> displacement -9.777e-01
 riskyterm: 1  z: z_17_9_14  card: 1  vars: ['theta_9']
 j 1 h 0 var = theta_9 xval = -0.12271636328534541 coeff = -3.698498409645684
 -> displacement 4.539e-01
 riskyterm: 2  z: z_20_13_14  card: 1  vars: ['theta_13']
 j 2 h 0 var = theta_13 xval = -0.13046114122428953 coeff = -2.873398080570082
 -> displacement 3.749e-01
 feat: PBaldef_14_14 (=)  L0norm: 0.977733  L1norm: 1.80647  L2norm: 1.14126
Max feature value: 3.24933 at 0  L1-norm: 4.35629  L2-norm: 3.42223.
Counter: 0  feature: 0  delta: 3.249e+00  ind: 0
Counter: 1  feature: 8  delta: 3.249e+00  ind: 0
Counter: 2  feature: 1  delta: 2.568e+00  ind: 4
Counter: 3  feature: 5  delta: 2.254e+00  ind: 0
Counter: 4  feature: 9  delta: 2.174e+00  ind: 0
Counter: 5  feature: 12  delta: 2.029e+00  ind: 0
Counter: 6  feature: 6  delta: 1.799e+00  ind: 0
Counter: 7  feature: 3  delta: 1.409e+00  ind: 0
Counter: 8  feature: 10  delta: 1.242e+00  ind: 0
Counter: 9  feature: 11  delta: 1.136e+00  ind: 0
Counter: 10  feature: 13  delta: 9.777e-01  ind: 0
Counter: 11  feature: 2  delta: 8.172e-01  ind: 0
Counter: 12  feature: 4  delta: 7.963e-01  ind: 4
Counter: 13  feature: 7  delta: 5.196e-01  ind: 1
Iteration 5.  Obj 7642.6  Impact 3.2493.
Objective value and Impact per iteration:
  Iteration 0   Objval 7642.591788   Impact 157.6028579
  Iteration 1   Objval 7642.591926   Impact 3.966658929
  Iteration 2   Objval 7642.592332   Impact 4.018122083
  Iteration 3   Objval 7642.592196   Impact 3.249333167
  Iteration 4   Objval 7642.592194   Impact 3.249333167
  Iteration 5   Objval 7642.592194   Impact 3.249333167
Skipping solution check

Closing log: Thu Apr  9 17:21:00 2026.
