Starting log: Wed May  6 14:23:45 2026.
Running on: jasper.local.

<Version 2025.Apr.20.230900@jasper>
Reading config file drsk.conf.
LPFILE ../data/myblending1.lp
LOUDCONSTRAINTS 0
STRUCTFILE ../data/struct_myblending1.conf
PARAMFILE drskparams.conf
Reading LP ../data/myblending1.lp.
Number of variables = 10.
Done reading LP.
Now storing LP data.

Storing linear constraints; 9 in total.
Reading implicit structure.
+ coeff 0.8 of var x1 (idx 0) in constr <gurobi.Constr demand_A> (idx 1) is deemed risky
+ coeff 0.6 of var x2 (idx 1) in constr <gurobi.Constr demand_A> (idx 1) is deemed risky
+ coeff 0.7 of var x3 (idx 2) in constr <gurobi.Constr demand_A> (idx 1) is deemed risky
+ coeff 0.9 of var x4 (idx 3) in constr <gurobi.Constr demand_A> (idx 1) is deemed risky
+ coeff 0.5 of var x5 (idx 4) in constr <gurobi.Constr demand_A> (idx 1) is deemed risky
+ coeff 0.6 of var x6 (idx 5) in constr <gurobi.Constr demand_A> (idx 1) is deemed risky
+ coeff 0.7 of var x7 (idx 6) in constr <gurobi.Constr demand_A> (idx 1) is deemed risky
+ coeff 0.8 of var x8 (idx 7) in constr <gurobi.Constr demand_A> (idx 1) is deemed risky
+ coeff 0.6 of var x9 (idx 8) in constr <gurobi.Constr demand_A> (idx 1) is deemed risky
+ coeff 0.7 of var x10 (idx 9) in constr <gurobi.Constr demand_A> (idx 1) is deemed risky
+ coeff 0.5 of var x1 (idx 0) in constr <gurobi.Constr demand_B> (idx 2) is deemed risky
+ coeff 0.7 of var x2 (idx 1) in constr <gurobi.Constr demand_B> (idx 2) is deemed risky
+ coeff 0.6 of var x3 (idx 2) in constr <gurobi.Constr demand_B> (idx 2) is deemed risky
+ coeff 0.4 of var x4 (idx 3) in constr <gurobi.Constr demand_B> (idx 2) is deemed risky
+ coeff 0.8 of var x5 (idx 4) in constr <gurobi.Constr demand_B> (idx 2) is deemed risky
+ coeff 0.7 of var x6 (idx 5) in constr <gurobi.Constr demand_B> (idx 2) is deemed risky
+ coeff 0.6 of var x7 (idx 6) in constr <gurobi.Constr demand_B> (idx 2) is deemed risky
+ coeff 0.5 of var x8 (idx 7) in constr <gurobi.Constr demand_B> (idx 2) is deemed risky
+ coeff 0.7 of var x9 (idx 8) in constr <gurobi.Constr demand_B> (idx 2) is deemed risky
+ coeff 0.6 of var x10 (idx 9) in constr <gurobi.Constr demand_B> (idx 2) is deemed risky
+ coeff 0.92 of var x1 (idx 0) in constr <gurobi.Constr quality_1> (idx 3) is deemed risky
+ coeff 0.88 of var x2 (idx 1) in constr <gurobi.Constr quality_1> (idx 3) is deemed risky
+ coeff 0.95 of var x3 (idx 2) in constr <gurobi.Constr quality_1> (idx 3) is deemed risky
+ coeff 0.9 of var x4 (idx 3) in constr <gurobi.Constr quality_1> (idx 3) is deemed risky
+ coeff 0.87 of var x5 (idx 4) in constr <gurobi.Constr quality_1> (idx 3) is deemed risky
+ coeff 0.93 of var x6 (idx 5) in constr <gurobi.Constr quality_1> (idx 3) is deemed risky
+ coeff 0.89 of var x7 (idx 6) in constr <gurobi.Constr quality_1> (idx 3) is deemed risky
+ coeff 0.91 of var x8 (idx 7) in constr <gurobi.Constr quality_1> (idx 3) is deemed risky
+ coeff 0.88 of var x9 (idx 8) in constr <gurobi.Constr quality_1> (idx 3) is deemed risky
+ coeff 0.94 of var x10 (idx 9) in constr <gurobi.Constr quality_1> (idx 3) is deemed risky
+ coeff 0.55 of var x1 (idx 0) in constr <gurobi.Constr quality_2> (idx 4) is deemed risky
+ coeff 0.6 of var x2 (idx 1) in constr <gurobi.Constr quality_2> (idx 4) is deemed risky
+ coeff 0.58 of var x3 (idx 2) in constr <gurobi.Constr quality_2> (idx 4) is deemed risky
+ coeff 0.62 of var x4 (idx 3) in constr <gurobi.Constr quality_2> (idx 4) is deemed risky
+ coeff 0.57 of var x5 (idx 4) in constr <gurobi.Constr quality_2> (idx 4) is deemed risky
+ coeff 0.59 of var x6 (idx 5) in constr <gurobi.Constr quality_2> (idx 4) is deemed risky
+ coeff 0.61 of var x7 (idx 6) in constr <gurobi.Constr quality_2> (idx 4) is deemed risky
+ coeff 0.56 of var x8 (idx 7) in constr <gurobi.Constr quality_2> (idx 4) is deemed risky
+ coeff 0.6 of var x9 (idx 8) in constr <gurobi.Constr quality_2> (idx 4) is deemed risky
+ coeff 0.58 of var x10 (idx 9) in constr <gurobi.Constr quality_2> (idx 4) is deemed risky
+ coeff 1.2 of var x1 (idx 0) in constr <gurobi.Constr quality_3> (idx 5) is deemed risky
+ coeff 1.3 of var x3 (idx 2) in constr <gurobi.Constr quality_3> (idx 5) is deemed risky
+ coeff 1.1 of var x4 (idx 3) in constr <gurobi.Constr quality_3> (idx 5) is deemed risky
+ coeff 0.9 of var x5 (idx 4) in constr <gurobi.Constr quality_3> (idx 5) is deemed risky
+ coeff 1.25 of var x6 (idx 5) in constr <gurobi.Constr quality_3> (idx 5) is deemed risky
+ coeff 1.05 of var x7 (idx 6) in constr <gurobi.Constr quality_3> (idx 5) is deemed risky
+ coeff 1.15 of var x8 (idx 7) in constr <gurobi.Constr quality_3> (idx 5) is deemed risky
+ coeff 1.2 of var x10 (idx 9) in constr <gurobi.Constr quality_3> (idx 5) is deemed risky
Stored linear constraints with code 0.
Storing quadratic constraints; 0 in total.
Quad constraints read with code 0.
Reading structure file ../data/struct_myblending1.conf.
I = 5 budget = 0.5
Read structure.
Reading parameter file drskparams.conf.
tol 0.01
maxits 20
lambda_hi 0.7
lambda_lo 0.65
xi 0.01
Running Algo1.
Solving Model
  variables = 10
  constraints = 9
 OPTIMAL. optimal value: 4.8325e+02 in time 2.1508e-03
Optimal objective = 483.247
Optimal variable values:
x1 = 16.4706
x2 = 40
x8 = 40
x9 = 4.23529
4 nonzero variables in solution
Writing solution to file form_0.sol.
Getting impact at iteration_cnt 0 using SOFTMAX.
>feat: 0  name: demand_A  numrisky: 10
>feat: 1  name: demand_B  numrisky: 10
>feat: 2  name: quality_1  numrisky: 10
>feat: 3  name: quality_2  numrisky: 10
>feat: 4  name: quality_3  numrisky: 10
Running Red gradient ascent for SOFTMAX-ADVERSARIAL
START: Running PyTorch FOM...
  penalty parameter: 0.0
    z: 
    0.000e+00 0.000e+00 0.000e+00 0.000e+00 0.000e+00 0.000e+00 0.000e+00 0.000e+00 0.000e+00 0.000e+00 
    0.000e+00 0.000e+00 0.000e+00 0.000e+00 0.000e+00 0.000e+00 0.000e+00 0.000e+00 0.000e+00 0.000e+00 
    0.000e+00 0.000e+00 0.000e+00 0.000e+00 0.000e+00 0.000e+00 0.000e+00 0.000e+00 0.000e+00 0.000e+00 
    0.000e+00 0.000e+00 0.000e+00 0.000e+00 0.000e+00 0.000e+00 0.000e+00 0.000e+00 0.000e+00 0.000e+00 
    0.000e+00 0.000e+00 0.000e+00 0.000e+00 0.000e+00 0.000e+00 0.000e+00 0.000e+00 0.000e+00 0.000e+00 
    logsumexp: -1.6094379425048828
    penalty: 0.0
    loss: -1.6094379425048828
STOP: PyTorch finished in 0.0536771 secs, after 1 rounds.
