Starting log: Thu Apr  9 17:15:28 2026.
Running on: jasper.local.

<Version 2025.Apr.08.104600@jasper>
Reading config file drsk.conf.
LPFILE ../data/case14_full.lp
SOLFILE ../data/case14_full.sol
NONZEROSINSOL 0
LOUDCONSTRAINTS 0
STRUCTFILE struct_case14dcfull.conf
Reading LP ../data/case14_full.lp.
Number of variables = 54.
Done reading LP.
Reading solution file ../data/case14_full.sol.
Now storing LP data.

Storing linear constraints; 48 in total.
Stored linear constraints with code 0.
Storing quadratic constraints; 0 in total.
Quad constraints read with code 0.

->quadratic objective!
Iter 0 Quad term 2.4626e+03 lin term 5.1800e+03 constant 0.0000e+00 total 7.642603e+03.
Reading structure file struct_case14dcfull.conf.
I = 14 budget = 1
Read structure.
Running Algo1.
Getting impact at iteration_cnt 0 using style 0-norm_per.
>feat: 0  name: PBaldef_1_1  numrisky: 3
 riskyterm: 0  z: z_1  card: 1  vars: ['theta_1']
 j 0 h 0 var = theta_1 xval = 3.93698 coeff = 21.38395702968055
 -> displacement 8.419e+01
 riskyterm: 1  z: z_1_1_2  card: 1  vars: ['theta_2']
 j 1 h 0 var = theta_2 xval = 3.84853 coeff = -16.90045631232043
 -> displacement -6.504e+01
 riskyterm: 2  z: z_2_1_5  card: 1  vars: ['theta_5']
 j 2 h 0 var = theta_5 xval = 3.77755 coeff = -4.483500717360115
 -> displacement -1.694e+01
 feat: PBaldef_1_1 (=)  L0norm: 84.1882  L1norm: 166.167  L2norm: 107.726
>feat: 1  name: PBaldef_2_2  numrisky: 5
 riskyterm: 0  z: z_2  card: 1  vars: ['theta_2']
 j 0 h 0 var = theta_2 xval = 3.84853 coeff = 33.37432576652621
 -> displacement 1.284e+02
 riskyterm: 1  z: z_3_2_3  card: 1  vars: ['theta_3']
 j 1 h 0 var = theta_3 xval = 3.71003 coeff = -5.051270394504217
 -> displacement -1.874e+01
 riskyterm: 2  z: z_4_2_4  card: 1  vars: ['theta_4']
 j 2 h 0 var = theta_4 xval = 3.75149 coeff = -5.671506352087114
 -> displacement -2.128e+01
 riskyterm: 3  z: z_5_2_5  card: 1  vars: ['theta_5']
 j 3 h 0 var = theta_5 xval = 3.77755 coeff = -5.751092707614447
 -> displacement -2.173e+01
 riskyterm: 4  z: z_1_1_2  card: 1  vars: ['theta_1']
 j 4 h 0 var = theta_1 xval = 3.93698 coeff = -16.90045631232043
 -> displacement -6.654e+01
 feat: PBaldef_2_2 (=)  L0norm: 128.442  L1norm: 256.721  L2norm: 148.998
>feat: 2  name: PBaldef_3_3  numrisky: 3
 riskyterm: 0  z: z_3  card: 1  vars: ['theta_3']
 j 0 h 0 var = theta_3 xval = 3.71003 coeff = 10.89819783413469
 -> displacement 4.043e+01
 riskyterm: 1  z: z_6_3_4  card: 1  vars: ['theta_4']
 j 1 h 0 var = theta_4 xval = 3.75149 coeff = -5.846927439630474
 -> displacement -2.193e+01
 riskyterm: 2  z: z_3_2_3  card: 1  vars: ['theta_2']
 j 2 h 0 var = theta_2 xval = 3.84853 coeff = -5.051270394504217
 -> displacement -1.944e+01
 feat: PBaldef_3_3 (=)  L0norm: 40.4326  L1norm: 81.8073  L2norm: 49.9384
>feat: 3  name: PBaldef_4_4  numrisky: 6
 riskyterm: 0  z: z_4  card: 1  vars: ['theta_4']
 j 0 h 0 var = theta_4 xval = 3.75149 coeff = 42.01077443540295
 -> displacement 1.576e+02
 riskyterm: 1  z: z_7_4_5  card: 1  vars: ['theta_5']
 j 1 h 0 var = theta_5 xval = 3.77755 coeff = -23.74732842555212
 -> displacement -8.971e+01
 riskyterm: 2  z: z_8_4_7  card: 1  vars: ['theta_7']
 j 2 h 0 var = theta_7 xval = 3.69349 coeff = -4.889512660317341
 -> displacement -1.806e+01
 riskyterm: 3  z: z_9_4_9  card: 1  vars: ['theta_9']
 j 3 h 0 var = theta_9 xval = 3.6623 coeff = -1.8554995578159
 -> displacement -6.795e+00
 riskyterm: 4  z: z_4_2_4  card: 1  vars: ['theta_2']
 j 4 h 0 var = theta_2 xval = 3.84853 coeff = -5.671506352087114
 -> displacement -2.183e+01
 riskyterm: 5  z: z_6_3_4  card: 1  vars: ['theta_3']
 j 5 h 0 var = theta_3 xval = 3.71003 coeff = -5.846927439630474
 -> displacement -2.169e+01
 feat: PBaldef_4_4 (=)  L0norm: 157.603  L1norm: 315.684  L2norm: 184.947
>feat: 4  name: PBaldef_5_5  numrisky: 5
 riskyterm: 0  z: z_5  card: 1  vars: ['theta_5']
 j 0 h 0 var = theta_5 xval = 3.77755 coeff = 38.23936718578007
 -> displacement 1.445e+02
 riskyterm: 1  z: z_10_5_6  card: 1  vars: ['theta_6']
 j 1 h 0 var = theta_6 xval = 3.67703 coeff = -4.257445335253384
 -> displacement -1.565e+01
 riskyterm: 2  z: z_2_1_5  card: 1  vars: ['theta_1']
 j 2 h 0 var = theta_1 xval = 3.93698 coeff = -4.483500717360115
 -> displacement -1.765e+01
 riskyterm: 3  z: z_5_2_5  card: 1  vars: ['theta_2']
 j 3 h 0 var = theta_2 xval = 3.84853 coeff = -5.751092707614447
 -> displacement -2.213e+01
 riskyterm: 4  z: z_7_4_5  card: 1  vars: ['theta_4']
 j 4 h 0 var = theta_4 xval = 3.75149 coeff = -23.74732842555212
 -> displacement -8.909e+01
 feat: PBaldef_5_5 (=)  L0norm: 144.451  L1norm: 288.978  L2norm: 172.77
>feat: 5  name: PBaldef_6_6  numrisky: 5
 riskyterm: 0  z: z_6  card: 1  vars: ['theta_6']
 j 0 h 0 var = theta_6 xval = 3.67703 coeff = 20.87061321876194
 -> displacement 7.674e+01
 riskyterm: 1  z: z_11_6_11  card: 1  vars: ['theta_11']
 j 1 h 0 var = theta_11 xval = 3.66364 coeff = -5.027652086475616
 -> displacement -1.842e+01
 riskyterm: 2  z: z_12_6_12  card: 1  vars: ['theta_12']
 j 2 h 0 var = theta_12 xval = 3.65757 coeff = -3.909151323247723
 -> displacement -1.430e+01
 riskyterm: 3  z: z_13_6_13  card: 1  vars: ['theta_13']
 j 3 h 0 var = theta_13 xval = 3.65456 coeff = -7.676364473785216
 -> displacement -2.805e+01
 riskyterm: 4  z: z_10_5_6  card: 1  vars: ['theta_5']
 j 4 h 0 var = theta_5 xval = 3.77755 coeff = -4.257445335253384
 -> displacement -1.608e+01
 feat: PBaldef_6_6 (=)  L0norm: 76.7419  L1norm: 153.596  L2norm: 86.4794
>feat: 6  name: PBaldef_7_7  numrisky: 4
 riskyterm: 0  z: z_7  card: 1  vars: ['theta_7']
 j 0 h 0 var = theta_7 xval = 3.69349 coeff = 19.65657522679163
 -> displacement 7.260e+01
 riskyterm: 1  z: z_14_7_8  card: 1  vars: ['theta_8']
 j 1 h 0 var = theta_8 xval = 3.69349 coeff = -5.676979846721544
 -> displacement -2.097e+01
 riskyterm: 2  z: z_15_7_9  card: 1  vars: ['theta_9']
 j 2 h 0 var = theta_9 xval = 3.6623 coeff = -9.09008271975275
 -> displacement -3.329e+01
 riskyterm: 3  z: z_8_4_7  card: 1  vars: ['theta_4']
 j 3 h 0 var = theta_4 xval = 3.75149 coeff = -4.889512660317341
 -> displacement -1.834e+01
 feat: PBaldef_7_7 (=)  L0norm: 72.6014  L1norm: 145.203  L2norm: 84.5892
>feat: 7  name: PBaldef_8_8  numrisky: 2
 riskyterm: 0  z: z_8  card: 1  vars: ['theta_8']
 j 0 h 0 var = theta_8 xval = 3.69349 coeff = 5.676979846721544
 -> displacement 2.097e+01
 riskyterm: 1  z: z_14_7_8  card: 1  vars: ['theta_7']
 j 1 h 0 var = theta_7 xval = 3.69349 coeff = -5.676979846721544
 -> displacement -2.097e+01
 feat: PBaldef_8_8 (=)  L0norm: 20.9679  L1norm: 41.9357  L2norm: 29.653
>feat: 8  name: PBaldef_9_9  numrisky: 5
 riskyterm: 0  z: z_9  card: 1  vars: ['theta_9']
 j 0 h 0 var = theta_9 xval = 3.6623 coeff = 26.47840021384155
 -> displacement 9.697e+01
 riskyterm: 1  z: z_16_9_10  card: 1  vars: ['theta_10']
 j 1 h 0 var = theta_10 xval = 3.65743 coeff = -11.83431952662722
 -> displacement -4.328e+01
 riskyterm: 2  z: z_17_9_14  card: 1  vars: ['theta_14']
 j 2 h 0 var = theta_14 xval = 3.63624 coeff = -3.698498409645684
 -> displacement -1.345e+01
 riskyterm: 3  z: z_9_4_9  card: 1  vars: ['theta_4']
 j 3 h 0 var = theta_4 xval = 3.75149 coeff = -1.8554995578159
 -> displacement -6.961e+00
 riskyterm: 4  z: z_15_7_9  card: 1  vars: ['theta_7']
 j 4 h 0 var = theta_7 xval = 3.69349 coeff = -9.09008271975275
 -> displacement -3.357e+01
 feat: PBaldef_9_9 (=)  L0norm: 96.9718  L1norm: 194.239  L2norm: 112.399
>feat: 9  name: PBaldef_10_10  numrisky: 3
 riskyterm: 0  z: z_10  card: 1  vars: ['theta_10']
 j 0 h 0 var = theta_10 xval = 3.65743 coeff = 17.04075468047738
 -> displacement 6.233e+01
 riskyterm: 1  z: z_18_10_11  card: 1  vars: ['theta_11']
 j 1 h 0 var = theta_11 xval = 3.66364 coeff = -5.206435153850159
 -> displacement -1.907e+01
 riskyterm: 2  z: z_16_9_10  card: 1  vars: ['theta_9']
 j 2 h 0 var = theta_9 xval = 3.6623 coeff = -11.83431952662722
 -> displacement -4.334e+01
 feat: PBaldef_10_10 (=)  L0norm: 62.3254  L1norm: 124.741  L2norm: 78.2733
>feat: 10  name: PBaldef_11_11  numrisky: 3
 riskyterm: 0  z: z_11  card: 1  vars: ['theta_11']
 j 0 h 0 var = theta_11 xval = 3.66364 coeff = 10.23408724032577
 -> displacement 3.749e+01
 riskyterm: 1  z: z_11_6_11  card: 1  vars: ['theta_6']
 j 1 h 0 var = theta_6 xval = 3.67703 coeff = -5.027652086475616
 -> displacement -1.849e+01
 riskyterm: 2  z: z_18_10_11  card: 1  vars: ['theta_10']
 j 2 h 0 var = theta_10 xval = 3.65743 coeff = -5.206435153850159
 -> displacement -1.904e+01
 feat: PBaldef_11_11 (=)  L0norm: 37.494  L1norm: 75.023  L2norm: 45.9366
>feat: 11  name: PBaldef_12_12  numrisky: 3
 riskyterm: 0  z: z_12  card: 1  vars: ['theta_12']
 j 0 h 0 var = theta_12 xval = 3.65757 coeff = 8.912153124328372
 -> displacement 3.260e+01
 riskyterm: 1  z: z_19_12_13  card: 1  vars: ['theta_13']
 j 1 h 0 var = theta_13 xval = 3.65456 coeff = -5.003001801080648
 -> displacement -1.828e+01
 riskyterm: 2  z: z_12_6_12  card: 1  vars: ['theta_6']
 j 2 h 0 var = theta_6 xval = 3.67703 coeff = -3.909151323247723
 -> displacement -1.437e+01
 feat: PBaldef_12_12 (=)  L0norm: 32.5968  L1norm: 65.2547  L2norm: 40.0433
>feat: 12  name: PBaldef_13_13  numrisky: 4
 riskyterm: 0  z: z_13  card: 1  vars: ['theta_13']
 j 0 h 0 var = theta_13 xval = 3.65456 coeff = 15.55276435543595
 -> displacement 5.684e+01
 riskyterm: 1  z: z_20_13_14  card: 1  vars: ['theta_14']
 j 1 h 0 var = theta_14 xval = 3.63624 coeff = -2.873398080570082
 -> displacement -1.045e+01
 riskyterm: 2  z: z_13_6_13  card: 1  vars: ['theta_6']
 j 2 h 0 var = theta_6 xval = 3.67703 coeff = -7.676364473785216
 -> displacement -2.823e+01
 riskyterm: 3  z: z_19_12_13  card: 1  vars: ['theta_12']
 j 3 h 0 var = theta_12 xval = 3.65757 coeff = -5.003001801080648
 -> displacement -1.830e+01
 feat: PBaldef_13_13 (=)  L0norm: 56.8385  L1norm: 113.812  L2norm: 66.8682
>feat: 13  name: PBaldef_14_14  numrisky: 3
 riskyterm: 0  z: z_14  card: 1  vars: ['theta_14']
 j 0 h 0 var = theta_14 xval = 3.63624 coeff = 6.571896490215765
 -> displacement 2.390e+01
 riskyterm: 1  z: z_17_9_14  card: 1  vars: ['theta_9']
 j 1 h 0 var = theta_9 xval = 3.6623 coeff = -3.698498409645684
 -> displacement -1.355e+01
 riskyterm: 2  z: z_20_13_14  card: 1  vars: ['theta_13']
 j 2 h 0 var = theta_13 xval = 3.65456 coeff = -2.873398080570082
 -> displacement -1.050e+01
 feat: PBaldef_14_14 (=)  L0norm: 23.897  L1norm: 47.943  L2norm: 29.4076
Max feature value: 157.603 at 3  L1-norm: 315.684  L2-norm: 184.947.
Counter: 0  feature: 3  delta: 1.576e+02  ind: 0
Counter: 1  feature: 4  delta: 1.445e+02  ind: 0
Counter: 2  feature: 1  delta: 1.284e+02  ind: 0
Counter: 3  feature: 8  delta: 9.697e+01  ind: 0
Counter: 4  feature: 0  delta: 8.419e+01  ind: 0
Counter: 5  feature: 5  delta: 7.674e+01  ind: 0
Counter: 6  feature: 6  delta: 7.260e+01  ind: 0
Counter: 7  feature: 9  delta: 6.233e+01  ind: 0
Counter: 8  feature: 12  delta: 5.684e+01  ind: 0
Counter: 9  feature: 2  delta: 4.043e+01  ind: 0
Counter: 10  feature: 10  delta: 3.749e+01  ind: 0
Counter: 11  feature: 11  delta: 3.260e+01  ind: 0
Counter: 12  feature: 13  delta: 2.390e+01  ind: 0
Counter: 13  feature: 7  delta: 2.097e+01  ind: 0
Iteration 0.  Obj 7642.6  Impact 157.6.
Current impact 157.603 curr_obj 7642.6 lambda_lo 0.5 lambda_hi 0.6 xi 0.01
Adding impact variable with Theta 4.84928.
Adding greedy cuts at iteration_cnt 0.
