Starting log: Wed Apr  8 16:58:46 2026.
Running on: jasper.local.

<Version 2025.Apr.08.104600@jasper>
Reading config file drsk.conf.
LPFILE ../data/case14_full.lp
SOLFILE ../data/case14_full.sol
NONZEROSINSOL 0
LOUDCONSTRAINTS 0
STRUCTFILE struct_case14dcfull.conf
Reading LP ../data/case14_full.lp.
Number of variables = 54.
Done reading LP.
Reading solution file ../data/case14_full.sol.
Now storing LP data.

Storing linear constraints; 48 in total.
Stored linear constraints with code 0.
Storing quadratic constraints; 0 in total.
Quad constraints read with code 0.

->quadratic objective!
Iter 0 Quad term 2.4626e+03 lin term 5.1800e+03 constant 0.0000e+00 total 7.642603e+03.
Reading structure file struct_case14dcfull.conf.
I = 14 budget = 1
Read structure.
Running Algo1.
Getting impact at iteration_cnt 0 using style 0-norm_per.
>feat: 0  name: PBaldef_1_1  numrisky: 3
 riskyterm: 0  z: z_1  card: 1  vars: ['theta_1']
 j 0 h 0 var = theta_1 xval = 3.93698 coeff = 21.38395702968055
 -> displacement 8.419e+01
 riskyterm: 1  z: z_1_1_2  card: 1  vars: ['theta_2']
 j 1 h 0 var = theta_2 xval = 3.84853 coeff = -16.90045631232043
 -> displacement -6.504e+01
 riskyterm: 2  z: z_2_1_5  card: 1  vars: ['theta_5']
 j 2 h 0 var = theta_5 xval = 3.77755 coeff = -4.483500717360115
 -> displacement -1.694e+01
 feat: PBaldef_1_1 (=)  L0norm: 84.1882  L1norm: 166.167  L2norm: 107.726
>feat: 1  name: PBaldef_2_2  numrisky: 5
 riskyterm: 0  z: z_2  card: 1  vars: ['theta_2']
 j 0 h 0 var = theta_2 xval = 3.84853 coeff = 33.37432576652621
 -> displacement 1.284e+02
 riskyterm: 1  z: z_3_2_3  card: 1  vars: ['theta_3']
 j 1 h 0 var = theta_3 xval = 3.71003 coeff = -5.051270394504217
 -> displacement -1.874e+01
 riskyterm: 2  z: z_4_2_4  card: 1  vars: ['theta_4']
 j 2 h 0 var = theta_4 xval = 3.75149 coeff = -5.671506352087114
 -> displacement -2.128e+01
 riskyterm: 3  z: z_5_2_5  card: 1  vars: ['theta_5']
 j 3 h 0 var = theta_5 xval = 3.77755 coeff = -5.751092707614447
 -> displacement -2.173e+01
 riskyterm: 4  z: z_1_1_2  card: 1  vars: ['theta_1']
 j 4 h 0 var = theta_1 xval = 3.93698 coeff = -16.90045631232043
 -> displacement -6.654e+01
 feat: PBaldef_2_2 (=)  L0norm: 128.442  L1norm: 256.721  L2norm: 148.998
>feat: 2  name: PBaldef_3_3  numrisky: 3
 riskyterm: 0  z: z_3  card: 1  vars: ['theta_3']
 j 0 h 0 var = theta_3 xval = 3.71003 coeff = 10.89819783413469
 -> displacement 4.043e+01
 riskyterm: 1  z: z_6_3_4  card: 1  vars: ['theta_4']
 j 1 h 0 var = theta_4 xval = 3.75149 coeff = -5.846927439630474
 -> displacement -2.193e+01
 riskyterm: 2  z: z_3_2_3  card: 1  vars: ['theta_2']
 j 2 h 0 var = theta_2 xval = 3.84853 coeff = -5.051270394504217
 -> displacement -1.944e+01
 feat: PBaldef_3_3 (=)  L0norm: 40.4326  L1norm: 81.8073  L2norm: 49.9384
>feat: 3  name: PBaldef_4_4  numrisky: 6
 riskyterm: 0  z: z_4  card: 1  vars: ['theta_4']
 j 0 h 0 var = theta_4 xval = 3.75149 coeff = 42.01077443540295
 -> displacement 1.576e+02
 riskyterm: 1  z: z_7_4_5  card: 1  vars: ['theta_5']
 j 1 h 0 var = theta_5 xval = 3.77755 coeff = -23.74732842555212
 -> displacement -8.971e+01
 riskyterm: 2  z: z_8_4_7  card: 1  vars: ['theta_7']
 j 2 h 0 var = theta_7 xval = 3.69349 coeff = -4.889512660317341
 -> displacement -1.806e+01
 riskyterm: 3  z: z_9_4_9  card: 1  vars: ['theta_9']
 j 3 h 0 var = theta_9 xval = 3.6623 coeff = -1.8554995578159
 -> displacement -6.795e+00
 riskyterm: 4  z: z_4_2_4  card: 1  vars: ['theta_2']
 j 4 h 0 var = theta_2 xval = 3.84853 coeff = -5.671506352087114
 -> displacement -2.183e+01
 riskyterm: 5  z: z_6_3_4  card: 1  vars: ['theta_3']
 j 5 h 0 var = theta_3 xval = 3.71003 coeff = -5.846927439630474
 -> displacement -2.169e+01
 feat: PBaldef_4_4 (=)  L0norm: 157.603  L1norm: 315.684  L2norm: 184.947
>feat: 4  name: PBaldef_5_5  numrisky: 5
 riskyterm: 0  z: z_5  card: 1  vars: ['theta_5']
 j 0 h 0 var = theta_5 xval = 3.77755 coeff = 38.23936718578007
 -> displacement 1.445e+02
 riskyterm: 1  z: z_10_5_6  card: 1  vars: ['theta_6']
 j 1 h 0 var = theta_6 xval = 3.67703 coeff = -4.257445335253384
 -> displacement -1.565e+01
 riskyterm: 2  z: z_2_1_5  card: 1  vars: ['theta_1']
 j 2 h 0 var = theta_1 xval = 3.93698 coeff = -4.483500717360115
 -> displacement -1.765e+01
 riskyterm: 3  z: z_5_2_5  card: 1  vars: ['theta_2']
 j 3 h 0 var = theta_2 xval = 3.84853 coeff = -5.751092707614447
 -> displacement -2.213e+01
 riskyterm: 4  z: z_7_4_5  card: 1  vars: ['theta_4']
 j 4 h 0 var = theta_4 xval = 3.75149 coeff = -23.74732842555212
 -> displacement -8.909e+01
 feat: PBaldef_5_5 (=)  L0norm: 144.451  L1norm: 288.978  L2norm: 172.77
>feat: 5  name: PBaldef_6_6  numrisky: 5
 riskyterm: 0  z: z_6  card: 1  vars: ['theta_6']
 j 0 h 0 var = theta_6 xval = 3.67703 coeff = 20.87061321876194
 -> displacement 7.674e+01
 riskyterm: 1  z: z_11_6_11  card: 1  vars: ['theta_11']
 j 1 h 0 var = theta_11 xval = 3.66364 coeff = -5.027652086475616
 -> displacement -1.842e+01
 riskyterm: 2  z: z_12_6_12  card: 1  vars: ['theta_12']
 j 2 h 0 var = theta_12 xval = 3.65757 coeff = -3.909151323247723
 -> displacement -1.430e+01
 riskyterm: 3  z: z_13_6_13  card: 1  vars: ['theta_13']
 j 3 h 0 var = theta_13 xval = 3.65456 coeff = -7.676364473785216
 -> displacement -2.805e+01
 riskyterm: 4  z: z_10_5_6  card: 1  vars: ['theta_5']
 j 4 h 0 var = theta_5 xval = 3.77755 coeff = -4.257445335253384
 -> displacement -1.608e+01
 feat: PBaldef_6_6 (=)  L0norm: 76.7419  L1norm: 153.596  L2norm: 86.4794
>feat: 6  name: PBaldef_7_7  numrisky: 4
 riskyterm: 0  z: z_7  card: 1  vars: ['theta_7']
 j 0 h 0 var = theta_7 xval = 3.69349 coeff = 19.65657522679163
 -> displacement 7.260e+01
 riskyterm: 1  z: z_14_7_8  card: 1  vars: ['theta_8']
 j 1 h 0 var = theta_8 xval = 3.69349 coeff = -5.676979846721544
 -> displacement -2.097e+01
 riskyterm: 2  z: z_15_7_9  card: 1  vars: ['theta_9']
 j 2 h 0 var = theta_9 xval = 3.6623 coeff = -9.09008271975275
 -> displacement -3.329e+01
 riskyterm: 3  z: z_8_4_7  card: 1  vars: ['theta_4']
 j 3 h 0 var = theta_4 xval = 3.75149 coeff = -4.889512660317341
 -> displacement -1.834e+01
 feat: PBaldef_7_7 (=)  L0norm: 72.6014  L1norm: 145.203  L2norm: 84.5892
>feat: 7  name: PBaldef_8_8  numrisky: 2
 riskyterm: 0  z: z_8  card: 1  vars: ['theta_8']
 j 0 h 0 var = theta_8 xval = 3.69349 coeff = 5.676979846721544
 -> displacement 2.097e+01
 riskyterm: 1  z: z_14_7_8  card: 1  vars: ['theta_7']
 j 1 h 0 var = theta_7 xval = 3.69349 coeff = -5.676979846721544
 -> displacement -2.097e+01
 feat: PBaldef_8_8 (=)  L0norm: 20.9679  L1norm: 41.9357  L2norm: 29.653
>feat: 8  name: PBaldef_9_9  numrisky: 5
 riskyterm: 0  z: z_9  card: 1  vars: ['theta_9']
 j 0 h 0 var = theta_9 xval = 3.6623 coeff = 26.47840021384155
 -> displacement 9.697e+01
 riskyterm: 1  z: z_16_9_10  card: 1  vars: ['theta_10']
 j 1 h 0 var = theta_10 xval = 3.65743 coeff = -11.83431952662722
 -> displacement -4.328e+01
 riskyterm: 2  z: z_17_9_14  card: 1  vars: ['theta_14']
 j 2 h 0 var = theta_14 xval = 3.63624 coeff = -3.698498409645684
 -> displacement -1.345e+01
 riskyterm: 3  z: z_9_4_9  card: 1  vars: ['theta_4']
 j 3 h 0 var = theta_4 xval = 3.75149 coeff = -1.8554995578159
 -> displacement -6.961e+00
 riskyterm: 4  z: z_15_7_9  card: 1  vars: ['theta_7']
 j 4 h 0 var = theta_7 xval = 3.69349 coeff = -9.09008271975275
 -> displacement -3.357e+01
 feat: PBaldef_9_9 (=)  L0norm: 96.9718  L1norm: 194.239  L2norm: 112.399
>feat: 9  name: PBaldef_10_10  numrisky: 3
 riskyterm: 0  z: z_10  card: 1  vars: ['theta_10']
 j 0 h 0 var = theta_10 xval = 3.65743 coeff = 17.04075468047738
 -> displacement 6.233e+01
 riskyterm: 1  z: z_18_10_11  card: 1  vars: ['theta_11']
 j 1 h 0 var = theta_11 xval = 3.66364 coeff = -5.206435153850159
 -> displacement -1.907e+01
 riskyterm: 2  z: z_16_9_10  card: 1  vars: ['theta_9']
 j 2 h 0 var = theta_9 xval = 3.6623 coeff = -11.83431952662722
 -> displacement -4.334e+01
 feat: PBaldef_10_10 (=)  L0norm: 62.3254  L1norm: 124.741  L2norm: 78.2733
>feat: 10  name: PBaldef_11_11  numrisky: 3
 riskyterm: 0  z: z_11  card: 1  vars: ['theta_11']
 j 0 h 0 var = theta_11 xval = 3.66364 coeff = 10.23408724032577
 -> displacement 3.749e+01
 riskyterm: 1  z: z_11_6_11  card: 1  vars: ['theta_6']
 j 1 h 0 var = theta_6 xval = 3.67703 coeff = -5.027652086475616
 -> displacement -1.849e+01
 riskyterm: 2  z: z_18_10_11  card: 1  vars: ['theta_10']
 j 2 h 0 var = theta_10 xval = 3.65743 coeff = -5.206435153850159
 -> displacement -1.904e+01
 feat: PBaldef_11_11 (=)  L0norm: 37.494  L1norm: 75.023  L2norm: 45.9366
>feat: 11  name: PBaldef_12_12  numrisky: 3
 riskyterm: 0  z: z_12  card: 1  vars: ['theta_12']
 j 0 h 0 var = theta_12 xval = 3.65757 coeff = 8.912153124328372
 -> displacement 3.260e+01
 riskyterm: 1  z: z_19_12_13  card: 1  vars: ['theta_13']
 j 1 h 0 var = theta_13 xval = 3.65456 coeff = -5.003001801080648
 -> displacement -1.828e+01
 riskyterm: 2  z: z_12_6_12  card: 1  vars: ['theta_6']
 j 2 h 0 var = theta_6 xval = 3.67703 coeff = -3.909151323247723
 -> displacement -1.437e+01
 feat: PBaldef_12_12 (=)  L0norm: 32.5968  L1norm: 65.2547  L2norm: 40.0433
>feat: 12  name: PBaldef_13_13  numrisky: 4
 riskyterm: 0  z: z_13  card: 1  vars: ['theta_13']
 j 0 h 0 var = theta_13 xval = 3.65456 coeff = 15.55276435543595
 -> displacement 5.684e+01
 riskyterm: 1  z: z_20_13_14  card: 1  vars: ['theta_14']
 j 1 h 0 var = theta_14 xval = 3.63624 coeff = -2.873398080570082
 -> displacement -1.045e+01
 riskyterm: 2  z: z_13_6_13  card: 1  vars: ['theta_6']
 j 2 h 0 var = theta_6 xval = 3.67703 coeff = -7.676364473785216
 -> displacement -2.823e+01
 riskyterm: 3  z: z_19_12_13  card: 1  vars: ['theta_12']
 j 3 h 0 var = theta_12 xval = 3.65757 coeff = -5.003001801080648
 -> displacement -1.830e+01
 feat: PBaldef_13_13 (=)  L0norm: 56.8385  L1norm: 113.812  L2norm: 66.8682
>feat: 13  name: PBaldef_14_14  numrisky: 3
 riskyterm: 0  z: z_14  card: 1  vars: ['theta_14']
 j 0 h 0 var = theta_14 xval = 3.63624 coeff = 6.571896490215765
 -> displacement 2.390e+01
 riskyterm: 1  z: z_17_9_14  card: 1  vars: ['theta_9']
 j 1 h 0 var = theta_9 xval = 3.6623 coeff = -3.698498409645684
 -> displacement -1.355e+01
 riskyterm: 2  z: z_20_13_14  card: 1  vars: ['theta_13']
 j 2 h 0 var = theta_13 xval = 3.65456 coeff = -2.873398080570082
 -> displacement -1.050e+01
 feat: PBaldef_14_14 (=)  L0norm: 23.897  L1norm: 47.943  L2norm: 29.4076
Max feature value: 157.603 at 3  L1-norm: 315.684  L2-norm: 184.947.
Counter: 0  feature: 3  delta: 1.576e+02  ind: 0
Counter: 1  feature: 4  delta: 1.445e+02  ind: 0
Counter: 2  feature: 1  delta: 1.284e+02  ind: 0
Counter: 3  feature: 8  delta: 9.697e+01  ind: 0
Counter: 4  feature: 0  delta: 8.419e+01  ind: 0
Counter: 5  feature: 5  delta: 7.674e+01  ind: 0
Counter: 6  feature: 6  delta: 7.260e+01  ind: 0
Counter: 7  feature: 9  delta: 6.233e+01  ind: 0
Counter: 8  feature: 12  delta: 5.684e+01  ind: 0
Counter: 9  feature: 2  delta: 4.043e+01  ind: 0
Counter: 10  feature: 10  delta: 3.749e+01  ind: 0
Counter: 11  feature: 11  delta: 3.260e+01  ind: 0
Counter: 12  feature: 13  delta: 2.390e+01  ind: 0
Counter: 13  feature: 7  delta: 2.097e+01  ind: 0
Iteration 0.  Obj 7642.6  Impact 157.6.
Current impact 157.603 target_impact 141.843 curr_obj 7642.6
Adding impact variable with Theta 53.8808.
Adding greedy cuts at iteration_cnt 0.
Writing LP to file form_0.lp.
Solving Model
  variables = 55
  constraints = 50
 OPTIMAL. optimal value: 7.6426e+03 in time 6.8419e-03Optimal objective = 7642.59
Optimal variable values:
GP_1_1 = 2.20968
GP_2_2 = 0.380323
constant = 1
theta_1 = 0.185497
theta_2 = 0.0970452
P_1_1_2 = 1.49488
theta_5 = 0.0260677
P_2_1_5 = 0.714801
theta_3 = -0.0414563
P_3_2_3 = 0.699608
P_4_2_4 = 0.550392
P_5_2_5 = 0.408198
P_6_3_4 = -0.242392
P_7_4_5 = -0.619037
theta_7 = -0.0579922
P_8_4_7 = 0.283553
theta_9 = -0.0891859
P_9_4_9 = 0.165484
theta_6 = -0.0744532
P_10_5_6 = 0.427962
theta_11 = -0.0878469
P_11_6_11 = 0.0673389
theta_12 = -0.0939157
P_12_6_12 = 0.0760817
theta_13 = -0.0969302
P_13_6_13 = 0.172542
theta_8 = -0.0579922
P_15_7_9 = 0.283553
theta_10 = -0.0940582
P_16_9_10 = 0.0576611
theta_14 = -0.115244
P_17_9_14 = 0.0963766
P_18_10_11 = -0.0323389
P_19_12_13 = 0.0150817
P_20_13_14 = 0.0526233
IP_1 = 2.20968
IP_2 = 0.163323
IP_3 = -0.942
IP_4 = -0.478
IP_5 = -0.076
IP_6 = -0.112
IP_9 = -0.295
IP_10 = -0.09
IP_11 = -0.035
IP_12 = -0.061
IP_13 = -0.135
IP_14 = -0.149
47 nonzero variables in solution
Getting impact at iteration_cnt 1 using style 0-norm_per.
>feat: 0  name: PBaldef_1_1  numrisky: 3
 riskyterm: 0  z: z_1  card: 1  vars: ['theta_1']
 j 0 h 0 var = theta_1 xval = 0.18549696153681872 coeff = 21.38395702968055
 -> displacement 3.967e+00
 riskyterm: 1  z: z_1_1_2  card: 1  vars: ['theta_2']
 j 1 h 0 var = theta_2 xval = 0.09704516932243212 coeff = -16.90045631232043
 -> displacement -1.640e+00
 riskyterm: 2  z: z_2_1_5  card: 1  vars: ['theta_5']
 j 2 h 0 var = theta_5 xval = 0.02606766395158644 coeff = -4.483500717360115
 -> displacement -1.169e-01
 feat: PBaldef_1_1 (=)  L0norm: 3.96666  L1norm: 5.72364  L2norm: 4.29395
>feat: 1  name: PBaldef_2_2  numrisky: 5
 riskyterm: 0  z: z_2  card: 1  vars: ['theta_2']
 j 0 h 0 var = theta_2 xval = 0.09704516932243212 coeff = 33.37432576652621
 -> displacement 3.239e+00
 riskyterm: 1  z: z_3_2_3  card: 1  vars: ['theta_3']
 j 1 h 0 var = theta_3 xval = -0.041456268651574035 coeff = -5.051270394504217
 -> displacement 2.094e-01
 riskyterm: 2  z: z_4_2_4  card: 1  vars: ['theta_4']
 j 2 h 0 var = theta_4 xval = 7.093960974202673e-10 coeff = -5.671506352087114
 -> displacement -4.023e-09
 riskyterm: 3  z: z_5_2_5  card: 1  vars: ['theta_5']
 j 3 h 0 var = theta_5 xval = 0.02606766395158644 coeff = -5.751092707614447
 -> displacement -1.499e-01
 riskyterm: 4  z: z_1_1_2  card: 1  vars: ['theta_1']
 j 4 h 0 var = theta_1 xval = 0.18549696153681872 coeff = -16.90045631232043
 -> displacement -3.135e+00
 feat: PBaldef_2_2 (=)  L0norm: 3.23882  L1norm: 6.73312  L2norm: 4.51491
>feat: 2  name: PBaldef_3_3  numrisky: 3
 riskyterm: 0  z: z_3  card: 1  vars: ['theta_3']
 j 0 h 0 var = theta_3 xval = -0.041456268651574035 coeff = 10.89819783413469
 -> displacement -4.518e-01
 riskyterm: 1  z: z_6_3_4  card: 1  vars: ['theta_4']
 j 1 h 0 var = theta_4 xval = 7.093960974202673e-10 coeff = -5.846927439630474
 -> displacement -4.148e-09
 riskyterm: 2  z: z_3_2_3  card: 1  vars: ['theta_2']
 j 2 h 0 var = theta_2 xval = 0.09704516932243212 coeff = -5.051270394504217
 -> displacement -4.902e-01
 feat: PBaldef_3_3 (=)  L0norm: 0.490201  L1norm: 0.942  L2norm: 0.666648
>feat: 3  name: PBaldef_4_4  numrisky: 6
 riskyterm: 0  z: z_4  card: 1  vars: ['theta_4']
 j 0 h 0 var = theta_4 xval = 7.093960974202673e-10 coeff = 42.01077443540295
 -> displacement 2.980e-08
 riskyterm: 1  z: z_7_4_5  card: 1  vars: ['theta_5']
 j 1 h 0 var = theta_5 xval = 0.02606766395158644 coeff = -23.74732842555212
 -> displacement -6.190e-01
 riskyterm: 2  z: z_8_4_7  card: 1  vars: ['theta_7']
 j 2 h 0 var = theta_7 xval = -0.057992167773550055 coeff = -4.889512660317341
 -> displacement 2.836e-01
 riskyterm: 3  z: z_9_4_9  card: 1  vars: ['theta_9']
 j 3 h 0 var = theta_9 xval = -0.08918588232324964 coeff = -1.8554995578159
 -> displacement 1.655e-01
 riskyterm: 4  z: z_4_2_4  card: 1  vars: ['theta_2']
 j 4 h 0 var = theta_2 xval = 0.09704516932243212 coeff = -5.671506352087114
 -> displacement -5.504e-01
 riskyterm: 5  z: z_6_3_4  card: 1  vars: ['theta_3']
 j 5 h 0 var = theta_3 xval = -0.041456268651574035 coeff = -5.846927439630474
 -> displacement 2.424e-01
 feat: PBaldef_4_4 (=)  L0norm: 0.619037  L1norm: 1.86086  L2norm: 0.923407
>feat: 4  name: PBaldef_5_5  numrisky: 5
 riskyterm: 0  z: z_5  card: 1  vars: ['theta_5']
 j 0 h 0 var = theta_5 xval = 0.02606766395158644 coeff = 38.23936718578007
 -> displacement 9.968e-01
 riskyterm: 1  z: z_10_5_6  card: 1  vars: ['theta_6']
 j 1 h 0 var = theta_6 xval = -0.07445322603078797 coeff = -4.257445335253384
 -> displacement 3.170e-01
 riskyterm: 2  z: z_2_1_5  card: 1  vars: ['theta_1']
 j 2 h 0 var = theta_1 xval = 0.18549696153681872 coeff = -4.483500717360115
 -> displacement -8.317e-01
 riskyterm: 3  z: z_5_2_5  card: 1  vars: ['theta_2']
 j 3 h 0 var = theta_2 xval = 0.09704516932243212 coeff = -5.751092707614447
 -> displacement -5.581e-01
 riskyterm: 4  z: z_7_4_5  card: 1  vars: ['theta_4']
 j 4 h 0 var = theta_4 xval = 7.093960974202673e-10 coeff = -23.74732842555212
 -> displacement -1.685e-08
 feat: PBaldef_5_5 (=)  L0norm: 0.996811  L1norm: 2.70358  L2norm: 1.4482
>feat: 5  name: PBaldef_6_6  numrisky: 5
 riskyterm: 0  z: z_6  card: 1  vars: ['theta_6']
 j 0 h 0 var = theta_6 xval = -0.07445322603078797 coeff = 20.87061321876194
 -> displacement -1.554e+00
 riskyterm: 1  z: z_11_6_11  card: 1  vars: ['theta_11']
 j 1 h 0 var = theta_11 xval = -0.08784692576468789 coeff = -5.027652086475616
 -> displacement 4.417e-01
 riskyterm: 2  z: z_12_6_12  card: 1  vars: ['theta_12']
 j 2 h 0 var = theta_12 xval = -0.09391569003704525 coeff = -3.909151323247723
 -> displacement 3.671e-01
 riskyterm: 3  z: z_13_6_13  card: 1  vars: ['theta_13']
 j 3 h 0 var = theta_13 xval = -0.09693022387193828 coeff = -7.676364473785216
 -> displacement 7.441e-01
 riskyterm: 4  z: z_10_5_6  card: 1  vars: ['theta_5']
 j 4 h 0 var = theta_5 xval = 0.02606766395158644 coeff = -4.257445335253384
 -> displacement -1.110e-01
 feat: PBaldef_6_6 (=)  L0norm: 1.55388  L1norm: 3.21773  L2norm: 1.81944
>feat: 6  name: PBaldef_7_7  numrisky: 4
 riskyterm: 0  z: z_7  card: 1  vars: ['theta_7']
 j 0 h 0 var = theta_7 xval = -0.057992167773550055 coeff = 19.65657522679163
 -> displacement -1.140e+00
 riskyterm: 1  z: z_14_7_8  card: 1  vars: ['theta_8']
 j 1 h 0 var = theta_8 xval = -0.05799216761779924 coeff = -5.676979846721544
 -> displacement 3.292e-01
 riskyterm: 2  z: z_15_7_9  card: 1  vars: ['theta_9']
 j 2 h 0 var = theta_9 xval = -0.08918588232324964 coeff = -9.09008271975275
 -> displacement 8.107e-01
 riskyterm: 3  z: z_8_4_7  card: 1  vars: ['theta_4']
 j 3 h 0 var = theta_4 xval = 7.093960974202673e-10 coeff = -4.889512660317341
 -> displacement -3.469e-09
 feat: PBaldef_7_7 (=)  L0norm: 1.13993  L1norm: 2.27985  L2norm: 1.43703
>feat: 7  name: PBaldef_8_8  numrisky: 2
 riskyterm: 0  z: z_8  card: 1  vars: ['theta_8']
 j 0 h 0 var = theta_8 xval = -0.05799216761779924 coeff = 5.676979846721544
 -> displacement -3.292e-01
 riskyterm: 1  z: z_14_7_8  card: 1  vars: ['theta_7']
 j 1 h 0 var = theta_7 xval = -0.057992167773550055 coeff = -5.676979846721544
 -> displacement 3.292e-01
 feat: PBaldef_8_8 (=)  L0norm: 0.32922  L1norm: 0.658441  L2norm: 0.465588
>feat: 8  name: PBaldef_9_9  numrisky: 5
 riskyterm: 0  z: z_9  card: 1  vars: ['theta_9']
 j 0 h 0 var = theta_9 xval = -0.08918588232324964 coeff = 26.47840021384155
 -> displacement -2.361e+00
 riskyterm: 1  z: z_16_9_10  card: 1  vars: ['theta_10']
 j 1 h 0 var = theta_10 xval = -0.09405824898620274 coeff = -11.83431952662722
 -> displacement 1.113e+00
 riskyterm: 2  z: z_17_9_14  card: 1  vars: ['theta_14']
 j 2 h 0 var = theta_14 xval = -0.1152442009245469 coeff = -3.698498409645684
 -> displacement 4.262e-01
 riskyterm: 3  z: z_9_4_9  card: 1  vars: ['theta_4']
 j 3 h 0 var = theta_4 xval = 7.093960974202673e-10 coeff = -1.8554995578159
 -> displacement -1.316e-09
 riskyterm: 4  z: z_15_7_9  card: 1  vars: ['theta_7']
 j 4 h 0 var = theta_7 xval = -0.057992167773550055 coeff = -9.09008271975275
 -> displacement 5.272e-01
 feat: PBaldef_9_9 (=)  L0norm: 2.3615  L1norm: 4.428  L2norm: 2.69727
>feat: 9  name: PBaldef_10_10  numrisky: 3
 riskyterm: 0  z: z_10  card: 1  vars: ['theta_10']
 j 0 h 0 var = theta_10 xval = -0.09405824898620274 coeff = 17.04075468047738
 -> displacement -1.603e+00
 riskyterm: 1  z: z_18_10_11  card: 1  vars: ['theta_11']
 j 1 h 0 var = theta_11 xval = -0.08784692576468789 coeff = -5.206435153850159
 -> displacement 4.574e-01
 riskyterm: 2  z: z_16_9_10  card: 1  vars: ['theta_9']
 j 2 h 0 var = theta_9 xval = -0.08918588232324964 coeff = -11.83431952662722
 -> displacement 1.055e+00
 feat: PBaldef_10_10 (=)  L0norm: 1.60282  L1norm: 3.11565  L2norm: 1.97287
>feat: 10  name: PBaldef_11_11  numrisky: 3
 riskyterm: 0  z: z_11  card: 1  vars: ['theta_11']
 j 0 h 0 var = theta_11 xval = -0.08784692576468789 coeff = 10.23408724032577
 -> displacement -8.990e-01
 riskyterm: 1  z: z_11_6_11  card: 1  vars: ['theta_6']
 j 1 h 0 var = theta_6 xval = -0.07445322603078797 coeff = -5.027652086475616
 -> displacement 3.743e-01
 riskyterm: 2  z: z_18_10_11  card: 1  vars: ['theta_10']
 j 2 h 0 var = theta_10 xval = -0.09405824898620274 coeff = -5.206435153850159
 -> displacement 4.897e-01
 feat: PBaldef_11_11 (=)  L0norm: 0.899033  L1norm: 1.76307  L2norm: 1.09004
>feat: 11  name: PBaldef_12_12  numrisky: 3
 riskyterm: 0  z: z_12  card: 1  vars: ['theta_12']
 j 0 h 0 var = theta_12 xval = -0.09391569003704525 coeff = 8.912153124328372
 -> displacement -8.370e-01
 riskyterm: 1  z: z_19_12_13  card: 1  vars: ['theta_13']
 j 1 h 0 var = theta_13 xval = -0.09693022387193828 coeff = -5.003001801080648
 -> displacement 4.849e-01
 riskyterm: 2  z: z_12_6_12  card: 1  vars: ['theta_6']
 j 2 h 0 var = theta_6 xval = -0.07445322603078797 coeff = -3.909151323247723
 -> displacement 2.910e-01
 feat: PBaldef_12_12 (=)  L0norm: 0.836991  L1norm: 1.61298  L2norm: 1.01016
>feat: 12  name: PBaldef_13_13  numrisky: 4
 riskyterm: 0  z: z_13  card: 1  vars: ['theta_13']
 j 0 h 0 var = theta_13 xval = -0.09693022387193828 coeff = 15.55276435543595
 -> displacement -1.508e+00
 riskyterm: 1  z: z_20_13_14  card: 1  vars: ['theta_14']
 j 1 h 0 var = theta_14 xval = -0.1152442009245469 coeff = -2.873398080570082
 -> displacement 3.311e-01
 riskyterm: 2  z: z_13_6_13  card: 1  vars: ['theta_6']
 j 2 h 0 var = theta_6 xval = -0.07445322603078797 coeff = -7.676364473785216
 -> displacement 5.715e-01
 riskyterm: 3  z: z_19_12_13  card: 1  vars: ['theta_12']
 j 3 h 0 var = theta_12 xval = -0.09391569003704525 coeff = -5.003001801080648
 -> displacement 4.699e-01
 feat: PBaldef_13_13 (=)  L0norm: 1.50753  L1norm: 2.88007  L2norm: 1.71164
>feat: 13  name: PBaldef_14_14  numrisky: 3
 riskyterm: 0  z: z_14  card: 1  vars: ['theta_14']
 j 0 h 0 var = theta_14 xval = -0.1152442009245469 coeff = 6.571896490215765
 -> displacement -7.574e-01
 riskyterm: 1  z: z_17_9_14  card: 1  vars: ['theta_9']
 j 1 h 0 var = theta_9 xval = -0.08918588232324964 coeff = -3.698498409645684
 -> displacement 3.299e-01
 riskyterm: 2  z: z_20_13_14  card: 1  vars: ['theta_13']
 j 2 h 0 var = theta_13 xval = -0.09693022387193828 coeff = -2.873398080570082
 -> displacement 2.785e-01
 feat: PBaldef_14_14 (=)  L0norm: 0.757373  L1norm: 1.36575  L2norm: 0.871774
Max feature value: 3.96666 at 0  L1-norm: 5.72364  L2-norm: 4.29395.
Counter: 0  feature: 0  delta: 3.967e+00  ind: 0
Counter: 1  feature: 1  delta: 3.239e+00  ind: 0
Counter: 2  feature: 8  delta: 2.361e+00  ind: 0
Counter: 3  feature: 9  delta: 1.603e+00  ind: 0
Counter: 4  feature: 5  delta: 1.554e+00  ind: 0
Counter: 5  feature: 12  delta: 1.508e+00  ind: 0
Counter: 6  feature: 6  delta: 1.140e+00  ind: 0
Counter: 7  feature: 4  delta: 9.968e-01  ind: 0
Counter: 8  feature: 10  delta: 8.990e-01  ind: 0
Counter: 9  feature: 11  delta: 8.370e-01  ind: 0
Counter: 10  feature: 13  delta: 7.574e-01  ind: 0
Counter: 11  feature: 3  delta: 6.190e-01  ind: 1
Counter: 12  feature: 2  delta: 4.902e-01  ind: 2
Counter: 13  feature: 7  delta: 3.292e-01  ind: 1
Iteration 1.  Obj 7642.6  Impact 3.9667.
Adding greedy cuts at iteration_cnt 1.
Writing LP to file form_1.lp.
Solving Model
  variables = 55
  constraints = 52
 OPTIMAL. optimal value: 7.7841e+03 in time 1.9701e-03Optimal objective = 7784.15
Optimal variable values:
GP_1_1 = 2.20453
GP_2_2 = 0.385468
constant = 1
theta_1 = 0.122791
theta_2 = 0.0345948
P_1_1_2 = 1.49056
theta_5 = -0.0364519
P_2_1_5 = 0.713968
theta_3 = -0.103934
P_3_2_3 = 0.699749
theta_4 = -0.0625023
P_4_2_4 = 0.550687
P_5_2_5 = 0.408596
P_6_3_4 = -0.242251
P_7_4_5 = -0.618626
theta_7 = -0.120498
P_8_4_7 = 0.283569
theta_9 = -0.151693
P_9_4_9 = 0.165493
theta_6 = -0.136967
P_10_5_6 = 0.427938
theta_11 = -0.150358
P_11_6_11 = 0.0673244
theta_12 = -0.156429
P_12_6_12 = 0.0760796
theta_13 = -0.159443
P_13_6_13 = 0.172534
theta_8 = -0.120498
P_15_7_9 = 0.283569
theta_10 = -0.156567
P_16_9_10 = 0.0576756
theta_14 = -0.177754
P_17_9_14 = 0.0963862
P_18_10_11 = -0.0323244
P_19_12_13 = 0.0150796
P_20_13_14 = 0.0526138
IP_1 = 2.20453
IP_2 = 0.168468
IP_3 = -0.942
IP_4 = -0.478
IP_5 = -0.076
IP_6 = -0.112
IP_9 = -0.295
IP_10 = -0.09
IP_11 = -0.035
IP_12 = -0.061
IP_13 = -0.135
IP_14 = -0.149
IMP = 2.62577
49 nonzero variables in solution
Getting impact at iteration_cnt 2 using style 0-norm_per.
>feat: 0  name: PBaldef_1_1  numrisky: 3
 riskyterm: 0  z: z_1  card: 1  vars: ['theta_1']
 j 0 h 0 var = theta_1 xval = 0.1227914931507792 coeff = 21.38395702968055
 -> displacement 2.626e+00
 riskyterm: 1  z: z_1_1_2  card: 1  vars: ['theta_2']
 j 1 h 0 var = theta_2 xval = 0.034594839016866 coeff = -16.90045631232043
 -> displacement -5.847e-01
 riskyterm: 2  z: z_2_1_5  card: 1  vars: ['theta_5']
 j 2 h 0 var = theta_5 xval = -0.03645190418777222 coeff = -4.483500717360115
 -> displacement 1.634e-01
 feat: PBaldef_1_1 (=)  L0norm: 2.62577  L1norm: 3.37387  L2norm: 2.69503
>feat: 1  name: PBaldef_2_2  numrisky: 5
 riskyterm: 0  z: z_2  card: 1  vars: ['theta_2']
 j 0 h 0 var = theta_2 xval = 0.034594839016866 coeff = 33.37432576652621
 -> displacement 1.155e+00
 riskyterm: 1  z: z_3_2_3  card: 1  vars: ['theta_3']
 j 1 h 0 var = theta_3 xval = -0.10393445452441608 coeff = -5.051270394504217
 -> displacement 5.250e-01
 riskyterm: 2  z: z_4_2_4  card: 1  vars: ['theta_4']
 j 2 h 0 var = theta_4 xval = -0.06250225208924753 coeff = -5.671506352087114
 -> displacement 3.545e-01
 riskyterm: 3  z: z_5_2_5  card: 1  vars: ['theta_5']
 j 3 h 0 var = theta_5 xval = -0.03645190418777222 coeff = -5.751092707614447
 -> displacement 2.096e-01
 riskyterm: 4  z: z_1_1_2  card: 1  vars: ['theta_1']
 j 4 h 0 var = theta_1 xval = 0.1227914931507792 coeff = -16.90045631232043
 -> displacement -2.075e+00
 feat: PBaldef_2_2 (=)  L0norm: 2.07523  L1norm: 4.31893  L2norm: 2.46675
>feat: 2  name: PBaldef_3_3  numrisky: 3
 riskyterm: 0  z: z_3  card: 1  vars: ['theta_3']
 j 0 h 0 var = theta_3 xval = -0.10393445452441608 coeff = 10.89819783413469
 -> displacement -1.133e+00
 riskyterm: 1  z: z_6_3_4  card: 1  vars: ['theta_4']
 j 1 h 0 var = theta_4 xval = -0.06250225208924753 coeff = -5.846927439630474
 -> displacement 3.654e-01
 riskyterm: 2  z: z_3_2_3  card: 1  vars: ['theta_2']
 j 2 h 0 var = theta_2 xval = 0.034594839016866 coeff = -5.051270394504217
 -> displacement -1.747e-01
 feat: PBaldef_3_3 (=)  L0norm: 1.1327  L1norm: 1.67289  L2norm: 1.20295
>feat: 3  name: PBaldef_4_4  numrisky: 6
 riskyterm: 0  z: z_4  card: 1  vars: ['theta_4']
 j 0 h 0 var = theta_4 xval = -0.06250225208924753 coeff = 42.01077443540295
 -> displacement -2.626e+00
 riskyterm: 1  z: z_7_4_5  card: 1  vars: ['theta_5']
 j 1 h 0 var = theta_5 xval = -0.03645190418777222 coeff = -23.74732842555212
 -> displacement 8.656e-01
 riskyterm: 2  z: z_8_4_7  card: 1  vars: ['theta_7']
 j 2 h 0 var = theta_7 xval = -0.12049752520935228 coeff = -4.889512660317341
 -> displacement 5.892e-01
 riskyterm: 3  z: z_9_4_9  card: 1  vars: ['theta_9']
 j 3 h 0 var = theta_9 xval = -0.1516929102422644 coeff = -1.8554995578159
 -> displacement 2.815e-01
 riskyterm: 4  z: z_4_2_4  card: 1  vars: ['theta_2']
 j 4 h 0 var = theta_2 xval = 0.034594839016866 coeff = -5.671506352087114
 -> displacement -1.962e-01
 riskyterm: 5  z: z_6_3_4  card: 1  vars: ['theta_3']
 j 5 h 0 var = theta_3 xval = -0.10393445452441608 coeff = -5.846927439630474
 -> displacement 6.077e-01
 feat: PBaldef_4_4 (=)  L0norm: 2.62577  L1norm: 5.16595  L2norm: 2.91172
>feat: 4  name: PBaldef_5_5  numrisky: 5
 riskyterm: 0  z: z_5  card: 1  vars: ['theta_5']
 j 0 h 0 var = theta_5 xval = -0.03645190418777222 coeff = 38.23936718578007
 -> displacement -1.394e+00
 riskyterm: 1  z: z_10_5_6  card: 1  vars: ['theta_6']
 j 1 h 0 var = theta_6 xval = -0.13696714283232314 coeff = -4.257445335253384
 -> displacement 5.831e-01
 riskyterm: 2  z: z_2_1_5  card: 1  vars: ['theta_1']
 j 2 h 0 var = theta_1 xval = 0.1227914931507792 coeff = -4.483500717360115
 -> displacement -5.505e-01
 riskyterm: 3  z: z_5_2_5  card: 1  vars: ['theta_2']
 j 3 h 0 var = theta_2 xval = 0.034594839016866 coeff = -5.751092707614447
 -> displacement -1.990e-01
 riskyterm: 4  z: z_7_4_5  card: 1  vars: ['theta_4']
 j 4 h 0 var = theta_4 xval = -0.06250225208924753 coeff = -23.74732842555212
 -> displacement 1.484e+00
 feat: PBaldef_5_5 (=)  L0norm: 1.48426  L1norm: 4.21078  L2norm: 2.19743
>feat: 5  name: PBaldef_6_6  numrisky: 5
 riskyterm: 0  z: z_6  card: 1  vars: ['theta_6']
 j 0 h 0 var = theta_6 xval = -0.13696714283232314 coeff = 20.87061321876194
 -> displacement -2.859e+00
 riskyterm: 1  z: z_11_6_11  card: 1  vars: ['theta_11']
 j 1 h 0 var = theta_11 xval = -0.15035795970049914 coeff = -5.027652086475616
 -> displacement 7.559e-01
 riskyterm: 2  z: z_12_6_12  card: 1  vars: ['theta_12']
 j 2 h 0 var = theta_12 xval = -0.15642906280407232 coeff = -3.909151323247723
 -> displacement 6.115e-01
 riskyterm: 3  z: z_13_6_13  card: 1  vars: ['theta_13']
 j 3 h 0 var = theta_13 xval = -0.15944317119139928 coeff = -7.676364473785216
 -> displacement 1.224e+00
 riskyterm: 4  z: z_10_5_6  card: 1  vars: ['theta_5']
 j 4 h 0 var = theta_5 xval = -0.03645190418777222 coeff = -4.257445335253384
 -> displacement 1.552e-01
 feat: PBaldef_6_6 (=)  L0norm: 2.85859  L1norm: 5.60518  L2norm: 3.26175
>feat: 6  name: PBaldef_7_7  numrisky: 4
 riskyterm: 0  z: z_7  card: 1  vars: ['theta_7']
 j 0 h 0 var = theta_7 xval = -0.12049752520935228 coeff = 19.65657522679163
 -> displacement -2.369e+00
 riskyterm: 1  z: z_14_7_8  card: 1  vars: ['theta_8']
 j 1 h 0 var = theta_8 xval = -0.12049752346684262 coeff = -5.676979846721544
 -> displacement 6.841e-01
 riskyterm: 2  z: z_15_7_9  card: 1  vars: ['theta_9']
 j 2 h 0 var = theta_9 xval = -0.1516929102422644 coeff = -9.09008271975275
 -> displacement 1.379e+00
 riskyterm: 3  z: z_8_4_7  card: 1  vars: ['theta_4']
 j 3 h 0 var = theta_4 xval = -0.06250225208924753 coeff = -4.889512660317341
 -> displacement 3.056e-01
 feat: PBaldef_7_7 (=)  L0norm: 2.36857  L1norm: 4.73714  L2norm: 2.84127
>feat: 7  name: PBaldef_8_8  numrisky: 2
 riskyterm: 0  z: z_8  card: 1  vars: ['theta_8']
 j 0 h 0 var = theta_8 xval = -0.12049752346684262 coeff = 5.676979846721544
 -> displacement -6.841e-01
 riskyterm: 1  z: z_14_7_8  card: 1  vars: ['theta_7']
 j 1 h 0 var = theta_7 xval = -0.12049752520935228 coeff = -5.676979846721544
 -> displacement 6.841e-01
 feat: PBaldef_8_8 (=)  L0norm: 0.684062  L1norm: 1.36812  L2norm: 0.96741
>feat: 8  name: PBaldef_9_9  numrisky: 5
 riskyterm: 0  z: z_9  card: 1  vars: ['theta_9']
 j 0 h 0 var = theta_9 xval = -0.1516929102422644 coeff = 26.47840021384155
 -> displacement -4.017e+00
 riskyterm: 1  z: z_16_9_10  card: 1  vars: ['theta_10']
 j 1 h 0 var = theta_10 xval = -0.15656650113190196 coeff = -11.83431952662722
 -> displacement 1.853e+00
 riskyterm: 2  z: z_17_9_14  card: 1  vars: ['theta_14']
 j 2 h 0 var = theta_14 xval = -0.1777538175855069 coeff = -3.698498409645684
 -> displacement 6.574e-01
 riskyterm: 3  z: z_9_4_9  card: 1  vars: ['theta_4']
 j 3 h 0 var = theta_4 xval = -0.06250225208924753 coeff = -1.8554995578159
 -> displacement 1.160e-01
 riskyterm: 4  z: z_15_7_9  card: 1  vars: ['theta_7']
 j 4 h 0 var = theta_7 xval = -0.12049752520935228 coeff = -9.09008271975275
 -> displacement 1.095e+00
 feat: PBaldef_9_9 (=)  L0norm: 4.01659  L1norm: 7.73817  L2norm: 4.60559
>feat: 9  name: PBaldef_10_10  numrisky: 3
 riskyterm: 0  z: z_10  card: 1  vars: ['theta_10']
 j 0 h 0 var = theta_10 xval = -0.15656650113190196 coeff = 17.04075468047738
 -> displacement -2.668e+00
 riskyterm: 1  z: z_18_10_11  card: 1  vars: ['theta_11']
 j 1 h 0 var = theta_11 xval = -0.15035795970049914 coeff = -5.206435153850159
 -> displacement 7.828e-01
 riskyterm: 2  z: z_16_9_10  card: 1  vars: ['theta_9']
 j 2 h 0 var = theta_9 xval = -0.1516929102422644 coeff = -11.83431952662722
 -> displacement 1.795e+00
 feat: PBaldef_10_10 (=)  L0norm: 2.66801  L1norm: 5.24602  L2norm: 3.30965
>feat: 10  name: PBaldef_11_11  numrisky: 3
 riskyterm: 0  z: z_11  card: 1  vars: ['theta_11']
 j 0 h 0 var = theta_11 xval = -0.15035795970049914 coeff = 10.23408724032577
 -> displacement -1.539e+00
 riskyterm: 1  z: z_11_6_11  card: 1  vars: ['theta_6']
 j 1 h 0 var = theta_6 xval = -0.13696714283232314 coeff = -5.027652086475616
 -> displacement 6.886e-01
 riskyterm: 2  z: z_18_10_11  card: 1  vars: ['theta_10']
 j 2 h 0 var = theta_10 xval = -0.15656650113190196 coeff = -5.206435153850159
 -> displacement 8.152e-01
 feat: PBaldef_11_11 (=)  L0norm: 1.53878  L1norm: 3.04255  L2norm: 1.87257
>feat: 11  name: PBaldef_12_12  numrisky: 3
 riskyterm: 0  z: z_12  card: 1  vars: ['theta_12']
 j 0 h 0 var = theta_12 xval = -0.15642906280407232 coeff = 8.912153124328372
 -> displacement -1.394e+00
 riskyterm: 1  z: z_19_12_13  card: 1  vars: ['theta_13']
 j 1 h 0 var = theta_13 xval = -0.15944317119139928 coeff = -5.003001801080648
 -> displacement 7.977e-01
 riskyterm: 2  z: z_12_6_12  card: 1  vars: ['theta_6']
 j 2 h 0 var = theta_6 xval = -0.13696714283232314 coeff = -3.909151323247723
 -> displacement 5.354e-01
 feat: PBaldef_12_12 (=)  L0norm: 1.39412  L1norm: 2.72724  L2norm: 1.69309
>feat: 12  name: PBaldef_13_13  numrisky: 4
 riskyterm: 0  z: z_13  card: 1  vars: ['theta_13']
 j 0 h 0 var = theta_13 xval = -0.15944317119139928 coeff = 15.55276435543595
 -> displacement -2.480e+00
 riskyterm: 1  z: z_20_13_14  card: 1  vars: ['theta_14']
 j 1 h 0 var = theta_14 xval = -0.1777538175855069 coeff = -2.873398080570082
 -> displacement 5.108e-01
 riskyterm: 2  z: z_13_6_13  card: 1  vars: ['theta_6']
 j 2 h 0 var = theta_6 xval = -0.13696714283232314 coeff = -7.676364473785216
 -> displacement 1.051e+00
 riskyterm: 3  z: z_19_12_13  card: 1  vars: ['theta_12']
 j 3 h 0 var = theta_12 xval = -0.15642906280407232 coeff = -5.003001801080648
 -> displacement 7.826e-01
 feat: PBaldef_13_13 (=)  L0norm: 2.47978  L1norm: 4.82456  L2norm: 2.85099
>feat: 13  name: PBaldef_14_14  numrisky: 3
 riskyterm: 0  z: z_14  card: 1  vars: ['theta_14']
 j 0 h 0 var = theta_14 xval = -0.1777538175855069 coeff = 6.571896490215765
 -> displacement -1.168e+00
 riskyterm: 1  z: z_17_9_14  card: 1  vars: ['theta_9']
 j 1 h 0 var = theta_9 xval = -0.1516929102422644 coeff = -3.698498409645684
 -> displacement 5.610e-01
 riskyterm: 2  z: z_20_13_14  card: 1  vars: ['theta_13']
 j 2 h 0 var = theta_13 xval = -0.15944317119139928 coeff = -2.873398080570082
 -> displacement 4.581e-01
 feat: PBaldef_14_14 (=)  L0norm: 1.16818  L1norm: 2.18736  L2norm: 1.37452
Max feature value: 4.01659 at 8  L1-norm: 7.73817  L2-norm: 4.60559.
Counter: 0  feature: 8  delta: 4.017e+00  ind: 0
Counter: 1  feature: 5  delta: 2.859e+00  ind: 0
Counter: 2  feature: 9  delta: 2.668e+00  ind: 0
Counter: 3  feature: 3  delta: 2.626e+00  ind: 0
Counter: 4  feature: 0  delta: 2.626e+00  ind: 0
Counter: 5  feature: 12  delta: 2.480e+00  ind: 0
Counter: 6  feature: 6  delta: 2.369e+00  ind: 0
Counter: 7  feature: 1  delta: 2.075e+00  ind: 4
Counter: 8  feature: 10  delta: 1.539e+00  ind: 0
Counter: 9  feature: 4  delta: 1.484e+00  ind: 4
Counter: 10  feature: 11  delta: 1.394e+00  ind: 0
Counter: 11  feature: 13  delta: 1.168e+00  ind: 0
Counter: 12  feature: 2  delta: 1.133e+00  ind: 0
Counter: 13  feature: 7  delta: 6.841e-01  ind: 1
Iteration 2.  Obj 7642.7  Impact 4.0166.
Adding greedy cuts at iteration_cnt 2.
Writing LP to file form_2.lp.
Solving Model
  variables = 55
  constraints = 54
 OPTIMAL. optimal value: 7.8175e+03 in time 1.5497e-03Optimal objective = 7817.53
Optimal variable values:
GP_1_1 = 2.19333
GP_2_2 = 0.382426
GP_4_6 = 2.8167e-06
GP_5_8 = 0.0142389
constant = 1
theta_1 = 0.15049
theta_2 = 0.0626963
P_1_1_2 = 1.48375
theta_5 = -0.00777458
P_2_1_5 = 0.709579
theta_3 = -0.0754142
P_3_2_3 = 0.697634
theta_4 = -0.0336203
P_4_2_4 = 0.54626
P_5_2_5 = 0.405285
P_6_3_4 = -0.244366
P_7_4_5 = -0.613767
theta_7 = -0.0897678
P_8_4_7 = 0.274534
theta_9 = -0.121536
P_9_4_9 = 0.163127
theta_6 = -0.107623
P_10_5_6 = 0.425097
theta_11 = -0.120673
P_11_6_11 = 0.0656153
theta_12 = -0.12702
P_12_6_12 = 0.0758286
theta_13 = -0.129984
P_13_6_13 = 0.171656
theta_8 = -0.0872596
P_14_7_8 = -0.0142389
P_15_7_9 = 0.288773
theta_10 = -0.126554
P_16_9_10 = 0.0593847
theta_14 = -0.147902
P_17_9_14 = 0.0975153
P_18_10_11 = -0.0306153
P_19_12_13 = 0.0148286
P_20_13_14 = 0.0514847
IP_1 = 2.19333
IP_2 = 0.165426
IP_3 = -0.942
IP_4 = -0.478
IP_5 = -0.076
IP_6 = -0.111997
IP_8 = 0.0142389
IP_9 = -0.295
IP_10 = -0.09
IP_11 = -0.035
IP_12 = -0.061
IP_13 = -0.135
IP_14 = -0.149
IMP = 3.21807
53 nonzero variables in solution
Getting impact at iteration_cnt 3 using style 0-norm_per.
>feat: 0  name: PBaldef_1_1  numrisky: 3
 riskyterm: 0  z: z_1  card: 1  vars: ['theta_1']
 j 0 h 0 var = theta_1 xval = 0.1504899840063203 coeff = 21.38395702968055
 -> displacement 3.218e+00
 riskyterm: 1  z: z_1_1_2  card: 1  vars: ['theta_2']
 j 1 h 0 var = theta_2 xval = 0.06269633236170424 coeff = -16.90045631232043
 -> displacement -1.060e+00
 riskyterm: 2  z: z_2_1_5  card: 1  vars: ['theta_5']
 j 2 h 0 var = theta_5 xval = -0.007774580982725432 coeff = -4.483500717360115
 -> displacement 3.486e-02
 feat: PBaldef_1_1 (=)  L0norm: 3.21807  L1norm: 4.31253  L2norm: 3.38821
>feat: 1  name: PBaldef_2_2  numrisky: 5
 riskyterm: 0  z: z_2  card: 1  vars: ['theta_2']
 j 0 h 0 var = theta_2 xval = 0.06269633236170424 coeff = 33.37432576652621
 -> displacement 2.092e+00
 riskyterm: 1  z: z_3_2_3  card: 1  vars: ['theta_3']
 j 1 h 0 var = theta_3 xval = -0.07541423895886101 coeff = -5.051270394504217
 -> displacement 3.809e-01
 riskyterm: 2  z: z_4_2_4  card: 1  vars: ['theta_4']
 j 2 h 0 var = theta_4 xval = -0.033620299581509805 coeff = -5.671506352087114
 -> displacement 1.907e-01
 riskyterm: 3  z: z_5_2_5  card: 1  vars: ['theta_5']
 j 3 h 0 var = theta_5 xval = -0.007774580982725432 coeff = -5.751092707614447
 -> displacement 4.471e-02
 riskyterm: 4  z: z_1_1_2  card: 1  vars: ['theta_1']
 j 4 h 0 var = theta_1 xval = 0.1504899840063203 coeff = -16.90045631232043
 -> displacement -2.543e+00
 feat: PBaldef_2_2 (=)  L0norm: 2.54335  L1norm: 5.25213  L2norm: 3.32121
>feat: 2  name: PBaldef_3_3  numrisky: 3
 riskyterm: 0  z: z_3  card: 1  vars: ['theta_3']
 j 0 h 0 var = theta_3 xval = -0.07541423895886101 coeff = 10.89819783413469
 -> displacement -8.219e-01
 riskyterm: 1  z: z_6_3_4  card: 1  vars: ['theta_4']
 j 1 h 0 var = theta_4 xval = -0.033620299581509805 coeff = -5.846927439630474
 -> displacement 1.966e-01
 riskyterm: 2  z: z_3_2_3  card: 1  vars: ['theta_2']
 j 2 h 0 var = theta_2 xval = 0.06269633236170424 coeff = -5.051270394504217
 -> displacement -3.167e-01
 feat: PBaldef_3_3 (=)  L0norm: 0.821879  L1norm: 1.33515  L2norm: 0.902454
>feat: 3  name: PBaldef_4_4  numrisky: 6
 riskyterm: 0  z: z_4  card: 1  vars: ['theta_4']
 j 0 h 0 var = theta_4 xval = -0.033620299581509805 coeff = 42.01077443540295
 -> displacement -1.412e+00
 riskyterm: 1  z: z_7_4_5  card: 1  vars: ['theta_5']
 j 1 h 0 var = theta_5 xval = -0.007774580982725432 coeff = -23.74732842555212
 -> displacement 1.846e-01
 riskyterm: 2  z: z_8_4_7  card: 1  vars: ['theta_7']
 j 2 h 0 var = theta_7 xval = -0.08976781333024109 coeff = -4.889512660317341
 -> displacement 4.389e-01
 riskyterm: 3  z: z_9_4_9  card: 1  vars: ['theta_9']
 j 3 h 0 var = theta_9 xval = -0.12153571684577802 coeff = -1.8554995578159
 -> displacement 2.255e-01
 riskyterm: 4  z: z_4_2_4  card: 1  vars: ['theta_2']
 j 4 h 0 var = theta_2 xval = 0.06269633236170424 coeff = -5.671506352087114
 -> displacement -3.556e-01
 riskyterm: 5  z: z_6_3_4  card: 1  vars: ['theta_3']
 j 5 h 0 var = theta_3 xval = -0.07541423895886101 coeff = -5.846927439630474
 -> displacement 4.409e-01
 feat: PBaldef_4_4 (=)  L0norm: 1.41241  L1norm: 3.05799  L2norm: 1.6104
>feat: 4  name: PBaldef_5_5  numrisky: 5
 riskyterm: 0  z: z_5  card: 1  vars: ['theta_5']
 j 0 h 0 var = theta_5 xval = -0.007774580982725432 coeff = 38.23936718578007
 -> displacement -2.973e-01
 riskyterm: 1  z: z_10_5_6  card: 1  vars: ['theta_6']
 j 1 h 0 var = theta_6 xval = -0.10762254409368932 coeff = -4.257445335253384
 -> displacement 4.582e-01
 riskyterm: 2  z: z_2_1_5  card: 1  vars: ['theta_1']
 j 2 h 0 var = theta_1 xval = 0.1504899840063203 coeff = -4.483500717360115
 -> displacement -6.747e-01
 riskyterm: 3  z: z_5_2_5  card: 1  vars: ['theta_2']
 j 3 h 0 var = theta_2 xval = 0.06269633236170424 coeff = -5.751092707614447
 -> displacement -3.606e-01
 riskyterm: 4  z: z_7_4_5  card: 1  vars: ['theta_4']
 j 4 h 0 var = theta_4 xval = -0.033620299581509805 coeff = -23.74732842555212
 -> displacement 7.984e-01
 feat: PBaldef_5_5 (=)  L0norm: 0.798392  L1norm: 2.58918  L2norm: 1.2333
>feat: 5  name: PBaldef_6_6  numrisky: 5
 riskyterm: 0  z: z_6  card: 1  vars: ['theta_6']
 j 0 h 0 var = theta_6 xval = -0.10762254409368932 coeff = 20.87061321876194
 -> displacement -2.246e+00
 riskyterm: 1  z: z_11_6_11  card: 1  vars: ['theta_11']
 j 1 h 0 var = theta_11 xval = -0.12067343256259022 coeff = -5.027652086475616
 -> displacement 6.067e-01
 riskyterm: 2  z: z_12_6_12  card: 1  vars: ['theta_12']
 j 2 h 0 var = theta_12 xval = -0.12702025176634635 coeff = -3.909151323247723
 -> displacement 4.965e-01
 riskyterm: 3  z: z_13_6_13  card: 1  vars: ['theta_13']
 j 3 h 0 var = theta_13 xval = -0.12998418928688427 coeff = -7.676364473785216
 -> displacement 9.978e-01
 riskyterm: 4  z: z_10_5_6  card: 1  vars: ['theta_5']
 j 4 h 0 var = theta_5 xval = -0.007774580982725432 coeff = -4.257445335253384
 -> displacement 3.310e-02
 feat: PBaldef_6_6 (=)  L0norm: 2.24615  L1norm: 4.3803  L2norm: 2.58003
>feat: 6  name: PBaldef_7_7  numrisky: 4
 riskyterm: 0  z: z_7  card: 1  vars: ['theta_7']
 j 0 h 0 var = theta_7 xval = -0.08976781333024109 coeff = 19.65657522679163
 -> displacement -1.765e+00
 riskyterm: 1  z: z_14_7_8  card: 1  vars: ['theta_8']
 j 1 h 0 var = theta_8 xval = -0.08725963229750633 coeff = -5.676979846721544
 -> displacement 4.954e-01
 riskyterm: 2  z: z_15_7_9  card: 1  vars: ['theta_9']
 j 2 h 0 var = theta_9 xval = -0.12153571684577802 coeff = -9.09008271975275
 -> displacement 1.105e+00
 riskyterm: 3  z: z_8_4_7  card: 1  vars: ['theta_4']
 j 3 h 0 var = theta_4 xval = -0.033620299581509805 coeff = -4.889512660317341
 -> displacement 1.644e-01
 feat: PBaldef_7_7 (=)  L0norm: 1.76453  L1norm: 3.52906  L2norm: 2.14627
>feat: 7  name: PBaldef_8_8  numrisky: 2
 riskyterm: 0  z: z_8  card: 1  vars: ['theta_8']
 j 0 h 0 var = theta_8 xval = -0.08725963229750633 coeff = 5.676979846721544
 -> displacement -4.954e-01
 riskyterm: 1  z: z_14_7_8  card: 1  vars: ['theta_7']
 j 1 h 0 var = theta_7 xval = -0.08976781333024109 coeff = -5.676979846721544
 -> displacement 5.096e-01
 feat: PBaldef_8_8 (=)  L0norm: 0.50961  L1norm: 1.00498  L2norm: 0.7107
>feat: 8  name: PBaldef_9_9  numrisky: 5
 riskyterm: 0  z: z_9  card: 1  vars: ['theta_9']
 j 0 h 0 var = theta_9 xval = -0.12153571684577802 coeff = 26.47840021384155
 -> displacement -3.218e+00
 riskyterm: 1  z: z_16_9_10  card: 1  vars: ['theta_10']
 j 1 h 0 var = theta_10 xval = -0.1265537201249769 coeff = -11.83431952662722
 -> displacement 1.498e+00
 riskyterm: 2  z: z_17_9_14  card: 1  vars: ['theta_14']
 j 2 h 0 var = theta_14 xval = -0.14790189951374 coeff = -3.698498409645684
 -> displacement 5.470e-01
 riskyterm: 3  z: z_9_4_9  card: 1  vars: ['theta_4']
 j 3 h 0 var = theta_4 xval = -0.033620299581509805 coeff = -1.8554995578159
 -> displacement 6.238e-02
 riskyterm: 4  z: z_15_7_9  card: 1  vars: ['theta_7']
 j 4 h 0 var = theta_7 xval = -0.08976781333024109 coeff = -9.09008271975275
 -> displacement 8.160e-01
 feat: PBaldef_9_9 (=)  L0norm: 3.21807  L1norm: 6.14114  L2norm: 3.68347
>feat: 9  name: PBaldef_10_10  numrisky: 3
 riskyterm: 0  z: z_10  card: 1  vars: ['theta_10']
 j 0 h 0 var = theta_10 xval = -0.1265537201249769 coeff = 17.04075468047738
 -> displacement -2.157e+00
 riskyterm: 1  z: z_18_10_11  card: 1  vars: ['theta_11']
 j 1 h 0 var = theta_11 xval = -0.12067343256259022 coeff = -5.206435153850159
 -> displacement 6.283e-01
 riskyterm: 2  z: z_16_9_10  card: 1  vars: ['theta_9']
 j 2 h 0 var = theta_9 xval = -0.12153571684577802 coeff = -11.83431952662722
 -> displacement 1.438e+00
 feat: PBaldef_10_10 (=)  L0norm: 2.15657  L1norm: 4.22314  L2norm: 2.66725
>feat: 10  name: PBaldef_11_11  numrisky: 3
 riskyterm: 0  z: z_11  card: 1  vars: ['theta_11']
 j 0 h 0 var = theta_11 xval = -0.12067343256259022 coeff = 10.23408724032577
 -> displacement -1.235e+00
 riskyterm: 1  z: z_11_6_11  card: 1  vars: ['theta_6']
 j 1 h 0 var = theta_6 xval = -0.10762254409368932 coeff = -5.027652086475616
 -> displacement 5.411e-01
 riskyterm: 2  z: z_18_10_11  card: 1  vars: ['theta_10']
 j 2 h 0 var = theta_10 xval = -0.1265537201249769 coeff = -5.206435153850159
 -> displacement 6.589e-01
 feat: PBaldef_11_11 (=)  L0norm: 1.23498  L1norm: 2.43496  L2norm: 1.5007
>feat: 11  name: PBaldef_12_12  numrisky: 3
 riskyterm: 0  z: z_12  card: 1  vars: ['theta_12']
 j 0 h 0 var = theta_12 xval = -0.12702025176634635 coeff = 8.912153124328372
 -> displacement -1.132e+00
 riskyterm: 1  z: z_19_12_13  card: 1  vars: ['theta_13']
 j 1 h 0 var = theta_13 xval = -0.12998418928688427 coeff = -5.003001801080648
 -> displacement 6.503e-01
 riskyterm: 2  z: z_12_6_12  card: 1  vars: ['theta_6']
 j 2 h 0 var = theta_6 xval = -0.10762254409368932 coeff = -3.909151323247723
 -> displacement 4.207e-01
 feat: PBaldef_12_12 (=)  L0norm: 1.13202  L1norm: 2.20305  L2norm: 1.37163
>feat: 12  name: PBaldef_13_13  numrisky: 4
 riskyterm: 0  z: z_13  card: 1  vars: ['theta_13']
 j 0 h 0 var = theta_13 xval = -0.12998418928688427 coeff = 15.55276435543595
 -> displacement -2.022e+00
 riskyterm: 1  z: z_20_13_14  card: 1  vars: ['theta_14']
 j 1 h 0 var = theta_14 xval = -0.14790189951374 coeff = -2.873398080570082
 -> displacement 4.250e-01
 riskyterm: 2  z: z_13_6_13  card: 1  vars: ['theta_6']
 j 2 h 0 var = theta_6 xval = -0.10762254409368932 coeff = -7.676364473785216
 -> displacement 8.261e-01
 riskyterm: 3  z: z_19_12_13  card: 1  vars: ['theta_12']
 j 3 h 0 var = theta_12 xval = -0.12702025176634635 coeff = -5.003001801080648
 -> displacement 6.355e-01
 feat: PBaldef_13_13 (=)  L0norm: 2.02161  L1norm: 3.90823  L2norm: 2.31385
>feat: 13  name: PBaldef_14_14  numrisky: 3
 riskyterm: 0  z: z_14  card: 1  vars: ['theta_14']
 j 0 h 0 var = theta_14 xval = -0.14790189951374 coeff = 6.571896490215765
 -> displacement -9.720e-01
 riskyterm: 1  z: z_17_9_14  card: 1  vars: ['theta_9']
 j 1 h 0 var = theta_9 xval = -0.12153571684577802 coeff = -3.698498409645684
 -> displacement 4.495e-01
 riskyterm: 2  z: z_20_13_14  card: 1  vars: ['theta_13']
 j 2 h 0 var = theta_13 xval = -0.12998418928688427 coeff = -2.873398080570082
 -> displacement 3.735e-01
 feat: PBaldef_14_14 (=)  L0norm: 0.971996  L1norm: 1.79499  L2norm: 1.13416
Max feature value: 3.21807 at 0  L1-norm: 4.31253  L2-norm: 3.38821.
Counter: 0  feature: 0  delta: 3.218e+00  ind: 0
Counter: 1  feature: 8  delta: 3.218e+00  ind: 0
Counter: 2  feature: 1  delta: 2.543e+00  ind: 4
Counter: 3  feature: 5  delta: 2.246e+00  ind: 0
Counter: 4  feature: 9  delta: 2.157e+00  ind: 0
Counter: 5  feature: 12  delta: 2.022e+00  ind: 0
Counter: 6  feature: 6  delta: 1.765e+00  ind: 0
Counter: 7  feature: 3  delta: 1.412e+00  ind: 0
Counter: 8  feature: 10  delta: 1.235e+00  ind: 0
Counter: 9  feature: 11  delta: 1.132e+00  ind: 0
Counter: 10  feature: 13  delta: 9.720e-01  ind: 0
Counter: 11  feature: 2  delta: 8.219e-01  ind: 0
Counter: 12  feature: 4  delta: 7.984e-01  ind: 4
Counter: 13  feature: 7  delta: 5.096e-01  ind: 1
Iteration 3.  Obj 7644.1  Impact 3.2181.
Adding greedy cuts at iteration_cnt 3.
Writing LP to file form_3.lp.
Solving Model
  variables = 55
  constraints = 56
 OPTIMAL. optimal value: 7.8175e+03 in time 1.0822e-03Optimal objective = 7817.53
Optimal variable values:
GP_1_1 = 2.19333
GP_2_2 = 0.382426
GP_4_6 = 2.81669e-06
GP_5_8 = 0.014239
constant = 1
theta_1 = 0.15049
theta_2 = 0.0626963
P_1_1_2 = 1.48375
theta_5 = -0.00777458
P_2_1_5 = 0.709579
theta_3 = -0.0754142
P_3_2_3 = 0.697634
theta_4 = -0.0336203
P_4_2_4 = 0.54626
P_5_2_5 = 0.405285
P_6_3_4 = -0.244366
P_7_4_5 = -0.613767
theta_7 = -0.0897678
P_8_4_7 = 0.274534
theta_9 = -0.121536
P_9_4_9 = 0.163127
theta_6 = -0.107623
P_10_5_6 = 0.425097
theta_11 = -0.120673
P_11_6_11 = 0.0656153
theta_12 = -0.12702
P_12_6_12 = 0.0758286
theta_13 = -0.129984
P_13_6_13 = 0.171656
theta_8 = -0.0872596
P_14_7_8 = -0.014239
P_15_7_9 = 0.288773
theta_10 = -0.126554
P_16_9_10 = 0.0593847
theta_14 = -0.147902
P_17_9_14 = 0.0975153
P_18_10_11 = -0.0306153
P_19_12_13 = 0.0148286
P_20_13_14 = 0.0514847
IP_1 = 2.19333
IP_2 = 0.165426
IP_3 = -0.942
IP_4 = -0.478
IP_5 = -0.076
IP_6 = -0.111997
IP_8 = 0.014239
IP_9 = -0.295
IP_10 = -0.09
IP_11 = -0.035
IP_12 = -0.061
IP_13 = -0.135
IP_14 = -0.149
IMP = 3.21807
53 nonzero variables in solution
Getting impact at iteration_cnt 4 using style 0-norm_per.
>feat: 0  name: PBaldef_1_1  numrisky: 3
 riskyterm: 0  z: z_1  card: 1  vars: ['theta_1']
 j 0 h 0 var = theta_1 xval = 0.15048997869789016 coeff = 21.38395702968055
 -> displacement 3.218e+00
 riskyterm: 1  z: z_1_1_2  card: 1  vars: ['theta_2']
 j 1 h 0 var = theta_2 xval = 0.06269632564287697 coeff = -16.90045631232043
 -> displacement -1.060e+00
 riskyterm: 2  z: z_2_1_5  card: 1  vars: ['theta_5']
 j 2 h 0 var = theta_5 xval = -0.007774583165276461 coeff = -4.483500717360115
 -> displacement 3.486e-02
 feat: PBaldef_1_1 (=)  L0norm: 3.21807  L1norm: 4.31253  L2norm: 3.38821
>feat: 1  name: PBaldef_2_2  numrisky: 5
 riskyterm: 0  z: z_2  card: 1  vars: ['theta_2']
 j 0 h 0 var = theta_2 xval = 0.06269632564287697 coeff = 33.37432576652621
 -> displacement 2.092e+00
 riskyterm: 1  z: z_3_2_3  card: 1  vars: ['theta_3']
 j 1 h 0 var = theta_3 xval = -0.0754142427610196 coeff = -5.051270394504217
 -> displacement 3.809e-01
 riskyterm: 2  z: z_4_2_4  card: 1  vars: ['theta_4']
 j 2 h 0 var = theta_4 xval = -0.033620300224728616 coeff = -5.671506352087114
 -> displacement 1.907e-01
 riskyterm: 3  z: z_5_2_5  card: 1  vars: ['theta_5']
 j 3 h 0 var = theta_5 xval = -0.007774583165276461 coeff = -5.751092707614447
 -> displacement 4.471e-02
 riskyterm: 4  z: z_1_1_2  card: 1  vars: ['theta_1']
 j 4 h 0 var = theta_1 xval = 0.15048997869789016 coeff = -16.90045631232043
 -> displacement -2.543e+00
 feat: PBaldef_2_2 (=)  L0norm: 2.54335  L1norm: 5.25212  L2norm: 3.32121
>feat: 2  name: PBaldef_3_3  numrisky: 3
 riskyterm: 0  z: z_3  card: 1  vars: ['theta_3']
 j 0 h 0 var = theta_3 xval = -0.0754142427610196 coeff = 10.89819783413469
 -> displacement -8.219e-01
 riskyterm: 1  z: z_6_3_4  card: 1  vars: ['theta_4']
 j 1 h 0 var = theta_4 xval = -0.033620300224728616 coeff = -5.846927439630474
 -> displacement 1.966e-01
 riskyterm: 2  z: z_3_2_3  card: 1  vars: ['theta_2']
 j 2 h 0 var = theta_2 xval = 0.06269632564287697 coeff = -5.051270394504217
 -> displacement -3.167e-01
 feat: PBaldef_3_3 (=)  L0norm: 0.821879  L1norm: 1.33515  L2norm: 0.902454
>feat: 3  name: PBaldef_4_4  numrisky: 6
 riskyterm: 0  z: z_4  card: 1  vars: ['theta_4']
 j 0 h 0 var = theta_4 xval = -0.033620300224728616 coeff = 42.01077443540295
 -> displacement -1.412e+00
 riskyterm: 1  z: z_7_4_5  card: 1  vars: ['theta_5']
 j 1 h 0 var = theta_5 xval = -0.007774583165276461 coeff = -23.74732842555212
 -> displacement 1.846e-01
 riskyterm: 2  z: z_8_4_7  card: 1  vars: ['theta_7']
 j 2 h 0 var = theta_7 xval = -0.08976780131476303 coeff = -4.889512660317341
 -> displacement 4.389e-01
 riskyterm: 3  z: z_9_4_9  card: 1  vars: ['theta_9']
 j 3 h 0 var = theta_9 xval = -0.1215357114165716 coeff = -1.8554995578159
 -> displacement 2.255e-01
 riskyterm: 4  z: z_4_2_4  card: 1  vars: ['theta_2']
 j 4 h 0 var = theta_2 xval = 0.06269632564287697 coeff = -5.671506352087114
 -> displacement -3.556e-01
 riskyterm: 5  z: z_6_3_4  card: 1  vars: ['theta_3']
 j 5 h 0 var = theta_3 xval = -0.0754142427610196 coeff = -5.846927439630474
 -> displacement 4.409e-01
 feat: PBaldef_4_4 (=)  L0norm: 1.41241  L1norm: 3.05799  L2norm: 1.6104
>feat: 4  name: PBaldef_5_5  numrisky: 5
 riskyterm: 0  z: z_5  card: 1  vars: ['theta_5']
 j 0 h 0 var = theta_5 xval = -0.007774583165276461 coeff = 38.23936718578007
 -> displacement -2.973e-01
 riskyterm: 1  z: z_10_5_6  card: 1  vars: ['theta_6']
 j 1 h 0 var = theta_6 xval = -0.10762254159232754 coeff = -4.257445335253384
 -> displacement 4.582e-01
 riskyterm: 2  z: z_2_1_5  card: 1  vars: ['theta_1']
 j 2 h 0 var = theta_1 xval = 0.15048997869789016 coeff = -4.483500717360115
 -> displacement -6.747e-01
 riskyterm: 3  z: z_5_2_5  card: 1  vars: ['theta_2']
 j 3 h 0 var = theta_2 xval = 0.06269632564287697 coeff = -5.751092707614447
 -> displacement -3.606e-01
 riskyterm: 4  z: z_7_4_5  card: 1  vars: ['theta_4']
 j 4 h 0 var = theta_4 xval = -0.033620300224728616 coeff = -23.74732842555212
 -> displacement 7.984e-01
 feat: PBaldef_5_5 (=)  L0norm: 0.798392  L1norm: 2.58918  L2norm: 1.2333
>feat: 5  name: PBaldef_6_6  numrisky: 5
 riskyterm: 0  z: z_6  card: 1  vars: ['theta_6']
 j 0 h 0 var = theta_6 xval = -0.10762254159232754 coeff = 20.87061321876194
 -> displacement -2.246e+00
 riskyterm: 1  z: z_11_6_11  card: 1  vars: ['theta_11']
 j 1 h 0 var = theta_11 xval = -0.12067343134485053 coeff = -5.027652086475616
 -> displacement 6.067e-01
 riskyterm: 2  z: z_12_6_12  card: 1  vars: ['theta_12']
 j 2 h 0 var = theta_12 xval = -0.1270202489247847 coeff = -3.909151323247723
 -> displacement 4.965e-01
 riskyterm: 3  z: z_13_6_13  card: 1  vars: ['theta_13']
 j 3 h 0 var = theta_13 xval = -0.12998418536357637 coeff = -7.676364473785216
 -> displacement 9.978e-01
 riskyterm: 4  z: z_10_5_6  card: 1  vars: ['theta_5']
 j 4 h 0 var = theta_5 xval = -0.007774583165276461 coeff = -4.257445335253384
 -> displacement 3.310e-02
 feat: PBaldef_6_6 (=)  L0norm: 2.24615  L1norm: 4.3803  L2norm: 2.58003
>feat: 6  name: PBaldef_7_7  numrisky: 4
 riskyterm: 0  z: z_7  card: 1  vars: ['theta_7']
 j 0 h 0 var = theta_7 xval = -0.08976780131476303 coeff = 19.65657522679163
 -> displacement -1.765e+00
 riskyterm: 1  z: z_14_7_8  card: 1  vars: ['theta_8']
 j 1 h 0 var = theta_8 xval = -0.08725959732617294 coeff = -5.676979846721544
 -> displacement 4.954e-01
 riskyterm: 2  z: z_15_7_9  card: 1  vars: ['theta_9']
 j 2 h 0 var = theta_9 xval = -0.1215357114165716 coeff = -9.09008271975275
 -> displacement 1.105e+00
 riskyterm: 3  z: z_8_4_7  card: 1  vars: ['theta_4']
 j 3 h 0 var = theta_4 xval = -0.033620300224728616 coeff = -4.889512660317341
 -> displacement 1.644e-01
 feat: PBaldef_7_7 (=)  L0norm: 1.76453  L1norm: 3.52906  L2norm: 2.14627
>feat: 7  name: PBaldef_8_8  numrisky: 2
 riskyterm: 0  z: z_8  card: 1  vars: ['theta_8']
 j 0 h 0 var = theta_8 xval = -0.08725959732617294 coeff = 5.676979846721544
 -> displacement -4.954e-01
 riskyterm: 1  z: z_14_7_8  card: 1  vars: ['theta_7']
 j 1 h 0 var = theta_7 xval = -0.08976780131476303 coeff = -5.676979846721544
 -> displacement 5.096e-01
 feat: PBaldef_8_8 (=)  L0norm: 0.50961  L1norm: 1.00498  L2norm: 0.7107
>feat: 8  name: PBaldef_9_9  numrisky: 5
 riskyterm: 0  z: z_9  card: 1  vars: ['theta_9']
 j 0 h 0 var = theta_9 xval = -0.1215357114165716 coeff = 26.47840021384155
 -> displacement -3.218e+00
 riskyterm: 1  z: z_16_9_10  card: 1  vars: ['theta_10']
 j 1 h 0 var = theta_10 xval = -0.12655371726079245 coeff = -11.83431952662722
 -> displacement 1.498e+00
 riskyterm: 2  z: z_17_9_14  card: 1  vars: ['theta_14']
 j 2 h 0 var = theta_14 xval = -0.14790189501754902 coeff = -3.698498409645684
 -> displacement 5.470e-01
 riskyterm: 3  z: z_9_4_9  card: 1  vars: ['theta_4']
 j 3 h 0 var = theta_4 xval = -0.033620300224728616 coeff = -1.8554995578159
 -> displacement 6.238e-02
 riskyterm: 4  z: z_15_7_9  card: 1  vars: ['theta_7']
 j 4 h 0 var = theta_7 xval = -0.08976780131476303 coeff = -9.09008271975275
 -> displacement 8.160e-01
 feat: PBaldef_9_9 (=)  L0norm: 3.21807  L1norm: 6.14114  L2norm: 3.68347
>feat: 9  name: PBaldef_10_10  numrisky: 3
 riskyterm: 0  z: z_10  card: 1  vars: ['theta_10']
 j 0 h 0 var = theta_10 xval = -0.12655371726079245 coeff = 17.04075468047738
 -> displacement -2.157e+00
 riskyterm: 1  z: z_18_10_11  card: 1  vars: ['theta_11']
 j 1 h 0 var = theta_11 xval = -0.12067343134485053 coeff = -5.206435153850159
 -> displacement 6.283e-01
 riskyterm: 2  z: z_16_9_10  card: 1  vars: ['theta_9']
 j 2 h 0 var = theta_9 xval = -0.1215357114165716 coeff = -11.83431952662722
 -> displacement 1.438e+00
 feat: PBaldef_10_10 (=)  L0norm: 2.15657  L1norm: 4.22314  L2norm: 2.66725
>feat: 10  name: PBaldef_11_11  numrisky: 3
 riskyterm: 0  z: z_11  card: 1  vars: ['theta_11']
 j 0 h 0 var = theta_11 xval = -0.12067343134485053 coeff = 10.23408724032577
 -> displacement -1.235e+00
 riskyterm: 1  z: z_11_6_11  card: 1  vars: ['theta_6']
 j 1 h 0 var = theta_6 xval = -0.10762254159232754 coeff = -5.027652086475616
 -> displacement 5.411e-01
 riskyterm: 2  z: z_18_10_11  card: 1  vars: ['theta_10']
 j 2 h 0 var = theta_10 xval = -0.12655371726079245 coeff = -5.206435153850159
 -> displacement 6.589e-01
 feat: PBaldef_11_11 (=)  L0norm: 1.23498  L1norm: 2.43496  L2norm: 1.5007
>feat: 11  name: PBaldef_12_12  numrisky: 3
 riskyterm: 0  z: z_12  card: 1  vars: ['theta_12']
 j 0 h 0 var = theta_12 xval = -0.1270202489247847 coeff = 8.912153124328372
 -> displacement -1.132e+00
 riskyterm: 1  z: z_19_12_13  card: 1  vars: ['theta_13']
 j 1 h 0 var = theta_13 xval = -0.12998418536357637 coeff = -5.003001801080648
 -> displacement 6.503e-01
 riskyterm: 2  z: z_12_6_12  card: 1  vars: ['theta_6']
 j 2 h 0 var = theta_6 xval = -0.10762254159232754 coeff = -3.909151323247723
 -> displacement 4.207e-01
 feat: PBaldef_12_12 (=)  L0norm: 1.13202  L1norm: 2.20305  L2norm: 1.37163
>feat: 12  name: PBaldef_13_13  numrisky: 4
 riskyterm: 0  z: z_13  card: 1  vars: ['theta_13']
 j 0 h 0 var = theta_13 xval = -0.12998418536357637 coeff = 15.55276435543595
 -> displacement -2.022e+00
 riskyterm: 1  z: z_20_13_14  card: 1  vars: ['theta_14']
 j 1 h 0 var = theta_14 xval = -0.14790189501754902 coeff = -2.873398080570082
 -> displacement 4.250e-01
 riskyterm: 2  z: z_13_6_13  card: 1  vars: ['theta_6']
 j 2 h 0 var = theta_6 xval = -0.10762254159232754 coeff = -7.676364473785216
 -> displacement 8.261e-01
 riskyterm: 3  z: z_19_12_13  card: 1  vars: ['theta_12']
 j 3 h 0 var = theta_12 xval = -0.1270202489247847 coeff = -5.003001801080648
 -> displacement 6.355e-01
 feat: PBaldef_13_13 (=)  L0norm: 2.02161  L1norm: 3.90823  L2norm: 2.31385
>feat: 13  name: PBaldef_14_14  numrisky: 3
 riskyterm: 0  z: z_14  card: 1  vars: ['theta_14']
 j 0 h 0 var = theta_14 xval = -0.14790189501754902 coeff = 6.571896490215765
 -> displacement -9.720e-01
 riskyterm: 1  z: z_17_9_14  card: 1  vars: ['theta_9']
 j 1 h 0 var = theta_9 xval = -0.1215357114165716 coeff = -3.698498409645684
 -> displacement 4.495e-01
 riskyterm: 2  z: z_20_13_14  card: 1  vars: ['theta_13']
 j 2 h 0 var = theta_13 xval = -0.12998418536357637 coeff = -2.873398080570082
 -> displacement 3.735e-01
 feat: PBaldef_14_14 (=)  L0norm: 0.971996  L1norm: 1.79499  L2norm: 1.13416
Max feature value: 3.21807 at 0  L1-norm: 4.31253  L2-norm: 3.38821.
Counter: 0  feature: 0  delta: 3.218e+00  ind: 0
Counter: 1  feature: 8  delta: 3.218e+00  ind: 0
Counter: 2  feature: 1  delta: 2.543e+00  ind: 4
Counter: 3  feature: 5  delta: 2.246e+00  ind: 0
Counter: 4  feature: 9  delta: 2.157e+00  ind: 0
Counter: 5  feature: 12  delta: 2.022e+00  ind: 0
Counter: 6  feature: 6  delta: 1.765e+00  ind: 0
Counter: 7  feature: 3  delta: 1.412e+00  ind: 0
Counter: 8  feature: 10  delta: 1.235e+00  ind: 0
Counter: 9  feature: 11  delta: 1.132e+00  ind: 0
Counter: 10  feature: 13  delta: 9.720e-01  ind: 0
Counter: 11  feature: 2  delta: 8.219e-01  ind: 0
Counter: 12  feature: 4  delta: 7.984e-01  ind: 4
Counter: 13  feature: 7  delta: 5.096e-01  ind: 1
Iteration 4.  Obj 7644.1  Impact 3.2181.
Adding greedy cuts at iteration_cnt 4.
Writing LP to file form_4.lp.
Solving Model
  variables = 55
  constraints = 58
 OPTIMAL. optimal value: 7.8175e+03 in time 1.7111e-03Optimal objective = 7817.53
Optimal variable values:
GP_1_1 = 2.19333
GP_2_2 = 0.382426
GP_4_6 = 2.81669e-06
GP_5_8 = 0.014239
constant = 1
theta_1 = 0.15049
theta_2 = 0.0626963
P_1_1_2 = 1.48375
theta_5 = -0.00777458
P_2_1_5 = 0.709579
theta_3 = -0.0754142
P_3_2_3 = 0.697634
theta_4 = -0.0336203
P_4_2_4 = 0.54626
P_5_2_5 = 0.405285
P_6_3_4 = -0.244366
P_7_4_5 = -0.613767
theta_7 = -0.0897678
P_8_4_7 = 0.274534
theta_9 = -0.121536
P_9_4_9 = 0.163127
theta_6 = -0.107623
P_10_5_6 = 0.425097
theta_11 = -0.120673
P_11_6_11 = 0.0656153
theta_12 = -0.12702
P_12_6_12 = 0.0758286
theta_13 = -0.129984
P_13_6_13 = 0.171656
theta_8 = -0.0872596
P_14_7_8 = -0.014239
P_15_7_9 = 0.288773
theta_10 = -0.126554
P_16_9_10 = 0.0593847
theta_14 = -0.147902
P_17_9_14 = 0.0975153
P_18_10_11 = -0.0306153
P_19_12_13 = 0.0148286
P_20_13_14 = 0.0514847
IP_1 = 2.19333
IP_2 = 0.165426
IP_3 = -0.942
IP_4 = -0.478
IP_5 = -0.076
IP_6 = -0.111997
IP_8 = 0.014239
IP_9 = -0.295
IP_10 = -0.09
IP_11 = -0.035
IP_12 = -0.061
IP_13 = -0.135
IP_14 = -0.149
IMP = 3.21807
53 nonzero variables in solution
Getting impact at iteration_cnt 5 using style 0-norm_per.
>feat: 0  name: PBaldef_1_1  numrisky: 3
 riskyterm: 0  z: z_1  card: 1  vars: ['theta_1']
 j 0 h 0 var = theta_1 xval = 0.15048997869789016 coeff = 21.38395702968055
 -> displacement 3.218e+00
 riskyterm: 1  z: z_1_1_2  card: 1  vars: ['theta_2']
 j 1 h 0 var = theta_2 xval = 0.06269632564287697 coeff = -16.90045631232043
 -> displacement -1.060e+00
 riskyterm: 2  z: z_2_1_5  card: 1  vars: ['theta_5']
 j 2 h 0 var = theta_5 xval = -0.007774583165276461 coeff = -4.483500717360115
 -> displacement 3.486e-02
 feat: PBaldef_1_1 (=)  L0norm: 3.21807  L1norm: 4.31253  L2norm: 3.38821
>feat: 1  name: PBaldef_2_2  numrisky: 5
 riskyterm: 0  z: z_2  card: 1  vars: ['theta_2']
 j 0 h 0 var = theta_2 xval = 0.06269632564287697 coeff = 33.37432576652621
 -> displacement 2.092e+00
 riskyterm: 1  z: z_3_2_3  card: 1  vars: ['theta_3']
 j 1 h 0 var = theta_3 xval = -0.0754142427610196 coeff = -5.051270394504217
 -> displacement 3.809e-01
 riskyterm: 2  z: z_4_2_4  card: 1  vars: ['theta_4']
 j 2 h 0 var = theta_4 xval = -0.033620300224728616 coeff = -5.671506352087114
 -> displacement 1.907e-01
 riskyterm: 3  z: z_5_2_5  card: 1  vars: ['theta_5']
 j 3 h 0 var = theta_5 xval = -0.007774583165276461 coeff = -5.751092707614447
 -> displacement 4.471e-02
 riskyterm: 4  z: z_1_1_2  card: 1  vars: ['theta_1']
 j 4 h 0 var = theta_1 xval = 0.15048997869789016 coeff = -16.90045631232043
 -> displacement -2.543e+00
 feat: PBaldef_2_2 (=)  L0norm: 2.54335  L1norm: 5.25212  L2norm: 3.32121
>feat: 2  name: PBaldef_3_3  numrisky: 3
 riskyterm: 0  z: z_3  card: 1  vars: ['theta_3']
 j 0 h 0 var = theta_3 xval = -0.0754142427610196 coeff = 10.89819783413469
 -> displacement -8.219e-01
 riskyterm: 1  z: z_6_3_4  card: 1  vars: ['theta_4']
 j 1 h 0 var = theta_4 xval = -0.033620300224728616 coeff = -5.846927439630474
 -> displacement 1.966e-01
 riskyterm: 2  z: z_3_2_3  card: 1  vars: ['theta_2']
 j 2 h 0 var = theta_2 xval = 0.06269632564287697 coeff = -5.051270394504217
 -> displacement -3.167e-01
 feat: PBaldef_3_3 (=)  L0norm: 0.821879  L1norm: 1.33515  L2norm: 0.902454
>feat: 3  name: PBaldef_4_4  numrisky: 6
 riskyterm: 0  z: z_4  card: 1  vars: ['theta_4']
 j 0 h 0 var = theta_4 xval = -0.033620300224728616 coeff = 42.01077443540295
 -> displacement -1.412e+00
 riskyterm: 1  z: z_7_4_5  card: 1  vars: ['theta_5']
 j 1 h 0 var = theta_5 xval = -0.007774583165276461 coeff = -23.74732842555212
 -> displacement 1.846e-01
 riskyterm: 2  z: z_8_4_7  card: 1  vars: ['theta_7']
 j 2 h 0 var = theta_7 xval = -0.08976780131476303 coeff = -4.889512660317341
 -> displacement 4.389e-01
 riskyterm: 3  z: z_9_4_9  card: 1  vars: ['theta_9']
 j 3 h 0 var = theta_9 xval = -0.1215357114165716 coeff = -1.8554995578159
 -> displacement 2.255e-01
 riskyterm: 4  z: z_4_2_4  card: 1  vars: ['theta_2']
 j 4 h 0 var = theta_2 xval = 0.06269632564287697 coeff = -5.671506352087114
 -> displacement -3.556e-01
 riskyterm: 5  z: z_6_3_4  card: 1  vars: ['theta_3']
 j 5 h 0 var = theta_3 xval = -0.0754142427610196 coeff = -5.846927439630474
 -> displacement 4.409e-01
 feat: PBaldef_4_4 (=)  L0norm: 1.41241  L1norm: 3.05799  L2norm: 1.6104
>feat: 4  name: PBaldef_5_5  numrisky: 5
 riskyterm: 0  z: z_5  card: 1  vars: ['theta_5']
 j 0 h 0 var = theta_5 xval = -0.007774583165276461 coeff = 38.23936718578007
 -> displacement -2.973e-01
 riskyterm: 1  z: z_10_5_6  card: 1  vars: ['theta_6']
 j 1 h 0 var = theta_6 xval = -0.10762254159232754 coeff = -4.257445335253384
 -> displacement 4.582e-01
 riskyterm: 2  z: z_2_1_5  card: 1  vars: ['theta_1']
 j 2 h 0 var = theta_1 xval = 0.15048997869789016 coeff = -4.483500717360115
 -> displacement -6.747e-01
 riskyterm: 3  z: z_5_2_5  card: 1  vars: ['theta_2']
 j 3 h 0 var = theta_2 xval = 0.06269632564287697 coeff = -5.751092707614447
 -> displacement -3.606e-01
 riskyterm: 4  z: z_7_4_5  card: 1  vars: ['theta_4']
 j 4 h 0 var = theta_4 xval = -0.033620300224728616 coeff = -23.74732842555212
 -> displacement 7.984e-01
 feat: PBaldef_5_5 (=)  L0norm: 0.798392  L1norm: 2.58918  L2norm: 1.2333
>feat: 5  name: PBaldef_6_6  numrisky: 5
 riskyterm: 0  z: z_6  card: 1  vars: ['theta_6']
 j 0 h 0 var = theta_6 xval = -0.10762254159232754 coeff = 20.87061321876194
 -> displacement -2.246e+00
 riskyterm: 1  z: z_11_6_11  card: 1  vars: ['theta_11']
 j 1 h 0 var = theta_11 xval = -0.12067343134485053 coeff = -5.027652086475616
 -> displacement 6.067e-01
 riskyterm: 2  z: z_12_6_12  card: 1  vars: ['theta_12']
 j 2 h 0 var = theta_12 xval = -0.1270202489247847 coeff = -3.909151323247723
 -> displacement 4.965e-01
 riskyterm: 3  z: z_13_6_13  card: 1  vars: ['theta_13']
 j 3 h 0 var = theta_13 xval = -0.12998418536357637 coeff = -7.676364473785216
 -> displacement 9.978e-01
 riskyterm: 4  z: z_10_5_6  card: 1  vars: ['theta_5']
 j 4 h 0 var = theta_5 xval = -0.007774583165276461 coeff = -4.257445335253384
 -> displacement 3.310e-02
 feat: PBaldef_6_6 (=)  L0norm: 2.24615  L1norm: 4.3803  L2norm: 2.58003
>feat: 6  name: PBaldef_7_7  numrisky: 4
 riskyterm: 0  z: z_7  card: 1  vars: ['theta_7']
 j 0 h 0 var = theta_7 xval = -0.08976780131476303 coeff = 19.65657522679163
 -> displacement -1.765e+00
 riskyterm: 1  z: z_14_7_8  card: 1  vars: ['theta_8']
 j 1 h 0 var = theta_8 xval = -0.08725959732617294 coeff = -5.676979846721544
 -> displacement 4.954e-01
 riskyterm: 2  z: z_15_7_9  card: 1  vars: ['theta_9']
 j 2 h 0 var = theta_9 xval = -0.1215357114165716 coeff = -9.09008271975275
 -> displacement 1.105e+00
 riskyterm: 3  z: z_8_4_7  card: 1  vars: ['theta_4']
 j 3 h 0 var = theta_4 xval = -0.033620300224728616 coeff = -4.889512660317341
 -> displacement 1.644e-01
 feat: PBaldef_7_7 (=)  L0norm: 1.76453  L1norm: 3.52906  L2norm: 2.14627
>feat: 7  name: PBaldef_8_8  numrisky: 2
 riskyterm: 0  z: z_8  card: 1  vars: ['theta_8']
 j 0 h 0 var = theta_8 xval = -0.08725959732617294 coeff = 5.676979846721544
 -> displacement -4.954e-01
 riskyterm: 1  z: z_14_7_8  card: 1  vars: ['theta_7']
 j 1 h 0 var = theta_7 xval = -0.08976780131476303 coeff = -5.676979846721544
 -> displacement 5.096e-01
 feat: PBaldef_8_8 (=)  L0norm: 0.50961  L1norm: 1.00498  L2norm: 0.7107
>feat: 8  name: PBaldef_9_9  numrisky: 5
 riskyterm: 0  z: z_9  card: 1  vars: ['theta_9']
 j 0 h 0 var = theta_9 xval = -0.1215357114165716 coeff = 26.47840021384155
 -> displacement -3.218e+00
 riskyterm: 1  z: z_16_9_10  card: 1  vars: ['theta_10']
 j 1 h 0 var = theta_10 xval = -0.12655371726079245 coeff = -11.83431952662722
 -> displacement 1.498e+00
 riskyterm: 2  z: z_17_9_14  card: 1  vars: ['theta_14']
 j 2 h 0 var = theta_14 xval = -0.14790189501754902 coeff = -3.698498409645684
 -> displacement 5.470e-01
 riskyterm: 3  z: z_9_4_9  card: 1  vars: ['theta_4']
 j 3 h 0 var = theta_4 xval = -0.033620300224728616 coeff = -1.8554995578159
 -> displacement 6.238e-02
 riskyterm: 4  z: z_15_7_9  card: 1  vars: ['theta_7']
 j 4 h 0 var = theta_7 xval = -0.08976780131476303 coeff = -9.09008271975275
 -> displacement 8.160e-01
 feat: PBaldef_9_9 (=)  L0norm: 3.21807  L1norm: 6.14114  L2norm: 3.68347
>feat: 9  name: PBaldef_10_10  numrisky: 3
 riskyterm: 0  z: z_10  card: 1  vars: ['theta_10']
 j 0 h 0 var = theta_10 xval = -0.12655371726079245 coeff = 17.04075468047738
 -> displacement -2.157e+00
 riskyterm: 1  z: z_18_10_11  card: 1  vars: ['theta_11']
 j 1 h 0 var = theta_11 xval = -0.12067343134485053 coeff = -5.206435153850159
 -> displacement 6.283e-01
 riskyterm: 2  z: z_16_9_10  card: 1  vars: ['theta_9']
 j 2 h 0 var = theta_9 xval = -0.1215357114165716 coeff = -11.83431952662722
 -> displacement 1.438e+00
 feat: PBaldef_10_10 (=)  L0norm: 2.15657  L1norm: 4.22314  L2norm: 2.66725
>feat: 10  name: PBaldef_11_11  numrisky: 3
 riskyterm: 0  z: z_11  card: 1  vars: ['theta_11']
 j 0 h 0 var = theta_11 xval = -0.12067343134485053 coeff = 10.23408724032577
 -> displacement -1.235e+00
 riskyterm: 1  z: z_11_6_11  card: 1  vars: ['theta_6']
 j 1 h 0 var = theta_6 xval = -0.10762254159232754 coeff = -5.027652086475616
 -> displacement 5.411e-01
 riskyterm: 2  z: z_18_10_11  card: 1  vars: ['theta_10']
 j 2 h 0 var = theta_10 xval = -0.12655371726079245 coeff = -5.206435153850159
 -> displacement 6.589e-01
 feat: PBaldef_11_11 (=)  L0norm: 1.23498  L1norm: 2.43496  L2norm: 1.5007
>feat: 11  name: PBaldef_12_12  numrisky: 3
 riskyterm: 0  z: z_12  card: 1  vars: ['theta_12']
 j 0 h 0 var = theta_12 xval = -0.1270202489247847 coeff = 8.912153124328372
 -> displacement -1.132e+00
 riskyterm: 1  z: z_19_12_13  card: 1  vars: ['theta_13']
 j 1 h 0 var = theta_13 xval = -0.12998418536357637 coeff = -5.003001801080648
 -> displacement 6.503e-01
 riskyterm: 2  z: z_12_6_12  card: 1  vars: ['theta_6']
 j 2 h 0 var = theta_6 xval = -0.10762254159232754 coeff = -3.909151323247723
 -> displacement 4.207e-01
 feat: PBaldef_12_12 (=)  L0norm: 1.13202  L1norm: 2.20305  L2norm: 1.37163
>feat: 12  name: PBaldef_13_13  numrisky: 4
 riskyterm: 0  z: z_13  card: 1  vars: ['theta_13']
 j 0 h 0 var = theta_13 xval = -0.12998418536357637 coeff = 15.55276435543595
 -> displacement -2.022e+00
 riskyterm: 1  z: z_20_13_14  card: 1  vars: ['theta_14']
 j 1 h 0 var = theta_14 xval = -0.14790189501754902 coeff = -2.873398080570082
 -> displacement 4.250e-01
 riskyterm: 2  z: z_13_6_13  card: 1  vars: ['theta_6']
 j 2 h 0 var = theta_6 xval = -0.10762254159232754 coeff = -7.676364473785216
 -> displacement 8.261e-01
 riskyterm: 3  z: z_19_12_13  card: 1  vars: ['theta_12']
 j 3 h 0 var = theta_12 xval = -0.1270202489247847 coeff = -5.003001801080648
 -> displacement 6.355e-01
 feat: PBaldef_13_13 (=)  L0norm: 2.02161  L1norm: 3.90823  L2norm: 2.31385
>feat: 13  name: PBaldef_14_14  numrisky: 3
 riskyterm: 0  z: z_14  card: 1  vars: ['theta_14']
 j 0 h 0 var = theta_14 xval = -0.14790189501754902 coeff = 6.571896490215765
 -> displacement -9.720e-01
 riskyterm: 1  z: z_17_9_14  card: 1  vars: ['theta_9']
 j 1 h 0 var = theta_9 xval = -0.1215357114165716 coeff = -3.698498409645684
 -> displacement 4.495e-01
 riskyterm: 2  z: z_20_13_14  card: 1  vars: ['theta_13']
 j 2 h 0 var = theta_13 xval = -0.12998418536357637 coeff = -2.873398080570082
 -> displacement 3.735e-01
 feat: PBaldef_14_14 (=)  L0norm: 0.971996  L1norm: 1.79499  L2norm: 1.13416
Max feature value: 3.21807 at 0  L1-norm: 4.31253  L2-norm: 3.38821.
Counter: 0  feature: 0  delta: 3.218e+00  ind: 0
Counter: 1  feature: 8  delta: 3.218e+00  ind: 0
Counter: 2  feature: 1  delta: 2.543e+00  ind: 4
Counter: 3  feature: 5  delta: 2.246e+00  ind: 0
Counter: 4  feature: 9  delta: 2.157e+00  ind: 0
Counter: 5  feature: 12  delta: 2.022e+00  ind: 0
Counter: 6  feature: 6  delta: 1.765e+00  ind: 0
Counter: 7  feature: 3  delta: 1.412e+00  ind: 0
Counter: 8  feature: 10  delta: 1.235e+00  ind: 0
Counter: 9  feature: 11  delta: 1.132e+00  ind: 0
Counter: 10  feature: 13  delta: 9.720e-01  ind: 0
Counter: 11  feature: 2  delta: 8.219e-01  ind: 0
Counter: 12  feature: 4  delta: 7.984e-01  ind: 4
Counter: 13  feature: 7  delta: 5.096e-01  ind: 1
Iteration 5.  Obj 7644.1  Impact 3.2181.
Objective value and Impact per iteration:
  Iteration 0   Objval 7642.603482   Impact 157.6030002
  Iteration 1   Objval 7642.59209   Impact 3.966659055
  Iteration 2   Objval 7642.669326   Impact 4.016585587
  Iteration 3   Objval 7644.139088   Impact 3.218071351
  Iteration 4   Objval 7644.139747   Impact 3.218071238
  Iteration 5   Objval 7644.139747   Impact 3.218071238
Skipping solution check

Closing log: Wed Apr  8 17:04:32 2026.
