Starting log: Thu May 28 12:07:31 2026.
Running on: jasper.local.

<Version 2025.May.28.110600@jasper>
Reading config file drsk.conf.
LPFILE ../data/qplib_1493.lp
LOUDCONSTRAINTS 0
STRUCTFILE implicit
PARAMFILE drskparams.conf
Reading LP ../data/qplib_1493.lp.
Number of variables = 40.
Done reading LP.
Now storing LP data.

Reading implicit structure.
Storing linear constraints; 4 in total.
+ coeff 0.99 of var x2 (idx 0) in constr e2 (idx 0) is deemed risky
+ coeff -0.71 of var x3 (idx 1) in constr e2 (idx 0) is deemed risky
+ coeff -0.61 of var x4 (idx 2) in constr e2 (idx 0) is deemed risky
+ coeff 0.11 of var x5 (idx 3) in constr e2 (idx 0) is deemed risky
+ coeff 0.31 of var x6 (idx 4) in constr e2 (idx 0) is deemed risky
+ coeff 0.91 of var x7 (idx 5) in constr e2 (idx 0) is deemed risky
+ coeff -0.07 of var x8 (idx 6) in constr e2 (idx 0) is deemed risky
+ coeff -0.16 of var x9 (idx 7) in constr e2 (idx 0) is deemed risky
+ coeff 0.63 of var x10 (idx 8) in constr e2 (idx 0) is deemed risky
+ coeff 0.52 of var x11 (idx 9) in constr e2 (idx 0) is deemed risky
+ coeff -0.75 of var x12 (idx 10) in constr e2 (idx 0) is deemed risky
+ coeff -0.53 of var x13 (idx 11) in constr e2 (idx 0) is deemed risky
+ coeff -0.04 of var x14 (idx 12) in constr e2 (idx 0) is deemed risky
+ coeff 0.27 of var x15 (idx 13) in constr e2 (idx 0) is deemed risky
+ coeff -0.4 of var x16 (idx 14) in constr e2 (idx 0) is deemed risky
+ coeff -0.26 of var x17 (idx 15) in constr e2 (idx 0) is deemed risky
+ coeff -0.84 of var x18 (idx 16) in constr e2 (idx 0) is deemed risky
+ coeff 0.31 of var x19 (idx 17) in constr e2 (idx 0) is deemed risky
+ coeff -0.1 of var x20 (idx 18) in constr e2 (idx 0) is deemed risky
+ coeff -0.08 of var x21 (idx 19) in constr e2 (idx 0) is deemed risky
+ coeff 0.97 of var x22 (idx 20) in constr e2 (idx 0) is deemed risky
+ coeff -0.01 of var x23 (idx 21) in constr e2 (idx 0) is deemed risky
+ coeff -0.07 of var x24 (idx 22) in constr e2 (idx 0) is deemed risky
+ coeff 0.82 of var x25 (idx 23) in constr e2 (idx 0) is deemed risky
+ coeff 0.39 of var x26 (idx 24) in constr e2 (idx 0) is deemed risky
+ coeff -0.47 of var x27 (idx 25) in constr e2 (idx 0) is deemed risky
+ coeff -0.85 of var x28 (idx 26) in constr e2 (idx 0) is deemed risky
+ coeff 0.22 of var x29 (idx 27) in constr e2 (idx 0) is deemed risky
+ coeff 0.22 of var x30 (idx 28) in constr e2 (idx 0) is deemed risky
+ coeff 0.72 of var x31 (idx 29) in constr e2 (idx 0) is deemed risky
+ coeff -0.22 of var x32 (idx 30) in constr e2 (idx 0) is deemed risky
+ coeff 0.43 of var x33 (idx 31) in constr e2 (idx 0) is deemed risky
+ coeff 0.35 of var x34 (idx 32) in constr e2 (idx 0) is deemed risky
+ coeff -0.87 of var x35 (idx 33) in constr e2 (idx 0) is deemed risky
+ coeff 0.77 of var x36 (idx 34) in constr e2 (idx 0) is deemed risky
+ coeff 0.48 of var x37 (idx 35) in constr e2 (idx 0) is deemed risky
+ coeff -0.56 of var x38 (idx 36) in constr e2 (idx 0) is deemed risky
+ coeff -0.27 of var x39 (idx 37) in constr e2 (idx 0) is deemed risky
+ coeff 0.41 of var x40 (idx 38) in constr e2 (idx 0) is deemed risky
+ coeff -0.58 of var x41 (idx 39) in constr e2 (idx 0) is deemed risky
+ coeff -0.83 of var x2 (idx 0) in constr e3 (idx 1) is deemed risky
+ coeff -0.79 of var x3 (idx 1) in constr e3 (idx 1) is deemed risky
+ coeff -0.79 of var x4 (idx 2) in constr e3 (idx 1) is deemed risky
+ coeff 0.42 of var x5 (idx 3) in constr e3 (idx 1) is deemed risky
+ coeff -0.53 of var x6 (idx 4) in constr e3 (idx 1) is deemed risky
+ coeff 0.54 of var x7 (idx 5) in constr e3 (idx 1) is deemed risky
+ coeff -0.36 of var x8 (idx 6) in constr e3 (idx 1) is deemed risky
+ coeff -0.6 of var x9 (idx 7) in constr e3 (idx 1) is deemed risky
+ coeff 0.74 of var x10 (idx 8) in constr e3 (idx 1) is deemed risky
+ coeff -0.89 of var x11 (idx 9) in constr e3 (idx 1) is deemed risky
+ coeff -0.93 of var x12 (idx 10) in constr e3 (idx 1) is deemed risky
+ coeff -0.02 of var x13 (idx 11) in constr e3 (idx 1) is deemed risky
+ coeff 0.45 of var x14 (idx 12) in constr e3 (idx 1) is deemed risky
+ coeff 0.45 of var x15 (idx 13) in constr e3 (idx 1) is deemed risky
+ coeff 0.35 of var x16 (idx 14) in constr e3 (idx 1) is deemed risky
+ coeff 0.2 of var x17 (idx 15) in constr e3 (idx 1) is deemed risky
+ coeff 0.29 of var x18 (idx 16) in constr e3 (idx 1) is deemed risky
+ coeff -0.44 of var x19 (idx 17) in constr e3 (idx 1) is deemed risky
+ coeff 0.74 of var x20 (idx 18) in constr e3 (idx 1) is deemed risky
+ coeff -0.5 of var x21 (idx 19) in constr e3 (idx 1) is deemed risky
+ coeff 0.83 of var x22 (idx 20) in constr e3 (idx 1) is deemed risky
+ coeff -0.54 of var x23 (idx 21) in constr e3 (idx 1) is deemed risky
+ coeff -0.52 of var x24 (idx 22) in constr e3 (idx 1) is deemed risky
+ coeff -0.65 of var x25 (idx 23) in constr e3 (idx 1) is deemed risky
+ coeff -0.61 of var x26 (idx 24) in constr e3 (idx 1) is deemed risky
+ coeff -0.89 of var x27 (idx 25) in constr e3 (idx 1) is deemed risky
+ coeff -0.48 of var x28 (idx 26) in constr e3 (idx 1) is deemed risky
+ coeff 0.34 of var x29 (idx 27) in constr e3 (idx 1) is deemed risky
+ coeff 0.93 of var x30 (idx 28) in constr e3 (idx 1) is deemed risky
+ coeff -0.64 of var x31 (idx 29) in constr e3 (idx 1) is deemed risky
+ coeff -0.57 of var x32 (idx 30) in constr e3 (idx 1) is deemed risky
+ coeff -0.8 of var x33 (idx 31) in constr e3 (idx 1) is deemed risky
+ coeff 0.67 of var x34 (idx 32) in constr e3 (idx 1) is deemed risky
+ coeff 0.96 of var x35 (idx 33) in constr e3 (idx 1) is deemed risky
+ coeff 0.64 of var x36 (idx 34) in constr e3 (idx 1) is deemed risky
+ coeff -0.17 of var x37 (idx 35) in constr e3 (idx 1) is deemed risky
+ coeff -0.62 of var x38 (idx 36) in constr e3 (idx 1) is deemed risky
+ coeff -0.94 of var x40 (idx 38) in constr e3 (idx 1) is deemed risky
+ coeff -0.77 of var x41 (idx 39) in constr e3 (idx 1) is deemed risky
+ coeff 0.52 of var x2 (idx 0) in constr e4 (idx 2) is deemed risky
+ coeff 0.29 of var x3 (idx 1) in constr e4 (idx 2) is deemed risky
+ coeff -0.46 of var x4 (idx 2) in constr e4 (idx 2) is deemed risky
+ coeff -0.21 of var x5 (idx 3) in constr e4 (idx 2) is deemed risky
+ coeff 0.17 of var x6 (idx 4) in constr e4 (idx 2) is deemed risky
+ coeff 0.68 of var x7 (idx 5) in constr e4 (idx 2) is deemed risky
+ coeff 0.95 of var x8 (idx 6) in constr e4 (idx 2) is deemed risky
+ coeff 0.11 of var x9 (idx 7) in constr e4 (idx 2) is deemed risky
+ coeff 0.56 of var x10 (idx 8) in constr e4 (idx 2) is deemed risky
+ coeff 0.41 of var x11 (idx 9) in constr e4 (idx 2) is deemed risky
+ coeff 0.48 of var x12 (idx 10) in constr e4 (idx 2) is deemed risky
+ coeff 0.53 of var x13 (idx 11) in constr e4 (idx 2) is deemed risky
+ coeff 0.78 of var x14 (idx 12) in constr e4 (idx 2) is deemed risky
+ coeff -0.2 of var x15 (idx 13) in constr e4 (idx 2) is deemed risky
+ coeff 0.13 of var x16 (idx 14) in constr e4 (idx 2) is deemed risky
+ coeff 0.04 of var x17 (idx 15) in constr e4 (idx 2) is deemed risky
+ coeff 0.55 of var x18 (idx 16) in constr e4 (idx 2) is deemed risky
+ coeff 0.35 of var x19 (idx 17) in constr e4 (idx 2) is deemed risky
+ coeff 0.94 of var x20 (idx 18) in constr e4 (idx 2) is deemed risky
+ coeff 0.97 of var x21 (idx 19) in constr e4 (idx 2) is deemed risky
+ coeff -0.34 of var x22 (idx 20) in constr e4 (idx 2) is deemed risky
+ coeff 0.78 of var x23 (idx 21) in constr e4 (idx 2) is deemed risky
+ coeff -0.26 of var x24 (idx 22) in constr e4 (idx 2) is deemed risky
+ coeff 0.3 of var x25 (idx 23) in constr e4 (idx 2) is deemed risky
+ coeff 0.43 of var x26 (idx 24) in constr e4 (idx 2) is deemed risky
+ coeff -0.61 of var x27 (idx 25) in constr e4 (idx 2) is deemed risky
+ coeff 0.46 of var x28 (idx 26) in constr e4 (idx 2) is deemed risky
+ coeff -0.76 of var x29 (idx 27) in constr e4 (idx 2) is deemed risky
+ coeff 0.19 of var x30 (idx 28) in constr e4 (idx 2) is deemed risky
+ coeff -0.39 of var x31 (idx 29) in constr e4 (idx 2) is deemed risky
+ coeff -0.73 of var x32 (idx 30) in constr e4 (idx 2) is deemed risky
+ coeff -0.51 of var x33 (idx 31) in constr e4 (idx 2) is deemed risky
+ coeff -0.49 of var x34 (idx 32) in constr e4 (idx 2) is deemed risky
+ coeff -0.36 of var x35 (idx 33) in constr e4 (idx 2) is deemed risky
+ coeff 0.46 of var x36 (idx 34) in constr e4 (idx 2) is deemed risky
+ coeff 0.12 of var x37 (idx 35) in constr e4 (idx 2) is deemed risky
+ coeff 0.5 of var x38 (idx 36) in constr e4 (idx 2) is deemed risky
+ coeff -0.17 of var x39 (idx 37) in constr e4 (idx 2) is deemed risky
+ coeff 0.91 of var x40 (idx 38) in constr e4 (idx 2) is deemed risky
+ coeff -0.4 of var x41 (idx 39) in constr e4 (idx 2) is deemed risky
+ coeff 0.41 of var x2 (idx 0) in constr e5 (idx 3) is deemed risky
+ coeff 0.58 of var x3 (idx 1) in constr e5 (idx 3) is deemed risky
+ coeff -0.19 of var x4 (idx 2) in constr e5 (idx 3) is deemed risky
+ coeff 0.68 of var x5 (idx 3) in constr e5 (idx 3) is deemed risky
+ coeff 0.32 of var x6 (idx 4) in constr e5 (idx 3) is deemed risky
+ coeff 0.47 of var x7 (idx 5) in constr e5 (idx 3) is deemed risky
+ coeff 0.36 of var x8 (idx 6) in constr e5 (idx 3) is deemed risky
+ coeff -0.42 of var x9 (idx 7) in constr e5 (idx 3) is deemed risky
+ coeff 0.21 of var x10 (idx 8) in constr e5 (idx 3) is deemed risky
+ coeff -0.91 of var x11 (idx 9) in constr e5 (idx 3) is deemed risky
+ coeff 0.8 of var x12 (idx 10) in constr e5 (idx 3) is deemed risky
+ coeff 0.59 of var x13 (idx 11) in constr e5 (idx 3) is deemed risky
+ coeff -0.13 of var x14 (idx 12) in constr e5 (idx 3) is deemed risky
+ coeff -0.52 of var x15 (idx 13) in constr e5 (idx 3) is deemed risky
+ coeff -0.47 of var x16 (idx 14) in constr e5 (idx 3) is deemed risky
+ coeff 0.85 of var x17 (idx 15) in constr e5 (idx 3) is deemed risky
+ coeff -0.67 of var x18 (idx 16) in constr e5 (idx 3) is deemed risky
+ coeff 0.22 of var x19 (idx 17) in constr e5 (idx 3) is deemed risky
+ coeff 0.96 of var x20 (idx 18) in constr e5 (idx 3) is deemed risky
+ coeff 0.58 of var x21 (idx 19) in constr e5 (idx 3) is deemed risky
+ coeff 0.35 of var x22 (idx 20) in constr e5 (idx 3) is deemed risky
+ coeff -0.22 of var x23 (idx 21) in constr e5 (idx 3) is deemed risky
+ coeff -0.5 of var x24 (idx 22) in constr e5 (idx 3) is deemed risky
+ coeff -0.94 of var x25 (idx 23) in constr e5 (idx 3) is deemed risky
+ coeff -0.95 of var x26 (idx 24) in constr e5 (idx 3) is deemed risky
+ coeff -0.21 of var x27 (idx 25) in constr e5 (idx 3) is deemed risky
+ coeff 0.47 of var x28 (idx 26) in constr e5 (idx 3) is deemed risky
+ coeff -0.97 of var x29 (idx 27) in constr e5 (idx 3) is deemed risky
+ coeff -0.35 of var x30 (idx 28) in constr e5 (idx 3) is deemed risky
+ coeff -0.32 of var x31 (idx 29) in constr e5 (idx 3) is deemed risky
+ coeff 0.94 of var x32 (idx 30) in constr e5 (idx 3) is deemed risky
+ coeff -0.48 of var x33 (idx 31) in constr e5 (idx 3) is deemed risky
+ coeff 0.47 of var x34 (idx 32) in constr e5 (idx 3) is deemed risky
+ coeff 0.43 of var x35 (idx 33) in constr e5 (idx 3) is deemed risky
+ coeff 0.99 of var x36 (idx 34) in constr e5 (idx 3) is deemed risky
+ coeff -0.58 of var x37 (idx 35) in constr e5 (idx 3) is deemed risky
+ coeff 0.81 of var x38 (idx 36) in constr e5 (idx 3) is deemed risky
+ coeff -0.1 of var x39 (idx 37) in constr e5 (idx 3) is deemed risky
+ coeff -0.89 of var x40 (idx 38) in constr e5 (idx 3) is deemed risky
+ coeff 0.34 of var x41 (idx 39) in constr e5 (idx 3) is deemed risky
Stored linear constraints with code 0.
Storing quadratic constraints; 1 in total.
+ coeff 0.7 of var x2 (idx 0) in constr e6 (idx 4) is deemed risky
+ coeff -0.21 of var x3 (idx 1) in constr e6 (idx 4) is deemed risky
+ coeff -0.02 of var x4 (idx 2) in constr e6 (idx 4) is deemed risky
+ coeff -0.12 of var x5 (idx 3) in constr e6 (idx 4) is deemed risky
+ coeff 0.24 of var x6 (idx 4) in constr e6 (idx 4) is deemed risky
+ coeff 0.55 of var x7 (idx 5) in constr e6 (idx 4) is deemed risky
+ coeff 0.64 of var x8 (idx 6) in constr e6 (idx 4) is deemed risky
+ coeff -0.53 of var x9 (idx 7) in constr e6 (idx 4) is deemed risky
+ coeff 0.64 of var x10 (idx 8) in constr e6 (idx 4) is deemed risky
+ coeff 0.77 of var x11 (idx 9) in constr e6 (idx 4) is deemed risky
+ coeff -0.79 of var x12 (idx 10) in constr e6 (idx 4) is deemed risky
+ coeff 0.72 of var x13 (idx 11) in constr e6 (idx 4) is deemed risky
+ coeff 0.83 of var x14 (idx 12) in constr e6 (idx 4) is deemed risky
+ coeff -0.33 of var x15 (idx 13) in constr e6 (idx 4) is deemed risky
+ coeff -0.29 of var x16 (idx 14) in constr e6 (idx 4) is deemed risky
+ coeff 0.07 of var x17 (idx 15) in constr e6 (idx 4) is deemed risky
+ coeff 0.14 of var x18 (idx 16) in constr e6 (idx 4) is deemed risky
+ coeff -0.99 of var x19 (idx 17) in constr e6 (idx 4) is deemed risky
+ coeff -0.75 of var x20 (idx 18) in constr e6 (idx 4) is deemed risky
+ coeff -0.37 of var x21 (idx 19) in constr e6 (idx 4) is deemed risky
+ coeff 0.74 of var x22 (idx 20) in constr e6 (idx 4) is deemed risky
+ coeff 0.49 of var x23 (idx 21) in constr e6 (idx 4) is deemed risky
+ coeff -0.83 of var x24 (idx 22) in constr e6 (idx 4) is deemed risky
+ coeff 0.94 of var x25 (idx 23) in constr e6 (idx 4) is deemed risky
+ coeff 0.07 of var x26 (idx 24) in constr e6 (idx 4) is deemed risky
+ coeff 0.85 of var x27 (idx 25) in constr e6 (idx 4) is deemed risky
+ coeff 0.3 of var x28 (idx 26) in constr e6 (idx 4) is deemed risky
+ coeff -0.75 of var x29 (idx 27) in constr e6 (idx 4) is deemed risky
+ coeff -0.22 of var x30 (idx 28) in constr e6 (idx 4) is deemed risky
+ coeff 0.14 of var x31 (idx 29) in constr e6 (idx 4) is deemed risky
+ coeff 0.76 of var x32 (idx 30) in constr e6 (idx 4) is deemed risky
+ coeff 0.94 of var x33 (idx 31) in constr e6 (idx 4) is deemed risky
+ coeff 0.56 of var x34 (idx 32) in constr e6 (idx 4) is deemed risky
+ coeff 0.14 of var x35 (idx 33) in constr e6 (idx 4) is deemed risky
+ coeff 0.23 of var x36 (idx 34) in constr e6 (idx 4) is deemed risky
+ coeff -0.67 of var x37 (idx 35) in constr e6 (idx 4) is deemed risky
+ coeff -0.87 of var x38 (idx 36) in constr e6 (idx 4) is deemed risky
+ coeff 0.3 of var x39 (idx 37) in constr e6 (idx 4) is deemed risky
+ coeff -0.73 of var x40 (idx 38) in constr e6 (idx 4) is deemed risky
+ coeff 0.81 of var x41 (idx 39) in constr e6 (idx 4) is deemed risky
+ coeff 0.94 of var (x2,x2) (idx 0) in constr e6 (idx 4) is deemed risky
+ coeff 1.34 of var (x2,x3) (idx 1) in constr e6 (idx 4) is deemed risky
+ coeff 2 of var (x2,x4) (idx 2) in constr e6 (idx 4) is deemed risky
+ coeff -1.82 of var (x2,x5) (idx 3) in constr e6 (idx 4) is deemed risky
+ coeff 0.18 of var (x2,x6) (idx 4) in constr e6 (idx 4) is deemed risky
+ coeff -1.08 of var (x2,x7) (idx 5) in constr e6 (idx 4) is deemed risky
+ coeff -1.16 of var (x2,x8) (idx 6) in constr e6 (idx 4) is deemed risky
+ coeff 1.28 of var (x2,x9) (idx 7) in constr e6 (idx 4) is deemed risky
+ coeff -0.42 of var (x2,x10) (idx 8) in constr e6 (idx 4) is deemed risky
+ coeff -0.24 of var (x2,x11) (idx 9) in constr e6 (idx 4) is deemed risky
+ coeff 1.02 of var (x2,x12) (idx 10) in constr e6 (idx 4) is deemed risky
+ coeff 0.52 of var (x2,x13) (idx 11) in constr e6 (idx 4) is deemed risky
+ coeff 1.64 of var (x2,x14) (idx 12) in constr e6 (idx 4) is deemed risky
+ coeff 0.4 of var (x2,x15) (idx 13) in constr e6 (idx 4) is deemed risky
+ coeff -0.92 of var (x2,x16) (idx 14) in constr e6 (idx 4) is deemed risky
+ coeff -1.28 of var (x2,x17) (idx 15) in constr e6 (idx 4) is deemed risky
+ coeff 1.06 of var (x2,x18) (idx 16) in constr e6 (idx 4) is deemed risky
+ coeff -0.26 of var (x2,x19) (idx 17) in constr e6 (idx 4) is deemed risky
+ coeff -1.62 of var (x2,x20) (idx 18) in constr e6 (idx 4) is deemed risky
+ coeff -0.06 of var (x2,x21) (idx 19) in constr e6 (idx 4) is deemed risky
+ coeff -1.16 of var (x2,x22) (idx 20) in constr e6 (idx 4) is deemed risky
+ coeff 1.66 of var (x2,x23) (idx 21) in constr e6 (idx 4) is deemed risky
+ coeff -1.18 of var (x2,x24) (idx 22) in constr e6 (idx 4) is deemed risky
+ coeff -1.48 of var (x2,x25) (idx 23) in constr e6 (idx 4) is deemed risky
+ coeff -1.62 of var (x2,x26) (idx 24) in constr e6 (idx 4) is deemed risky
+ coeff 1.82 of var (x2,x27) (idx 25) in constr e6 (idx 4) is deemed risky
+ coeff -1.66 of var (x2,x28) (idx 26) in constr e6 (idx 4) is deemed risky
+ coeff -0.32 of var (x2,x29) (idx 27) in constr e6 (idx 4) is deemed risky
+ coeff 1.68 of var (x2,x30) (idx 28) in constr e6 (idx 4) is deemed risky
+ coeff 1.26 of var (x2,x31) (idx 29) in constr e6 (idx 4) is deemed risky
+ coeff 1.36 of var (x2,x32) (idx 30) in constr e6 (idx 4) is deemed risky
+ coeff 0.82 of var (x2,x33) (idx 31) in constr e6 (idx 4) is deemed risky
+ coeff -1.86 of var (x2,x34) (idx 32) in constr e6 (idx 4) is deemed risky
+ coeff -0.52 of var (x2,x35) (idx 33) in constr e6 (idx 4) is deemed risky
+ coeff -1.66 of var (x2,x36) (idx 34) in constr e6 (idx 4) is deemed risky
+ coeff 1.44 of var (x2,x37) (idx 35) in constr e6 (idx 4) is deemed risky
+ coeff 0.64 of var (x2,x38) (idx 36) in constr e6 (idx 4) is deemed risky
+ coeff -1.62 of var (x2,x39) (idx 37) in constr e6 (idx 4) is deemed risky
+ coeff -0.68 of var (x2,x40) (idx 38) in constr e6 (idx 4) is deemed risky
+ coeff 0.08 of var (x2,x41) (idx 39) in constr e6 (idx 4) is deemed risky
+ coeff -0.77 of var (x3,x3) (idx 40) in constr e6 (idx 4) is deemed risky
+ coeff 1.12 of var (x3,x4) (idx 41) in constr e6 (idx 4) is deemed risky
+ coeff -0.44 of var (x3,x5) (idx 42) in constr e6 (idx 4) is deemed risky
+ coeff -1.12 of var (x3,x6) (idx 43) in constr e6 (idx 4) is deemed risky
+ coeff 1.24 of var (x3,x7) (idx 44) in constr e6 (idx 4) is deemed risky
+ coeff -1.78 of var (x3,x8) (idx 45) in constr e6 (idx 4) is deemed risky
+ coeff 0.72 of var (x3,x9) (idx 46) in constr e6 (idx 4) is deemed risky
+ coeff 1.34 of var (x3,x10) (idx 47) in constr e6 (idx 4) is deemed risky
+ coeff 1.66 of var (x3,x11) (idx 48) in constr e6 (idx 4) is deemed risky
+ coeff -1.06 of var (x3,x12) (idx 49) in constr e6 (idx 4) is deemed risky
+ coeff -1.8 of var (x3,x13) (idx 50) in constr e6 (idx 4) is deemed risky
+ coeff -0.76 of var (x3,x14) (idx 51) in constr e6 (idx 4) is deemed risky
+ coeff 0.48 of var (x3,x16) (idx 52) in constr e6 (idx 4) is deemed risky
+ coeff 1.28 of var (x3,x17) (idx 53) in constr e6 (idx 4) is deemed risky
+ coeff 0.16 of var (x3,x18) (idx 54) in constr e6 (idx 4) is deemed risky
+ coeff -1.78 of var (x3,x19) (idx 55) in constr e6 (idx 4) is deemed risky
+ coeff -0.06 of var (x3,x20) (idx 56) in constr e6 (idx 4) is deemed risky
+ coeff -1.28 of var (x3,x21) (idx 57) in constr e6 (idx 4) is deemed risky
+ coeff 0.56 of var (x3,x22) (idx 58) in constr e6 (idx 4) is deemed risky
+ coeff -0.1 of var (x3,x23) (idx 59) in constr e6 (idx 4) is deemed risky
+ coeff 1.92 of var (x3,x24) (idx 60) in constr e6 (idx 4) is deemed risky
+ coeff -0.38 of var (x3,x25) (idx 61) in constr e6 (idx 4) is deemed risky
+ coeff -1.6 of var (x3,x26) (idx 62) in constr e6 (idx 4) is deemed risky
+ coeff -1.7 of var (x3,x27) (idx 63) in constr e6 (idx 4) is deemed risky
+ coeff -1.86 of var (x3,x28) (idx 64) in constr e6 (idx 4) is deemed risky
+ coeff 0.1 of var (x3,x29) (idx 65) in constr e6 (idx 4) is deemed risky
+ coeff 1.88 of var (x3,x30) (idx 66) in constr e6 (idx 4) is deemed risky
+ coeff 0.18 of var (x3,x32) (idx 67) in constr e6 (idx 4) is deemed risky
+ coeff -1.12 of var (x3,x33) (idx 68) in constr e6 (idx 4) is deemed risky
+ coeff 0.8 of var (x3,x34) (idx 69) in constr e6 (idx 4) is deemed risky
+ coeff 1.66 of var (x3,x35) (idx 70) in constr e6 (idx 4) is deemed risky
+ coeff 0.14 of var (x3,x36) (idx 71) in constr e6 (idx 4) is deemed risky
+ coeff 1.44 of var (x3,x37) (idx 72) in constr e6 (idx 4) is deemed risky
+ coeff -1.7 of var (x3,x38) (idx 73) in constr e6 (idx 4) is deemed risky
+ coeff -1.08 of var (x3,x39) (idx 74) in constr e6 (idx 4) is deemed risky
+ coeff -2 of var (x3,x40) (idx 75) in constr e6 (idx 4) is deemed risky
+ coeff -0.1 of var (x3,x41) (idx 76) in constr e6 (idx 4) is deemed risky
+ coeff -0.01 of var (x4,x4) (idx 77) in constr e6 (idx 4) is deemed risky
+ coeff -0.86 of var (x4,x5) (idx 78) in constr e6 (idx 4) is deemed risky
+ coeff -0.42 of var (x4,x6) (idx 79) in constr e6 (idx 4) is deemed risky
+ coeff 0.52 of var (x4,x7) (idx 80) in constr e6 (idx 4) is deemed risky
+ coeff -0.6 of var (x4,x8) (idx 81) in constr e6 (idx 4) is deemed risky
+ coeff 1.96 of var (x4,x9) (idx 82) in constr e6 (idx 4) is deemed risky
+ coeff -0.78 of var (x4,x10) (idx 83) in constr e6 (idx 4) is deemed risky
+ coeff -1.78 of var (x4,x11) (idx 84) in constr e6 (idx 4) is deemed risky
+ coeff -1.62 of var (x4,x12) (idx 85) in constr e6 (idx 4) is deemed risky
+ coeff -0.7 of var (x4,x13) (idx 86) in constr e6 (idx 4) is deemed risky
+ coeff -0.8 of var (x4,x14) (idx 87) in constr e6 (idx 4) is deemed risky
+ coeff 1.2 of var (x4,x15) (idx 88) in constr e6 (idx 4) is deemed risky
+ coeff 1.28 of var (x4,x16) (idx 89) in constr e6 (idx 4) is deemed risky
+ coeff 1.82 of var (x4,x17) (idx 90) in constr e6 (idx 4) is deemed risky
+ coeff -0.34 of var (x4,x18) (idx 91) in constr e6 (idx 4) is deemed risky
+ coeff -0.08 of var (x4,x19) (idx 92) in constr e6 (idx 4) is deemed risky
+ coeff 0.32 of var (x4,x20) (idx 93) in constr e6 (idx 4) is deemed risky
+ coeff -1.16 of var (x4,x21) (idx 94) in constr e6 (idx 4) is deemed risky
+ coeff -1.58 of var (x4,x22) (idx 95) in constr e6 (idx 4) is deemed risky
+ coeff 1.02 of var (x4,x23) (idx 96) in constr e6 (idx 4) is deemed risky
+ coeff -1.42 of var (x4,x24) (idx 97) in constr e6 (idx 4) is deemed risky
+ coeff -1.58 of var (x4,x25) (idx 98) in constr e6 (idx 4) is deemed risky
+ coeff 1.32 of var (x4,x26) (idx 99) in constr e6 (idx 4) is deemed risky
+ coeff -0.28 of var (x4,x27) (idx 100) in constr e6 (idx 4) is deemed risky
+ coeff 1.3 of var (x4,x28) (idx 101) in constr e6 (idx 4) is deemed risky
+ coeff 0.78 of var (x4,x29) (idx 102) in constr e6 (idx 4) is deemed risky
+ coeff 0.56 of var (x4,x30) (idx 103) in constr e6 (idx 4) is deemed risky
+ coeff 1.74 of var (x4,x31) (idx 104) in constr e6 (idx 4) is deemed risky
+ coeff -1.84 of var (x4,x32) (idx 105) in constr e6 (idx 4) is deemed risky
+ coeff 0.88 of var (x4,x34) (idx 106) in constr e6 (idx 4) is deemed risky
+ coeff 0.64 of var (x4,x35) (idx 107) in constr e6 (idx 4) is deemed risky
+ coeff 0.4 of var (x4,x36) (idx 108) in constr e6 (idx 4) is deemed risky
+ coeff 0.64 of var (x4,x38) (idx 109) in constr e6 (idx 4) is deemed risky
+ coeff -1.24 of var (x4,x39) (idx 110) in constr e6 (idx 4) is deemed risky
+ coeff -0.12 of var (x4,x40) (idx 111) in constr e6 (idx 4) is deemed risky
+ coeff 1.04 of var (x4,x41) (idx 112) in constr e6 (idx 4) is deemed risky
+ coeff -0.06 of var (x5,x6) (idx 113) in constr e6 (idx 4) is deemed risky
+ coeff -0.92 of var (x5,x7) (idx 114) in constr e6 (idx 4) is deemed risky
+ coeff 0.62 of var (x5,x8) (idx 115) in constr e6 (idx 4) is deemed risky
+ coeff -1.86 of var (x5,x9) (idx 116) in constr e6 (idx 4) is deemed risky
+ coeff 0.14 of var (x5,x10) (idx 117) in constr e6 (idx 4) is deemed risky
+ coeff 0.16 of var (x5,x11) (idx 118) in constr e6 (idx 4) is deemed risky
+ coeff -1.46 of var (x5,x12) (idx 119) in constr e6 (idx 4) is deemed risky
+ coeff 0.6 of var (x5,x13) (idx 120) in constr e6 (idx 4) is deemed risky
+ coeff 0.44 of var (x5,x14) (idx 121) in constr e6 (idx 4) is deemed risky
+ coeff -1.82 of var (x5,x15) (idx 122) in constr e6 (idx 4) is deemed risky
+ coeff 0.68 of var (x5,x16) (idx 123) in constr e6 (idx 4) is deemed risky
+ coeff 1.12 of var (x5,x17) (idx 124) in constr e6 (idx 4) is deemed risky
+ coeff 1.34 of var (x5,x18) (idx 125) in constr e6 (idx 4) is deemed risky
+ coeff -1.22 of var (x5,x19) (idx 126) in constr e6 (idx 4) is deemed risky
+ coeff -0.4 of var (x5,x20) (idx 127) in constr e6 (idx 4) is deemed risky
+ coeff 0.18 of var (x5,x21) (idx 128) in constr e6 (idx 4) is deemed risky
+ coeff -0.56 of var (x5,x22) (idx 129) in constr e6 (idx 4) is deemed risky
+ coeff 1.78 of var (x5,x23) (idx 130) in constr e6 (idx 4) is deemed risky
+ coeff -0.76 of var (x5,x24) (idx 131) in constr e6 (idx 4) is deemed risky
+ coeff 0.38 of var (x5,x25) (idx 132) in constr e6 (idx 4) is deemed risky
+ coeff 0.66 of var (x5,x26) (idx 133) in constr e6 (idx 4) is deemed risky
+ coeff -1.6 of var (x5,x27) (idx 134) in constr e6 (idx 4) is deemed risky
+ coeff 0.74 of var (x5,x28) (idx 135) in constr e6 (idx 4) is deemed risky
+ coeff 0.68 of var (x5,x29) (idx 136) in constr e6 (idx 4) is deemed risky
+ coeff 1.44 of var (x5,x30) (idx 137) in constr e6 (idx 4) is deemed risky
+ coeff -0.88 of var (x5,x31) (idx 138) in constr e6 (idx 4) is deemed risky
+ coeff -0.6 of var (x5,x32) (idx 139) in constr e6 (idx 4) is deemed risky
+ coeff -1.02 of var (x5,x33) (idx 140) in constr e6 (idx 4) is deemed risky
+ coeff -0.78 of var (x5,x34) (idx 141) in constr e6 (idx 4) is deemed risky
+ coeff 1.32 of var (x5,x35) (idx 142) in constr e6 (idx 4) is deemed risky
+ coeff -0.4 of var (x5,x36) (idx 143) in constr e6 (idx 4) is deemed risky
+ coeff -0.52 of var (x5,x37) (idx 144) in constr e6 (idx 4) is deemed risky
+ coeff 1.94 of var (x5,x38) (idx 145) in constr e6 (idx 4) is deemed risky
+ coeff -0.42 of var (x5,x39) (idx 146) in constr e6 (idx 4) is deemed risky
+ coeff -0.48 of var (x5,x41) (idx 147) in constr e6 (idx 4) is deemed risky
+ coeff -0.12 of var (x6,x6) (idx 148) in constr e6 (idx 4) is deemed risky
+ coeff -1.54 of var (x6,x7) (idx 149) in constr e6 (idx 4) is deemed risky
+ coeff -1.46 of var (x6,x8) (idx 150) in constr e6 (idx 4) is deemed risky
+ coeff 0.98 of var (x6,x9) (idx 151) in constr e6 (idx 4) is deemed risky
+ coeff -0.14 of var (x6,x10) (idx 152) in constr e6 (idx 4) is deemed risky
+ coeff 0.72 of var (x6,x11) (idx 153) in constr e6 (idx 4) is deemed risky
+ coeff -1.42 of var (x6,x12) (idx 154) in constr e6 (idx 4) is deemed risky
+ coeff -1.14 of var (x6,x13) (idx 155) in constr e6 (idx 4) is deemed risky
+ coeff -0.64 of var (x6,x14) (idx 156) in constr e6 (idx 4) is deemed risky
+ coeff 1.46 of var (x6,x15) (idx 157) in constr e6 (idx 4) is deemed risky
+ coeff 1.62 of var (x6,x16) (idx 158) in constr e6 (idx 4) is deemed risky
+ coeff 1.18 of var (x6,x17) (idx 159) in constr e6 (idx 4) is deemed risky
+ coeff 0.08 of var (x6,x18) (idx 160) in constr e6 (idx 4) is deemed risky
+ coeff 0.86 of var (x6,x20) (idx 161) in constr e6 (idx 4) is deemed risky
+ coeff 0.22 of var (x6,x21) (idx 162) in constr e6 (idx 4) is deemed risky
+ coeff 1.68 of var (x6,x22) (idx 163) in constr e6 (idx 4) is deemed risky
+ coeff -1.86 of var (x6,x23) (idx 164) in constr e6 (idx 4) is deemed risky
+ coeff -0.28 of var (x6,x24) (idx 165) in constr e6 (idx 4) is deemed risky
+ coeff -0.7 of var (x6,x25) (idx 166) in constr e6 (idx 4) is deemed risky
+ coeff 1.68 of var (x6,x26) (idx 167) in constr e6 (idx 4) is deemed risky
+ coeff -1.28 of var (x6,x27) (idx 168) in constr e6 (idx 4) is deemed risky
+ coeff -1.88 of var (x6,x28) (idx 169) in constr e6 (idx 4) is deemed risky
+ coeff 0.2 of var (x6,x29) (idx 170) in constr e6 (idx 4) is deemed risky
+ coeff -0.74 of var (x6,x30) (idx 171) in constr e6 (idx 4) is deemed risky
+ coeff -1.92 of var (x6,x31) (idx 172) in constr e6 (idx 4) is deemed risky
+ coeff 1.84 of var (x6,x32) (idx 173) in constr e6 (idx 4) is deemed risky
+ coeff 0.08 of var (x6,x34) (idx 174) in constr e6 (idx 4) is deemed risky
+ coeff 0.76 of var (x6,x35) (idx 175) in constr e6 (idx 4) is deemed risky
+ coeff 0.64 of var (x6,x36) (idx 176) in constr e6 (idx 4) is deemed risky
+ coeff 0.92 of var (x6,x37) (idx 177) in constr e6 (idx 4) is deemed risky
+ coeff -1.94 of var (x6,x38) (idx 178) in constr e6 (idx 4) is deemed risky
+ coeff -1.06 of var (x6,x39) (idx 179) in constr e6 (idx 4) is deemed risky
+ coeff -1.46 of var (x6,x40) (idx 180) in constr e6 (idx 4) is deemed risky
+ coeff -0.76 of var (x6,x41) (idx 181) in constr e6 (idx 4) is deemed risky
+ coeff 0.55 of var (x7,x7) (idx 182) in constr e6 (idx 4) is deemed risky
+ coeff 0.24 of var (x7,x8) (idx 183) in constr e6 (idx 4) is deemed risky
+ coeff -1.7 of var (x7,x9) (idx 184) in constr e6 (idx 4) is deemed risky
+ coeff 1.18 of var (x7,x10) (idx 185) in constr e6 (idx 4) is deemed risky
+ coeff -0.84 of var (x7,x11) (idx 186) in constr e6 (idx 4) is deemed risky
+ coeff 1.48 of var (x7,x12) (idx 187) in constr e6 (idx 4) is deemed risky
+ coeff 1.02 of var (x7,x13) (idx 188) in constr e6 (idx 4) is deemed risky
+ coeff 0.36 of var (x7,x14) (idx 189) in constr e6 (idx 4) is deemed risky
+ coeff 1.34 of var (x7,x15) (idx 190) in constr e6 (idx 4) is deemed risky
+ coeff -1.56 of var (x7,x17) (idx 192) in constr e6 (idx 4) is deemed risky
+ coeff -0.42 of var (x7,x18) (idx 193) in constr e6 (idx 4) is deemed risky
+ coeff -1.98 of var (x7,x19) (idx 194) in constr e6 (idx 4) is deemed risky
+ coeff -0.86 of var (x7,x20) (idx 195) in constr e6 (idx 4) is deemed risky
+ coeff -1.02 of var (x7,x21) (idx 196) in constr e6 (idx 4) is deemed risky
+ coeff -1.48 of var (x7,x22) (idx 197) in constr e6 (idx 4) is deemed risky
+ coeff -1.2 of var (x7,x23) (idx 198) in constr e6 (idx 4) is deemed risky
+ coeff 0.52 of var (x7,x24) (idx 199) in constr e6 (idx 4) is deemed risky
+ coeff -0.56 of var (x7,x25) (idx 200) in constr e6 (idx 4) is deemed risky
+ coeff 0.7 of var (x7,x26) (idx 201) in constr e6 (idx 4) is deemed risky
+ coeff -1.16 of var (x7,x27) (idx 202) in constr e6 (idx 4) is deemed risky
+ coeff -1.72 of var (x7,x28) (idx 203) in constr e6 (idx 4) is deemed risky
+ coeff 1.68 of var (x7,x29) (idx 204) in constr e6 (idx 4) is deemed risky
+ coeff 0.54 of var (x7,x30) (idx 205) in constr e6 (idx 4) is deemed risky
+ coeff -0.84 of var (x7,x31) (idx 206) in constr e6 (idx 4) is deemed risky
+ coeff 1.06 of var (x7,x32) (idx 207) in constr e6 (idx 4) is deemed risky
+ coeff -1.34 of var (x7,x33) (idx 208) in constr e6 (idx 4) is deemed risky
+ coeff 1.18 of var (x7,x34) (idx 209) in constr e6 (idx 4) is deemed risky
+ coeff 0.72 of var (x7,x35) (idx 210) in constr e6 (idx 4) is deemed risky
+ coeff -0.3 of var (x7,x36) (idx 211) in constr e6 (idx 4) is deemed risky
+ coeff -0.06 of var (x7,x37) (idx 212) in constr e6 (idx 4) is deemed risky
+ coeff -1.44 of var (x7,x38) (idx 213) in constr e6 (idx 4) is deemed risky
+ coeff 0.96 of var (x7,x39) (idx 214) in constr e6 (idx 4) is deemed risky
+ coeff 0.02 of var (x7,x40) (idx 215) in constr e6 (idx 4) is deemed risky
+ coeff 0.68 of var (x7,x41) (idx 216) in constr e6 (idx 4) is deemed risky
+ coeff 0.67 of var (x8,x8) (idx 217) in constr e6 (idx 4) is deemed risky
+ coeff 0.18 of var (x8,x9) (idx 218) in constr e6 (idx 4) is deemed risky
+ coeff 0.42 of var (x8,x10) (idx 219) in constr e6 (idx 4) is deemed risky
+ coeff -0.68 of var (x8,x11) (idx 220) in constr e6 (idx 4) is deemed risky
+ coeff 1.34 of var (x8,x12) (idx 221) in constr e6 (idx 4) is deemed risky
+ coeff -0.5 of var (x8,x13) (idx 222) in constr e6 (idx 4) is deemed risky
+ coeff -0.02 of var (x8,x14) (idx 223) in constr e6 (idx 4) is deemed risky
+ coeff -1.22 of var (x8,x15) (idx 224) in constr e6 (idx 4) is deemed risky
+ coeff 1.72 of var (x8,x16) (idx 225) in constr e6 (idx 4) is deemed risky
+ coeff -0.9 of var (x8,x17) (idx 226) in constr e6 (idx 4) is deemed risky
+ coeff 1.44 of var (x8,x18) (idx 227) in constr e6 (idx 4) is deemed risky
+ coeff -1.86 of var (x8,x19) (idx 228) in constr e6 (idx 4) is deemed risky
+ coeff 0.2 of var (x8,x20) (idx 229) in constr e6 (idx 4) is deemed risky
+ coeff -1.22 of var (x8,x21) (idx 230) in constr e6 (idx 4) is deemed risky
+ coeff 1.74 of var (x8,x22) (idx 231) in constr e6 (idx 4) is deemed risky
+ coeff -0.76 of var (x8,x23) (idx 232) in constr e6 (idx 4) is deemed risky
+ coeff 1.64 of var (x8,x24) (idx 233) in constr e6 (idx 4) is deemed risky
+ coeff -1.9 of var (x8,x25) (idx 234) in constr e6 (idx 4) is deemed risky
+ coeff 0.3 of var (x8,x26) (idx 235) in constr e6 (idx 4) is deemed risky
+ coeff -0.88 of var (x8,x27) (idx 236) in constr e6 (idx 4) is deemed risky
+ coeff -0.8 of var (x8,x28) (idx 237) in constr e6 (idx 4) is deemed risky
+ coeff -1.6 of var (x8,x29) (idx 238) in constr e6 (idx 4) is deemed risky
+ coeff -0.3 of var (x8,x30) (idx 239) in constr e6 (idx 4) is deemed risky
+ coeff 0.28 of var (x8,x31) (idx 240) in constr e6 (idx 4) is deemed risky
+ coeff -0.48 of var (x8,x32) (idx 241) in constr e6 (idx 4) is deemed risky
+ coeff 1.38 of var (x8,x33) (idx 242) in constr e6 (idx 4) is deemed risky
+ coeff 0.58 of var (x8,x35) (idx 243) in constr e6 (idx 4) is deemed risky
+ coeff -0.48 of var (x8,x36) (idx 244) in constr e6 (idx 4) is deemed risky
+ coeff 0.8 of var (x8,x37) (idx 245) in constr e6 (idx 4) is deemed risky
+ coeff 0.96 of var (x8,x38) (idx 246) in constr e6 (idx 4) is deemed risky
+ coeff 1.58 of var (x8,x39) (idx 247) in constr e6 (idx 4) is deemed risky
+ coeff -1.9 of var (x8,x40) (idx 248) in constr e6 (idx 4) is deemed risky
+ coeff -1.1 of var (x8,x41) (idx 249) in constr e6 (idx 4) is deemed risky
+ coeff -0.07 of var (x9,x9) (idx 250) in constr e6 (idx 4) is deemed risky
+ coeff -0.14 of var (x9,x10) (idx 251) in constr e6 (idx 4) is deemed risky
+ coeff 1.38 of var (x9,x11) (idx 252) in constr e6 (idx 4) is deemed risky
+ coeff -1.12 of var (x9,x12) (idx 253) in constr e6 (idx 4) is deemed risky
+ coeff -1.56 of var (x9,x13) (idx 254) in constr e6 (idx 4) is deemed risky
+ coeff 1.32 of var (x9,x14) (idx 255) in constr e6 (idx 4) is deemed risky
+ coeff 0.02 of var (x9,x15) (idx 256) in constr e6 (idx 4) is deemed risky
+ coeff 0.42 of var (x9,x16) (idx 257) in constr e6 (idx 4) is deemed risky
+ coeff -1.3 of var (x9,x17) (idx 258) in constr e6 (idx 4) is deemed risky
+ coeff -0.9 of var (x9,x18) (idx 259) in constr e6 (idx 4) is deemed risky
+ coeff -1.82 of var (x9,x19) (idx 260) in constr e6 (idx 4) is deemed risky
+ coeff 0.08 of var (x9,x21) (idx 261) in constr e6 (idx 4) is deemed risky
+ coeff 1.2 of var (x9,x22) (idx 262) in constr e6 (idx 4) is deemed risky
+ coeff 1.2 of var (x9,x23) (idx 263) in constr e6 (idx 4) is deemed risky
+ coeff -0.68 of var (x9,x24) (idx 264) in constr e6 (idx 4) is deemed risky
+ coeff -0.54 of var (x9,x25) (idx 265) in constr e6 (idx 4) is deemed risky
+ coeff 0.24 of var (x9,x26) (idx 266) in constr e6 (idx 4) is deemed risky
+ coeff 0.3 of var (x9,x27) (idx 267) in constr e6 (idx 4) is deemed risky
+ coeff 1.24 of var (x9,x28) (idx 268) in constr e6 (idx 4) is deemed risky
+ coeff -0.3 of var (x9,x29) (idx 269) in constr e6 (idx 4) is deemed risky
+ coeff 1.66 of var (x9,x30) (idx 270) in constr e6 (idx 4) is deemed risky
+ coeff -1.6 of var (x9,x31) (idx 271) in constr e6 (idx 4) is deemed risky
+ coeff -0.4 of var (x9,x32) (idx 272) in constr e6 (idx 4) is deemed risky
+ coeff 1.62 of var (x9,x33) (idx 273) in constr e6 (idx 4) is deemed risky
+ coeff -1.12 of var (x9,x34) (idx 274) in constr e6 (idx 4) is deemed risky
+ coeff 1.9 of var (x9,x35) (idx 275) in constr e6 (idx 4) is deemed risky
+ coeff 1.14 of var (x9,x36) (idx 276) in constr e6 (idx 4) is deemed risky
+ coeff 1.32 of var (x9,x37) (idx 277) in constr e6 (idx 4) is deemed risky
+ coeff -0.5 of var (x9,x38) (idx 278) in constr e6 (idx 4) is deemed risky
+ coeff 0.18 of var (x9,x39) (idx 279) in constr e6 (idx 4) is deemed risky
+ coeff 1.18 of var (x9,x40) (idx 280) in constr e6 (idx 4) is deemed risky
+ coeff -0.22 of var (x9,x41) (idx 281) in constr e6 (idx 4) is deemed risky
+ coeff 0.68 of var (x10,x10) (idx 282) in constr e6 (idx 4) is deemed risky
+ coeff 0.54 of var (x10,x11) (idx 283) in constr e6 (idx 4) is deemed risky
+ coeff -0.56 of var (x10,x12) (idx 284) in constr e6 (idx 4) is deemed risky
+ coeff -0.1 of var (x10,x14) (idx 286) in constr e6 (idx 4) is deemed risky
+ coeff 0.12 of var (x10,x15) (idx 287) in constr e6 (idx 4) is deemed risky
+ coeff 0.08 of var (x10,x16) (idx 288) in constr e6 (idx 4) is deemed risky
+ coeff 1.42 of var (x10,x17) (idx 289) in constr e6 (idx 4) is deemed risky
+ coeff 0.94 of var (x10,x18) (idx 290) in constr e6 (idx 4) is deemed risky
+ coeff -1.3 of var (x10,x19) (idx 291) in constr e6 (idx 4) is deemed risky
+ coeff 0.74 of var (x10,x20) (idx 292) in constr e6 (idx 4) is deemed risky
+ coeff 1.16 of var (x10,x21) (idx 293) in constr e6 (idx 4) is deemed risky
+ coeff -1.34 of var (x10,x22) (idx 294) in constr e6 (idx 4) is deemed risky
+ coeff -0.74 of var (x10,x23) (idx 295) in constr e6 (idx 4) is deemed risky
+ coeff -1.92 of var (x10,x24) (idx 296) in constr e6 (idx 4) is deemed risky
+ coeff 0.76 of var (x10,x25) (idx 297) in constr e6 (idx 4) is deemed risky
+ coeff -1.46 of var (x10,x26) (idx 298) in constr e6 (idx 4) is deemed risky
+ coeff -1.04 of var (x10,x27) (idx 299) in constr e6 (idx 4) is deemed risky
+ coeff 1.16 of var (x10,x28) (idx 300) in constr e6 (idx 4) is deemed risky
+ coeff -1.26 of var (x10,x29) (idx 301) in constr e6 (idx 4) is deemed risky
+ coeff 0.96 of var (x10,x30) (idx 302) in constr e6 (idx 4) is deemed risky
+ coeff -1.04 of var (x10,x31) (idx 303) in constr e6 (idx 4) is deemed risky
+ coeff -1.22 of var (x10,x32) (idx 304) in constr e6 (idx 4) is deemed risky
+ coeff -1.98 of var (x10,x33) (idx 305) in constr e6 (idx 4) is deemed risky
+ coeff 1.2 of var (x10,x34) (idx 306) in constr e6 (idx 4) is deemed risky
+ coeff 0.6 of var (x10,x35) (idx 307) in constr e6 (idx 4) is deemed risky
+ coeff -1.56 of var (x10,x37) (idx 308) in constr e6 (idx 4) is deemed risky
+ coeff 1.06 of var (x10,x38) (idx 309) in constr e6 (idx 4) is deemed risky
+ coeff 0.14 of var (x10,x39) (idx 310) in constr e6 (idx 4) is deemed risky
+ coeff -1.16 of var (x10,x40) (idx 311) in constr e6 (idx 4) is deemed risky
+ coeff 1.62 of var (x10,x41) (idx 312) in constr e6 (idx 4) is deemed risky
+ coeff 0.55 of var (x11,x11) (idx 313) in constr e6 (idx 4) is deemed risky
+ coeff -1.88 of var (x11,x12) (idx 314) in constr e6 (idx 4) is deemed risky
+ coeff 0.32 of var (x11,x13) (idx 315) in constr e6 (idx 4) is deemed risky
+ coeff -1.74 of var (x11,x14) (idx 316) in constr e6 (idx 4) is deemed risky
+ coeff 0.54 of var (x11,x15) (idx 317) in constr e6 (idx 4) is deemed risky
+ coeff -1.24 of var (x11,x16) (idx 318) in constr e6 (idx 4) is deemed risky
+ coeff 0.64 of var (x11,x17) (idx 319) in constr e6 (idx 4) is deemed risky
+ coeff 0.62 of var (x11,x18) (idx 320) in constr e6 (idx 4) is deemed risky
+ coeff -0.24 of var (x11,x19) (idx 321) in constr e6 (idx 4) is deemed risky
+ coeff 1.42 of var (x11,x20) (idx 322) in constr e6 (idx 4) is deemed risky
+ coeff 1.46 of var (x11,x21) (idx 323) in constr e6 (idx 4) is deemed risky
+ coeff 0.22 of var (x11,x22) (idx 324) in constr e6 (idx 4) is deemed risky
+ coeff 1.66 of var (x11,x23) (idx 325) in constr e6 (idx 4) is deemed risky
+ coeff -1.12 of var (x11,x24) (idx 326) in constr e6 (idx 4) is deemed risky
+ coeff -1.2 of var (x11,x25) (idx 327) in constr e6 (idx 4) is deemed risky
+ coeff -0.64 of var (x11,x26) (idx 328) in constr e6 (idx 4) is deemed risky
+ coeff 1.74 of var (x11,x27) (idx 329) in constr e6 (idx 4) is deemed risky
+ coeff 1.36 of var (x11,x28) (idx 330) in constr e6 (idx 4) is deemed risky
+ coeff -1.26 of var (x11,x29) (idx 331) in constr e6 (idx 4) is deemed risky
+ coeff -1.96 of var (x11,x30) (idx 332) in constr e6 (idx 4) is deemed risky
+ coeff -0.84 of var (x11,x31) (idx 333) in constr e6 (idx 4) is deemed risky
+ coeff 1.18 of var (x11,x32) (idx 334) in constr e6 (idx 4) is deemed risky
+ coeff 0.4 of var (x11,x33) (idx 335) in constr e6 (idx 4) is deemed risky
+ coeff 0.94 of var (x11,x34) (idx 336) in constr e6 (idx 4) is deemed risky
+ coeff -1.6 of var (x11,x35) (idx 337) in constr e6 (idx 4) is deemed risky
+ coeff -0.18 of var (x11,x37) (idx 338) in constr e6 (idx 4) is deemed risky
+ coeff -0.6 of var (x11,x38) (idx 339) in constr e6 (idx 4) is deemed risky
+ coeff 1.2 of var (x11,x39) (idx 340) in constr e6 (idx 4) is deemed risky
+ coeff -1.5 of var (x11,x40) (idx 341) in constr e6 (idx 4) is deemed risky
+ coeff -0.36 of var (x11,x41) (idx 342) in constr e6 (idx 4) is deemed risky
+ coeff -0.98 of var (x12,x12) (idx 343) in constr e6 (idx 4) is deemed risky
+ coeff -1.16 of var (x12,x13) (idx 344) in constr e6 (idx 4) is deemed risky
+ coeff -1.26 of var (x12,x15) (idx 345) in constr e6 (idx 4) is deemed risky
+ coeff 1.74 of var (x12,x16) (idx 346) in constr e6 (idx 4) is deemed risky
+ coeff -1.84 of var (x12,x17) (idx 347) in constr e6 (idx 4) is deemed risky
+ coeff 0.08 of var (x12,x18) (idx 348) in constr e6 (idx 4) is deemed risky
+ coeff 1.46 of var (x12,x19) (idx 349) in constr e6 (idx 4) is deemed risky
+ coeff -0.66 of var (x12,x20) (idx 350) in constr e6 (idx 4) is deemed risky
+ coeff -1.68 of var (x12,x21) (idx 351) in constr e6 (idx 4) is deemed risky
+ coeff -1.04 of var (x12,x22) (idx 352) in constr e6 (idx 4) is deemed risky
+ coeff -1.82 of var (x12,x24) (idx 353) in constr e6 (idx 4) is deemed risky
+ coeff -0.84 of var (x12,x25) (idx 354) in constr e6 (idx 4) is deemed risky
+ coeff 0.82 of var (x12,x26) (idx 355) in constr e6 (idx 4) is deemed risky
+ coeff -1.3 of var (x12,x27) (idx 356) in constr e6 (idx 4) is deemed risky
+ coeff 0.32 of var (x12,x28) (idx 357) in constr e6 (idx 4) is deemed risky
+ coeff -1.36 of var (x12,x29) (idx 358) in constr e6 (idx 4) is deemed risky
+ coeff 0.8 of var (x12,x30) (idx 359) in constr e6 (idx 4) is deemed risky
+ coeff -1.44 of var (x12,x31) (idx 360) in constr e6 (idx 4) is deemed risky
+ coeff 0.84 of var (x12,x32) (idx 361) in constr e6 (idx 4) is deemed risky
+ coeff -1.26 of var (x12,x33) (idx 362) in constr e6 (idx 4) is deemed risky
+ coeff 0.4 of var (x12,x34) (idx 363) in constr e6 (idx 4) is deemed risky
+ coeff 0.64 of var (x12,x35) (idx 364) in constr e6 (idx 4) is deemed risky
+ coeff -0.1 of var (x12,x36) (idx 365) in constr e6 (idx 4) is deemed risky
+ coeff -1.9 of var (x12,x37) (idx 366) in constr e6 (idx 4) is deemed risky
+ coeff 1.96 of var (x12,x38) (idx 367) in constr e6 (idx 4) is deemed risky
+ coeff -0.96 of var (x12,x39) (idx 368) in constr e6 (idx 4) is deemed risky
+ coeff 1.76 of var (x12,x40) (idx 369) in constr e6 (idx 4) is deemed risky
+ coeff -1.94 of var (x12,x41) (idx 370) in constr e6 (idx 4) is deemed risky
+ coeff 0.19 of var (x13,x13) (idx 371) in constr e6 (idx 4) is deemed risky
+ coeff -0.78 of var (x13,x14) (idx 372) in constr e6 (idx 4) is deemed risky
+ coeff 0.98 of var (x13,x15) (idx 373) in constr e6 (idx 4) is deemed risky
+ coeff 0.48 of var (x13,x17) (idx 375) in constr e6 (idx 4) is deemed risky
+ coeff -1.2 of var (x13,x18) (idx 376) in constr e6 (idx 4) is deemed risky
+ coeff 0.88 of var (x13,x19) (idx 377) in constr e6 (idx 4) is deemed risky
+ coeff 0.48 of var (x13,x20) (idx 378) in constr e6 (idx 4) is deemed risky
+ coeff -0.72 of var (x13,x21) (idx 379) in constr e6 (idx 4) is deemed risky
+ coeff 0.5 of var (x13,x22) (idx 380) in constr e6 (idx 4) is deemed risky
+ coeff 1.88 of var (x13,x23) (idx 381) in constr e6 (idx 4) is deemed risky
+ coeff -1.1 of var (x13,x24) (idx 382) in constr e6 (idx 4) is deemed risky
+ coeff -1.6 of var (x13,x25) (idx 383) in constr e6 (idx 4) is deemed risky
+ coeff -0.32 of var (x13,x26) (idx 384) in constr e6 (idx 4) is deemed risky
+ coeff 1.34 of var (x13,x27) (idx 385) in constr e6 (idx 4) is deemed risky
+ coeff 1.2 of var (x13,x28) (idx 386) in constr e6 (idx 4) is deemed risky
+ coeff -0.64 of var (x13,x29) (idx 387) in constr e6 (idx 4) is deemed risky
+ coeff 0.18 of var (x13,x30) (idx 388) in constr e6 (idx 4) is deemed risky
+ coeff -1.36 of var (x13,x31) (idx 389) in constr e6 (idx 4) is deemed risky
+ coeff 0.98 of var (x13,x32) (idx 390) in constr e6 (idx 4) is deemed risky
+ coeff -0.56 of var (x13,x34) (idx 391) in constr e6 (idx 4) is deemed risky
+ coeff 1.56 of var (x13,x35) (idx 392) in constr e6 (idx 4) is deemed risky
+ coeff -1.82 of var (x13,x36) (idx 393) in constr e6 (idx 4) is deemed risky
+ coeff -1.82 of var (x13,x37) (idx 394) in constr e6 (idx 4) is deemed risky
+ coeff 1.14 of var (x13,x38) (idx 395) in constr e6 (idx 4) is deemed risky
+ coeff 1.96 of var (x13,x39) (idx 396) in constr e6 (idx 4) is deemed risky
+ coeff -0.94 of var (x13,x40) (idx 397) in constr e6 (idx 4) is deemed risky
+ coeff 1.9 of var (x13,x41) (idx 398) in constr e6 (idx 4) is deemed risky
+ coeff 0.71 of var (x14,x14) (idx 399) in constr e6 (idx 4) is deemed risky
+ coeff -0.44 of var (x14,x15) (idx 400) in constr e6 (idx 4) is deemed risky
+ coeff -1.16 of var (x14,x16) (idx 401) in constr e6 (idx 4) is deemed risky
+ coeff 0.98 of var (x14,x17) (idx 402) in constr e6 (idx 4) is deemed risky
+ coeff 0.94 of var (x14,x18) (idx 403) in constr e6 (idx 4) is deemed risky
+ coeff 0.18 of var (x14,x19) (idx 404) in constr e6 (idx 4) is deemed risky
+ coeff -0.86 of var (x14,x20) (idx 405) in constr e6 (idx 4) is deemed risky
+ coeff 0.62 of var (x14,x21) (idx 406) in constr e6 (idx 4) is deemed risky
+ coeff -0.02 of var (x14,x22) (idx 407) in constr e6 (idx 4) is deemed risky
+ coeff -1.52 of var (x14,x23) (idx 408) in constr e6 (idx 4) is deemed risky
+ coeff -0.9 of var (x14,x24) (idx 409) in constr e6 (idx 4) is deemed risky
+ coeff -0.48 of var (x14,x25) (idx 410) in constr e6 (idx 4) is deemed risky
+ coeff 0.4 of var (x14,x26) (idx 411) in constr e6 (idx 4) is deemed risky
+ coeff 0.84 of var (x14,x27) (idx 412) in constr e6 (idx 4) is deemed risky
+ coeff 1.22 of var (x14,x28) (idx 413) in constr e6 (idx 4) is deemed risky
+ coeff -0.88 of var (x14,x29) (idx 414) in constr e6 (idx 4) is deemed risky
+ coeff 1.04 of var (x14,x30) (idx 415) in constr e6 (idx 4) is deemed risky
+ coeff -1.26 of var (x14,x31) (idx 416) in constr e6 (idx 4) is deemed risky
+ coeff 1.44 of var (x14,x32) (idx 417) in constr e6 (idx 4) is deemed risky
+ coeff -0.38 of var (x14,x33) (idx 418) in constr e6 (idx 4) is deemed risky
+ coeff 0.38 of var (x14,x34) (idx 419) in constr e6 (idx 4) is deemed risky
+ coeff 0.46 of var (x14,x35) (idx 420) in constr e6 (idx 4) is deemed risky
+ coeff -0.42 of var (x14,x36) (idx 421) in constr e6 (idx 4) is deemed risky
+ coeff -1.46 of var (x14,x37) (idx 422) in constr e6 (idx 4) is deemed risky
+ coeff 1.94 of var (x14,x38) (idx 423) in constr e6 (idx 4) is deemed risky
+ coeff 0.38 of var (x14,x39) (idx 424) in constr e6 (idx 4) is deemed risky
+ coeff -1.26 of var (x14,x40) (idx 425) in constr e6 (idx 4) is deemed risky
+ coeff 0.04 of var (x14,x41) (idx 426) in constr e6 (idx 4) is deemed risky
+ coeff -0.06 of var (x15,x15) (idx 427) in constr e6 (idx 4) is deemed risky
+ coeff -1.48 of var (x15,x16) (idx 428) in constr e6 (idx 4) is deemed risky
+ coeff -0.22 of var (x15,x17) (idx 429) in constr e6 (idx 4) is deemed risky
+ coeff 1.76 of var (x15,x18) (idx 430) in constr e6 (idx 4) is deemed risky
+ coeff -1.08 of var (x15,x19) (idx 431) in constr e6 (idx 4) is deemed risky
+ coeff -0.06 of var (x15,x20) (idx 432) in constr e6 (idx 4) is deemed risky
+ coeff 1.62 of var (x15,x21) (idx 433) in constr e6 (idx 4) is deemed risky
+ coeff -0.12 of var (x15,x22) (idx 434) in constr e6 (idx 4) is deemed risky
+ coeff -1.36 of var (x15,x23) (idx 435) in constr e6 (idx 4) is deemed risky
+ coeff -0.98 of var (x15,x24) (idx 436) in constr e6 (idx 4) is deemed risky
+ coeff 0.54 of var (x15,x25) (idx 437) in constr e6 (idx 4) is deemed risky
+ coeff 1.54 of var (x15,x26) (idx 438) in constr e6 (idx 4) is deemed risky
+ coeff -0.2 of var (x15,x27) (idx 439) in constr e6 (idx 4) is deemed risky
+ coeff 0.92 of var (x15,x28) (idx 440) in constr e6 (idx 4) is deemed risky
+ coeff -1.04 of var (x15,x29) (idx 441) in constr e6 (idx 4) is deemed risky
+ coeff -0.5 of var (x15,x30) (idx 442) in constr e6 (idx 4) is deemed risky
+ coeff -1.02 of var (x15,x31) (idx 443) in constr e6 (idx 4) is deemed risky
+ coeff 0.04 of var (x15,x33) (idx 445) in constr e6 (idx 4) is deemed risky
+ coeff 0.72 of var (x15,x34) (idx 446) in constr e6 (idx 4) is deemed risky
+ coeff 0.74 of var (x15,x35) (idx 447) in constr e6 (idx 4) is deemed risky
+ coeff -0.38 of var (x15,x36) (idx 448) in constr e6 (idx 4) is deemed risky
+ coeff -0.78 of var (x15,x39) (idx 449) in constr e6 (idx 4) is deemed risky
+ coeff -0.4 of var (x15,x40) (idx 450) in constr e6 (idx 4) is deemed risky
+ coeff 0.78 of var (x15,x41) (idx 451) in constr e6 (idx 4) is deemed risky
+ coeff -0.06 of var (x16,x16) (idx 452) in constr e6 (idx 4) is deemed risky
+ coeff 1.62 of var (x16,x17) (idx 453) in constr e6 (idx 4) is deemed risky
+ coeff -1.8 of var (x16,x18) (idx 454) in constr e6 (idx 4) is deemed risky
+ coeff 1.56 of var (x16,x19) (idx 455) in constr e6 (idx 4) is deemed risky
+ coeff -0.24 of var (x16,x20) (idx 456) in constr e6 (idx 4) is deemed risky
+ coeff 0.3 of var (x16,x21) (idx 457) in constr e6 (idx 4) is deemed risky
+ coeff -1.02 of var (x16,x22) (idx 458) in constr e6 (idx 4) is deemed risky
+ coeff -0.56 of var (x16,x23) (idx 459) in constr e6 (idx 4) is deemed risky
+ coeff -0.14 of var (x16,x24) (idx 460) in constr e6 (idx 4) is deemed risky
+ coeff 0.72 of var (x16,x25) (idx 461) in constr e6 (idx 4) is deemed risky
+ coeff 1.2 of var (x16,x26) (idx 462) in constr e6 (idx 4) is deemed risky
+ coeff -1.86 of var (x16,x27) (idx 463) in constr e6 (idx 4) is deemed risky
+ coeff -0.84 of var (x16,x28) (idx 464) in constr e6 (idx 4) is deemed risky
+ coeff -0.58 of var (x16,x29) (idx 465) in constr e6 (idx 4) is deemed risky
+ coeff -1.3 of var (x16,x30) (idx 466) in constr e6 (idx 4) is deemed risky
+ coeff 1.04 of var (x16,x31) (idx 467) in constr e6 (idx 4) is deemed risky
+ coeff 0.68 of var (x16,x32) (idx 468) in constr e6 (idx 4) is deemed risky
+ coeff -1.52 of var (x16,x33) (idx 469) in constr e6 (idx 4) is deemed risky
+ coeff -0.84 of var (x16,x34) (idx 470) in constr e6 (idx 4) is deemed risky
+ coeff 1.72 of var (x16,x35) (idx 471) in constr e6 (idx 4) is deemed risky
+ coeff -0.94 of var (x16,x36) (idx 472) in constr e6 (idx 4) is deemed risky
+ coeff 0.12 of var (x16,x37) (idx 473) in constr e6 (idx 4) is deemed risky
+ coeff -1.42 of var (x16,x38) (idx 474) in constr e6 (idx 4) is deemed risky
+ coeff -0.16 of var (x16,x39) (idx 475) in constr e6 (idx 4) is deemed risky
+ coeff 0.66 of var (x16,x40) (idx 476) in constr e6 (idx 4) is deemed risky
+ coeff -1.9 of var (x16,x41) (idx 477) in constr e6 (idx 4) is deemed risky
+ coeff 0.03 of var (x17,x17) (idx 478) in constr e6 (idx 4) is deemed risky
+ coeff 0.7 of var (x17,x19) (idx 479) in constr e6 (idx 4) is deemed risky
+ coeff -0.26 of var (x17,x20) (idx 480) in constr e6 (idx 4) is deemed risky
+ coeff -1.1 of var (x17,x21) (idx 481) in constr e6 (idx 4) is deemed risky
+ coeff 0.62 of var (x17,x22) (idx 482) in constr e6 (idx 4) is deemed risky
+ coeff -1.58 of var (x17,x23) (idx 483) in constr e6 (idx 4) is deemed risky
+ coeff -0.1 of var (x17,x24) (idx 484) in constr e6 (idx 4) is deemed risky
+ coeff 0.08 of var (x17,x25) (idx 485) in constr e6 (idx 4) is deemed risky
+ coeff -0.98 of var (x17,x27) (idx 486) in constr e6 (idx 4) is deemed risky
+ coeff -1.68 of var (x17,x28) (idx 487) in constr e6 (idx 4) is deemed risky
+ coeff 0.26 of var (x17,x29) (idx 488) in constr e6 (idx 4) is deemed risky
+ coeff 1.86 of var (x17,x30) (idx 489) in constr e6 (idx 4) is deemed risky
+ coeff 0.82 of var (x17,x31) (idx 490) in constr e6 (idx 4) is deemed risky
+ coeff -0.66 of var (x17,x32) (idx 491) in constr e6 (idx 4) is deemed risky
+ coeff 0.48 of var (x17,x33) (idx 492) in constr e6 (idx 4) is deemed risky
+ coeff 0.34 of var (x17,x34) (idx 493) in constr e6 (idx 4) is deemed risky
+ coeff -1.02 of var (x17,x35) (idx 494) in constr e6 (idx 4) is deemed risky
+ coeff 1.64 of var (x17,x36) (idx 495) in constr e6 (idx 4) is deemed risky
+ coeff 0.36 of var (x17,x37) (idx 496) in constr e6 (idx 4) is deemed risky
+ coeff 1.78 of var (x17,x38) (idx 497) in constr e6 (idx 4) is deemed risky
+ coeff 0.98 of var (x17,x39) (idx 498) in constr e6 (idx 4) is deemed risky
+ coeff -0.44 of var (x17,x40) (idx 499) in constr e6 (idx 4) is deemed risky
+ coeff -2 of var (x17,x41) (idx 500) in constr e6 (idx 4) is deemed risky
+ coeff -0.41 of var (x18,x18) (idx 501) in constr e6 (idx 4) is deemed risky
+ coeff -0.98 of var (x18,x19) (idx 502) in constr e6 (idx 4) is deemed risky
+ coeff -1.72 of var (x18,x20) (idx 503) in constr e6 (idx 4) is deemed risky
+ coeff 1.84 of var (x18,x21) (idx 504) in constr e6 (idx 4) is deemed risky
+ coeff -0.92 of var (x18,x22) (idx 505) in constr e6 (idx 4) is deemed risky
+ coeff -0.6 of var (x18,x23) (idx 506) in constr e6 (idx 4) is deemed risky
+ coeff 1.66 of var (x18,x24) (idx 507) in constr e6 (idx 4) is deemed risky
+ coeff -0.32 of var (x18,x25) (idx 508) in constr e6 (idx 4) is deemed risky
+ coeff -0.72 of var (x18,x26) (idx 509) in constr e6 (idx 4) is deemed risky
+ coeff -0.12 of var (x18,x27) (idx 510) in constr e6 (idx 4) is deemed risky
+ coeff -1.76 of var (x18,x28) (idx 511) in constr e6 (idx 4) is deemed risky
+ coeff 0.52 of var (x18,x29) (idx 512) in constr e6 (idx 4) is deemed risky
+ coeff -0.3 of var (x18,x30) (idx 513) in constr e6 (idx 4) is deemed risky
+ coeff -1.76 of var (x18,x31) (idx 514) in constr e6 (idx 4) is deemed risky
+ coeff -1.06 of var (x18,x33) (idx 515) in constr e6 (idx 4) is deemed risky
+ coeff -1.7 of var (x18,x34) (idx 516) in constr e6 (idx 4) is deemed risky
+ coeff -0.8 of var (x18,x35) (idx 517) in constr e6 (idx 4) is deemed risky
+ coeff 0.22 of var (x18,x36) (idx 518) in constr e6 (idx 4) is deemed risky
+ coeff 1.64 of var (x18,x37) (idx 519) in constr e6 (idx 4) is deemed risky
+ coeff -1.28 of var (x18,x38) (idx 520) in constr e6 (idx 4) is deemed risky
+ coeff 1.24 of var (x18,x39) (idx 521) in constr e6 (idx 4) is deemed risky
+ coeff -1.1 of var (x18,x40) (idx 522) in constr e6 (idx 4) is deemed risky
+ coeff 1.7 of var (x18,x41) (idx 523) in constr e6 (idx 4) is deemed risky
+ coeff 0.56 of var (x19,x19) (idx 524) in constr e6 (idx 4) is deemed risky
+ coeff 1.58 of var (x19,x20) (idx 525) in constr e6 (idx 4) is deemed risky
+ coeff -1.12 of var (x19,x22) (idx 526) in constr e6 (idx 4) is deemed risky
+ coeff 0.4 of var (x19,x23) (idx 527) in constr e6 (idx 4) is deemed risky
+ coeff -0.96 of var (x19,x24) (idx 528) in constr e6 (idx 4) is deemed risky
+ coeff -0.18 of var (x19,x25) (idx 529) in constr e6 (idx 4) is deemed risky
+ coeff -1.06 of var (x19,x26) (idx 530) in constr e6 (idx 4) is deemed risky
+ coeff -1.66 of var (x19,x27) (idx 531) in constr e6 (idx 4) is deemed risky
+ coeff 1.46 of var (x19,x28) (idx 532) in constr e6 (idx 4) is deemed risky
+ coeff -0.98 of var (x19,x29) (idx 533) in constr e6 (idx 4) is deemed risky
+ coeff 1.12 of var (x19,x30) (idx 534) in constr e6 (idx 4) is deemed risky
+ coeff 1.16 of var (x19,x32) (idx 536) in constr e6 (idx 4) is deemed risky
+ coeff 1.76 of var (x19,x33) (idx 537) in constr e6 (idx 4) is deemed risky
+ coeff -1.96 of var (x19,x34) (idx 538) in constr e6 (idx 4) is deemed risky
+ coeff -0.18 of var (x19,x35) (idx 539) in constr e6 (idx 4) is deemed risky
+ coeff 1.74 of var (x19,x36) (idx 540) in constr e6 (idx 4) is deemed risky
+ coeff 0.64 of var (x19,x38) (idx 541) in constr e6 (idx 4) is deemed risky
+ coeff 0.54 of var (x19,x39) (idx 542) in constr e6 (idx 4) is deemed risky
+ coeff -1.72 of var (x19,x40) (idx 543) in constr e6 (idx 4) is deemed risky
+ coeff -1.56 of var (x19,x41) (idx 544) in constr e6 (idx 4) is deemed risky
+ coeff -1.42 of var (x20,x21) (idx 545) in constr e6 (idx 4) is deemed risky
+ coeff -1.42 of var (x20,x22) (idx 546) in constr e6 (idx 4) is deemed risky
+ coeff -0.92 of var (x20,x23) (idx 547) in constr e6 (idx 4) is deemed risky
+ coeff -0.98 of var (x20,x24) (idx 548) in constr e6 (idx 4) is deemed risky
+ coeff -1.16 of var (x20,x25) (idx 549) in constr e6 (idx 4) is deemed risky
+ coeff 0.46 of var (x20,x26) (idx 550) in constr e6 (idx 4) is deemed risky
+ coeff 0.2 of var (x20,x27) (idx 551) in constr e6 (idx 4) is deemed risky
+ coeff -0.68 of var (x20,x28) (idx 552) in constr e6 (idx 4) is deemed risky
+ coeff -0.54 of var (x20,x29) (idx 553) in constr e6 (idx 4) is deemed risky
+ coeff -1.44 of var (x20,x30) (idx 554) in constr e6 (idx 4) is deemed risky
+ coeff 0.34 of var (x20,x31) (idx 555) in constr e6 (idx 4) is deemed risky
+ coeff 1.54 of var (x20,x32) (idx 556) in constr e6 (idx 4) is deemed risky
+ coeff -0.78 of var (x20,x33) (idx 557) in constr e6 (idx 4) is deemed risky
+ coeff 0.6 of var (x20,x34) (idx 558) in constr e6 (idx 4) is deemed risky
+ coeff -1.26 of var (x20,x35) (idx 559) in constr e6 (idx 4) is deemed risky
+ coeff -1.64 of var (x20,x36) (idx 560) in constr e6 (idx 4) is deemed risky
+ coeff 1.16 of var (x20,x37) (idx 561) in constr e6 (idx 4) is deemed risky
+ coeff 1.36 of var (x20,x38) (idx 562) in constr e6 (idx 4) is deemed risky
+ coeff 0.34 of var (x20,x39) (idx 563) in constr e6 (idx 4) is deemed risky
+ coeff 0.38 of var (x20,x40) (idx 564) in constr e6 (idx 4) is deemed risky
+ coeff -0.98 of var (x20,x41) (idx 565) in constr e6 (idx 4) is deemed risky
+ coeff -0.67 of var (x21,x21) (idx 566) in constr e6 (idx 4) is deemed risky
+ coeff -1.46 of var (x21,x22) (idx 567) in constr e6 (idx 4) is deemed risky
+ coeff 0.62 of var (x21,x23) (idx 568) in constr e6 (idx 4) is deemed risky
+ coeff 0.86 of var (x21,x24) (idx 569) in constr e6 (idx 4) is deemed risky
+ coeff 1.06 of var (x21,x25) (idx 570) in constr e6 (idx 4) is deemed risky
+ coeff 0.48 of var (x21,x26) (idx 571) in constr e6 (idx 4) is deemed risky
+ coeff -0.16 of var (x21,x27) (idx 572) in constr e6 (idx 4) is deemed risky
+ coeff 0.58 of var (x21,x28) (idx 573) in constr e6 (idx 4) is deemed risky
+ coeff 1.3 of var (x21,x29) (idx 574) in constr e6 (idx 4) is deemed risky
+ coeff 0.28 of var (x21,x30) (idx 575) in constr e6 (idx 4) is deemed risky
+ coeff 1.44 of var (x21,x31) (idx 576) in constr e6 (idx 4) is deemed risky
+ coeff -1.44 of var (x21,x32) (idx 577) in constr e6 (idx 4) is deemed risky
+ coeff -1.16 of var (x21,x34) (idx 578) in constr e6 (idx 4) is deemed risky
+ coeff -0.44 of var (x21,x35) (idx 579) in constr e6 (idx 4) is deemed risky
+ coeff 0.04 of var (x21,x36) (idx 580) in constr e6 (idx 4) is deemed risky
+ coeff -0.18 of var (x21,x37) (idx 581) in constr e6 (idx 4) is deemed risky
+ coeff -0.86 of var (x21,x38) (idx 582) in constr e6 (idx 4) is deemed risky
+ coeff -0.5 of var (x21,x39) (idx 583) in constr e6 (idx 4) is deemed risky
+ coeff -1.16 of var (x21,x40) (idx 584) in constr e6 (idx 4) is deemed risky
+ coeff -0.72 of var (x21,x41) (idx 585) in constr e6 (idx 4) is deemed risky
+ coeff 1.76 of var (x22,x23) (idx 586) in constr e6 (idx 4) is deemed risky
+ coeff 1.26 of var (x22,x24) (idx 587) in constr e6 (idx 4) is deemed risky
+ coeff -1.04 of var (x22,x26) (idx 588) in constr e6 (idx 4) is deemed risky
+ coeff -0.22 of var (x22,x27) (idx 589) in constr e6 (idx 4) is deemed risky
+ coeff -0.84 of var (x22,x28) (idx 590) in constr e6 (idx 4) is deemed risky
+ coeff -1.1 of var (x22,x29) (idx 591) in constr e6 (idx 4) is deemed risky
+ coeff -1.76 of var (x22,x30) (idx 592) in constr e6 (idx 4) is deemed risky
+ coeff 1.52 of var (x22,x31) (idx 593) in constr e6 (idx 4) is deemed risky
+ coeff -1.26 of var (x22,x32) (idx 594) in constr e6 (idx 4) is deemed risky
+ coeff -1.08 of var (x22,x33) (idx 595) in constr e6 (idx 4) is deemed risky
+ coeff -0.62 of var (x22,x34) (idx 596) in constr e6 (idx 4) is deemed risky
+ coeff -1.8 of var (x22,x35) (idx 597) in constr e6 (idx 4) is deemed risky
+ coeff -1.04 of var (x22,x36) (idx 598) in constr e6 (idx 4) is deemed risky
+ coeff 1.14 of var (x22,x37) (idx 599) in constr e6 (idx 4) is deemed risky
+ coeff 1.76 of var (x22,x38) (idx 600) in constr e6 (idx 4) is deemed risky
+ coeff 1.84 of var (x22,x39) (idx 601) in constr e6 (idx 4) is deemed risky
+ coeff 0.3 of var (x22,x40) (idx 602) in constr e6 (idx 4) is deemed risky
+ coeff 0.3 of var (x22,x41) (idx 603) in constr e6 (idx 4) is deemed risky
+ coeff -0.98 of var (x23,x23) (idx 604) in constr e6 (idx 4) is deemed risky
+ coeff -1.36 of var (x23,x24) (idx 605) in constr e6 (idx 4) is deemed risky
+ coeff 0.32 of var (x23,x25) (idx 606) in constr e6 (idx 4) is deemed risky
+ coeff -0.02 of var (x23,x26) (idx 607) in constr e6 (idx 4) is deemed risky
+ coeff -0.48 of var (x23,x27) (idx 608) in constr e6 (idx 4) is deemed risky
+ coeff 0.02 of var (x23,x28) (idx 609) in constr e6 (idx 4) is deemed risky
+ coeff 1.98 of var (x23,x29) (idx 610) in constr e6 (idx 4) is deemed risky
+ coeff -0.44 of var (x23,x30) (idx 611) in constr e6 (idx 4) is deemed risky
+ coeff 0.66 of var (x23,x31) (idx 612) in constr e6 (idx 4) is deemed risky
+ coeff -1.14 of var (x23,x32) (idx 613) in constr e6 (idx 4) is deemed risky
+ coeff 0.8 of var (x23,x33) (idx 614) in constr e6 (idx 4) is deemed risky
+ coeff 0.1 of var (x23,x34) (idx 615) in constr e6 (idx 4) is deemed risky
+ coeff -0.46 of var (x23,x35) (idx 616) in constr e6 (idx 4) is deemed risky
+ coeff 0.3 of var (x23,x36) (idx 617) in constr e6 (idx 4) is deemed risky
+ coeff 1.96 of var (x23,x37) (idx 618) in constr e6 (idx 4) is deemed risky
+ coeff 0.28 of var (x23,x38) (idx 619) in constr e6 (idx 4) is deemed risky
+ coeff 1.98 of var (x23,x39) (idx 620) in constr e6 (idx 4) is deemed risky
+ coeff 1.66 of var (x23,x40) (idx 621) in constr e6 (idx 4) is deemed risky
+ coeff 0.36 of var (x23,x41) (idx 622) in constr e6 (idx 4) is deemed risky
+ coeff -0.64 of var (x24,x24) (idx 623) in constr e6 (idx 4) is deemed risky
+ coeff 1.36 of var (x24,x25) (idx 624) in constr e6 (idx 4) is deemed risky
+ coeff -0.4 of var (x24,x26) (idx 625) in constr e6 (idx 4) is deemed risky
+ coeff -1.14 of var (x24,x27) (idx 626) in constr e6 (idx 4) is deemed risky
+ coeff -1.66 of var (x24,x28) (idx 627) in constr e6 (idx 4) is deemed risky
+ coeff 1.7 of var (x24,x30) (idx 629) in constr e6 (idx 4) is deemed risky
+ coeff -1.26 of var (x24,x31) (idx 630) in constr e6 (idx 4) is deemed risky
+ coeff 0.92 of var (x24,x32) (idx 631) in constr e6 (idx 4) is deemed risky
+ coeff 0.56 of var (x24,x33) (idx 632) in constr e6 (idx 4) is deemed risky
+ coeff -0.76 of var (x24,x34) (idx 633) in constr e6 (idx 4) is deemed risky
+ coeff 1.78 of var (x24,x35) (idx 634) in constr e6 (idx 4) is deemed risky
+ coeff -0.48 of var (x24,x36) (idx 635) in constr e6 (idx 4) is deemed risky
+ coeff -1.56 of var (x24,x37) (idx 636) in constr e6 (idx 4) is deemed risky
+ coeff -0.9 of var (x24,x38) (idx 637) in constr e6 (idx 4) is deemed risky
+ coeff 1.32 of var (x24,x39) (idx 638) in constr e6 (idx 4) is deemed risky
+ coeff -1.94 of var (x24,x40) (idx 639) in constr e6 (idx 4) is deemed risky
+ coeff 1.74 of var (x24,x41) (idx 640) in constr e6 (idx 4) is deemed risky
+ coeff 0.11 of var (x25,x25) (idx 641) in constr e6 (idx 4) is deemed risky
+ coeff 1.72 of var (x25,x26) (idx 642) in constr e6 (idx 4) is deemed risky
+ coeff 0.64 of var (x25,x27) (idx 643) in constr e6 (idx 4) is deemed risky
+ coeff 1.88 of var (x25,x28) (idx 644) in constr e6 (idx 4) is deemed risky
+ coeff 0.66 of var (x25,x29) (idx 645) in constr e6 (idx 4) is deemed risky
+ coeff -0.94 of var (x25,x30) (idx 646) in constr e6 (idx 4) is deemed risky
+ coeff 0.8 of var (x25,x31) (idx 647) in constr e6 (idx 4) is deemed risky
+ coeff 0.44 of var (x25,x32) (idx 648) in constr e6 (idx 4) is deemed risky
+ coeff -1.68 of var (x25,x33) (idx 649) in constr e6 (idx 4) is deemed risky
+ coeff -1.9 of var (x25,x34) (idx 650) in constr e6 (idx 4) is deemed risky
+ coeff 0.78 of var (x25,x35) (idx 651) in constr e6 (idx 4) is deemed risky
+ coeff 1.88 of var (x25,x36) (idx 652) in constr e6 (idx 4) is deemed risky
+ coeff 0.38 of var (x25,x37) (idx 653) in constr e6 (idx 4) is deemed risky
+ coeff 0.92 of var (x25,x38) (idx 654) in constr e6 (idx 4) is deemed risky
+ coeff 1.36 of var (x25,x39) (idx 655) in constr e6 (idx 4) is deemed risky
+ coeff 0.66 of var (x25,x40) (idx 656) in constr e6 (idx 4) is deemed risky
+ coeff 0.68 of var (x25,x41) (idx 657) in constr e6 (idx 4) is deemed risky
+ coeff 0.5 of var (x26,x26) (idx 658) in constr e6 (idx 4) is deemed risky
+ coeff 0.14 of var (x26,x27) (idx 659) in constr e6 (idx 4) is deemed risky
+ coeff -1.34 of var (x26,x28) (idx 660) in constr e6 (idx 4) is deemed risky
+ coeff -1.28 of var (x26,x29) (idx 661) in constr e6 (idx 4) is deemed risky
+ coeff 0.54 of var (x26,x30) (idx 662) in constr e6 (idx 4) is deemed risky
+ coeff 0.88 of var (x26,x31) (idx 663) in constr e6 (idx 4) is deemed risky
+ coeff 1.08 of var (x26,x32) (idx 664) in constr e6 (idx 4) is deemed risky
+ coeff 0.92 of var (x26,x33) (idx 665) in constr e6 (idx 4) is deemed risky
+ coeff -0.28 of var (x26,x34) (idx 666) in constr e6 (idx 4) is deemed risky
+ coeff -1.78 of var (x26,x35) (idx 667) in constr e6 (idx 4) is deemed risky
+ coeff -1.12 of var (x26,x36) (idx 668) in constr e6 (idx 4) is deemed risky
+ coeff -0.22 of var (x26,x37) (idx 669) in constr e6 (idx 4) is deemed risky
+ coeff 0.78 of var (x26,x38) (idx 670) in constr e6 (idx 4) is deemed risky
+ coeff 0.16 of var (x26,x39) (idx 671) in constr e6 (idx 4) is deemed risky
+ coeff 0.58 of var (x26,x40) (idx 672) in constr e6 (idx 4) is deemed risky
+ coeff -1.52 of var (x26,x41) (idx 673) in constr e6 (idx 4) is deemed risky
+ coeff 0.07 of var (x27,x27) (idx 674) in constr e6 (idx 4) is deemed risky
+ coeff 0.94 of var (x27,x28) (idx 675) in constr e6 (idx 4) is deemed risky
+ coeff 1.62 of var (x27,x29) (idx 676) in constr e6 (idx 4) is deemed risky
+ coeff 0.52 of var (x27,x30) (idx 677) in constr e6 (idx 4) is deemed risky
+ coeff 0.14 of var (x27,x31) (idx 678) in constr e6 (idx 4) is deemed risky
+ coeff 1.82 of var (x27,x32) (idx 679) in constr e6 (idx 4) is deemed risky
+ coeff -0.02 of var (x27,x33) (idx 680) in constr e6 (idx 4) is deemed risky
+ coeff -0.84 of var (x27,x34) (idx 681) in constr e6 (idx 4) is deemed risky
+ coeff -1.38 of var (x27,x35) (idx 682) in constr e6 (idx 4) is deemed risky
+ coeff -0.72 of var (x27,x36) (idx 683) in constr e6 (idx 4) is deemed risky
+ coeff -0.62 of var (x27,x37) (idx 684) in constr e6 (idx 4) is deemed risky
+ coeff -1.9 of var (x27,x38) (idx 685) in constr e6 (idx 4) is deemed risky
+ coeff 1.06 of var (x27,x39) (idx 686) in constr e6 (idx 4) is deemed risky
+ coeff -0.98 of var (x27,x40) (idx 687) in constr e6 (idx 4) is deemed risky
+ coeff 0.22 of var (x28,x28) (idx 688) in constr e6 (idx 4) is deemed risky
+ coeff -0.1 of var (x28,x29) (idx 689) in constr e6 (idx 4) is deemed risky
+ coeff -0.12 of var (x28,x30) (idx 690) in constr e6 (idx 4) is deemed risky
+ coeff -0.66 of var (x28,x31) (idx 691) in constr e6 (idx 4) is deemed risky
+ coeff 0.98 of var (x28,x32) (idx 692) in constr e6 (idx 4) is deemed risky
+ coeff 0.76 of var (x28,x33) (idx 693) in constr e6 (idx 4) is deemed risky
+ coeff -0.68 of var (x28,x34) (idx 694) in constr e6 (idx 4) is deemed risky
+ coeff -1.12 of var (x28,x35) (idx 695) in constr e6 (idx 4) is deemed risky
+ coeff -1.74 of var (x28,x36) (idx 696) in constr e6 (idx 4) is deemed risky
+ coeff 1.92 of var (x28,x37) (idx 697) in constr e6 (idx 4) is deemed risky
+ coeff -1.76 of var (x28,x38) (idx 698) in constr e6 (idx 4) is deemed risky
+ coeff -0.42 of var (x28,x39) (idx 699) in constr e6 (idx 4) is deemed risky
+ coeff -0.34 of var (x28,x40) (idx 700) in constr e6 (idx 4) is deemed risky
+ coeff 1.22 of var (x28,x41) (idx 701) in constr e6 (idx 4) is deemed risky
+ coeff -0.85 of var (x29,x29) (idx 702) in constr e6 (idx 4) is deemed risky
+ coeff -0.32 of var (x29,x30) (idx 703) in constr e6 (idx 4) is deemed risky
+ coeff -1.14 of var (x29,x31) (idx 704) in constr e6 (idx 4) is deemed risky
+ coeff -1.12 of var (x29,x33) (idx 706) in constr e6 (idx 4) is deemed risky
+ coeff -0.68 of var (x29,x34) (idx 707) in constr e6 (idx 4) is deemed risky
+ coeff 0.9 of var (x29,x35) (idx 708) in constr e6 (idx 4) is deemed risky
+ coeff -1.62 of var (x29,x36) (idx 709) in constr e6 (idx 4) is deemed risky
+ coeff 0.66 of var (x29,x37) (idx 710) in constr e6 (idx 4) is deemed risky
+ coeff -1.94 of var (x29,x38) (idx 711) in constr e6 (idx 4) is deemed risky
+ coeff -0.12 of var (x29,x39) (idx 712) in constr e6 (idx 4) is deemed risky
+ coeff -1.12 of var (x29,x40) (idx 713) in constr e6 (idx 4) is deemed risky
+ coeff 1.12 of var (x29,x41) (idx 714) in constr e6 (idx 4) is deemed risky
+ coeff -0.35 of var (x30,x30) (idx 715) in constr e6 (idx 4) is deemed risky
+ coeff -0.74 of var (x30,x31) (idx 716) in constr e6 (idx 4) is deemed risky
+ coeff -1.36 of var (x30,x32) (idx 717) in constr e6 (idx 4) is deemed risky
+ coeff 1.18 of var (x30,x33) (idx 718) in constr e6 (idx 4) is deemed risky
+ coeff -1.26 of var (x30,x35) (idx 719) in constr e6 (idx 4) is deemed risky
+ coeff 1.12 of var (x30,x36) (idx 720) in constr e6 (idx 4) is deemed risky
+ coeff 0.32 of var (x30,x37) (idx 721) in constr e6 (idx 4) is deemed risky
+ coeff 1.18 of var (x30,x38) (idx 722) in constr e6 (idx 4) is deemed risky
+ coeff 0.2 of var (x30,x39) (idx 723) in constr e6 (idx 4) is deemed risky
+ coeff -1.26 of var (x30,x40) (idx 724) in constr e6 (idx 4) is deemed risky
+ coeff -0.04 of var (x30,x41) (idx 725) in constr e6 (idx 4) is deemed risky
+ coeff 0.12 of var (x31,x31) (idx 726) in constr e6 (idx 4) is deemed risky
+ coeff 0.58 of var (x31,x32) (idx 727) in constr e6 (idx 4) is deemed risky
+ coeff -1.58 of var (x31,x33) (idx 728) in constr e6 (idx 4) is deemed risky
+ coeff -1.56 of var (x31,x34) (idx 729) in constr e6 (idx 4) is deemed risky
+ coeff 0.92 of var (x31,x35) (idx 730) in constr e6 (idx 4) is deemed risky
+ coeff -1.66 of var (x31,x36) (idx 731) in constr e6 (idx 4) is deemed risky
+ coeff 0.76 of var (x31,x37) (idx 732) in constr e6 (idx 4) is deemed risky
+ coeff 1.4 of var (x31,x38) (idx 733) in constr e6 (idx 4) is deemed risky
+ coeff 1.74 of var (x31,x39) (idx 734) in constr e6 (idx 4) is deemed risky
+ coeff -0.54 of var (x31,x40) (idx 735) in constr e6 (idx 4) is deemed risky
+ coeff -1.94 of var (x31,x41) (idx 736) in constr e6 (idx 4) is deemed risky
+ coeff 0.43 of var (x32,x32) (idx 737) in constr e6 (idx 4) is deemed risky
+ coeff -0.74 of var (x32,x33) (idx 738) in constr e6 (idx 4) is deemed risky
+ coeff -0.4 of var (x32,x34) (idx 739) in constr e6 (idx 4) is deemed risky
+ coeff -1.92 of var (x32,x35) (idx 740) in constr e6 (idx 4) is deemed risky
+ coeff -1.26 of var (x32,x36) (idx 741) in constr e6 (idx 4) is deemed risky
+ coeff -1.64 of var (x32,x37) (idx 742) in constr e6 (idx 4) is deemed risky
+ coeff -2 of var (x32,x38) (idx 743) in constr e6 (idx 4) is deemed risky
+ coeff 0.1 of var (x32,x39) (idx 744) in constr e6 (idx 4) is deemed risky
+ coeff 0.56 of var (x32,x40) (idx 745) in constr e6 (idx 4) is deemed risky
+ coeff 0.18 of var (x32,x41) (idx 746) in constr e6 (idx 4) is deemed risky
+ coeff -0.12 of var (x33,x33) (idx 747) in constr e6 (idx 4) is deemed risky
+ coeff 0.42 of var (x33,x34) (idx 748) in constr e6 (idx 4) is deemed risky
+ coeff -1.9 of var (x33,x35) (idx 749) in constr e6 (idx 4) is deemed risky
+ coeff 1.78 of var (x33,x36) (idx 750) in constr e6 (idx 4) is deemed risky
+ coeff -1.24 of var (x33,x37) (idx 751) in constr e6 (idx 4) is deemed risky
+ coeff 1.86 of var (x33,x38) (idx 752) in constr e6 (idx 4) is deemed risky
+ coeff 0.94 of var (x33,x39) (idx 753) in constr e6 (idx 4) is deemed risky
+ coeff 0.18 of var (x33,x40) (idx 754) in constr e6 (idx 4) is deemed risky
+ coeff -0.9 of var (x33,x41) (idx 755) in constr e6 (idx 4) is deemed risky
+ coeff 0.02 of var (x34,x34) (idx 756) in constr e6 (idx 4) is deemed risky
+ coeff -0.18 of var (x34,x35) (idx 757) in constr e6 (idx 4) is deemed risky
+ coeff -1.3 of var (x34,x36) (idx 758) in constr e6 (idx 4) is deemed risky
+ coeff 0.84 of var (x34,x37) (idx 759) in constr e6 (idx 4) is deemed risky
+ coeff 1.86 of var (x34,x38) (idx 760) in constr e6 (idx 4) is deemed risky
+ coeff 0.1 of var (x34,x39) (idx 761) in constr e6 (idx 4) is deemed risky
+ coeff -1.1 of var (x34,x40) (idx 762) in constr e6 (idx 4) is deemed risky
+ coeff -1.2 of var (x34,x41) (idx 763) in constr e6 (idx 4) is deemed risky
+ coeff 0.29 of var (x35,x35) (idx 764) in constr e6 (idx 4) is deemed risky
+ coeff 1.32 of var (x35,x36) (idx 765) in constr e6 (idx 4) is deemed risky
+ coeff -0.24 of var (x35,x37) (idx 766) in constr e6 (idx 4) is deemed risky
+ coeff 1.04 of var (x35,x38) (idx 767) in constr e6 (idx 4) is deemed risky
+ coeff -1.76 of var (x35,x39) (idx 768) in constr e6 (idx 4) is deemed risky
+ coeff -0.68 of var (x35,x40) (idx 769) in constr e6 (idx 4) is deemed risky
+ coeff -0.3 of var (x35,x41) (idx 770) in constr e6 (idx 4) is deemed risky
+ coeff -0.71 of var (x36,x36) (idx 771) in constr e6 (idx 4) is deemed risky
+ coeff 1.12 of var (x36,x37) (idx 772) in constr e6 (idx 4) is deemed risky
+ coeff 0.02 of var (x36,x38) (idx 773) in constr e6 (idx 4) is deemed risky
+ coeff -1.04 of var (x36,x39) (idx 774) in constr e6 (idx 4) is deemed risky
+ coeff 1.36 of var (x36,x40) (idx 775) in constr e6 (idx 4) is deemed risky
+ coeff 1.54 of var (x36,x41) (idx 776) in constr e6 (idx 4) is deemed risky
+ coeff 0.77 of var (x37,x37) (idx 777) in constr e6 (idx 4) is deemed risky
+ coeff 1.84 of var (x37,x38) (idx 778) in constr e6 (idx 4) is deemed risky
+ coeff -1.88 of var (x37,x39) (idx 779) in constr e6 (idx 4) is deemed risky
+ coeff -1.82 of var (x37,x40) (idx 780) in constr e6 (idx 4) is deemed risky
+ coeff 0.92 of var (x37,x41) (idx 781) in constr e6 (idx 4) is deemed risky
+ coeff 0.12 of var (x38,x38) (idx 782) in constr e6 (idx 4) is deemed risky
+ coeff 1.3 of var (x38,x39) (idx 783) in constr e6 (idx 4) is deemed risky
+ coeff -1.5 of var (x38,x40) (idx 784) in constr e6 (idx 4) is deemed risky
+ coeff -1.92 of var (x38,x41) (idx 785) in constr e6 (idx 4) is deemed risky
+ coeff 0.74 of var (x39,x39) (idx 786) in constr e6 (idx 4) is deemed risky
+ coeff 0.96 of var (x39,x40) (idx 787) in constr e6 (idx 4) is deemed risky
+ coeff -0.36 of var (x39,x41) (idx 788) in constr e6 (idx 4) is deemed risky
+ coeff -0.88 of var (x40,x40) (idx 789) in constr e6 (idx 4) is deemed risky
+ coeff -0.06 of var (x40,x41) (idx 790) in constr e6 (idx 4) is deemed risky
+ coeff 0.51 of var (x41,x41) (idx 791) in constr e6 (idx 4) is deemed risky
Quad constraints read with code 0.
Reading parameter file drskparams.conf.
tol 0.01
maxits 20
lambda_hi 0.8
lambda_lo 0.79
xi 0.01
Running Greedy.
Solving Model
  variables = 40
  constraints = 4
 OPTIMAL. optimal value: -4.3160e+01 in time 1.5614e+01
Optimal objective = -43.1604
Optimal variable values:
x3 = 1
x5 = 1
x6 = 1
x14 = 1
x15 = 1
x16 = 1
x17 = 1
x18 = 1
x19 = 6.16998e-08
x22 = 1
x23 = 0.127817
x25 = 0.748876
x26 = -3.7186e-08
x27 = 1
x29 = 1
x30 = 0.659223
x31 = 1.91292e-08
x33 = 1
x34 = 1
x35 = 1
x36 = 0.457365
x37 = 1
x38 = 1
x39 = 1
24 nonzero variables in solution
Writing solution to file form_0.sol.
Getting impact at iteration_cnt 0 using style 0-norm_per.
