Starting log: Wed May  6 14:27:35 2026.
Running on: jasper.local.

<Version 2025.Apr.20.230900@jasper>
Reading config file drsk.conf.
LPFILE ../data/myblending1.lp
LOUDCONSTRAINTS 0
STRUCTFILE ../data/struct_myblending1.conf
PARAMFILE drskparams.conf
Reading LP ../data/myblending1.lp.
Number of variables = 10.
Done reading LP.
Now storing LP data.

Storing linear constraints; 9 in total.
Reading implicit structure.
+ coeff 0.8 of var x1 (idx 0) in constr <gurobi.Constr demand_A> (idx 1) is deemed risky
+ coeff 0.6 of var x2 (idx 1) in constr <gurobi.Constr demand_A> (idx 1) is deemed risky
+ coeff 0.7 of var x3 (idx 2) in constr <gurobi.Constr demand_A> (idx 1) is deemed risky
+ coeff 0.9 of var x4 (idx 3) in constr <gurobi.Constr demand_A> (idx 1) is deemed risky
+ coeff 0.5 of var x5 (idx 4) in constr <gurobi.Constr demand_A> (idx 1) is deemed risky
+ coeff 0.6 of var x6 (idx 5) in constr <gurobi.Constr demand_A> (idx 1) is deemed risky
+ coeff 0.7 of var x7 (idx 6) in constr <gurobi.Constr demand_A> (idx 1) is deemed risky
+ coeff 0.8 of var x8 (idx 7) in constr <gurobi.Constr demand_A> (idx 1) is deemed risky
+ coeff 0.6 of var x9 (idx 8) in constr <gurobi.Constr demand_A> (idx 1) is deemed risky
+ coeff 0.7 of var x10 (idx 9) in constr <gurobi.Constr demand_A> (idx 1) is deemed risky
+ coeff 0.5 of var x1 (idx 0) in constr <gurobi.Constr demand_B> (idx 2) is deemed risky
+ coeff 0.7 of var x2 (idx 1) in constr <gurobi.Constr demand_B> (idx 2) is deemed risky
+ coeff 0.6 of var x3 (idx 2) in constr <gurobi.Constr demand_B> (idx 2) is deemed risky
+ coeff 0.4 of var x4 (idx 3) in constr <gurobi.Constr demand_B> (idx 2) is deemed risky
+ coeff 0.8 of var x5 (idx 4) in constr <gurobi.Constr demand_B> (idx 2) is deemed risky
+ coeff 0.7 of var x6 (idx 5) in constr <gurobi.Constr demand_B> (idx 2) is deemed risky
+ coeff 0.6 of var x7 (idx 6) in constr <gurobi.Constr demand_B> (idx 2) is deemed risky
+ coeff 0.5 of var x8 (idx 7) in constr <gurobi.Constr demand_B> (idx 2) is deemed risky
+ coeff 0.7 of var x9 (idx 8) in constr <gurobi.Constr demand_B> (idx 2) is deemed risky
+ coeff 0.6 of var x10 (idx 9) in constr <gurobi.Constr demand_B> (idx 2) is deemed risky
+ coeff 0.92 of var x1 (idx 0) in constr <gurobi.Constr quality_1> (idx 3) is deemed risky
+ coeff 0.88 of var x2 (idx 1) in constr <gurobi.Constr quality_1> (idx 3) is deemed risky
+ coeff 0.95 of var x3 (idx 2) in constr <gurobi.Constr quality_1> (idx 3) is deemed risky
+ coeff 0.9 of var x4 (idx 3) in constr <gurobi.Constr quality_1> (idx 3) is deemed risky
+ coeff 0.87 of var x5 (idx 4) in constr <gurobi.Constr quality_1> (idx 3) is deemed risky
+ coeff 0.93 of var x6 (idx 5) in constr <gurobi.Constr quality_1> (idx 3) is deemed risky
+ coeff 0.89 of var x7 (idx 6) in constr <gurobi.Constr quality_1> (idx 3) is deemed risky
+ coeff 0.91 of var x8 (idx 7) in constr <gurobi.Constr quality_1> (idx 3) is deemed risky
+ coeff 0.88 of var x9 (idx 8) in constr <gurobi.Constr quality_1> (idx 3) is deemed risky
+ coeff 0.94 of var x10 (idx 9) in constr <gurobi.Constr quality_1> (idx 3) is deemed risky
+ coeff 0.55 of var x1 (idx 0) in constr <gurobi.Constr quality_2> (idx 4) is deemed risky
+ coeff 0.6 of var x2 (idx 1) in constr <gurobi.Constr quality_2> (idx 4) is deemed risky
+ coeff 0.58 of var x3 (idx 2) in constr <gurobi.Constr quality_2> (idx 4) is deemed risky
+ coeff 0.62 of var x4 (idx 3) in constr <gurobi.Constr quality_2> (idx 4) is deemed risky
+ coeff 0.57 of var x5 (idx 4) in constr <gurobi.Constr quality_2> (idx 4) is deemed risky
+ coeff 0.59 of var x6 (idx 5) in constr <gurobi.Constr quality_2> (idx 4) is deemed risky
+ coeff 0.61 of var x7 (idx 6) in constr <gurobi.Constr quality_2> (idx 4) is deemed risky
+ coeff 0.56 of var x8 (idx 7) in constr <gurobi.Constr quality_2> (idx 4) is deemed risky
+ coeff 0.6 of var x9 (idx 8) in constr <gurobi.Constr quality_2> (idx 4) is deemed risky
+ coeff 0.58 of var x10 (idx 9) in constr <gurobi.Constr quality_2> (idx 4) is deemed risky
+ coeff 1.2 of var x1 (idx 0) in constr <gurobi.Constr quality_3> (idx 5) is deemed risky
+ coeff 1.3 of var x3 (idx 2) in constr <gurobi.Constr quality_3> (idx 5) is deemed risky
+ coeff 1.1 of var x4 (idx 3) in constr <gurobi.Constr quality_3> (idx 5) is deemed risky
+ coeff 0.9 of var x5 (idx 4) in constr <gurobi.Constr quality_3> (idx 5) is deemed risky
+ coeff 1.25 of var x6 (idx 5) in constr <gurobi.Constr quality_3> (idx 5) is deemed risky
+ coeff 1.05 of var x7 (idx 6) in constr <gurobi.Constr quality_3> (idx 5) is deemed risky
+ coeff 1.15 of var x8 (idx 7) in constr <gurobi.Constr quality_3> (idx 5) is deemed risky
+ coeff 1.2 of var x10 (idx 9) in constr <gurobi.Constr quality_3> (idx 5) is deemed risky
Stored linear constraints with code 0.
Storing quadratic constraints; 0 in total.
Quad constraints read with code 0.
Reading structure file ../data/struct_myblending1.conf.
I = 5 budget = 0.5
Read structure.
Reading parameter file drskparams.conf.
tol 0.01
maxits 20
lambda_hi 0.7
lambda_lo 0.65
xi 0.01
Running Algo1.
Solving Model
  variables = 10
  constraints = 9
 OPTIMAL. optimal value: 4.8325e+02 in time 1.3945e-02
Optimal objective = 483.247
Optimal variable values:
x1 = 16.4706
x2 = 40
x8 = 40
x9 = 4.23529
4 nonzero variables in solution
Writing solution to file form_0.sol.
Getting impact at iteration_cnt 0 using SOFTMAX.
>feat: 0  name: demand_A  numrisky: 10
>feat: 1  name: demand_B  numrisky: 10
>feat: 2  name: quality_1  numrisky: 10
>feat: 3  name: quality_2  numrisky: 10
>feat: 4  name: quality_3  numrisky: 10
Running Red gradient ascent for SOFTMAX-ADVERSARIAL
START: Running PyTorch FOM...
  penalty parameter: 0.0
    z: 
    -4.967e-01 -5.703e-01 1.589e-01 1.832e-01 -1.045e-01 3.894e-02 3.395e-02 -6.191e-01 -4.869e-01 -4.396e-02 
    2.044e-02 9.120e-02 -1.981e-02 8.961e-03 -1.924e-02 3.278e-02 1.062e-01 -3.950e-02 -3.870e-02 1.204e-01 
    3.272e-03 1.003e-02 -1.403e-02 2.092e-01 1.406e-01 1.621e-01 -1.340e-02 2.567e-02 9.505e-02 -6.782e-02 
    1.944e-03 -7.094e-02 -2.609e-02 3.717e-02 -1.465e-02 -7.064e-02 -1.709e-01 -1.601e-02 -1.970e-02 8.209e-02 
    -1.879e-02 7.890e-02 1.270e-01 7.730e-02 -2.009e-01 -1.685e-02 -2.762e-02 5.444e-02 5.059e-02 -1.452e-02 
    logsumexp: -7.040064811706543
    penalty: 1.5310364961624146
    loss: -7.040064811706543
  penalty parameter: 0.01
    z: 
    -9.984e-01 -1.070e+00 7.420e-13 3.361e-13 3.306e-13 8.052e-14 1.173e-13 -1.122e+00 -9.760e-01 -7.395e-14 
    4.662e-14 -3.708e-13 7.175e-14 2.952e-14 -3.057e-14 -8.509e-14 -4.480e-13 2.612e-14 -1.143e-13 -9.419e-14 
    -9.730e-15 -1.890e-14 2.813e-14 -6.167e-11 -8.212e-14 5.788e-14 1.971e-15 -1.280e-14 5.632e-14 2.621e-13 
    -5.876e-15 -9.540e-14 8.675e-14 8.195e-16 -4.215e-14 -4.512e-14 7.823e-13 -5.774e-14 6.789e-14 1.140e-13 
    -5.695e-14 -3.028e-13 -4.274e-13 -2.457e-13 -1.908e-11 4.186e-14 -1.010e-13 1.414e-13 -6.343e-14 -1.105e-14 
    logsumexp: -12.029769897460938
    penalty: 4.344916820526123
    loss: -11.986320495605469
  penalty parameter: 0.02
    z: 
    -1.494e+00 -1.564e+00 2.409e-24 -2.086e-24 -1.206e-24 4.213e-25 2.852e-25 -1.623e+00 -1.438e+00 -6.210e-26 
    1.606e-25 -7.587e-25 -1.626e-25 6.779e-26 -2.700e-27 3.824e-25 1.338e-24 3.709e-25 -4.212e-25 1.297e-24 
    -3.440e-27 9.528e-26 -9.238e-26 -2.582e-22 -9.845e-25 -1.946e-24 -6.213e-26 -1.360e-25 -6.538e-25 1.039e-24 
    -1.662e-26 4.974e-25 -3.055e-25 3.804e-25 1.126e-25 9.010e-26 -1.297e-24 1.458e-25 -2.839e-25 8.454e-25 
    2.464e-25 3.601e-25 5.910e-25 8.238e-25 -2.524e-23 -1.958e-25 3.220e-25 -2.421e-25 2.020e-25 -1.533e-25 
    logsumexp: -16.980432510375977
    penalty: 9.370513916015625
    loss: -16.79302215576172
  penalty parameter: 0.03
    z: 
    -1.983e+00 -2.053e+00 5.709e-36 -1.434e-35 1.445e-37 -1.291e-36 -2.933e-37 -2.122e+00 -1.861e+00 1.392e-36 
    7.766e-37 -3.151e-36 -9.094e-37 -2.478e-37 3.238e-37 -1.320e-36 4.145e-36 -1.433e-36 -1.185e-36 -3.107e-36 
    8.557e-38 1.406e-37 -5.374e-37 9.185e-34 1.388e-36 -6.645e-36 -2.512e-37 -8.861e-37 3.387e-36 -3.951e-36 
    -9.986e-31 2.007e-36 5.322e-37 -1.027e-36 -7.356e-37 2.360e-36 5.259e-36 -7.745e-37 -1.199e-37 -3.142e-36 
    -8.902e-37 3.313e-36 5.609e-36 -4.027e-36 -1.683e-34 -4.749e-37 -2.546e-37 1.721e-36 -5.487e-37 4.993e-37 
    logsumexp: -21.88477325439453
    penalty: 16.098051071166992
    loss: -21.401832580566406
  penalty parameter: 0.04
    z: 
    -2.463e+00 -2.537e+00 -3.509e-42 8.467e-42 -6.166e-44 -2.639e-41 2.560e-41 -2.617e+00 -2.229e+00 -4.484e-42 
    5.383e-41 -3.573e-43 -7.351e-41 -1.807e-40 2.838e-41 -1.042e-41 -6.110e-43 -6.823e-42 2.009e-41 1.005e-42 
    -1.750e-06 -1.056e-40 1.051e-40 6.149e-42 3.932e-42 -7.357e-43 -2.283e-40 -5.911e-41 7.430e-42 -8.046e-42 
    -7.459e-17 -8.374e-42 2.908e-41 -3.834e-41 -7.081e-41 -1.413e-42 8.898e-43 -1.243e-40 5.172e-41 -4.788e-42 
    -6.693e-42 2.451e-42 -7.487e-42 -5.967e-42 2.640e-42 1.553e-41 -7.431e-42 2.261e-41 7.263e-42 1.416e-40 
    logsumexp: -26.731035232543945
    penalty: 24.301937103271484
    loss: -25.758956909179688
  penalty parameter: 0.05
    z: 
    -2.931e+00 -3.014e+00 -3.509e-42 1.267e-42 -6.166e-44 4.474e-41 3.352e-41 -3.109e+00 -2.522e+00 -4.484e-42 
    7.041e-41 -3.573e-43 -9.591e-41 1.560e-40 3.672e-41 8.347e-41 -6.110e-43 -6.823e-42 2.639e-41 1.005e-42 
    6.542e-08 -1.383e-40 -1.100e-40 6.149e-42 3.932e-42 -7.357e-43 2.207e-40 5.133e-41 9.307e-42 -1.015e-41 
    1.708e-25 -1.063e-41 1.638e-40 -5.008e-41 -9.295e-41 -1.413e-42 8.898e-43 5.274e-41 6.786e-41 -4.788e-42 
    -6.693e-42 2.451e-42 5.146e-42 -5.967e-42 2.640e-42 2.004e-41 -9.157e-42 2.961e-41 8.858e-42 1.851e-40 
    logsumexp: -31.505075454711914
    penalty: 33.684871673583984
    loss: -29.820831298828125
  penalty parameter: 0.06
    z: 
    -3.388e+00 -3.485e+00 -3.509e-42 1.267e-42 -6.166e-44 -4.476e-41 4.350e-41 -3.597e+00 -2.706e+00 -4.484e-42 
    9.142e-41 -3.573e-43 9.783e-41 2.593e-05 4.753e-41 -1.436e-40 -6.110e-43 -1.097e-40 -6.955e-41 1.005e-42 
    2.089e-15 -1.213e-36 -1.427e-40 -1.523e-42 3.932e-42 -7.357e-43 -5.002e-41 6.658e-41 -2.034e-41 -1.301e-41 
    -1.529e-05 -1.366e-41 -1.149e-40 -6.479e-41 1.855e-40 -1.413e-42 8.898e-43 6.869e-41 8.832e-41 -4.788e-42 
    -8.313e-42 2.451e-42 5.146e-42 3.550e-41 2.640e-42 2.585e-41 1.418e-40 -2.980e-41 -6.337e-41 5.494e-40 
    logsumexp: -36.188575744628906
    penalty: 43.86354446411133
    loss: -33.5567626953125
  penalty parameter: 0.07
    z: 
    -3.830e+00 -3.948e+00 -3.509e-42 1.267e-42 -6.166e-44 7.518e-41 -1.002e-40 -4.081e+00 -2.742e+00 -4.484e-42 
    1.182e-40 -3.573e-43 -4.469e-40 1.793e-16 6.129e-41 -1.856e-40 -6.110e-43 1.196e-40 4.425e-41 1.005e-42 
    3.634e-27 5.036e-14 3.072e-16 -1.523e-42 3.932e-42 -7.357e-43 3.450e-06 -1.293e-40 1.549e-41 -1.676e-41 
    3.240e-12 4.482e-41 -1.484e-40 -8.381e-41 -4.596e-32 -1.413e-42 8.898e-43 8.091e-40 1.142e-40 -4.788e-42 
    2.929e-40 2.451e-42 6.194e-42 4.604e-41 2.640e-42 -3.079e-40 -1.504e-41 4.969e-41 1.109e-40 -2.682e-29 
    logsumexp: -40.75960159301758
    penalty: 54.41355514526367
    loss: -36.950653076171875
  penalty parameter: 0.08
    z: 
    -4.255e+00 -4.404e+00 -3.509e-42 1.267e-42 -6.166e-44 9.641e-41 7.227e-41 -4.560e+00 -2.612e+00 -5.416e-42 
    1.620e-21 -3.573e-43 -2.067e-05 1.833e-14 -1.751e-05 -2.950e-41 -6.110e-43 -1.416e-41 5.709e-41 1.005e-42 
    9.093e-10 -1.380e-24 -1.422e-14 -1.523e-42 3.932e-42 -7.357e-43 1.174e-16 1.108e-40 2.000e-41 6.383e-41 
    -5.056e-15 -2.263e-41 8.119e-41 -1.080e-40 9.052e-15 -1.413e-42 8.898e-43 -2.020e-12 3.483e-04 6.007e-41 
    -1.020e-06 2.451e-42 4.324e-41 -8.368e-41 2.640e-42 -8.943e-12 -5.302e-40 6.403e-41 1.844e-41 -3.601e-14 
    logsumexp: -45.20248794555664
    penalty: 65.09929656982422
    loss: -39.994544982910156
  penalty parameter: 0.09
    z: 
    -4.660e+00 -4.851e+00 -3.509e-42 1.267e-42 -6.166e-44 -5.369e-40 -1.664e-40 -5.034e+00 -2.361e+00 -6.854e-42 
    -1.884e-14 -3.573e-43 -1.856e-15 -1.330e-08 4.245e-17 -3.079e-40 -6.110e-43 1.985e-40 7.361e-41 1.005e-42 
    8.879e-06 -3.099e-07 -3.901e-26 -1.523e-42 4.813e-42 -7.357e-43 4.047e-14 -1.239e-07 -4.352e-41 -2.762e-41 
    9.397e-27 -2.894e-41 5.680e-07 -1.392e-40 -2.462e-25 -1.413e-42 8.898e-43 -4.144e-24 -9.037e-16 -9.239e-41 
    8.982e-18 2.451e-42 5.559e-41 -1.078e-40 2.640e-42 2.646e-18 5.060e-06 8.212e-41 -1.362e-40 -3.369e-25 
    logsumexp: -49.523155212402344
    penalty: 76.13642883300781
    loss: -42.670875549316406
  penalty parameter: 0.1
    z: 
    -5.039e+00 -5.289e+00 -3.509e-42 1.267e-42 -6.166e-44 1.837e-24 -7.433e-10 -5.501e+00 -2.076e+00 -8.723e-42 
    -1.240e-25 -3.573e-43 1.691e-26 1.368e-10 2.050e-14 3.434e-11 -6.110e-43 -6.760e-31 -8.663e-38 1.005e-42 
    -7.944e-11 2.488e-14 -6.694e-05 -1.523e-42 6.054e-42 -7.357e-43 7.265e-13 -8.718e-19 -5.587e-41 1.056e-40 
    -1.166e-12 9.566e-41 9.139e-19 1.230e-04 3.576e-06 -1.413e-42 8.898e-43 4.363e-13 -1.373e-11 -9.582e-42 
    -5.611e-14 2.451e-42 -4.586e-41 -2.003e-41 2.640e-42 -2.484e-14 -2.873e-15 -8.202e-41 -3.810e-40 -6.533e-06 
    logsumexp: -53.73819351196289
    penalty: 87.90528869628906
    loss: -44.947662353515625
  penalty parameter: 0.11
    z: 
    -5.384e+00 -5.716e+00 -4.418e-42 1.267e-42 -6.166e-44 -4.720e-14 2.147e-21 -5.960e+00 -1.821e+00 -4.575e-11 
    4.989e-06 -3.573e-43 -1.322e-05 8.446e-15 3.852e-14 -1.683e-21 -6.110e-43 1.477e-13 3.328e-13 1.005e-42 
    7.589e-15 1.564e-15 4.319e-16 -1.523e-42 7.702e-42 -7.357e-43 1.460e-04 -8.430e-14 1.572e-40 -4.551e-41 
    -1.231e-08 -4.808e-41 8.865e-14 6.320e-16 2.778e-17 -1.413e-42 8.898e-43 -2.883e-10 2.809e-05 1.280e-40 
    2.248e-11 2.451e-42 1.652e-41 -1.779e-40 2.640e-42 -1.078e-25 1.132e-26 -5.874e-40 -4.395e-13 1.917e-18 
    logsumexp: -57.847537994384766
    penalty: 100.48522186279297
    loss: -46.79416275024414
  penalty parameter: 0.12
    z: 
    -5.685e+00 -6.132e+00 -5.521e-42 1.267e-42 -6.166e-44 8.320e-26 9.139e-14 -6.412e+00 -1.620e+00 7.365e-23 
    -1.553e-17 -3.573e-43 -7.113e-17 5.010e-11 4.189e-15 2.980e-14 -6.110e-43 8.016e-25 -1.611e-24 1.005e-42 
    -9.892e-16 1.055e-25 5.677e-14 -1.523e-42 9.819e-42 -7.357e-43 -2.894e-07 8.419e-11 2.017e-40 -4.426e-30 
    -1.136e-10 -1.159e-39 1.327e-12 4.758e-11 -2.743e-14 -1.413e-42 8.898e-43 1.534e-11 1.832e-06 -1.958e-40 
    -2.201e-06 2.451e-42 2.086e-41 -3.289e-41 2.640e-42 9.740e-14 6.803e-06 6.367e-13 -4.707e-15 -1.672e-15 
    logsumexp: -61.825889587402344
    penalty: 113.62750244140625
    loss: -48.190589904785156
  penalty parameter: 0.13
    z: 
    -5.925e+00 -6.534e+00 -7.089e-42 1.267e-42 -6.166e-44 3.118e-07 6.731e-05 -6.853e+00 -1.467e+00 1.429e-14 
    -3.592e-14 -3.573e-43 4.872e-14 5.436e-12 3.050e-11 -3.091e-25 -6.110e-43 -3.820e-07 -7.576e-20 1.005e-42 
    4.918e-12 -2.164e-13 9.799e-13 -1.523e-42 -9.451e-41 -7.357e-43 -3.339e-15 2.540e-11 -3.074e-40 -5.078e-14 
    -6.851e-16 3.164e-12 1.182e-05 1.585e-11 1.136e-04 -1.413e-42 8.898e-43 -8.980e-15 8.956e-07 -7.587e-05 
    -1.595e-15 2.451e-42 -2.219e-40 5.307e-08 2.640e-42 -3.103e-08 -3.048e-17 -1.185e-23 1.707e-26 -1.707e-09 
    logsumexp: -65.62454986572266
    penalty: 126.88085174560547
    loss: -49.13003921508789
  penalty parameter: 0.14
    z: 
    -6.080e+00 -6.919e+00 -9.005e-42 1.267e-42 -6.166e-44 5.187e-18 5.400e-13 -7.282e+00 -1.349e+00 1.215e-22 
    7.131e-09 -3.573e-43 -1.247e-12 -1.090e-14 2.084e-10 -4.310e-14 -6.110e-43 -3.690e-18 -3.358e-14 1.005e-42 
    -7.339e-12 -2.240e-17 -2.857e-16 -1.523e-42 -1.214e-40 -7.357e-43 -2.421e-05 -6.497e-15 5.625e-11 8.055e-26 
    6.503e-12 5.674e-24 -2.428e-06 1.710e-14 -1.597e-15 -1.413e-42 8.898e-43 3.767e-06 -9.698e-07 1.531e-16 
    -5.119e-14 2.451e-42 -1.252e-40 2.396e-19 3.163e-42 1.904e-09 3.155e-15 3.695e-10 -6.177e-07 -2.036e-09 
    logsumexp: -69.17315673828125
    penalty: 139.66009521484375
    loss: -49.62074279785156
  penalty parameter: 0.15
    z: 
    -6.120e+00 -7.283e+00 -3.042e-40 1.267e-42 -6.166e-44 4.789e-14 -7.307e-16 -7.698e+00 -1.253e+00 9.372e-15 
    1.065e-08 -3.573e-43 -2.370e-14 -7.019e-07 5.190e-15 -1.139e-04 -6.110e-43 -3.055e-14 2.282e-26 1.005e-42 
    -1.961e-15 -9.730e-15 -7.836e-06 -1.523e-42 9.020e-40 -7.357e-43 -2.970e-16 -2.216e-05 1.518e-21 1.720e-07 
    -1.143e-11 2.122e-11 -5.947e-08 1.907e-14 -1.175e-14 -1.413e-42 8.898e-43 5.115e-05 5.278e-06 -1.498e-09 
    1.038e-14 -1.001e-13 -7.913e-06 -2.276e-10 -9.773e-41 1.229e-06 -3.122e-12 -3.536e-06 -4.869e-18 4.694e-07 
    logsumexp: -72.38423919677734
    penalty: 151.30027770996094
    loss: -49.6891975402832
  penalty parameter: 0.16
    z: 
    -6.020e+00 -7.621e+00 8.481e-05 1.267e-42 -6.166e-44 -2.318e-07 -1.989e-14 -8.097e+00 -1.172e+00 8.121e-25 
    -1.004e-09 -3.573e-43 1.640e-14 8.709e-06 9.386e-06 1.643e-15 -6.110e-43 -3.228e-05 1.492e-09 1.005e-42 
    -1.200e-09 -4.844e-26 -4.367e-08 -1.523e-42 2.279e-12 -7.357e-43 2.553e-14 -4.336e-14 -1.919e-14 -3.966e-19 
    8.847e-15 -1.113e-07 -4.489e-15 5.453e-13 6.026e-06 -1.413e-42 8.898e-43 -5.479e-05 -8.146e-09 -3.282e-09 
    -7.852e-26 -1.301e-25 3.187e-17 6.017e-10 -1.256e-40 -3.046e-07 -2.260e-14 2.534e-06 -7.796e-14 -3.476e-07 
    logsumexp: -75.17472076416016
    penalty: 161.23988342285156
    loss: -49.3763427734375
  penalty parameter: 0.17
    z: 
    -5.791e+00 -7.925e+00 4.084e-16 1.267e-42 -6.166e-44 -2.295e-06 1.445e-14 -8.476e+00 -1.102e+00 1.726e-13 
    -7.238e-16 -3.573e-43 3.487e-11 4.022e-08 -3.038e-10 3.095e-25 -6.110e-43 1.514e-12 3.513e-08 1.005e-42 
    1.128e-09 1.752e-13 4.030e-15 -1.523e-42 1.492e-23 -7.357e-43 -5.876e-08 3.363e-15 1.742e-06 5.574e-14 
    2.481e-05 -1.994e-08 -1.043e-11 -1.614e-14 -1.394e-06 -1.413e-42 8.898e-43 -9.445e-09 -4.277e-16 3.811e-09 
    -8.781e-13 1.848e-36 -1.318e-09 -8.886e-11 4.711e-22 2.722e-07 -1.540e-14 2.255e-10 1.509e-09 -4.164e-06 
    logsumexp: -77.51337432861328
    penalty: 169.37014770507812
    loss: -48.72045135498047
  penalty parameter: 0.18
    z: 
    -5.483e+00 -8.182e+00 3.306e-08 1.267e-42 -6.166e-44 5.184e-10 7.541e-27 -8.829e+00 -1.040e+00 -7.332e-12 
    1.928e-07 -3.573e-43 1.483e-11 -4.562e-05 -1.733e-15 7.255e-14 -6.110e-43 -2.104e-15 -3.934e-15 1.005e-42 
    -1.045e-04 -1.485e-05 4.057e-06 -1.523e-42 -1.033e-11 -7.357e-43 -2.216e-07 -2.040e-05 -1.144e-04 -7.171e-06 
    -4.984e-14 3.055e-11 2.940e-11 -1.421e-11 2.898e-15 -1.413e-42 8.898e-43 -3.691e-09 -2.623e-14 4.532e-15 
    1.288e-06 2.115e-41 -4.284e-08 -2.321e-14 -5.047e-14 -1.078e-07 1.477e-10 3.810e-09 -5.571e-10 1.388e-04 
    logsumexp: -79.42896270751953
    penalty: 176.02508544921875
    loss: -47.74444580078125
  penalty parameter: 0.19
    z: 
    -5.156e+00 -8.374e+00 -2.471e-06 1.267e-42 -6.166e-44 -1.635e-07 2.418e-13 -9.150e+00 -9.847e-01 -3.822e-15 
    -9.432e-06 -3.573e-43 -3.077e-15 -4.120e-10 -1.086e-04 1.020e-23 -6.110e-43 -8.678e-05 -1.506e-17 1.005e-42 
    2.259e-09 -2.275e-15 -3.068e-15 -1.523e-42 -1.286e-06 -7.357e-43 -1.632e-07 -8.637e-16 1.626e-06 -1.826e-08 
    -9.441e-15 7.020e-15 1.214e-04 2.493e-12 -2.453e-04 -1.413e-42 8.898e-43 1.410e-08 -9.334e-14 5.774e-08 
    7.480e-06 2.959e-22 1.142e-09 4.601e-14 -8.271e-26 -4.212e-10 -8.932e-11 1.081e-08 -5.477e-05 1.289e-15 
    logsumexp: -80.93399810791016
    penalty: 181.38331604003906
    loss: -46.471168518066406
  penalty parameter: 0.2
    z: 
    -4.845e+00 -8.475e+00 -1.096e-06 1.267e-42 -6.166e-44 -2.060e-06 4.099e-07 -9.429e+00 -9.347e-01 -2.557e-24 
    1.415e-07 -3.573e-43 3.059e-14 7.450e-15 5.442e-16 -1.837e-13 -6.110e-43 -2.849e-16 2.293e-14 1.005e-42 
    9.320e-15 -2.576e-24 -2.049e-27 -1.523e-42 -7.061e-07 -7.357e-43 1.956e-07 -1.188e-14 4.126e-10 -2.941e-15 
    -2.535e-06 1.718e-11 -1.440e-15 -5.304e-15 -1.462e-15 -1.413e-42 8.898e-43 7.506e-07 -2.868e-14 -1.852e-06 
    7.443e-08 3.699e-14 -5.310e-07 2.882e-13 -2.410e-08 -7.039e-15 -1.210e-05 9.203e-15 1.007e-09 -3.142e-14 
    logsumexp: -81.9615707397461
    penalty: 185.07737731933594
    loss: -44.94609451293945
  penalty parameter: 0.21
    z: 
    -4.569e+00 -8.456e+00 7.742e-10 1.267e-42 -6.166e-44 2.433e-07 2.050e-15 -9.651e+00 -8.892e-01 5.456e-14 
    -1.863e-04 -3.573e-43 -1.547e-12 1.952e-13 -4.713e-14 1.106e-15 -6.110e-43 4.338e-14 -7.559e-25 1.005e-42 
    -1.306e-14 1.645e-13 2.675e-13 -1.523e-42 6.659e-10 -7.357e-43 -2.760e-15 1.203e-08 -2.277e-15 3.450e-06 
    3.964e-08 -6.880e-12 2.590e-09 -1.150e-12 -3.263e-13 -1.413e-42 8.898e-43 -9.478e-06 -7.850e-12 1.466e-08 
    1.137e-05 -2.417e-25 -1.783e-05 -2.960e-14 -7.271e-19 -5.332e-11 1.594e-09 2.894e-14 2.129e-14 3.235e-12 
    logsumexp: -82.37004089355469
    penalty: 186.30609130859375
    loss: -43.24576187133789
  penalty parameter: 0.22
    z: 
    -4.329e+00 -8.299e+00 8.905e-06 1.267e-42 -6.166e-44 4.524e-09 -3.416e-23 -9.795e+00 -8.476e-01 6.487e-20 
    1.169e-05 -3.573e-43 2.698e-11 3.242e-14 -2.929e-10 -7.074e-15 -6.110e-43 1.191e-10 2.277e-13 1.005e-42 
    -3.573e-13 -3.250e-22 1.459e-16 -1.523e-42 -1.252e-04 -7.357e-43 -7.122e-10 9.126e-08 1.028e-14 -3.024e-16 
    3.821e-15 3.008e-14 5.061e-07 5.558e-13 -5.305e-11 -1.413e-42 8.898e-43 -1.576e-05 -5.646e-12 -6.422e-05 
    -1.219e-08 1.502e-08 -9.513e-07 -1.118e-13 -5.117e-15 3.024e-10 1.673e-15 -7.954e-11 9.430e-15 -1.606e-07 
    logsumexp: -82.00653076171875
    penalty: 184.26622009277344
    loss: -41.46796417236328
  penalty parameter: 0.23
    z: 
    -4.122e+00 -8.023e+00 -4.640e-10 1.267e-42 -6.166e-44 1.039e-14 -1.127e-13 -9.832e+00 -8.098e-01 -6.312e-14 
    1.573e-08 -3.573e-43 -9.946e-15 -9.172e-13 -8.977e-10 2.266e-19 -6.110e-43 4.096e-12 -2.979e-15 1.005e-42 
    -1.151e-14 -5.650e-15 -6.878e-17 -1.523e-42 1.131e-07 -7.357e-43 -2.079e-08 4.288e-10 -2.350e-10 4.214e-14 
    3.779e-06 6.417e-15 -5.578e-09 4.005e-15 -8.619e-15 -1.413e-42 8.898e-43 1.601e-05 6.368e-10 -1.109e-09 
    4.956e-15 -6.048e-19 -1.141e-07 2.711e-13 -2.480e-06 -5.576e-07 -2.081e-12 -2.261e-11 -1.111e-09 2.658e-15 
    logsumexp: -80.80374908447266
    penalty: 178.6910400390625
    loss: -39.70480728149414
  penalty parameter: 0.24
    z: 
    -3.940e+00 -7.682e+00 -9.407e-15 1.267e-42 -6.166e-44 2.940e-14 1.126e-19 -9.736e+00 -7.756e-01 4.513e-17 
    -1.600e-07 -3.573e-43 3.896e-09 2.030e-13 -9.894e-12 1.475e-14 -6.110e-43 -1.197e-05 -1.804e-14 1.005e-42 
    -1.980e-11 -2.147e-16 -6.524e-16 -1.791e-14 -1.374e-05 -7.357e-43 -1.997e-09 5.082e-06 1.353e-10 8.052e-09 
    -9.760e-14 -4.220e-12 3.660e-09 1.930e-09 8.996e-09 -1.413e-42 8.898e-43 1.501e-05 2.050e-15 -7.032e-05 
    -1.061e-11 5.116e-14 -8.289e-05 -2.691e-14 4.041e-07 2.928e-15 3.516e-11 1.630e-05 -7.158e-09 -8.743e-09 
    logsumexp: -78.81058502197266
    penalty: 169.93994140625
    loss: -38.025001525878906
  penalty parameter: 0.25
    z: 
    -3.775e+00 -7.327e+00 2.230e-13 1.267e-42 -6.166e-44 1.278e-10 6.260e-14 -9.504e+00 -7.448e-01 -1.248e-14 
    -2.333e-07 -3.573e-43 1.205e-07 2.656e-14 8.669e-15 -3.621e-18 -6.110e-43 -2.474e-15 1.744e-15 1.005e-42 
    1.162e-11 2.059e-14 -9.783e-15 -3.830e-26 6.480e-05 -7.357e-43 7.120e-05 7.378e-07 -1.017e-09 9.493e-08 
    -1.380e-14 1.278e-12 3.681e-15 1.486e-08 1.380e-06 -6.504e-14 8.898e-43 -4.270e-08 -9.022e-10 2.008e-15 
    5.098e-11 -1.946e-06 -1.703e-15 2.202e-12 -3.438e-15 -2.311e-09 -1.069e-14 -3.257e-09 -5.174e-11 1.640e-07 
    logsumexp: -76.18063354492188
    penalty: 158.8371124267578
    loss: -36.47135543823242
  penalty parameter: 0.26
    z: 
    -3.622e+00 -6.988e+00 -1.475e-12 1.267e-42 -6.166e-44 3.662e-10 -8.084e-14 -9.175e+00 -7.170e-01 -1.060e-15 
    -6.817e-09 -3.573e-43 -2.933e-09 -7.946e-11 4.222e-14 6.783e-15 -6.110e-43 -1.881e-09 1.101e-14 1.005e-42 
    -7.546e-05 -7.959e-15 -9.255e-18 1.846e-37 -1.646e-09 -7.357e-43 -1.823e-15 3.416e-15 -5.604e-15 -2.923e-09 
    -7.690e-09 -2.184e-14 8.184e-11 -3.176e-10 1.152e-07 1.822e-25 8.898e-43 -1.207e-05 -2.138e-07 2.951e-09 
    -6.308e-11 -1.794e-06 -7.641e-12 -9.781e-12 1.231e-06 -1.466e-07 4.366e-10 -1.041e-07 1.026e-11 -2.823e-08 
    logsumexp: -73.18310546875
    penalty: 146.65513610839844
    loss: -35.052772521972656
  penalty parameter: 0.27
    z: 
    -3.479e+00 -6.679e+00 9.830e-16 1.267e-42 -6.166e-44 3.902e-12 1.305e-14 -8.800e+00 -6.917e-01 -1.532e-14 
    -2.361e-15 -3.573e-43 -9.707e-05 8.018e-12 6.334e-10 -4.594e-15 -6.110e-43 -1.894e-07 -1.952e-17 1.005e-42 
    -6.388e-09 -1.274e-14 -3.886e-14 8.502e-41 -1.204e-14 -7.357e-43 -5.054e-11 -9.768e-13 1.846e-10 -2.049e-11 
    -7.755e-05 2.523e-13 2.085e-10 1.199e-05 2.781e-10 1.025e-36 8.898e-43 3.114e-08 9.116e-08 1.583e-07 
    9.880e-15 -7.621e-17 1.077e-11 -8.343e-15 3.032e-10 -1.272e-08 3.276e-09 -6.542e-05 -1.084e-14 8.987e-11 
    logsumexp: -70.10523223876953
    penalty: 134.638427734375
    loss: -33.75285720825195
  penalty parameter: 0.28
    z: 
    -3.345e+00 -6.404e+00 2.446e-10 4.472e-14 -6.166e-44 -7.008e-09 -5.877e-14 -8.417e+00 -6.686e-01 -1.760e-14 
    1.432e-14 -3.573e-43 -1.693e-08 2.274e-07 -2.214e-09 -2.005e-14 -6.110e-43 1.908e-08 -2.004e-14 1.005e-42 
    -8.757e-08 1.383e-15 7.904e-15 -4.715e-41 -1.133e-14 -7.357e-43 -2.584e-10 -6.797e-11 1.005e-09 -1.547e-14 
    1.054e-04 -3.192e-14 -1.037e-11 -9.166e-10 6.764e-06 -5.156e-41 8.898e-43 -7.107e-08 3.034e-11 1.366e-08 
    1.978e-11 8.605e-08 2.112e-04 -5.800e-11 7.178e-15 -1.635e-10 -1.618e-10 7.873e-05 4.143e-14 -3.491e-13 
    logsumexp: -67.13516235351562
    penalty: 123.51139831542969
    loss: -32.551971435546875
  penalty parameter: 0.29
    z: 
    -3.219e+00 -6.163e+00 3.604e-09 -1.375e-25 -6.166e-44 4.661e-15 1.441e-14 -8.046e+00 -6.474e-01 -1.108e-14 
    -5.674e-13 -3.573e-43 -7.689e-07 1.940e-15 1.717e-10 1.032e-13 -6.110e-43 -4.158e-11 4.316e-15 1.005e-42 
    1.195e-07 -1.260e-14 -2.977e-15 3.874e-14 1.359e-11 -7.357e-43 -1.599e-11 1.875e-12 -2.299e-10 -1.277e-12 
    -1.704e-07 1.031e-12 -2.363e-14 4.326e-09 6.469e-10 -6.619e-41 8.898e-43 -4.828e-06 -3.883e-06 -9.975e-11 
    2.370e-11 -4.781e-06 1.281e-04 1.163e-08 2.116e-07 4.236e-12 -6.245e-12 -1.713e-09 -2.610e-12 -1.909e-14 
    logsumexp: -64.35791015625
    penalty: 113.52416229248047
    loss: -31.43590545654297
  penalty parameter: 0.3
    z: 
    -3.100e+00 -5.952e+00 1.218e-10 2.597e-37 -6.166e-44 2.220e-10 -3.171e-13 -7.696e+00 -6.278e-01 -5.639e-12 
    -1.173e-11 -3.573e-43 -1.393e-07 5.097e-10 -7.779e-05 1.319e-14 -6.110e-43 -2.485e-12 1.486e-14 1.005e-42 
    2.030e-06 -1.863e-15 3.099e-11 2.086e-15 -3.139e-11 -7.357e-43 -1.205e-11 -1.285e-15 -6.345e-09 -3.628e-13 
    -9.820e-10 -3.992e-13 -1.853e-14 -3.305e-15 1.173e-14 4.026e-41 8.898e-43 2.531e-08 -7.050e-08 2.075e-06 
    7.739e-10 -1.332e-15 -2.684e-08 5.747e-09 -4.359e-11 1.002e-14 1.551e-14 -1.076e-14 1.601e-12 5.427e-11 
    logsumexp: -61.79833221435547
    penalty: 104.67826080322266
    loss: -30.394853591918945
  penalty parameter: 0.31
    z: 
    -2.988e+00 -5.766e+00 1.329e-11 1.202e-42 -6.166e-44 2.781e-07 2.013e-15 -7.371e+00 -6.096e-01 -9.811e-15 
    1.427e-04 -3.573e-43 -2.139e-05 -8.600e-09 -1.925e-15 -5.844e-11 -6.110e-43 1.379e-14 -3.729e-11 1.005e-42 
    2.395e-10 -1.045e-14 -5.210e-15 2.516e-26 -1.107e-05 -7.357e-43 -1.231e-14 4.116e-13 5.790e-15 -1.818e-14 
    4.353e-07 -1.454e-14 -3.664e-13 1.147e-09 4.859e-14 1.322e-40 8.898e-43 1.157e-15 2.931e-05 -1.752e-08 
    -7.449e-15 -2.138e-08 -6.639e-10 -2.655e-11 1.089e-15 4.578e-14 -8.711e-13 -5.554e-14 -3.235e-12 2.334e-09 
    logsumexp: -59.453277587890625
    penalty: 96.87696075439453
    loss: -29.421419143676758
  penalty parameter: 0.32
    z: 
    -2.882e+00 -5.599e+00 1.821e-13 1.462e-42 -6.166e-44 1.500e-07 -1.921e-12 -7.070e+00 -5.926e-01 6.761e-10 
    -1.763e-07 -3.573e-43 -8.064e-06 4.072e-08 -1.021e-11 8.105e-15 -6.110e-43 -1.622e-12 -6.252e-15 1.005e-42 
    1.393e-04 1.634e-13 2.555e-10 -1.459e-10 -1.809e-15 -7.357e-43 -1.784e-10 -4.602e-14 -5.383e-12 2.979e-13 
    -1.055e-05 -9.566e-12 2.078e-14 2.272e-08 -2.926e-12 3.318e-09 8.898e-43 4.645e-13 -1.825e-09 1.957e-04 
    -3.163e-11 1.421e-04 4.294e-06 2.390e-11 1.623e-07 -2.298e-12 -3.239e-13 2.144e-12 -1.452e-14 -8.976e-11 
    logsumexp: -57.308448791503906
    penalty: 89.99666595458984
    loss: -28.5095157623291
  penalty parameter: 0.33
    z: 
    -2.782e+00 -5.446e+00 1.830e-14 -5.591e-41 -6.166e-44 1.828e-09 1.067e-14 -6.796e+00 -5.768e-01 -5.977e-15 
    1.361e-09 -3.573e-43 4.766e-05 2.579e-10 -1.290e-10 -2.366e-08 -6.110e-43 9.785e-10 -1.430e-08 1.005e-42 
    -1.980e-15 -9.213e-16 6.909e-15 2.302e-19 5.551e-11 -7.357e-43 -1.592e-09 1.094e-13 4.120e-11 -2.639e-11 
    -1.619e-07 -3.447e-12 3.251e-12 -5.723e-09 -9.226e-13 2.047e-20 8.898e-43 1.944e-13 3.159e-07 1.280e-06 
    4.401e-10 -9.673e-08 2.244e-10 1.132e-14 -2.415e-04 -4.187e-13 2.929e-14 -2.135e-12 2.494e-10 -1.947e-10 
    logsumexp: -55.34541702270508
    penalty: 83.9135971069336
    loss: -27.653928756713867
  penalty parameter: 0.34
    z: 
    -2.689e+00 -5.304e+00 1.435e-11 -2.201e-40 -6.166e-44 7.666e-12 -8.368e-10 -6.545e+00 -5.618e-01 -2.602e-09 
    -6.709e-15 -3.573e-43 -4.439e-09 -4.370e-12 5.729e-11 -1.665e-15 -6.110e-43 6.092e-12 3.057e-15 1.005e-42 
    9.038e-13 -6.640e-08 -3.568e-12 1.126e-13 6.515e-10 -7.357e-43 -4.468e-11 -1.285e-13 -2.808e-12 3.795e-15 
    4.204e-15 2.109e-04 9.929e-13 4.312e-11 -1.041e-14 1.351e-10 8.898e-43 -1.806e-14 1.544e-05 -8.056e-10 
    1.838e-10 -3.470e-15 1.651e-06 -2.173e-10 1.713e-15 4.840e-14 6.877e-13 3.829e-11 -2.695e-09 -9.904e-15 
    logsumexp: -53.54399108886719
    penalty: 78.51162719726562
    loss: -26.85003662109375
  penalty parameter: 0.35000000000000003
    z: 
    -2.601e+00 -5.170e+00 -3.756e-11 2.165e-09 -6.166e-44 -1.972e-14 4.286e-15 -6.315e+00 -5.476e-01 -4.109e-15 
    -1.888e-13 -3.573e-43 1.478e-06 1.947e-14 -8.709e-09 1.367e-07 -6.110e-43 2.566e-05 1.851e-10 2.918e-14 
    -8.460e-13 -1.755e-15 -8.799e-15 -1.408e-07 -5.657e-11 -7.357e-43 4.012e-12 -5.072e-14 4.889e-07 6.452e-12 
    4.005e-13 7.661e-06 -2.633e-10 1.097e-05 2.385e-14 -2.804e-04 8.898e-43 2.129e-12 -2.648e-08 9.562e-07 
    -2.736e-10 1.268e-09 8.348e-08 4.223e-09 2.923e-12 1.231e-14 1.734e-12 6.503e-15 -1.526e-10 -1.298e-11 
    logsumexp: -51.883766174316406
    penalty: 73.68598175048828
    loss: -26.093673706054688
  penalty parameter: 0.36
    z: 
    -2.519e+00 -5.044e+00 -2.437e-12 -6.383e-21 -6.166e-44 1.352e-13 -5.727e-06 -6.105e+00 -5.341e-01 -3.053e-06 
    4.408e-12 -3.573e-43 5.265e-06 1.034e-12 -3.209e-15 -3.672e-15 -6.110e-43 3.693e-09 3.789e-15 -3.691e-25 
    -5.719e-13 8.420e-07 3.033e-09 7.397e-05 2.582e-12 -7.357e-43 -1.787e-14 7.903e-14 2.156e-15 1.735e-11 
    -4.926e-13 -1.274e-08 -2.986e-15 -3.120e-06 2.228e-11 -1.395e-15 8.898e-43 3.770e-13 6.785e-15 -9.435e-10 
    4.741e-15 -1.136e-08 1.482e-15 -2.706e-10 1.898e-11 -8.051e-14 2.082e-14 -3.385e-11 8.382e-05 7.052e-11 
    logsumexp: -50.34562683105469
    penalty: 69.34624481201172
    loss: -25.380977630615234
  penalty parameter: 0.37
    z: 
    -2.442e+00 -4.923e+00 -3.339e-09 -3.633e-09 -6.166e-44 -6.392e-14 1.141e-15 -5.912e+00 -5.213e-01 2.892e-15 
    -1.764e-14 -3.573e-43 -2.996e-15 1.447e-12 7.363e-12 1.576e-11 -6.110e-43 -8.739e-08 1.743e-09 2.105e-37 
    1.849e-14 -3.237e-15 7.602e-16 2.251e-12 -5.871e-15 -7.357e-43 1.739e-13 2.066e-11 4.856e-11 3.159e-12 
    2.244e-09 9.088e-08 3.336e-11 -2.734e-08 -2.736e-11 5.552e-13 8.898e-43 5.942e-15 7.383e-14 -5.271e-15 
    6.486e-12 -9.560e-08 -1.862e-13 -5.211e-12 1.177e-12 -3.813e-14 2.670e-12 4.450e-10 1.738e-15 6.348e-12 
    logsumexp: -48.912899017333984
    penalty: 65.41749572753906
    loss: -24.708425521850586
  penalty parameter: 0.38
    z: 
    -2.369e+00 -4.808e+00 -6.608e-15 2.971e-12 -6.166e-44 -3.773e-14 1.032e-04 -5.732e+00 -5.091e-01 -2.398e-04 
    3.024e-12 -3.573e-43 3.712e-13 7.066e-13 1.217e-11 -9.204e-15 -6.110e-43 8.201e-06 -5.602e-15 -5.716e-42 
    3.777e-11 -4.428e-05 1.215e-06 -6.410e-15 -4.135e-11 -7.357e-43 1.039e-13 1.431e-14 4.891e-09 -8.077e-14 
    -1.782e-15 -3.093e-15 4.996e-10 4.252e-11 9.311e-11 3.807e-12 8.898e-43 4.416e-13 1.292e-12 6.250e-13 
    -1.544e-11 -1.499e-09 6.064e-13 6.553e-15 -2.114e-06 -3.306e-13 7.719e-12 1.782e-11 8.537e-14 -3.162e-13 
    logsumexp: -47.57148742675781
    penalty: 61.83863830566406
    loss: -24.072805404663086
  penalty parameter: 0.39
    z: 
    -2.300e+00 -4.698e+00 -3.818e-11 -1.857e-15 -6.166e-44 4.611e-14 -7.857e-16 -5.564e+00 -4.974e-01 2.063e-17 
    1.258e-11 -3.573e-43 -4.095e-13 -2.120e-14 -6.527e-12 -5.442e-09 -6.110e-43 -1.228e-09 -1.204e-04 -7.319e-42 
    2.060e-10 1.373e-15 2.069e-15 3.060e-10 3.761e-11 -7.357e-43 -2.634e-14 2.572e-12 -3.148e-09 3.867e-14 
    -3.034e-11 2.257e-13 1.615e-10 1.014e-10 -1.128e-14 -2.482e-11 8.898e-43 -6.545e-13 -3.064e-11 1.190e-12 
    -4.584e-12 -9.980e-10 2.867e-14 4.617e-17 -2.472e-15 5.161e-14 -1.901e-07 1.455e-06 -9.475e-13 1.955e-14 
    logsumexp: -46.30972671508789
    penalty: 58.560386657714844
    loss: -23.471176147460938
  penalty parameter: 0.4
    z: 
    -2.235e+00 -4.592e+00 -4.965e-10 -1.718e-07 -6.166e-44 -7.029e-14 -5.300e-11 -5.406e+00 -4.862e-01 -1.023e-11 
    9.512e-12 -3.573e-43 -2.436e-14 1.311e-13 -2.655e-06 -2.654e-15 -6.110e-43 -6.556e-12 6.125e-16 -9.394e-42 
    -1.693e-11 -1.399e-04 -2.310e-04 -4.238e-09 -1.340e-11 -7.357e-43 -1.662e-13 8.439e-12 7.293e-11 2.491e-12 
    2.958e-10 -2.951e-13 -7.963e-12 4.421e-15 1.580e-13 -1.167e-14 1.788e-15 -2.040e-11 6.212e-15 2.013e-14 
    2.741e-14 -7.833e-15 1.600e-12 -1.640e-14 8.901e-12 1.456e-14 2.252e-16 -3.321e-08 4.442e-14 -1.787e-11 
    logsumexp: -45.11834716796875
    penalty: 55.54362106323242
    loss: -22.900897979736328
  penalty parameter: 0.41000000000000003
    z: 
    -2.174e+00 -4.492e+00 2.700e-10 -8.715e-05 -6.166e-44 -1.522e-13 -1.679e-09 -5.257e+00 -4.756e-01 -1.106e-10 
    5.778e-08 -3.573e-43 1.799e-14 2.361e-15 -1.541e-17 5.249e-05 -6.110e-43 1.607e-14 1.524e-11 -1.206e-41 
    -1.603e-09 6.095e-16 -4.019e-16 -4.284e-10 -1.122e-06 -7.357e-43 9.017e-14 9.756e-09 -4.047e-07 -1.838e-12 
    -2.985e-11 -1.508e-14 2.634e-14 1.790e-11 1.437e-12 -3.298e-13 1.117e-25 -9.221e-15 3.853e-12 4.399e-13 
    1.927e-13 -1.344e-13 1.531e-12 -1.387e-13 -1.109e-10 1.127e-13 -3.202e-12 1.886e-10 -1.021e-13 -7.292e-10 
    logsumexp: -43.99013137817383
    penalty: 52.75743865966797
    loss: -22.359580993652344
  penalty parameter: 0.42
    z: 
    -2.116e+00 -4.395e+00 -6.821e-11 -1.891e-15 -6.166e-44 -2.208e-11 4.183e-09 -5.115e+00 -4.654e-01 -1.909e-11 
    7.923e-16 -3.573e-43 -1.780e-12 1.576e-14 -2.274e-13 -7.078e-16 -6.110e-43 2.044e-11 1.057e-10 -1.391e-40 
    -7.143e-15 -2.064e-11 -9.129e-12 -1.568e-11 -3.176e-15 -7.357e-43 3.789e-12 1.596e-16 -2.459e-15 -1.507e-11 
    2.069e-04 -2.172e-13 6.420e-14 2.670e-10 -3.203e-14 -6.746e-13 4.422e-37 3.167e-13 2.410e-12 2.860e-13 
    1.974e-14 -6.882e-13 1.962e-12 -1.615e-14 1.020e-10 -2.031e-14 1.567e-11 2.484e-16 1.283e-13 -1.630e-10 
    logsumexp: -42.919551849365234
    penalty: 50.17733383178711
    loss: -21.84507179260254
  penalty parameter: 0.43
    z: 
    -2.061e+00 -4.303e+00 -1.086e-14 -3.682e-09 -6.166e-44 1.757e-12 1.354e-10 -4.981e+00 -4.556e-01 4.171e-12 
    3.699e-12 -3.573e-43 -5.481e-12 -5.109e-12 3.210e-11 1.525e-12 -6.110e-43 -5.360e-11 -2.510e-10 8.772e-11 
    1.655e-12 2.237e-10 -1.583e-11 5.645e-05 1.846e-11 -7.357e-43 9.174e-13 2.046e-12 -3.723e-13 -1.249e-14 
    -2.775e-07 2.930e-15 3.229e-13 -1.825e-11 -6.566e-14 1.790e-14 1.607e-41 2.148e-11 2.068e-10 2.994e-14 
    7.183e-15 -1.819e-14 1.138e-14 8.347e-14 -1.263e-11 -8.936e-13 -9.617e-12 -2.329e-14 4.664e-14 1.027e-11 
    logsumexp: -41.902122497558594
    penalty: 47.78303909301758
    loss: -21.35541534423828
  penalty parameter: 0.44
    z: 
    -2.009e+00 -4.214e+00 -1.456e-13 -9.943e-06 -6.166e-44 8.965e-11 -1.141e-05 -4.854e+00 -4.462e-01 3.650e-15 
    -1.598e-11 -3.573e-43 1.377e-12 -4.017e-12 8.008e-12 6.582e-11 -6.110e-43 1.217e-11 -1.083e-11 6.135e-22 
    1.430e-11 7.168e-11 2.644e-11 2.011e-07 -9.229e-10 -7.357e-43 -1.891e-07 -1.004e-12 -4.536e-12 6.385e-12 
    -1.179e-10 -8.704e-14 6.042e-14 -2.014e-11 -2.942e-12 -4.893e-14 -5.537e-42 4.406e-12 7.233e-15 -1.892e-13 
    2.601e-13 4.374e-12 2.753e-12 7.329e-14 6.806e-05 4.140e-13 4.057e-05 -8.423e-13 1.926e-13 1.030e-11 
    logsumexp: -40.93397903442383
    penalty: 45.557106018066406
    loss: -20.888853073120117
  penalty parameter: 0.45
    z: 
    -1.959e+00 -4.129e+00 6.576e-12 -3.118e-10 -6.166e-44 -1.169e-14 -2.515e-15 -4.734e+00 -4.372e-01 7.926e-13 
    2.241e-13 -3.573e-43 8.863e-15 8.238e-07 2.198e-06 -3.512e-11 -6.110e-43 3.407e-05 1.323e-04 3.752e-10 
    -1.641e-12 1.344e-11 -1.345e-12 -1.410e-10 5.491e-10 -7.357e-43 -2.719e-15 1.867e-12 1.840e-12 -6.711e-11 
    9.856e-13 -3.062e-14 1.859e-14 -1.983e-14 -2.142e-14 8.072e-14 -7.123e-42 -2.190e-12 1.694e-12 -8.018e-13 
    1.298e-12 4.509e-12 -1.505e-11 -2.321e-15 -3.784e-08 5.562e-16 -2.049e-15 2.585e-14 -5.335e-14 9.962e-15 
    logsumexp: -40.01165008544922
    penalty: 43.48418426513672
    loss: -20.443767547607422
  penalty parameter: 0.46
    z: 
    -1.912e+00 -4.047e+00 6.727e-15 -6.641e-15 -6.166e-44 1.760e-12 -6.553e-13 -4.619e+00 -4.285e-01 -5.213e-13 
    5.607e-15 -3.573e-43 -2.740e-13 -1.691e-15 2.238e-15 -2.925e-11 -6.110e-43 2.398e-15 -7.060e-07 1.666e-04 
    -4.947e-14 -2.158e-05 -3.333e-14 -3.134e-06 -1.070e-11 -7.357e-43 -2.850e-12 -9.509e-15 -2.444e-14 -1.592e-12 
    2.203e-14 6.274e-14 1.673e-13 1.226e-13 -1.063e-12 5.454e-14 7.740e-41 -1.048e-14 3.066e-12 -5.572e-14 
    -5.382e-11 -8.455e-10 2.834e-12 -2.399e-13 -2.357e-09 -8.232e-14 1.573e-12 1.538e-12 -5.042e-13 -1.253e-12 
    logsumexp: -39.131988525390625
    penalty: 41.550621032714844
    loss: -20.018701553344727
  penalty parameter: 0.47000000000000003
    z: 
    -1.867e+00 -3.968e+00 -1.549e-12 3.397e-10 -6.166e-44 -1.938e-11 2.242e-12 -4.510e+00 -4.202e-01 4.310e-14 
    2.555e-14 -3.573e-43 1.021e-13 -6.478e-13 1.626e-12 1.963e-14 -6.110e-43 -7.608e-13 5.422e-09 1.188e-15 
    4.280e-14 3.117e-16 -7.911e-14 3.921e-10 2.462e-08 -7.357e-43 5.267e-12 -7.333e-12 1.435e-13 -5.095e-12 
    -9.330e-12 -2.288e-12 3.219e-14 2.169e-13 -9.768e-13 -2.853e-13 -2.339e-40 2.882e-12 2.620e-11 -9.038e-14 
    -1.318e-14 -8.899e-15 1.067e-09 -3.625e-13 -1.636e-14 6.182e-14 -6.785e-12 1.217e-12 -9.621e-13 1.088e-11 
    logsumexp: -38.29216384887695
    penalty: 39.74432373046875
    loss: -19.61233139038086
  penalty parameter: 0.48
    z: 
    -1.824e+00 -3.892e+00 -3.231e-11 -1.182e-08 -6.166e-44 -3.517e-12 1.727e-10 -4.406e+00 -4.121e-01 1.406e-13 
    6.065e-14 -3.573e-43 -2.736e-14 7.445e-11 7.770e-12 -2.345e-13 -6.110e-43 -5.321e-12 1.592e-11 -8.186e-14 
    -1.324e-13 -3.128e-13 3.200e-13 -2.711e-07 9.329e-16 -2.024e-14 -1.225e-12 6.597e-11 -9.524e-14 -6.287e-14 
    3.437e-11 5.018e-13 1.847e-13 3.570e-14 3.668e-09 -3.963e-14 -5.416e-11 -2.828e-12 5.700e-15 1.100e-13 
    -9.618e-15 1.844e-12 -6.932e-15 3.780e-14 5.621e-14 7.413e-14 -2.623e-13 3.057e-13 -4.052e-11 8.443e-13 
    logsumexp: -37.48945617675781
    penalty: 38.054222106933594
    loss: -19.223430633544922
  penalty parameter: 0.49
    z: 
    -1.783e+00 -3.819e+00 1.470e-11 -8.501e-09 -6.166e-44 -1.150e-10 -7.852e-15 -4.306e+00 -4.044e-01 -2.489e-13 
    -4.039e-14 -3.573e-43 3.634e-11 5.414e-11 3.168e-12 -1.210e-12 -6.110e-43 7.148e-12 -2.854e-05 -1.821e-12 
    -8.139e-14 4.593e-12 -2.663e-13 8.182e-10 -5.617e-14 -7.654e-26 -5.185e-09 -9.173e-12 -6.762e-14 4.263e-14 
    -4.622e-11 -2.008e-08 -2.357e-14 3.059e-13 -5.973e-16 7.032e-15 -1.485e-22 -4.175e-11 1.623e-12 -3.073e-14 
    2.181e-11 -2.492e-12 -4.065e-12 -2.903e-14 3.597e-12 8.918e-13 2.658e-14 3.726e-14 -3.512e-12 -2.110e-10 
    logsumexp: -36.72148513793945
    penalty: 36.47060012817383
    loss: -18.85089111328125
  penalty parameter: 0.5
    z: 
    -1.744e+00 -3.749e+00 5.636e-12 1.248e-09 -6.166e-44 -8.595e-15 6.772e-13 -4.211e+00 -3.969e-01 -3.641e-13 
    5.314e-13 -3.573e-43 7.284e-11 -4.534e-12 4.397e-11 1.674e-15 -6.110e-43 1.894e-14 2.310e-15 -4.148e-11 
    2.966e-13 1.354e-12 -3.071e-14 4.947e-08 -6.121e-12 -2.919e-38 -3.863e-15 -1.546e-05 1.227e-13 4.679e-13 
    -5.799e-12 -1.052e-15 -9.905e-14 -1.549e-13 1.649e-12 -4.863e-13 -3.440e-10 1.644e-14 6.484e-11 1.437e-13 
    -3.881e-11 -1.201e-12 -1.538e-10 -2.863e-13 3.268e-12 2.362e-13 9.865e-14 1.053e-12 3.686e-11 -1.111e-14 
    logsumexp: -35.985992431640625
    penalty: 34.98460006713867
    loss: -18.49369239807129
  penalty parameter: 0.51
    z: 
    -1.706e+00 -3.681e+00 3.162e-14 5.811e-11 -6.166e-44 -2.513e-12 -1.611e-13 -4.121e+00 -3.897e-01 4.624e-14 
    1.130e-12 -3.573e-43 4.744e-11 -2.776e-14 1.257e-14 -6.666e-13 -6.110e-43 1.234e-13 3.194e-13 4.308e-12 
    -2.245e-13 -6.197e-14 -7.693e-13 6.909e-11 -6.342e-13 2.043e-41 -1.727e-12 1.066e-15 5.743e-13 9.993e-13 
    -2.324e-13 1.322e-13 2.772e-15 2.380e-14 1.051e-11 -2.283e-14 3.388e-06 5.701e-13 -8.372e-11 -7.695e-14 
    8.036e-12 -1.893e-08 8.829e-11 -1.961e-10 1.562e-08 1.184e-13 -1.022e-13 9.307e-13 1.947e-12 9.738e-13 
    logsumexp: -35.28097915649414
    penalty: 33.58839797973633
    loss: -18.150896072387695
  penalty parameter: 0.52
    z: 
    -1.670e+00 -3.615e+00 8.803e-16 1.463e-12 -6.166e-44 1.375e-11 -5.549e-14 -4.034e+00 -3.828e-01 -1.930e-13 
    -1.603e-14 -3.573e-43 1.959e-12 4.926e-14 4.381e-13 -9.845e-13 -6.110e-43 -2.320e-13 -2.527e-12 1.074e-10 
    -3.890e-14 -6.694e-14 9.022e-13 -1.965e-12 -5.055e-14 -2.109e-42 5.022e-15 1.106e-12 1.788e-10 -4.901e-10 
    3.418e-14 1.012e-12 -3.671e-14 2.515e-13 2.008e-12 -5.656e-13 4.051e-16 -1.541e-12 -1.084e-11 2.249e-13 
    4.704e-11 1.362e-15 -8.413e-12 -8.211e-15 6.670e-15 5.338e-14 6.744e-14 -1.060e-12 -1.347e-14 5.112e-12 
    logsumexp: -34.60456848144531
    penalty: 32.27484130859375
    loss: -17.821651458740234
  penalty parameter: 0.53
    z: 
    -1.636e+00 -3.551e+00 1.890e-13 -4.497e-13 -6.166e-44 -2.122e-13 7.969e-15 -3.951e+00 -3.760e-01 -2.243e-13 
    -4.178e-13 -3.573e-43 8.594e-14 5.081e-13 6.734e-13 -4.195e-12 -6.110e-43 -3.512e-15 2.481e-13 1.266e-14 
    5.839e-14 -2.873e-13 1.485e-12 1.947e-14 -5.701e-14 -2.699e-42 -5.475e-12 7.768e-12 1.248e-14 9.569e-15 
    5.381e-13 1.249e-10 -4.202e-13 -5.345e-14 -7.215e-10 -3.862e-13 1.317e-07 -4.294e-11 4.543e-05 1.841e-14 
    -1.715e-14 -1.548e-15 3.405e-06 9.503e-13 6.523e-13 -2.996e-13 1.201e-12 4.169e-14 3.845e-14 -2.284e-12 
    logsumexp: -33.954994201660156
    penalty: 31.037445068359375
    loss: -17.505149841308594
  penalty parameter: 0.54
    z: 
    -1.603e+00 -3.490e+00 3.572e-14 1.455e-14 -6.166e-44 -7.637e-13 -3.700e-13 -3.871e+00 -3.695e-01 -6.383e-14 
    2.275e-12 -3.573e-43 -1.879e-14 3.027e-12 -4.429e-14 -8.002e-15 -6.110e-43 1.540e-13 2.597e-12 8.555e-13 
    -2.023e-15 -2.595e-13 -1.461e-14 3.919e-13 -1.303e-13 -5.023e-41 -1.137e-07 1.017e-12 -7.848e-13 -4.413e-12 
    4.904e-13 -9.486e-15 9.097e-15 -3.841e-14 5.801e-15 -2.292e-13 8.197e-12 -1.021e-14 -6.753e-07 3.303e-14 
    1.568e-13 -1.443e-12 2.803e-15 -4.882e-12 7.022e-13 -1.895e-11 -1.211e-13 -1.747e-13 -1.481e-13 -2.476e-10 
    logsumexp: -33.33075714111328
    penalty: 29.870542526245117
    loss: -17.20066261291504
  penalty parameter: 0.55
    z: 
    -1.572e+00 -3.431e+00 6.316e-13 -9.384e-13 -6.166e-44 2.469e-14 -4.213e-14 -3.794e+00 -3.632e-01 1.245e-13 
    2.846e-14 -3.573e-43 -4.747e-13 2.648e-14 -4.196e-14 -9.074e-13 -6.110e-43 7.791e-14 -2.310e-14 -2.534e-12 
    -6.669e-14 3.836e-14 -2.377e-11 -5.108e-11 8.098e-14 5.660e-09 3.818e-15 -8.781e-10 1.608e-13 5.658e-11 
    -2.640e-10 3.496e-13 7.765e-14 1.211e-13 -2.651e-13 -2.146e-14 7.400e-15 1.139e-12 -9.394e-10 -1.946e-13 
    3.466e-13 -1.300e-09 3.615e-13 2.189e-12 -9.916e-13 1.937e-14 -1.060e-13 -3.610e-13 2.344e-12 8.118e-15 
    logsumexp: -32.73029327392578
    penalty: 28.768678665161133
    loss: -16.907520294189453
  penalty parameter: 0.56
    z: 
    -1.541e+00 -3.373e+00 -2.132e-13 1.132e-12 -6.166e-44 2.064e-12 -2.573e-13 -3.721e+00 -3.572e-01 -1.006e-13 
    3.428e-13 -3.573e-43 3.384e-12 5.392e-13 6.840e-13 -1.799e-12 -6.110e-43 5.641e-14 4.727e-13 2.570e-11 
    9.145e-13 -9.440e-14 1.293e-10 5.227e-13 -1.627e-13 1.518e-20 -2.484e-13 -9.590e-15 -1.371e-11 1.072e-10 
    8.810e-15 3.227e-13 -7.846e-13 -1.101e-10 3.629e-13 -5.984e-13 1.810e-09 -4.570e-14 9.574e-05 -6.734e-14 
    4.426e-14 3.271e-15 1.369e-12 4.389e-14 -3.745e-13 -7.120e-13 1.539e-14 1.472e-14 -6.786e-11 2.474e-13 
    logsumexp: -32.152286529541016
    penalty: 27.72713851928711
    loss: -16.62508773803711
  penalty parameter: 0.5700000000000001
    z: 
    -1.512e+00 -3.318e+00 5.211e-13 -3.946e-13 -6.166e-44 -8.504e-12 2.425e-13 -3.650e+00 -3.513e-01 -1.674e-13 
    -8.290e-13 -3.573e-43 -1.001e-14 -5.787e-13 -2.130e-14 -3.229e-12 -6.110e-43 -1.357e-12 -7.230e-13 -1.166e-14 
    9.107e-13 1.589e-12 5.577e-11 -7.484e-12 -6.559e-14 3.454e-08 -5.025e-13 -4.473e-13 1.220e-14 1.029e-11 
    -9.996e-13 7.222e-13 1.033e-12 -1.475e-14 8.742e-14 -4.368e-12 3.021e-07 -7.123e-09 1.875e-07 -2.659e-13 
    2.345e-13 -3.017e-14 -6.019e-10 1.735e-14 2.841e-14 -9.712e-13 2.376e-13 -1.882e-13 -1.265e-14 -6.227e-13 
    logsumexp: -31.595495223999023
    penalty: 26.7415828704834
    loss: -16.352792739868164
  penalty parameter: 0.58
    z: 
    -1.484e+00 -3.264e+00 3.643e-14 3.800e-14 -6.166e-44 -3.429e-12 2.374e-14 -3.583e+00 -3.456e-01 9.180e-14 
    -7.270e-13 -3.573e-43 4.098e-14 -1.494e-12 2.601e-13 -3.651e-14 1.212e-14 2.889e-13 5.184e-13 -1.982e-13 
    1.163e-13 2.482e-11 -5.639e-12 3.310e-14 -8.262e-14 4.629e-19 -1.056e-09 1.236e-13 1.034e-13 1.804e-05 
    -2.002e-12 -7.541e-15 -7.659e-14 3.533e-13 -6.553e-14 2.542e-15 1.185e-06 4.209e-15 -7.464e-11 3.390e-12 
    -7.053e-14 1.036e-12 -8.940e-15 1.080e-13 2.966e-13 1.854e-12 1.646e-13 -1.846e-13 1.090e-13 5.625e-15 
    logsumexp: -31.05873680114746
    penalty: 25.808021545410156
    loss: -16.090084075927734
  penalty parameter: 0.59
    z: 
    -1.457e+00 -3.211e+00 -3.114e-13 9.288e-13 -6.166e-44 -9.386e-10 -1.265e-13 -3.517e+00 -3.400e-01 -2.899e-13 
    3.262e-11 -3.573e-43 2.765e-13 -3.119e-14 6.595e-13 -1.551e-13 1.022e-25 1.443e-13 7.679e-14 2.237e-13 
    5.226e-14 -1.455e-14 -1.178e-11 6.500e-14 -5.827e-14 -1.329e-13 9.980e-16 3.992e-10 4.261e-14 -1.470e-16 
    -4.846e-13 -9.193e-13 -4.714e-14 -5.592e-13 3.887e-15 3.705e-13 3.356e-07 -1.154e-13 9.748e-08 4.628e-13 
    4.134e-14 -2.588e-14 2.173e-13 2.744e-14 5.889e-13 -3.733e-14 -3.176e-14 4.326e-14 3.910e-13 -5.505e-13 
    logsumexp: -30.54094886779785
    penalty: 24.9228458404541
    loss: -15.836470603942871
  penalty parameter: 0.6
    z: 
    -1.431e+00 -3.161e+00 -3.494e-14 -2.954e-12 -6.166e-44 2.266e-15 -2.199e-12 -3.454e+00 -3.347e-01 -3.104e-12 
    2.216e-15 -3.573e-43 -3.916e-14 9.719e-14 -4.106e-14 3.035e-14 -4.014e-37 1.573e-14 -8.426e-14 -4.042e-14 
    4.411e-13 -5.849e-13 3.298e-14 -4.045e-13 -1.001e-14 5.784e-09 -2.010e-14 1.243e-14 2.090e-14 2.905e-13 
    8.293e-14 -8.148e-13 -2.218e-12 7.823e-11 -5.322e-12 -2.994e-12 6.787e-09 -2.200e-13 4.350e-15 1.611e-07 
    -1.411e-13 3.428e-13 -5.991e-13 5.339e-14 -2.568e-12 2.429e-14 -1.121e-12 -2.027e-13 -1.349e-14 -7.392e-13 
    logsumexp: -30.041118621826172
    penalty: 24.082735061645508
    loss: -15.591477394104004
  penalty parameter: 0.61
    z: 
    -1.406e+00 -3.112e+00 1.424e-14 -1.257e-13 -6.166e-44 -1.067e-12 -2.277e-14 -3.394e+00 -3.295e-01 -2.817e-15 
    -4.185e-13 -3.573e-43 2.871e-13 -8.133e-13 3.614e-13 -6.742e-14 1.115e-41 -3.340e-13 -4.257e-14 -2.526e-13 
    -7.765e-13 -4.125e-13 9.886e-15 -3.072e-12 -5.862e-13 2.727e-06 3.966e-12 1.753e-13 1.917e-13 -6.358e-13 
    2.393e-14 4.009e-13 4.269e-12 -1.476e-14 1.370e-14 -2.173e-14 3.737e-11 4.769e-14 3.091e-13 5.137e-15 
    -8.234e-14 6.705e-14 1.110e-11 1.698e-14 -1.459e-15 9.274e-13 3.811e-13 -6.974e-13 -3.767e-14 -2.083e-14 
    logsumexp: -29.55832290649414
    penalty: 23.284671783447266
    loss: -15.3546724319458
  penalty parameter: 0.62
    z: 
    -1.382e+00 -3.064e+00 -2.472e-11 9.163e-14 -6.166e-44 8.983e-12 2.879e-13 -3.335e+00 -3.244e-01 3.190e-13 
    -5.369e-13 -3.573e-43 1.307e-14 1.278e-11 6.027e-14 -1.106e-12 1.428e-41 -1.533e-13 2.241e-14 1.180e-12 
    -2.269e-14 -4.523e-14 3.113e-13 4.780e-15 -2.923e-12 -7.872e-07 -2.693e-14 5.790e-13 1.132e-14 -8.261e-14 
    8.743e-14 -2.946e-14 -2.057e-12 -4.712e-13 -3.381e-13 -3.043e-13 2.687e-05 1.022e-13 -1.440e-12 6.556e-14 
    -2.738e-13 -4.029e-14 -5.798e-16 -1.040e-13 5.334e-13 1.730e-12 1.742e-08 2.925e-14 -4.941e-13 -7.052e-14 
    logsumexp: -29.091690063476562
    penalty: 22.525863647460938
    loss: -15.125654220581055
  penalty parameter: 0.63
    z: 
    -1.359e+00 -3.018e+00 -2.568e-10 -3.970e-14 -6.166e-44 -2.416e-12 2.942e-13 -3.279e+00 -3.195e-01 4.982e-13 
    1.487e-13 -3.573e-43 3.833e-14 2.968e-15 -7.718e-14 -8.428e-13 1.830e-41 7.024e-11 3.427e-13 1.054e-12 
    1.828e-13 5.813e-14 3.355e-14 4.227e-13 1.080e-14 -6.903e-05 -2.275e-13 1.643e-13 -1.837e-14 5.520e-14 
    -7.859e-14 -4.903e-12 -1.870e-07 -2.832e-14 3.852e-12 -2.372e-12 -3.377e-08 -5.428e-12 -1.107e-12 -6.458e-13 
    8.780e-14 1.742e-12 2.184e-13 1.292e-13 -2.074e-14 -8.998e-13 -2.227e-15 -6.677e-13 4.470e-13 -7.154e-14 
    logsumexp: -28.640430450439453
    penalty: 21.803802490234375
    loss: -14.904034614562988
  penalty parameter: 0.64
    z: 
    -1.336e+00 -2.973e+00 -7.090e-11 5.477e-13 -6.166e-44 -1.762e-12 -4.363e-14 -3.224e+00 -3.148e-01 2.207e-14 
    1.348e-13 -3.573e-43 8.553e-14 5.672e-13 -3.467e-13 -8.153e-13 -5.665e-42 8.032e-15 1.281e-13 3.342e-14 
    4.016e-14 2.731e-13 2.677e-13 3.317e-12 -2.126e-13 3.483e-06 2.666e-14 -5.375e-14 1.311e-13 6.547e-13 
    1.262e-13 -2.764e-11 -3.871e-15 -7.338e-12 -1.010e-14 -3.171e-14 4.576e-11 -9.605e-13 -4.984e-12 -2.781e-12 
    4.780e-14 2.460e-11 1.159e-12 2.261e-13 5.965e-14 -3.541e-14 -2.199e-13 -7.114e-13 -9.048e-10 -3.800e-13 
    logsumexp: -28.203752517700195
    penalty: 21.116077423095703
    loss: -14.68946361541748
  penalty parameter: 0.65
    z: 
    -1.314e+00 -2.929e+00 -1.250e-11 -1.337e-11 -6.166e-44 -1.212e-14 7.879e-14 -3.171e+00 -3.102e-01 -3.412e-13 
    4.470e-13 -3.573e-43 2.619e-14 9.479e-13 7.540e-13 9.855e-14 -7.270e-42 2.095e-13 8.463e-14 -6.495e-13 
    8.452e-14 -1.816e-12 -6.229e-14 5.695e-15 1.676e-13 1.837e-08 -4.582e-14 1.719e-13 -1.642e-14 7.343e-14 
    -5.445e-13 2.780e-11 -8.115e-14 -3.081e-14 2.386e-13 -5.093e-14 2.148e-04 3.659e-09 2.076e-14 -1.663e-14 
    4.786e-14 -9.502e-13 -2.519e-15 -4.238e-14 -3.131e-13 9.533e-14 -5.212e-13 8.993e-10 9.435e-15 5.427e-14 
    logsumexp: -27.780986785888672
    penalty: 20.46058464050293
    loss: -14.481607437133789
  penalty parameter: 0.66
    z: 
    -1.293e+00 -2.887e+00 1.007e-12 1.534e-14 -6.166e-44 -1.369e-13 1.191e-13 -3.120e+00 -3.057e-01 4.711e-15 
    8.410e-15 -3.573e-43 -2.290e-14 8.883e-13 1.212e-14 4.978e-14 -2.983e-07 -3.841e-13 -2.502e-13 3.075e-14 
    2.683e-13 7.477e-15 3.392e-14 -4.032e-13 7.631e-14 -4.990e-11 4.971e-12 8.774e-13 -5.855e-14 -9.230e-15 
    4.556e-14 -1.580e-12 5.191e-13 -3.630e-14 4.767e-12 4.598e-13 1.985e-05 5.680e-15 -1.012e-14 6.017e-13 
    -6.416e-14 -4.965e-06 -8.376e-14 3.056e-13 1.393e-13 -7.190e-13 -1.356e-13 1.167e-14 1.274e-13 -2.835e-13 
    logsumexp: -27.371427536010742
    penalty: 19.83526611328125
    loss: -14.2801513671875
  penalty parameter: 0.67
    z: 
    -1.273e+00 -2.846e+00 1.962e-10 -2.474e-13 -6.166e-44 -3.051e-13 -1.600e-13 -3.071e+00 -3.013e-01 6.233e-14 
    1.046e-13 -3.573e-43 -1.401e-14 -6.082e-11 -6.035e-14 -3.088e-13 8.542e-20 4.265e-14 -1.050e-14 8.893e-14 
    7.101e-14 1.377e-13 2.119e-13 5.495e-13 -2.363e-13 -4.014e-05 -1.870e-11 -5.225e-14 3.130e-12 -6.506e-14 
    1.892e-13 1.399e-10 -8.913e-13 -4.157e-13 -2.923e-14 -7.036e-13 -9.104e-08 -2.975e-13 6.556e-13 5.090e-13 
    -1.254e-13 -2.610e-15 3.401e-13 7.689e-14 -5.250e-14 -8.810e-13 6.240e-13 -2.417e-13 8.962e-14 2.121e-13 
    logsumexp: -26.974523544311523
    penalty: 19.238386154174805
    loss: -14.08480453491211
  penalty parameter: 0.68
    z: 
    -1.253e+00 -2.806e+00 1.499e-14 3.760e-13 -6.166e-44 2.052e-14 2.629e-14 -3.023e+00 -2.971e-01 4.923e-14 
    6.038e-14 -3.573e-43 -2.640e-13 -1.045e-14 6.060e-13 -2.378e-13 -2.194e-07 -1.199e-13 -4.285e-14 -3.131e-14 
    1.590e-13 3.678e-15 6.287e-14 6.468e-14 -1.146e-13 -2.558e-07 -4.446e-12 -1.335e-13 -1.363e-14 -1.901e-13 
    -4.186e-15 1.454e-14 -1.075e-14 4.799e-14 -1.754e-13 -3.646e-14 -7.335e-10 6.236e-14 -1.393e-11 -1.942e-12 
    2.949e-13 8.312e-14 5.901e-14 5.233e-14 2.464e-13 -1.330e-12 1.355e-13 4.329e-13 3.728e-13 4.924e-14 
    logsumexp: -26.589622497558594
    penalty: 18.668128967285156
    loss: -13.895294189453125
  penalty parameter: 0.6900000000000001
    z: 
    -1.234e+00 -2.767e+00 -1.410e-13 -1.603e-13 -6.166e-44 -1.340e-13 1.406e-13 -2.977e+00 -2.929e-01 -7.351e-14 
    8.783e-14 -3.573e-43 3.236e-14 2.893e-14 -5.088e-12 5.904e-14 -3.474e-17 5.997e-12 -5.198e-13 -1.895e-12 
    3.317e-13 -4.765e-15 1.760e-13 6.682e-14 -1.011e-13 2.946e-10 -2.556e-07 1.175e-13 2.753e-13 -1.218e-13 
    -5.091e-12 -2.598e-13 1.550e-13 -1.980e-14 9.993e-13 7.122e-14 3.623e-12 -2.005e-11 2.330e-14 -3.394e-14 
    4.145e-13 1.604e-12 -1.699e-13 8.643e-14 -1.223e-12 -2.806e-14 4.685e-14 3.773e-13 1.462e-13 5.988e-14 
    logsumexp: -26.216218948364258
    penalty: 18.12298583984375
    loss: -13.711359024047852
  penalty parameter: 0.7000000000000001
    z: 
    -1.215e+00 -2.729e+00 2.461e-13 8.045e-14 -6.166e-44 -1.435e-13 1.831e-14 -2.932e+00 -2.889e-01 8.780e-14 
    4.950e-13 -3.573e-43 -1.016e-13 -5.861e-13 6.432e-13 3.292e-13 -1.204e-11 -1.140e-11 -3.873e-12 1.038e-12 
    -8.598e-15 -2.497e-13 1.603e-14 -2.090e-13 1.137e-13 8.651e-05 -7.144e-15 -2.586e-13 1.121e-13 -9.117e-14 
    -3.377e-14 4.982e-13 -1.926e-11 3.933e-14 -3.813e-14 1.081e-12 8.078e-12 2.092e-14 -2.435e-13 -2.726e-13 
    -2.773e-12 6.265e-13 2.422e-13 1.632e-13 3.604e-14 -2.381e-13 7.630e-13 -5.324e-14 3.933e-14 5.836e-13 
    logsumexp: -25.853797912597656
    penalty: 17.60148811340332
    loss: -13.532756805419922
  penalty parameter: 0.71
    z: 
    -1.197e+00 -2.692e+00 1.055e-12 9.207e-14 -6.166e-44 2.956e-12 -2.141e-13 -2.888e+00 -2.850e-01 -2.419e-13 
    4.383e-12 -3.573e-43 -1.939e-13 3.490e-14 -8.243e-13 5.009e-13 5.492e-09 5.114e-12 2.805e-14 -1.590e-12 
    1.764e-13 -4.744e-14 -2.409e-15 6.108e-14 2.154e-14 4.564e-08 -8.019e-14 6.650e-14 4.344e-14 -6.485e-15 
    -1.228e-13 1.731e-11 2.466e-14 1.876e-13 4.310e-14 -2.653e-14 -9.841e-15 -2.638e-13 7.908e-14 6.769e-13 
    8.685e-15 1.813e-11 5.024e-14 -7.277e-13 -3.502e-13 -3.663e-12 3.383e-13 -8.150e-14 9.040e-14 -1.458e-14 
    logsumexp: -25.501876831054688
    penalty: 17.102285385131836
    loss: -13.359254837036133
  penalty parameter: 0.72
    z: 
    -1.180e+00 -2.656e+00 -7.697e-12 8.024e-13 -6.166e-44 2.579e-12 4.659e-14 -2.846e+00 -2.812e-01 3.395e-14 
    -3.615e-14 -3.573e-43 -6.827e-14 -1.222e-13 -3.818e-14 -1.681e-13 6.968e-08 -8.736e-11 1.337e-13 1.405e-13 
    -1.511e-13 1.367e-13 -7.995e-13 -1.580e-13 -4.500e-14 -6.378e-11 9.647e-13 2.271e-13 -1.543e-12 -2.296e-13 
    -1.318e-13 2.596e-14 -4.873e-14 1.919e-13 -2.018e-13 -3.058e-13 5.865e-13 3.070e-12 4.880e-14 1.229e-11 
    -1.153e-12 -6.861e-15 2.446e-13 -4.575e-14 4.797e-12 -1.890e-14 1.280e-13 5.949e-15 -4.078e-13 5.459e-14 
    logsumexp: -25.159997940063477
    penalty: 16.624107360839844
    loss: -13.190640449523926
  penalty parameter: 0.73
    z: 
    -1.163e+00 -2.621e+00 2.413e-14 5.930e-14 -6.166e-44 1.546e-10 -1.551e-13 -2.805e+00 -2.775e-01 -4.968e-14 
    -1.100e-13 -3.573e-43 1.689e-13 -5.541e-12 3.435e-13 2.066e-14 2.722e-08 1.265e-14 1.694e-12 1.274e-13 
    -6.171e-14 -9.073e-13 1.311e-12 -6.376e-13 8.871e-15 1.287e-08 -1.660e-12 1.226e-13 -5.449e-13 1.209e-13 
    -3.352e-13 -5.295e-14 3.366e-13 -1.812e-14 6.707e-14 7.400e-14 1.428e-13 4.117e-14 -2.447e-13 2.239e-14 
    -1.822e-12 -2.502e-13 -5.860e-13 3.020e-13 9.228e-13 1.387e-13 5.300e-14 -1.437e-14 -3.791e-13 1.891e-13 
    logsumexp: -24.827714920043945
    penalty: 16.16576385498047
    loss: -13.02670669555664
  penalty parameter: 0.74
    z: 
    -1.146e+00 -2.587e+00 -4.140e-13 8.224e-14 -6.166e-44 1.320e-14 1.294e-13 -2.765e+00 -2.739e-01 1.260e-13 
    6.726e-13 -3.573e-43 -1.585e-13 6.576e-12 -2.183e-13 -3.286e-13 -1.495e-09 -1.115e-13 2.245e-12 1.196e-13 
    4.048e-13 -6.200e-13 3.647e-14 8.820e-13 9.537e-14 -2.166e-14 3.445e-10 -2.793e-15 9.580e-10 1.129e-13 
    -4.731e-14 8.326e-13 -8.320e-14 3.229e-13 -2.192e-13 -5.773e-14 9.951e-13 9.323e-14 -1.269e-12 -2.245e-13 
    1.572e-13 -1.385e-13 3.530e-12 7.331e-14 -1.068e-09 2.503e-13 2.445e-14 -7.056e-14 -4.420e-14 -5.878e-14 
    logsumexp: -24.504657745361328
    penalty: 15.726210594177246
    loss: -12.86726188659668
  penalty parameter: 0.75
    z: 
    -1.131e+00 -2.553e+00 -6.546e-13 1.725e-13 -6.166e-44 3.942e-14 5.031e-14 -2.727e+00 -2.703e-01 -1.574e-16 
    1.706e-14 -3.573e-43 9.762e-14 -4.521e-12 -5.808e-11 1.595e-13 -4.616e-12 3.890e-13 -3.134e-08 -4.852e-13 
    -3.353e-12 8.120e-14 8.044e-14 -4.888e-13 -4.350e-13 -3.541e-14 2.120e-15 1.186e-13 9.714e-15 9.426e-14 
    -3.807e-13 -9.053e-15 3.602e-14 -1.083e-13 -5.451e-14 -1.040e-12 1.144e-14 7.541e-13 -3.170e-14 -1.185e-12 
    3.946e-14 4.354e-14 6.560e-15 -1.457e-13 1.909e-14 1.009e-11 -6.726e-14 4.774e-14 -3.322e-13 2.299e-13 
    logsumexp: -24.1904239654541
    penalty: 15.304402351379395
    loss: -12.712121963500977
  penalty parameter: 0.76
    z: 
    -1.115e+00 -2.521e+00 2.272e-13 1.221e-13 -6.166e-44 -1.511e-12 1.259e-14 -2.689e+00 -2.669e-01 -8.842e-14 
    1.853e-13 -3.573e-43 -1.565e-13 -1.949e-13 -1.076e-14 8.196e-14 9.045e-05 1.907e-13 -1.009e-14 6.908e-14 
    -3.144e-13 7.617e-14 -2.770e-13 2.892e-11 2.007e-13 7.535e-13 8.143e-15 1.020e-13 8.279e-14 -3.998e-15 
    -1.075e-12 3.140e-14 1.171e-13 7.734e-14 1.216e-13 6.485e-13 -1.154e-13 -6.179e-14 2.221e-15 9.541e-13 
    7.825e-14 6.745e-13 7.976e-14 6.452e-14 -3.320e-14 -4.147e-15 2.134e-13 2.191e-12 -1.792e-12 6.747e-12 
    logsumexp: -23.884668350219727
    penalty: 14.899405479431152
    loss: -12.56112003326416
  penalty parameter: 0.77
    z: 
    -1.100e+00 -2.489e+00 6.241e-14 -8.956e-14 -6.166e-44 9.625e-13 -8.120e-13 -2.652e+00 -2.636e-01 4.623e-13 
    4.883e-13 -3.573e-43 -2.071e-13 -4.246e-14 -1.642e-13 7.758e-14 -2.128e-07 3.868e-14 -1.033e-13 -1.847e-13 
    2.460e-09 1.911e-13 1.092e-11 -2.394e-16 -5.661e-13 -3.994e-13 -3.567e-13 -1.264e-13 -8.023e-13 1.467e-13 
    5.723e-15 -6.154e-13 -1.114e-13 -2.247e-13 -2.009e-12 1.719e-10 2.702e-13 7.283e-14 -8.850e-13 -1.313e-13 
    -1.097e-13 2.043e-11 1.817e-13 -2.876e-13 -7.438e-13 2.292e-13 1.198e-14 -6.423e-12 -9.007e-15 -5.742e-12 
    logsumexp: -23.587039947509766
    penalty: 14.510334014892578
    loss: -12.414083480834961
  penalty parameter: 0.78
    z: 
    -1.085e+00 -2.458e+00 6.661e-14 1.689e-13 -6.166e-44 1.245e-11 1.571e-12 -2.617e+00 -2.603e-01 3.113e-14 
    -6.103e-14 -3.573e-43 6.995e-14 4.231e-13 -2.275e-13 3.270e-13 -2.846e-10 -9.878e-14 1.678e-13 1.637e-13 
    1.803e-14 -1.532e-13 9.803e-15 -1.216e-13 3.419e-14 -3.789e-13 6.440e-14 1.717e-13 -7.271e-13 2.556e-13 
    -1.561e-13 6.285e-14 -2.472e-14 -4.968e-13 9.728e-13 -1.995e-14 -4.633e-14 1.407e-13 2.224e-14 -4.872e-14 
    -5.902e-14 1.838e-11 -5.707e-14 -8.544e-12 7.399e-13 -6.197e-14 2.621e-13 -2.194e-12 1.609e-13 3.898e-13 
    logsumexp: -23.29720687866211
    penalty: 14.136341094970703
    loss: -12.270861625671387
  penalty parameter: 0.79
    z: 
    -1.071e+00 -2.428e+00 -1.422e-12 1.267e-13 -6.166e-44 -2.031e-14 -3.148e-14 -2.582e+00 -2.571e-01 -1.031e-13 
    6.338e-14 -3.573e-43 -2.072e-13 3.115e-13 2.417e-13 5.833e-14 2.226e-05 -1.231e-13 7.191e-13 2.746e-14 
    -9.350e-14 -1.478e-14 -7.695e-14 -1.306e-13 2.866e-13 -1.484e-12 -2.083e-13 -1.038e-13 -1.225e-10 1.052e-13 
    -8.800e-13 -3.619e-14 1.424e-13 3.983e-14 4.349e-11 -1.037e-13 1.794e-13 -1.907e-13 1.005e-10 -1.431e-12 
    -8.406e-14 2.129e-12 4.878e-13 -3.710e-14 -7.145e-14 -4.318e-14 -2.314e-14 -1.404e-10 -2.161e-13 -1.728e-07 
    logsumexp: -23.014894485473633
    penalty: 13.776691436767578
    loss: -12.131307601928711
  penalty parameter: 0.8
    z: 
    -1.057e+00 -2.399e+00 1.245e-14 -1.548e-13 -6.166e-44 -2.262e-13 4.936e-14 -2.549e+00 -2.540e-01 7.433e-14 
    1.883e-13 -3.573e-43 7.385e-13 -7.764e-13 -3.109e-11 -2.674e-13 2.644e-15 -2.324e-13 -9.282e-13 2.703e-13 
    -1.048e-12 2.777e-13 2.045e-13 -4.217e-14 1.284e-12 1.774e-14 1.740e-13 3.802e-14 -6.433e-15 -2.446e-14 
    3.705e-14 -2.790e-14 -3.016e-14 7.480e-14 -2.464e-15 -3.153e-13 6.624e-13 -4.991e-14 2.808e-14 8.349e-13 
    3.026e-13 -3.022e-12 -6.091e-13 1.169e-13 -1.009e-13 -1.447e-13 -1.938e-14 1.111e-14 2.310e-13 -1.762e-14 
    logsumexp: -22.739782333374023
    penalty: 13.430625915527344
    loss: -11.995281219482422
  penalty parameter: 0.81
    z: 
    -1.043e+00 -2.370e+00 -1.062e-13 8.070e-12 -6.166e-44 -1.479e-12 1.071e-12 -2.516e+00 -2.509e-01 1.474e-13 
    -1.052e-13 -3.573e-43 -9.635e-14 -2.144e-11 3.277e-11 3.762e-13 -5.316e-14 2.762e-11 4.407e-14 -1.590e-15 
    -9.995e-13 -6.178e-14 -2.594e-13 5.141e-13 5.956e-14 2.375e-13 1.456e-13 -1.435e-13 -1.261e-13 -1.483e-13 
    -1.772e-13 -9.729e-14 -2.205e-13 -2.637e-13 1.069e-13 -6.627e-12 1.376e-13 -1.821e-13 5.076e-14 -5.195e-10 
    -2.748e-13 -7.950e-14 2.029e-11 5.581e-13 2.348e-13 3.516e-13 1.477e-13 1.759e-13 -1.822e-12 -4.944e-14 
    logsumexp: -22.47159767150879
    penalty: 13.097464561462402
    loss: -11.862650871276855
  penalty parameter: 0.8200000000000001
    z: 
    -1.030e+00 -2.342e+00 -3.436e-13 3.597e-14 -6.166e-44 -3.791e-12 4.591e-13 -2.484e+00 -2.480e-01 -4.163e-13 
    1.231e-13 -3.573e-43 -2.159e-14 -1.339e-14 -3.866e-11 -5.575e-13 -1.117e-12 2.897e-14 -2.831e-13 -2.915e-14 
    -3.922e-13 1.222e-13 7.108e-14 -1.865e-12 -6.217e-14 -1.727e-13 -6.079e-14 -4.478e-13 -3.335e-13 -1.443e-13 
    9.916e-13 7.391e-14 -1.543e-13 1.348e-12 1.458e-12 5.140e-14 -2.239e-14 7.119e-13 6.197e-13 1.796e-14 
    4.114e-14 1.106e-14 1.020e-14 -4.115e-14 7.521e-13 -3.012e-14 -8.339e-12 4.832e-13 9.453e-12 2.147e-12 
    logsumexp: -22.21010398864746
    penalty: 12.776598930358887
    loss: -11.733292579650879
  penalty parameter: 0.8300000000000001
    z: 
    -1.017e+00 -2.315e+00 -1.424e-12 -8.039e-14 -6.166e-44 -1.120e-13 7.891e-14 -2.453e+00 -2.451e-01 -5.062e-12 
    -4.442e-14 -3.573e-43 -3.254e-13 -1.513e-13 -1.533e-12 -9.387e-15 9.533e-12 -3.074e-14 -4.344e-13 -4.447e-13 
    1.558e-14 9.300e-14 -9.114e-14 -4.063e-14 -8.018e-14 -6.542e-13 -1.195e-13 8.460e-14 7.601e-12 1.199e-13 
    5.936e-14 -1.073e-13 -1.890e-13 -8.089e-15 2.406e-13 -3.294e-14 2.343e-13 -3.141e-14 -5.406e-13 -1.029e-13 
    1.981e-13 -4.412e-13 1.001e-13 -1.211e-13 -4.487e-14 7.266e-14 -6.338e-14 1.282e-13 4.222e-12 -2.770e-12 
    logsumexp: -21.95502471923828
    penalty: 12.467399597167969
    loss: -11.607083320617676
  penalty parameter: 0.84
    z: 
    -1.005e+00 -2.288e+00 3.152e-14 1.189e-14 -6.166e-44 3.229e-12 1.211e-13 -2.422e+00 -2.422e-01 4.062e-14 
    -1.892e-14 -3.573e-43 1.762e-13 -3.016e-13 -1.628e-08 -1.609e-13 1.004e-11 -2.433e-13 -7.575e-14 -3.471e-13 
    -1.882e-14 8.924e-14 1.091e-13 1.556e-13 -1.846e-13 3.825e-14 -7.379e-13 6.650e-14 -4.177e-14 3.683e-13 
    3.808e-13 5.443e-13 -5.200e-14 -1.564e-13 -1.262e-12 -1.721e-13 -3.375e-15 1.224e-13 -1.485e-12 -3.708e-13 
    -5.684e-13 2.569e-13 -2.173e-14 -1.165e-12 -3.493e-14 -2.010e-12 4.586e-14 -9.732e-14 -4.380e-10 -1.621e-12 
    logsumexp: -21.706153869628906
    penalty: 12.169342041015625
    loss: -11.483906745910645
  penalty parameter: 0.85
    z: 
    -9.924e-01 -2.262e+00 1.276e-13 -8.442e-14 -6.166e-44 -5.859e-14 7.432e-14 -2.393e+00 -2.395e-01 -8.024e-14 
    -1.095e-14 -3.573e-43 -3.060e-14 7.169e-13 -1.787e-14 -6.298e-13 4.955e-11 2.685e-13 1.492e-13 5.215e-14 
    3.556e-13 -3.132e-13 -1.174e-13 3.537e-14 -1.051e-13 9.147e-14 -5.212e-12 4.235e-14 1.402e-13 1.261e-13 
    4.185e-14 -9.098e-13 3.722e-14 2.374e-13 4.688e-13 -1.292e-13 1.150e-13 -1.101e-13 1.642e-14 -1.523e-11 
    9.762e-14 -5.285e-14 -1.220e-13 -2.346e-12 -5.898e-13 2.082e-12 4.089e-13 -2.689e-13 -1.781e-14 1.956e-10 
    logsumexp: -21.463220596313477
    penalty: 11.8818359375
    loss: -11.363659858703613
  penalty parameter: 0.86
    z: 
    -9.805e-01 -2.236e+00 4.962e-13 5.516e-13 -6.166e-44 -9.067e-14 -2.007e-15 -2.364e+00 -2.368e-01 -3.216e-13 
    -7.461e-14 -3.573e-43 -5.664e-14 1.588e-12 -6.230e-14 1.463e-15 2.219e-12 1.158e-13 2.344e-13 -1.837e-13 
    1.687e-13 -9.715e-12 4.561e-16 5.045e-14 2.406e-14 9.572e-13 -3.541e-14 3.234e-13 3.898e-13 8.979e-14 
    -1.302e-13 3.109e-14 -1.120e-13 -1.681e-14 3.194e-14 -3.965e-13 2.832e-13 2.026e-13 1.461e-12 3.146e-14 
    -1.161e-13 -2.984e-13 1.636e-13 -2.668e-14 -2.927e-13 3.653e-12 2.363e-12 1.046e-13 -1.085e-14 6.473e-15 
    logsumexp: -21.2260684967041
    penalty: 11.604455947875977
    loss: -11.246235847473145
  penalty parameter: 0.87
    z: 
    -9.688e-01 -2.211e+00 9.933e-13 8.124e-13 -6.166e-44 2.438e-14 1.689e-13 -2.336e+00 -2.341e-01 -7.802e-14 
    -1.061e-13 -3.573e-43 -3.267e-13 2.146e-14 9.747e-13 -3.244e-14 2.324e-12 7.608e-14 -7.815e-14 2.626e-14 
    3.525e-14 -4.305e-14 2.238e-14 -1.006e-12 2.647e-14 -1.782e-13 3.259e-14 1.247e-13 2.557e-14 5.392e-14 
    2.285e-13 1.562e-13 -4.997e-14 -5.269e-14 -7.991e-14 -4.432e-13 -2.941e-14 6.013e-14 -3.728e-12 7.372e-14 
    3.205e-13 -4.527e-13 -1.535e-13 6.308e-13 -1.053e-13 1.034e-14 -1.461e-14 -1.443e-14 -2.704e-13 -1.266e-13 
    logsumexp: -20.994461059570312
    penalty: 11.336692810058594
    loss: -11.131538391113281
  penalty parameter: 0.88
    z: 
    -9.574e-01 -2.187e+00 -2.377e-13 -1.594e-14 -6.166e-44 1.191e-12 1.574e-13 -2.308e+00 -2.315e-01 -1.263e-13 
    -4.647e-13 -3.573e-43 9.622e-14 3.842e-13 -7.786e-13 5.037e-13 -2.397e-14 -3.297e-13 1.928e-13 1.388e-13 
    -2.047e-13 2.119e-14 -3.755e-13 -3.730e-13 1.236e-13 2.182e-13 -5.246e-13 -8.835e-14 -7.769e-14 1.244e-13 
    1.047e-13 -2.378e-12 5.090e-13 -1.957e-13 -1.372e-12 1.730e-12 -1.870e-13 -4.096e-13 4.208e-13 4.521e-14 
    1.715e-13 -1.344e-11 -1.403e-13 2.863e-12 -3.604e-14 -1.330e-13 1.617e-13 -7.241e-14 -2.452e-12 2.101e-12 
    logsumexp: -20.768218994140625
    penalty: 11.078124046325684
    loss: -11.01947021484375
  penalty parameter: 0.89
    z: 
    -9.463e-01 -2.163e+00 9.023e-14 9.682e-14 -6.166e-44 -9.688e-13 2.508e-13 -2.281e+00 -2.290e-01 1.730e-13 
    -1.820e-13 -3.573e-43 5.341e-14 6.533e-13 -2.096e-13 3.471e-14 -2.306e-14 -7.070e-14 5.676e-14 -1.604e-13 
    -7.844e-13 -8.934e-14 -4.163e-14 -1.313e-13 6.654e-14 -5.397e-10 -3.051e-14 -1.327e-13 2.385e-12 -1.237e-12 
    -6.651e-14 -1.551e-13 -1.117e-13 1.217e-13 1.432e-12 -5.596e-14 3.125e-13 6.769e-13 -8.546e-14 7.066e-13 
    -8.948e-14 1.664e-15 -1.710e-14 3.919e-14 -3.829e-13 -2.719e-11 -2.882e-13 -6.369e-14 -5.095e-12 2.215e-12 
    logsumexp: -20.547130584716797
    penalty: 10.828296661376953
    loss: -10.90994644165039
  penalty parameter: 0.9
    z: 
    -9.354e-01 -2.139e+00 -1.105e-13 5.006e-13 -6.166e-44 -6.570e-11 -5.722e-14 -2.255e+00 -2.265e-01 -2.238e-13 
    3.490e-14 -3.573e-43 -1.716e-13 2.323e-13 -3.133e-13 -1.513e-13 5.946e-13 -5.515e-14 -1.648e-13 -1.480e-14 
    4.880e-14 -1.887e-13 1.232e-15 1.191e-13 -3.665e-13 5.400e-14 1.064e-13 -1.729e-14 -7.550e-13 -2.976e-13 
    -7.770e-14 -1.312e-12 -9.209e-14 1.413e-13 7.913e-13 4.111e-14 1.328e-13 9.116e-13 1.353e-13 4.183e-13 
    -2.695e-13 5.316e-14 1.203e-13 -1.984e-13 7.302e-14 -3.780e-10 4.964e-14 -1.288e-13 -1.086e-14 3.439e-12 
    logsumexp: -20.331052780151367
    penalty: 10.586859703063965
    loss: -10.802879333496094
  penalty parameter: 0.91
    z: 
    -9.248e-01 -2.116e+00 1.468e-13 -8.709e-13 -6.166e-44 -2.522e-14 -1.215e-13 -2.229e+00 -2.241e-01 -1.617e-13 
    2.871e-13 -3.573e-43 1.681e-14 4.264e-14 -3.455e-15 -3.528e-12 -5.600e-12 -2.659e-13 -1.880e-13 -2.307e-13 
    -1.823e-13 2.479e-14 3.184e-13 -1.206e-13 -4.478e-13 -3.609e-14 -2.850e-13 -4.579e-15 9.591e-13 3.780e-10 
    1.047e-13 -3.139e-13 2.017e-13 1.136e-13 -1.841e-11 -3.100e-13 -5.119e-14 -3.817e-14 2.487e-13 -8.156e-14 
    2.523e-14 3.243e-14 -2.424e-13 2.356e-14 -6.047e-14 4.721e-10 -1.430e-13 1.070e-13 7.442e-15 8.748e-14 
    logsumexp: -20.119800567626953
    penalty: 10.353425979614258
    loss: -10.698183059692383
  penalty parameter: 0.92
    z: 
    -9.144e-01 -2.094e+00 -7.578e-14 1.812e-10 -6.166e-44 1.277e-13 -2.658e-13 -2.204e+00 -2.217e-01 1.612e-14 
    8.626e-13 -3.573e-43 1.638e-13 -6.711e-14 -3.484e-14 5.678e-12 -6.975e-13 -1.564e-13 1.574e-13 -1.496e-13 
    -2.660e-13 1.055e-13 -1.617e-12 -1.935e-13 7.004e-14 -6.184e-13 1.031e-13 -2.686e-13 7.848e-13 2.163e-14 
    -7.221e-15 -6.489e-14 1.062e-13 -1.397e-13 3.945e-14 8.622e-14 -1.771e-13 2.969e-14 2.286e-12 1.951e-13 
    1.003e-13 -2.474e-13 4.460e-14 1.243e-13 1.034e-13 2.472e-11 -2.813e-13 7.368e-14 -3.884e-13 8.517e-14 
    logsumexp: -19.91321563720703
    penalty: 10.127643585205078
    loss: -10.595783233642578
  penalty parameter: 0.93
    z: 
    -9.043e-01 -2.072e+00 3.873e-13 3.184e-14 -6.166e-44 9.585e-14 3.155e-14 -2.180e+00 -2.194e-01 -1.600e-13 
    6.288e-14 -3.573e-43 6.226e-14 -7.541e-13 -1.510e-13 8.029e-12 6.814e-10 -1.221e-13 -7.507e-14 -3.844e-15 
    -2.999e-14 5.063e-14 1.762e-14 -1.736e-13 -2.464e-14 -8.263e-13 1.626e-13 5.213e-13 1.793e-13 -9.391e-14 
    -3.726e-14 -2.369e-13 8.955e-15 4.735e-13 6.961e-14 -5.291e-14 -2.464e-13 -3.091e-13 -1.889e-12 -2.882e-13 
    -6.621e-14 5.977e-13 1.444e-13 -1.092e-13 -1.224e-12 -2.025e-11 1.117e-13 5.621e-14 -8.876e-13 -2.979e-13 
    logsumexp: -19.711139678955078
    penalty: 9.909177780151367
    loss: -10.495604515075684
  penalty parameter: 0.9400000000000001
    z: 
    -8.944e-01 -2.050e+00 -6.272e-13 -5.876e-14 -6.166e-44 -8.822e-14 -9.499e-14 -2.156e+00 -2.171e-01 2.181e-13 
    1.626e-13 -3.573e-43 1.438e-13 1.721e-13 -3.472e-13 2.826e-12 9.009e-15 1.241e-13 1.032e-14 3.585e-14 
    -1.157e-13 2.250e-13 2.217e-13 -1.999e-14 1.221e-13 -5.999e-11 1.390e-13 6.196e-14 -7.776e-14 -3.490e-13 
    4.496e-13 1.402e-13 7.787e-14 4.517e-13 2.399e-14 4.780e-13 9.662e-14 6.467e-14 -4.188e-10 -3.436e-13 
    5.853e-13 -3.337e-11 -9.132e-14 1.730e-13 -5.553e-14 7.736e-11 1.325e-13 1.172e-13 -5.006e-14 8.785e-13 
    logsumexp: -19.513439178466797
    penalty: 9.697725296020508
    loss: -10.397577285766602
  penalty parameter: 0.9500000000000001
    z: 
    -8.847e-01 -2.029e+00 4.187e-15 -5.678e-13 -6.166e-44 4.888e-14 -2.860e-13 -2.132e+00 -2.148e-01 -2.320e-13 
    -2.886e-13 -3.573e-43 -1.415e-12 8.992e-14 4.231e-14 2.916e-09 9.761e-14 2.187e-13 -7.069e-13 3.942e-14 
    1.193e-13 -8.615e-14 5.774e-14 -1.520e-14 8.101e-14 -8.512e-14 1.025e-13 -2.683e-14 -6.789e-14 -3.562e-13 
    1.359e-13 -1.953e-14 -4.789e-13 -3.147e-12 -5.922e-14 1.026e-12 -3.987e-13 6.385e-14 -7.505e-14 8.838e-14 
    -9.902e-11 3.468e-14 -9.026e-14 7.531e-14 8.189e-14 -1.581e-12 6.663e-14 -9.990e-13 -2.101e-13 1.711e-11 
    logsumexp: -19.319961547851562
    penalty: 9.492980003356934
    loss: -10.301630973815918
  penalty parameter: 0.96
    z: 
    -8.752e-01 -2.008e+00 2.578e-14 6.920e-14 -6.166e-44 3.921e-13 -3.103e-14 -2.109e+00 -2.127e-01 1.644e-13 
    -1.146e-13 -3.573e-43 -5.711e-13 9.919e-15 -2.339e-14 -2.105e-13 2.662e-12 5.778e-13 4.425e-13 -1.598e-13 
    1.783e-12 1.298e-13 3.825e-13 3.130e-13 -7.399e-14 6.344e-14 -1.456e-13 2.149e-13 1.277e-13 -1.224e-13 
    9.161e-14 2.042e-13 1.857e-14 1.335e-14 3.135e-13 1.060e-14 -1.830e-09 -6.178e-14 7.451e-14 1.790e-14 
    3.473e-14 -8.264e-14 6.506e-13 -3.643e-14 -2.433e-13 2.435e-15 -1.870e-14 -1.230e-12 -8.237e-13 -6.245e-16 
    logsumexp: -19.130573272705078
    penalty: 9.294663429260254
    loss: -10.207696914672852
  penalty parameter: 0.97
    z: 
    -8.659e-01 -1.988e+00 6.997e-14 1.993e-12 -6.166e-44 5.100e-12 1.376e-13 -2.087e+00 -2.105e-01 1.071e-13 
    5.701e-14 -3.573e-43 8.195e-11 1.987e-13 1.898e-13 -4.683e-14 -2.187e-12 8.392e-14 -7.593e-13 1.393e-13 
    1.212e-14 -1.658e-13 -3.596e-14 -5.643e-14 2.099e-13 -2.950e-13 -2.681e-14 1.183e-13 8.144e-14 2.087e-14 
    1.397e-13 -1.185e-13 -9.508e-14 1.343e-13 -1.544e-13 8.109e-14 6.307e-14 1.100e-13 -1.596e-13 -2.021e-13 
    -6.290e-14 -3.865e-13 1.411e-12 7.701e-13 -2.384e-13 -5.036e-14 7.449e-14 1.881e-13 3.173e-14 1.080e-13 
    logsumexp: -18.945154190063477
    penalty: 9.102513313293457
    loss: -10.115715980529785
  penalty parameter: 0.98
    z: 
    -8.568e-01 -1.968e+00 -1.509e-11 -3.235e-14 -6.166e-44 -1.197e-14 -1.894e-13 -2.065e+00 -2.084e-01 -2.273e-13 
    -3.213e-13 -3.573e-43 -6.561e-14 -1.265e-13 8.766e-14 -7.307e-13 -1.358e-12 9.623e-14 -2.449e-12 -1.616e-13 
    9.215e-15 1.011e-13 2.405e-13 1.284e-13 1.201e-12 5.969e-13 -2.618e-14 3.638e-14 1.878e-13 9.382e-13 
    3.028e-13 1.516e-13 -4.069e-14 -4.819e-13 1.842e-14 3.069e-12 6.967e-14 -1.885e-13 -6.548e-13 -1.717e-13 
    -5.068e-13 9.951e-13 -2.275e-13 6.357e-13 8.642e-14 2.850e-12 1.996e-13 1.237e-13 -1.303e-13 1.861e-13 
    logsumexp: -18.763553619384766
    penalty: 8.916252136230469
    loss: -10.025626182556152
  penalty parameter: 0.99
    z: 
    -8.479e-01 -1.949e+00 1.049e-13 1.702e-13 -6.166e-44 -1.649e-13 -8.068e-14 -2.044e+00 -2.063e-01 2.356e-13 
    1.571e-13 -5.182e-15 -7.935e-14 -1.516e-13 7.119e-14 9.111e-13 -8.313e-12 -4.200e-14 -3.161e-14 -1.655e-13 
    -2.034e-13 1.009e-13 8.305e-14 7.061e-13 -1.143e-12 7.970e-11 -3.289e-13 -2.908e-13 1.309e-13 7.046e-12 
    -8.849e-14 -8.311e-14 -2.408e-13 2.384e-13 -1.086e-13 -2.501e-11 -7.318e-13 3.281e-13 2.784e-12 -9.762e-14 
    -7.288e-13 -4.356e-14 4.247e-14 -2.057e-12 -7.563e-14 3.102e-14 1.053e-13 1.007e-13 -8.220e-13 -5.872e-13 
    logsumexp: -18.585691452026367
    penalty: 8.735676765441895
    loss: -9.937371253967285
  penalty parameter: 1.0
    z: 
    -8.392e-01 -1.930e+00 5.318e-14 -2.382e-13 -6.166e-44 -3.693e-13 4.508e-14 -2.023e+00 -2.043e-01 -1.453e-14 
    -3.078e-14 3.606e-26 5.935e-13 -1.055e-13 -6.130e-15 -3.844e-13 -7.683e-15 -3.880e-13 -1.461e-13 -1.599e-14 
    -8.621e-13 3.866e-13 7.903e-14 -2.351e-12 2.069e-12 3.319e-13 -1.583e-14 -2.029e-13 1.559e-13 1.446e-11 
    1.566e-13 -2.458e-13 9.819e-12 -3.237e-12 2.213e-13 5.287e-13 5.264e-13 -5.715e-14 -2.543e-14 2.003e-13 
    7.425e-13 3.293e-13 -5.484e-14 3.243e-14 3.291e-13 8.740e-14 2.331e-14 8.593e-13 5.296e-13 -1.930e-11 
    logsumexp: -18.411439895629883
    penalty: 8.560544967651367
    loss: -9.850894927978516
  penalty parameter: 1.01
    z: 
    -8.307e-01 -1.911e+00 -1.617e-13 -3.118e-14 -6.166e-44 -1.738e-12 1.341e-13 -2.002e+00 -2.023e-01 -9.060e-15 
    -1.652e-13 -1.514e-38 -7.526e-13 -1.769e-14 1.902e-12 -1.820e-13 1.594e-13 -4.977e-12 -8.099e-13 1.417e-13 
    -8.698e-12 6.430e-13 2.756e-13 1.308e-12 -1.294e-13 -5.240e-14 8.770e-14 8.055e-14 -9.477e-14 -1.365e-12 
    2.868e-13 -2.032e-12 -3.297e-14 -1.878e-14 8.250e-14 -1.379e-12 -5.100e-12 1.801e-13 2.272e-13 8.073e-13 
    -8.581e-14 -8.770e-13 -9.469e-14 -9.739e-14 -1.323e-14 8.652e-13 -1.301e-13 -1.583e-13 -3.215e-13 -5.964e-14 
    logsumexp: -18.24066734313965
    penalty: 8.390617370605469
    loss: -9.766143798828125
  penalty parameter: 1.02
    z: 
    -8.223e-01 -1.893e+00 5.401e-12 -1.765e-13 -6.166e-44 3.259e-14 1.548e-13 -1.982e+00 -2.004e-01 -2.122e-13 
    -2.894e-13 -6.089e-42 9.323e-13 3.515e-13 -2.117e-14 7.133e-14 -4.882e-13 1.131e-12 -8.005e-13 -3.367e-13 
    -5.687e-14 -8.802e-15 7.159e-14 8.616e-13 -9.261e-14 6.554e-14 8.642e-13 -2.930e-13 2.777e-13 -1.662e-12 
    -7.165e-14 1.997e-12 1.328e-13 -3.731e-14 -1.094e-13 -6.562e-13 4.842e-14 -3.589e-14 1.686e-12 -1.999e-14 
    -1.138e-13 1.044e-13 3.542e-13 -9.332e-13 1.878e-13 9.386e-13 -3.029e-13 -5.063e-14 -1.606e-14 2.873e-14 
    logsumexp: -18.07329559326172
    penalty: 8.225715637207031
    loss: -9.683065414428711
  penalty parameter: 1.03
    z: 
    -8.141e-01 -1.875e+00 1.112e-13 4.690e-13 -6.166e-44 8.436e-14 1.825e-13 -1.962e+00 -1.985e-01 -1.917e-13 
    -1.194e-13 9.953e-42 -1.249e-11 -1.321e-12 8.714e-14 2.224e-13 -2.535e-12 -8.813e-13 -3.872e-13 -1.082e-13 
    8.065e-14 1.572e-13 -5.609e-14 -4.596e-13 2.894e-13 1.133e-12 -1.033e-12 4.596e-13 -9.296e-15 -4.763e-12 
    5.972e-14 5.640e-13 -6.714e-13 -1.113e-12 -1.030e-13 -3.249e-16 -6.447e-14 1.995e-11 -1.437e-12 6.275e-14 
    1.907e-13 1.159e-13 -6.272e-14 -5.050e-14 -3.082e-13 -1.719e-12 1.608e-13 2.845e-13 2.279e-14 -2.691e-13 
    logsumexp: -17.909217834472656
    penalty: 8.065635681152344
    loss: -9.60161304473877
  penalty parameter: 1.04
    z: 
    -8.061e-01 -1.857e+00 -7.531e-14 2.550e-14 -6.166e-44 -4.382e-13 9.039e-14 -1.943e+00 -1.966e-01 -1.051e-13 
    -1.457e-13 5.842e-41 4.205e-14 -1.493e-13 -2.819e-13 1.323e-12 -9.415e-13 -2.865e-13 5.849e-14 1.302e-13 
    4.509e-13 -4.141e-13 5.313e-13 -4.683e-14 2.561e-13 3.093e-13 3.436e-13 6.312e-14 1.460e-13 1.475e-13 
    4.526e-14 -1.852e-12 2.453e-13 7.429e-13 -1.378e-13 1.256e-13 -4.004e-13 1.566e-13 -9.160e-13 -5.095e-13 
    -1.133e-13 -3.512e-14 -1.426e-13 -4.443e-14 -1.662e-13 -1.010e-14 5.548e-14 3.187e-13 -1.455e-13 -7.580e-12 
    logsumexp: -17.748336791992188
    penalty: 7.910191059112549
    loss: -9.521738052368164
  penalty parameter: 1.05
    z: 
    -7.982e-01 -1.840e+00 -2.353e-13 -9.139e-14 -6.166e-44 3.283e-14 2.286e-13 -1.924e+00 -1.948e-01 -1.699e-13 
    8.192e-14 1.287e-06 -2.526e-14 -1.892e-14 -1.119e-11 6.997e-13 -1.977e-12 4.621e-14 1.834e-13 3.307e-13 
    -2.066e-12 4.077e-13 -1.470e-12 1.367e-13 7.140e-14 8.089e-14 2.458e-10 1.224e-13 -3.779e-13 -7.198e-14 
    -1.166e-13 4.424e-14 2.075e-14 -6.413e-12 -3.119e-13 6.494e-14 -4.834e-13 -4.494e-14 6.247e-11 1.830e-13 
    3.859e-13 -2.288e-13 3.313e-13 1.408e-13 1.235e-13 -1.532e-13 2.876e-13 4.749e-14 4.425e-13 -6.400e-14 
    logsumexp: -17.59055519104004
    penalty: 7.759200572967529
    loss: -9.443394660949707
  penalty parameter: 1.06
    z: 
    -7.905e-01 -1.823e+00 1.809e-13 -2.873e-13 -6.166e-44 1.625e-15 4.022e-13 -1.905e+00 -1.930e-01 2.253e-13 
    -4.057e-14 -9.708e-18 3.929e-13 2.080e-13 -1.289e-13 2.045e-10 6.981e-12 -1.313e-13 4.379e-13 -1.405e-13 
    5.136e-14 9.149e-14 -3.000e-14 1.021e-15 -1.571e-13 -1.967e-13 1.477e-13 4.503e-13 1.589e-13 -3.050e-13 
    -2.321e-13 7.997e-14 -9.634e-14 1.577e-14 4.941e-14 -8.099e-15 6.302e-13 2.038e-13 -1.627e-13 1.848e-14 
    -2.379e-13 5.994e-14 -1.541e-13 -5.718e-13 1.819e-13 -6.034e-14 1.048e-12 -1.564e-13 -2.910e-14 -1.075e-13 
    logsumexp: -17.435789108276367
    penalty: 7.612499713897705
    loss: -9.36653995513916
  penalty parameter: 1.07
    z: 
    -7.829e-01 -1.806e+00 -2.772e-13 8.690e-14 -6.166e-44 -2.369e-13 -7.091e-14 -1.887e+00 -1.912e-01 -1.965e-13 
    5.252e-14 4.846e-06 1.462e-12 -1.457e-13 -7.118e-14 1.565e-13 -2.727e-13 1.057e-12 -5.736e-13 -4.519e-14 
    -1.197e-13 -1.122e-13 -3.370e-14 1.712e-13 -3.800e-13 9.938e-14 1.597e-14 3.588e-13 1.018e-13 -2.185e-13 
    4.147e-13 -3.115e-13 -3.277e-13 -2.226e-13 -1.024e-13 -3.285e-13 -4.953e-12 -3.849e-14 5.002e-14 5.110e-13 
    -7.062e-14 -1.420e-13 -1.000e-13 -7.499e-14 7.939e-14 -1.359e-13 -7.604e-14 1.615e-13 -1.507e-13 3.298e-13 
    logsumexp: -17.283954620361328
    penalty: 7.469929218292236
    loss: -9.291130065917969
  penalty parameter: 1.08
    z: 
    -7.755e-01 -1.789e+00 1.551e-13 -6.716e-14 -6.166e-44 -3.205e-13 -1.550e-13 -1.869e+00 -1.895e-01 1.040e-13 
    4.677e-14 -2.319e-15 7.377e-13 -9.286e-14 -3.787e-13 6.687e-14 3.349e-14 6.085e-12 -7.085e-13 1.655e-13 
    -2.734e-13 -1.242e-13 9.831e-13 2.960e-12 -8.996e-13 -6.899e-14 1.130e-13 -4.833e-13 1.763e-13 -4.387e-13 
    -2.953e-14 1.860e-14 -5.089e-14 3.257e-13 -1.163e-12 9.262e-14 -1.500e-15 -5.489e-14 -3.448e-13 -8.747e-13 
    -2.269e-14 -2.945e-13 -1.357e-13 2.157e-14 5.912e-14 -1.171e-13 -9.705e-14 9.762e-14 -6.965e-13 -2.162e-12 
    logsumexp: -17.134965896606445
    penalty: 7.3313307762146
    loss: -9.21712875366211
  penalty parameter: 1.09
    z: 
    -7.682e-01 -1.773e+00 -1.440e-13 -2.150e-14 -6.166e-44 -1.106e-12 -3.446e-14 -1.851e+00 -1.878e-01 -1.591e-13 
    -4.447e-13 -5.029e-07 -1.439e-12 -1.008e-13 3.914e-13 -2.781e-13 4.584e-13 1.525e-12 -3.206e-14 1.893e-13 
    1.584e-13 1.152e-13 7.600e-13 -3.710e-14 9.053e-12 -1.369e-12 -3.357e-12 1.459e-13 2.410e-13 5.810e-13 
    5.998e-15 -2.282e-13 -1.680e-13 -7.449e-13 1.752e-12 -2.221e-12 6.052e-13 1.810e-12 -2.281e-13 1.107e-12 
    -4.538e-13 3.358e-12 -1.246e-13 2.774e-13 -1.413e-13 1.970e-13 -2.794e-15 2.072e-13 -1.022e-17 -6.728e-14 
    logsumexp: -16.988746643066406
    penalty: 7.196564197540283
    loss: -9.144491195678711
STOP: PyTorch finished in 5.15861 secs, after 110 rounds.
