Starting log: Tue May 26 22:55:32 2026.
Running on: jasper.local.

<Version 2025.May.26.152000@jasper>
Reading config file drsk.conf.
LPFILE ../data/simpleQuad.lp
LOUDCONSTRAINTS 0
STRUCTFILE ../data/struct_simpleQuad.conf
PARAMFILE drskparams.conf
Reading LP ../data/simpleQuad.lp.
Number of variables = 2.
Done reading LP.
Now storing LP data.

Storing linear constraints; 1 in total.
Stored linear constraints with code 0.
Storing quadratic constraints; 1 in total.
Quad constraints read with code 0.
Reading structure file ../data/struct_simpleQuad.conf.
I = 2 budget = 1
Skipping structure check.
Read structure.
Reading parameter file drskparams.conf.
tol 0.01
maxits 20
lambda_hi 0.75
lambda_lo 0.74
xi 0.01
Running SOFTMAX-ADVERSARIAL.
Solving Model
  variables = 2
  constraints = 1
 OPTIMAL. optimal value: 2.0000e+00 in time 2.6894e-04
Optimal objective = 2
Optimal variable values:
x1 = 1
x2 = 1
2 nonzero variables in solution
Writing solution to file form_0.sol.
Getting impact at iteration_cnt 0 using SOFTMAX.
>feat: 0  name: c1  numrisky: 2
 >riskyterm: 0  z: z_1x1  card: 1  vars: ['x1']
  j=0 h=0 var=x1 xval=1.0000000017829256 coeff=2.0
 >riskyterm: 1  z: z_1x2  card: 1  vars: ['x2']
  j=1 h=0 var=x2 xval=1.0000000017902493 coeff=2.0
>feat: 1  name: c2  numrisky: 2
 >riskyterm: 0  z: z_2x1  card: 1  vars: [('x1', 'x1')]
  j=0 h=0 var=('x1', 'x1') xyval=1.0000000035658512 coeff=2.0
 >riskyterm: 1  z: z_2x2  card: 1  vars: [('x2', 'x2')]
  j=1 h=0 var=('x2', 'x2') xyval=1.0000000035804986 coeff=2.0
Running Red gradient ascent for SOFTMAX-ADVERSARIAL
START: Running PyTorch FOM...
  penalty parameter: 0.0
    gradient converged? False
    zvalues: 
     -9.997e-01 -1.045e+00 -9.604e-01 -1.011e+00 
    norm: 2.009213924407959
    logsumexp: -2.308137893676758
    penalty: 4.028911113739014
    loss: -2.308137893676758
  penalty parameter: 0.05
    gradient converged? False
    zvalues: 
     -9.978e-01 -1.014e+00 -1.773e+00 -1.815e+00 
    norm: 2.908747673034668
    logsumexp: -2.9479289054870605
    penalty: 8.456140518188477
    loss: -2.5251219272613525
  penalty parameter: 0.1
    gradient converged? False
    zvalues: 
     -2.257e-01 -2.290e-01 -2.097e+00 -2.117e+00 
    norm: 2.9970619678497314
    logsumexp: -3.16135573387146
    penalty: 8.980118751525879
    loss: -2.2633438110351562
  penalty parameter: 0.15000000000000002
    gradient converged? False
    zvalues: 
     -1.217e-01 -1.216e-01 -1.623e+00 -1.625e+00 
    norm: 2.3030123710632324
    logsumexp: -2.7028369903564453
    penalty: 5.305233478546143
    loss: -1.907051920890808
  penalty parameter: 0.2
    gradient converged? False
    zvalues: 
     -1.530e-01 -1.530e-01 -1.115e+00 -1.115e+00 
    norm: 1.5914418697357178
    logsumexp: -2.246495485305786
    penalty: 2.5330705642700195
    loss: -1.7398812770843506
  penalty parameter: 0.25
    gradient converged? True
    zvalues: 
     -1.557e-01 -1.557e-01 -8.456e-01 -8.456e-01 
    norm: 1.2159693241119385
    logsumexp: -2.0149669647216797
    penalty: 1.4786202907562256
    loss: -1.6453118324279785
  penalty parameter: 0.30000000000000004
    gradient converged? True
    zvalues: 
     -1.470e-01 -1.470e-01 -6.874e-01 -6.874e-01 
    norm: 0.9941577911376953
    logsumexp: -1.8816040754318237
    penalty: 0.9883895516395569
    loss: -1.5850871801376343
STOP: PyTorch finished in 0.687421 secs, after 7 rounds.
