Starting log: Tue May 26 22:54:53 2026.
Running on: jasper.local.

<Version 2025.May.26.152000@jasper>
Reading config file drsk.conf.
LPFILE ../data/simpleQuad.lp
LOUDCONSTRAINTS 0
STRUCTFILE ../data/struct_simpleQuad.conf
PARAMFILE drskparams.conf
Reading LP ../data/simpleQuad.lp.
Number of variables = 2.
Done reading LP.
Now storing LP data.

Storing linear constraints; 1 in total.
Stored linear constraints with code 0.
Storing quadratic constraints; 1 in total.
Quad constraints read with code 0.
Reading structure file ../data/struct_simpleQuad.conf.
I = 2 budget = 1
Skipping structure check.
Read structure.
Reading parameter file drskparams.conf.
tol 0.01
maxits 20
lambda_hi 0.75
lambda_lo 0.74
xi 0.01
Running SOFTMAX-ADVERSARIAL.
Solving Model
  variables = 2
  constraints = 1
 OPTIMAL. optimal value: 2.0000e+00 in time 4.5481e-03
Optimal objective = 2
Optimal variable values:
x1 = 1
x2 = 1
2 nonzero variables in solution
Writing solution to file form_0.sol.
Getting impact at iteration_cnt 0 using SOFTMAX.
>feat: 0  name: c1  numrisky: 2
 >riskyterm: 0  z: z_1x1  card: 1  vars: ['x1']
  j=0 h=0 var=x1 xval=1.0000000017829256 coeff=2.0
 >riskyterm: 1  z: z_1x2  card: 1  vars: ['x2']
  j=1 h=0 var=x2 xval=1.0000000017902493 coeff=2.0
>feat: 1  name: c2  numrisky: 2
 >riskyterm: 0  z: z_2x1  card: 1  vars: [('x1', 'x1')]
  j=0 h=0 var=('x1', 'x1') xyval=1.0000000035658512 coeff=2.0
 >riskyterm: 1  z: z_2x2  card: 1  vars: [('x2', 'x2')]
  j=1 h=0 var=('x2', 'x2') xyval=1.0000000035804986 coeff=2.0
Running Red gradient ascent for SOFTMAX-ADVERSARIAL
START: Running PyTorch FOM...
  penalty parameter: 0.0
    gradient converged? False
    zvalues: 
     -5.527e-02 1.005e-01 -1.077e+00 -9.611e-01 
    norm: 1.4478487968444824
    logsumexp: -2.142674446105957
    penalty: 2.0919172763824463
    loss: -2.142674446105957
  penalty parameter: 0.1
    gradient converged? False
    zvalues: 
     -2.216e-01 -2.213e-01 -1.613e+00 -1.543e+00 
    norm: 2.2541110515594482
    logsumexp: -2.6680808067321777
    penalty: 5.077725887298584
    loss: -2.1603081226348877
  penalty parameter: 0.2
    gradient converged? False
    zvalues: 
     -1.430e-01 -1.430e-01 -1.191e+00 -1.182e+00 
    norm: 1.6903536319732666
    logsumexp: -2.3086583614349365
    penalty: 2.858208179473877
    loss: -1.7370166778564453
  penalty parameter: 0.30000000000000004
    gradient converged? False
    zvalues: 
     -1.452e-01 -1.452e-01 -7.011e-01 -7.008e-01 
    norm: 1.0123045444488525
    logsumexp: -1.8924546241760254
    penalty: 1.0249388217926025
    loss: -1.5849729776382446
  penalty parameter: 0.4
    gradient converged? True
    zvalues: 
     -1.263e-01 -1.263e-01 -4.996e-01 -4.996e-01 
    norm: 0.7287259697914124
    logsumexp: -1.7253378629684448
    penalty: 0.531058132648468
    loss: -1.5129146575927734
STOP: PyTorch finished in 0.551914 secs, after 5 rounds.
