Starting log: Wed May  6 14:28:48 2026.
Running on: jasper.local.

<Version 2025.Apr.20.230900@jasper>
Reading config file drsk.conf.
LPFILE ../data/myblending1.lp
LOUDCONSTRAINTS 0
STRUCTFILE ../data/struct_myblending1.conf
PARAMFILE drskparams.conf
Reading LP ../data/myblending1.lp.
Number of variables = 10.
Done reading LP.
Now storing LP data.

Storing linear constraints; 9 in total.
Reading implicit structure.
+ coeff 0.8 of var x1 (idx 0) in constr <gurobi.Constr demand_A> (idx 1) is deemed risky
+ coeff 0.6 of var x2 (idx 1) in constr <gurobi.Constr demand_A> (idx 1) is deemed risky
+ coeff 0.7 of var x3 (idx 2) in constr <gurobi.Constr demand_A> (idx 1) is deemed risky
+ coeff 0.9 of var x4 (idx 3) in constr <gurobi.Constr demand_A> (idx 1) is deemed risky
+ coeff 0.5 of var x5 (idx 4) in constr <gurobi.Constr demand_A> (idx 1) is deemed risky
+ coeff 0.6 of var x6 (idx 5) in constr <gurobi.Constr demand_A> (idx 1) is deemed risky
+ coeff 0.7 of var x7 (idx 6) in constr <gurobi.Constr demand_A> (idx 1) is deemed risky
+ coeff 0.8 of var x8 (idx 7) in constr <gurobi.Constr demand_A> (idx 1) is deemed risky
+ coeff 0.6 of var x9 (idx 8) in constr <gurobi.Constr demand_A> (idx 1) is deemed risky
+ coeff 0.7 of var x10 (idx 9) in constr <gurobi.Constr demand_A> (idx 1) is deemed risky
+ coeff 0.5 of var x1 (idx 0) in constr <gurobi.Constr demand_B> (idx 2) is deemed risky
+ coeff 0.7 of var x2 (idx 1) in constr <gurobi.Constr demand_B> (idx 2) is deemed risky
+ coeff 0.6 of var x3 (idx 2) in constr <gurobi.Constr demand_B> (idx 2) is deemed risky
+ coeff 0.4 of var x4 (idx 3) in constr <gurobi.Constr demand_B> (idx 2) is deemed risky
+ coeff 0.8 of var x5 (idx 4) in constr <gurobi.Constr demand_B> (idx 2) is deemed risky
+ coeff 0.7 of var x6 (idx 5) in constr <gurobi.Constr demand_B> (idx 2) is deemed risky
+ coeff 0.6 of var x7 (idx 6) in constr <gurobi.Constr demand_B> (idx 2) is deemed risky
+ coeff 0.5 of var x8 (idx 7) in constr <gurobi.Constr demand_B> (idx 2) is deemed risky
+ coeff 0.7 of var x9 (idx 8) in constr <gurobi.Constr demand_B> (idx 2) is deemed risky
+ coeff 0.6 of var x10 (idx 9) in constr <gurobi.Constr demand_B> (idx 2) is deemed risky
+ coeff 0.92 of var x1 (idx 0) in constr <gurobi.Constr quality_1> (idx 3) is deemed risky
+ coeff 0.88 of var x2 (idx 1) in constr <gurobi.Constr quality_1> (idx 3) is deemed risky
+ coeff 0.95 of var x3 (idx 2) in constr <gurobi.Constr quality_1> (idx 3) is deemed risky
+ coeff 0.9 of var x4 (idx 3) in constr <gurobi.Constr quality_1> (idx 3) is deemed risky
+ coeff 0.87 of var x5 (idx 4) in constr <gurobi.Constr quality_1> (idx 3) is deemed risky
+ coeff 0.93 of var x6 (idx 5) in constr <gurobi.Constr quality_1> (idx 3) is deemed risky
+ coeff 0.89 of var x7 (idx 6) in constr <gurobi.Constr quality_1> (idx 3) is deemed risky
+ coeff 0.91 of var x8 (idx 7) in constr <gurobi.Constr quality_1> (idx 3) is deemed risky
+ coeff 0.88 of var x9 (idx 8) in constr <gurobi.Constr quality_1> (idx 3) is deemed risky
+ coeff 0.94 of var x10 (idx 9) in constr <gurobi.Constr quality_1> (idx 3) is deemed risky
+ coeff 0.55 of var x1 (idx 0) in constr <gurobi.Constr quality_2> (idx 4) is deemed risky
+ coeff 0.6 of var x2 (idx 1) in constr <gurobi.Constr quality_2> (idx 4) is deemed risky
+ coeff 0.58 of var x3 (idx 2) in constr <gurobi.Constr quality_2> (idx 4) is deemed risky
+ coeff 0.62 of var x4 (idx 3) in constr <gurobi.Constr quality_2> (idx 4) is deemed risky
+ coeff 0.57 of var x5 (idx 4) in constr <gurobi.Constr quality_2> (idx 4) is deemed risky
+ coeff 0.59 of var x6 (idx 5) in constr <gurobi.Constr quality_2> (idx 4) is deemed risky
+ coeff 0.61 of var x7 (idx 6) in constr <gurobi.Constr quality_2> (idx 4) is deemed risky
+ coeff 0.56 of var x8 (idx 7) in constr <gurobi.Constr quality_2> (idx 4) is deemed risky
+ coeff 0.6 of var x9 (idx 8) in constr <gurobi.Constr quality_2> (idx 4) is deemed risky
+ coeff 0.58 of var x10 (idx 9) in constr <gurobi.Constr quality_2> (idx 4) is deemed risky
+ coeff 1.2 of var x1 (idx 0) in constr <gurobi.Constr quality_3> (idx 5) is deemed risky
+ coeff 1.3 of var x3 (idx 2) in constr <gurobi.Constr quality_3> (idx 5) is deemed risky
+ coeff 1.1 of var x4 (idx 3) in constr <gurobi.Constr quality_3> (idx 5) is deemed risky
+ coeff 0.9 of var x5 (idx 4) in constr <gurobi.Constr quality_3> (idx 5) is deemed risky
+ coeff 1.25 of var x6 (idx 5) in constr <gurobi.Constr quality_3> (idx 5) is deemed risky
+ coeff 1.05 of var x7 (idx 6) in constr <gurobi.Constr quality_3> (idx 5) is deemed risky
+ coeff 1.15 of var x8 (idx 7) in constr <gurobi.Constr quality_3> (idx 5) is deemed risky
+ coeff 1.2 of var x10 (idx 9) in constr <gurobi.Constr quality_3> (idx 5) is deemed risky
Stored linear constraints with code 0.
Storing quadratic constraints; 0 in total.
Quad constraints read with code 0.
Reading structure file ../data/struct_myblending1.conf.
I = 5 budget = 0.5
Read structure.
Reading parameter file drskparams.conf.
tol 0.01
maxits 20
lambda_hi 0.7
lambda_lo 0.65
xi 0.01
Running Algo1.
Solving Model
  variables = 10
  constraints = 9
 OPTIMAL. optimal value: 4.8325e+02 in time 1.7312e-03
Optimal objective = 483.247
Optimal variable values:
x1 = 16.4706
x2 = 40
x8 = 40
x9 = 4.23529
4 nonzero variables in solution
Writing solution to file form_0.sol.
Getting impact at iteration_cnt 0 using SOFTMAX.
>feat: 0  name: demand_A  numrisky: 10
>feat: 1  name: demand_B  numrisky: 10
>feat: 2  name: quality_1  numrisky: 10
>feat: 3  name: quality_2  numrisky: 10
>feat: 4  name: quality_3  numrisky: 10
Running Red gradient ascent for SOFTMAX-ADVERSARIAL
START: Running PyTorch FOM...
  penalty parameter: 0.0
    z: 
    -5.792e-01 -5.566e-01 -5.712e-02 -2.222e-02 9.768e-02 1.270e-01 2.755e-01 -5.568e-01 -4.918e-01 5.408e-02 
    3.907e-02 1.526e-01 -2.760e-02 -3.686e-02 -5.379e-02 -4.921e-02 1.222e-01 1.387e-01 5.547e-02 1.733e-01 
    1.635e-01 -8.123e-02 -1.829e-01 1.036e-01 -1.653e-02 -2.349e-02 2.163e-02 1.105e-01 1.176e-01 1.762e-02 
    -8.009e-02 1.283e-02 -1.707e-02 -8.596e-02 -4.342e-02 5.401e-02 -9.444e-04 -5.789e-02 -2.294e-03 -1.815e-02 
    2.414e-01 8.867e-03 1.035e-01 5.429e-02 -2.843e-02 2.498e-02 1.343e-01 -1.945e-02 7.880e-02 4.422e-02 
    logsumexp: -6.87703800201416
    penalty: 1.628472089767456
    loss: -6.87703800201416
  penalty parameter: 0.1
    z: 
    -1.056e+00 -1.048e+00 -2.154e-14 -7.907e-15 3.836e-13 -4.219e-13 5.799e-06 -1.053e+00 -8.727e-01 8.636e-14 
    5.847e-14 3.282e-13 -1.006e-13 6.099e-14 -3.643e-14 -1.591e-13 -3.892e-13 2.707e-13 2.098e-13 9.253e-15 
    -3.230e-13 3.070e-14 -5.188e-13 -2.060e-13 4.743e-14 5.130e-14 -7.773e-14 -2.941e-14 3.549e-13 3.392e-14 
    2.026e-13 2.555e-14 -1.092e-14 -2.609e-13 -1.453e-13 7.488e-14 -3.419e-15 1.119e-13 4.888e-15 6.569e-14 
    9.634e-08 6.356e-16 -1.841e-13 1.207e-13 1.797e-14 9.098e-14 6.291e-13 2.044e-14 -3.063e-13 2.645e-14 
    logsumexp: -11.722639083862305
    penalty: 4.076842784881592
    loss: -11.31495475769043
  penalty parameter: 0.2
    z: 
    -1.462e+00 -1.508e+00 -7.353e-26 1.959e-25 4.702e-25 6.453e-25 2.239e-17 -1.521e+00 -9.528e-01 3.034e-25 
    2.834e-25 -1.868e-24 3.564e-25 -6.045e-26 -5.420e-25 -2.900e-25 -5.536e-25 1.352e-24 -5.154e-25 -2.640e-24 
    -1.917e-24 1.911e-25 1.135e-24 5.851e-26 2.080e-25 -1.057e-25 8.104e-26 -1.340e-25 -1.048e-24 -1.909e-25 
    9.419e-25 -1.386e-25 1.802e-25 6.843e-25 5.977e-25 3.824e-25 1.870e-26 6.886e-25 1.030e-26 2.368e-25 
    2.998e-19 -4.685e-26 -1.268e-25 -8.567e-27 2.164e-25 2.799e-25 -1.097e-24 1.625e-25 5.157e-25 3.939e-25 
    logsumexp: -16.100122451782227
    penalty: 7.625574588775635
    loss: -14.575007438659668
  penalty parameter: 0.30000000000000004
    z: 
    -1.757e+00 -1.925e+00 -1.359e-36 5.231e-37 -1.787e-37 5.442e-36 2.952e-29 -1.950e+00 -7.406e-01 1.091e-36 
    -1.420e-36 5.963e-36 -7.263e-37 -1.297e-36 1.532e-36 -1.561e-36 4.587e-36 -4.147e-36 2.124e-37 8.201e-36 
    -5.837e-36 -2.651e-36 1.396e-35 -4.046e-36 -8.855e-37 1.400e-37 6.228e-37 -7.937e-37 5.280e-36 7.415e-37 
    3.594e-36 -3.395e-37 -7.241e-37 -8.164e-37 -2.278e-36 4.651e-37 2.127e-14 2.197e-36 -9.006e-38 -2.882e-37 
    4.197e-32 -1.569e-37 -3.615e-36 2.162e-36 2.435e-37 1.353e-36 -7.262e-36 -7.346e-37 3.837e-36 9.311e-37 
    logsumexp: -19.855703353881836
    penalty: 11.134552955627441
    loss: -16.515336990356445
  penalty parameter: 0.4
    z: 
    -1.884e+00 -2.281e+00 -9.809e-45 -3.938e-43 -2.228e-43 3.938e-43 -2.884e-40 -2.325e+00 -5.248e-01 8.268e-43 
    -2.655e-42 5.577e-43 -5.319e-42 -2.044e-42 9.613e-43 8.688e-44 -1.233e-43 2.564e-43 -7.567e-43 6.390e-43 
    3.139e-43 8.240e-43 7.861e-43 7.735e-43 1.053e-41 1.696e-43 -1.012e-42 6.348e-43 4.428e-43 -1.024e-41 
    4.610e-43 3.053e-42 -5.972e-42 2.817e-43 -1.987e-42 1.233e-42 9.077e-27 -5.647e-43 -2.157e-13 7.273e-43 
    3.854e-42 -1.770e-41 -9.669e-44 -2.228e-43 -5.521e-43 -6.412e-42 -8.268e-44 -4.986e-42 3.910e-43 6.026e-43 
    logsumexp: -22.88251495361328
    penalty: 14.425938606262207
    loss: -17.112138748168945
  penalty parameter: 0.5
    z: 
    -1.799e+00 -2.555e+00 -9.809e-45 -3.938e-43 -2.228e-43 3.938e-43 -6.124e-43 -2.624e+00 -4.055e-01 6.345e-42 
    -3.482e-42 5.577e-43 -6.915e-42 -2.672e-42 1.239e-42 8.688e-44 -1.233e-43 2.564e-43 4.146e-42 6.390e-43 
    3.139e-43 1.044e-42 6.306e-44 -1.209e-42 3.459e-41 1.696e-43 -1.684e-41 6.348e-43 4.428e-43 6.023e-42 
    4.610e-43 3.117e-41 -7.864e-42 2.817e-43 4.369e-42 1.589e-42 1.577e-13 -5.647e-43 -1.342e-24 8.716e-43 
    1.401e-43 -2.312e-41 -9.669e-44 -2.228e-43 -5.521e-43 4.892e-42 -8.268e-44 1.096e-41 3.910e-43 6.026e-43 
    logsumexp: -24.964773178100586
    penalty: 16.80953025817871
    loss: -16.560009002685547
  penalty parameter: 0.6000000000000001
    z: 
    -1.560e+00 -2.715e+00 -9.809e-45 -3.938e-43 -2.228e-43 3.938e-43 -1.205e-43 -2.814e+00 -3.367e-01 -5.525e-42 
    5.754e-42 5.577e-43 6.355e-42 -1.442e-41 1.592e-42 8.688e-44 -1.233e-43 2.564e-43 5.385e-42 -3.896e-43 
    3.139e-43 -2.679e-42 6.306e-44 1.284e-42 -9.114e-42 1.696e-43 -1.672e-42 7.819e-43 4.428e-43 3.305e-41 
    4.610e-43 4.041e-41 1.585e-41 2.817e-43 -3.359e-42 2.060e-42 8.009e-12 -5.647e-43 -5.007e-13 1.121e-42 
    1.401e-43 -6.101e-07 -9.669e-44 -2.228e-43 -5.521e-43 -2.806e-41 -8.268e-44 1.423e-41 3.910e-43 7.441e-43 
    logsumexp: -25.91927719116211
    penalty: 17.830387115478516
    loss: -15.221044540405273
  penalty parameter: 0.7000000000000001
    z: 
    -1.299e+00 -2.721e+00 -9.809e-45 -3.938e-43 -2.228e-43 3.938e-43 -1.205e-43 -2.854e+00 -2.892e-01 1.061e-41 
    -5.820e-42 -1.389e-42 -1.164e-41 9.791e-42 2.049e-42 8.688e-44 -1.233e-43 2.564e-43 -1.620e-42 -3.896e-43 
    3.139e-43 1.735e-42 6.306e-44 -2.043e-42 2.315e-41 1.696e-43 -2.144e-42 -2.372e-42 4.428e-43 1.014e-41 
    4.610e-43 1.644e-07 -4.696e-41 2.817e-43 -4.330e-42 -1.517e-41 2.684e-15 -7.105e-43 -8.205e-14 3.298e-41 
    1.401e-43 1.485e-17 -9.669e-44 -2.228e-43 -6.740e-43 3.040e-41 -8.268e-44 1.837e-41 3.910e-43 9.305e-43 
    logsumexp: -25.649229049682617
    penalty: 17.322288513183594
    loss: -13.523627281188965
  penalty parameter: 0.8
    z: 
    -1.093e+00 -2.569e+00 -9.809e-45 -3.938e-43 -2.228e-43 3.938e-43 -1.205e-43 -2.724e+00 -2.537e-01 -9.197e-42 
    -7.521e-42 -1.794e-42 1.059e-41 -2.399e-41 -8.880e-42 8.688e-44 -1.233e-43 2.564e-43 -2.119e-42 -3.896e-43 
    3.139e-43 -4.458e-42 6.306e-44 2.131e-42 1.719e-11 1.696e-43 -1.246e-39 -3.059e-42 -3.423e-42 -1.605e-11 
    5.675e-43 1.707e-18 3.357e-11 2.817e-43 9.441e-42 3.359e-42 1.096e-05 -9.235e-43 -6.650e-15 -3.263e-08 
    1.401e-43 -3.000e-14 -9.669e-44 -2.228e-43 2.389e-41 6.781e-41 -8.268e-44 5.957e-05 3.910e-43 1.177e-42 
    logsumexp: -24.172788619995117
    penalty: 15.282736778259277
    loss: -11.946599006652832
  penalty parameter: 0.9
    z: 
    -9.478e-01 -2.316e+00 -9.809e-45 -2.161e-13 -2.228e-43 4.652e-43 -1.205e-43 -2.471e+00 -2.261e-01 2.908e-42 
    -3.167e-41 -2.302e-42 -1.897e-04 -7.332e-42 -1.141e-41 8.688e-44 -1.233e-43 2.564e-43 -2.735e-42 -4.456e-43 
    3.139e-43 2.884e-42 6.306e-44 -3.397e-42 -1.673e-23 1.696e-43 -5.887e-13 -3.940e-42 5.817e-42 7.701e-21 
    7.035e-43 -3.976e-14 1.285e-17 2.817e-43 1.217e-41 -1.043e-41 -1.435e-06 -1.187e-42 -5.724e-26 1.934e-19 
    1.401e-43 1.235e-04 -9.669e-44 -2.228e-43 -5.715e-21 -2.192e-09 -8.268e-44 -1.686e-16 4.778e-43 1.495e-42 
    logsumexp: -21.9126033782959
    penalty: 12.421805381774902
    loss: -10.732978820800781
  penalty parameter: 1.0
    z: 
    -8.434e-01 -2.048e+00 -9.809e-45 1.554e-23 -2.228e-43 5.885e-43 -1.205e-43 -2.183e+00 -2.040e-01 3.740e-42 
    -2.952e-26 1.497e-42 -2.204e-15 -4.822e-05 4.413e-42 8.688e-44 -1.233e-43 2.564e-43 -3.510e-42 3.107e-42 
    3.139e-43 -7.378e-42 6.306e-44 3.537e-42 9.067e-15 1.696e-43 3.001e-25 2.116e-42 7.465e-42 -4.849e-14 
    8.884e-43 -2.498e-04 -1.168e-14 2.817e-43 6.543e-41 -1.340e-41 2.591e-06 -1.518e-42 7.553e-14 3.254e-14 
    1.401e-43 -2.067e-09 -9.669e-44 -2.228e-43 -3.308e-14 -1.803e-20 -8.268e-44 -1.971e-13 6.124e-43 1.925e-42 
    logsumexp: -19.525156021118164
    penalty: 9.713722229003906
    loss: -9.811433792114258
  penalty parameter: 1.1
    z: 
    -7.626e-01 -1.817e+00 -9.809e-45 2.807e-09 -2.228e-43 -6.788e-42 -1.205e-43 -1.924e+00 -1.859e-01 -1.953e-41 
    2.760e-14 1.911e-42 -1.295e-26 6.652e-17 2.998e-40 8.688e-44 -1.233e-43 2.564e-43 6.620e-41 -5.416e-42 
    3.139e-43 1.899e-41 6.306e-44 -5.611e-42 3.775e-06 1.696e-43 3.138e-08 1.193e-41 1.141e-42 -2.722e-25 
    1.135e-42 -9.507e-16 1.218e-25 2.817e-43 -5.800e-12 -2.366e-40 1.358e-07 -1.946e-42 2.866e-25 2.117e-05 
    1.401e-43 -5.411e-15 -9.669e-44 -2.228e-43 -4.423e-26 -6.999e-14 -8.268e-44 -2.018e-14 -1.407e-41 2.360e-12 
    logsumexp: -17.44624900817871
    penalty: 7.623606204986572
    loss: -9.060281753540039
  penalty parameter: 1.2000000000000002
    z: 
    -6.969e-01 -1.637e+00 -9.809e-45 2.290e-05 -2.228e-43 9.501e-43 -1.205e-43 -1.718e+00 -1.707e-01 -1.152e-13 
    -1.650e-25 -4.895e-42 -1.614e-07 -2.935e-11 -6.378e-13 8.688e-44 -1.233e-43 2.564e-43 -5.350e-12 5.157e-42 
    3.840e-43 -1.221e-41 6.306e-44 -7.180e-42 -6.442e-08 1.696e-43 2.129e-10 3.468e-42 -9.384e-42 -2.415e-13 
    -1.721e-41 2.201e-14 2.856e-13 2.817e-43 1.579e-22 1.445e-12 3.244e-15 -9.116e-11 1.173e-12 1.341e-06 
    1.401e-43 2.866e-26 -9.669e-44 -2.228e-43 -1.169e-05 9.605e-05 -8.268e-44 7.162e-13 2.008e-41 -8.157e-22 
    logsumexp: -15.803311347961426
    penalty: 6.150130271911621
    loss: -8.423154830932617
  penalty parameter: 1.3
    z: 
    -6.420e-01 -1.499e+00 -9.809e-45 2.834e-07 -2.228e-43 -2.366e-41 -1.205e-43 -1.561e+00 -1.578e-01 9.768e-24 
    1.479e-06 -6.282e-42 -2.308e-18 -3.992e-12 -9.347e-25 8.688e-44 -1.233e-43 2.564e-43 -1.573e-23 -1.152e-42 
    8.988e-42 -1.090e-05 6.306e-44 -2.595e-41 1.052e-10 1.696e-43 -6.043e-15 4.449e-42 -1.201e-41 -2.157e-05 
    -2.640e-06 1.223e-08 -2.742e-08 -4.273e-26 -1.507e-13 -9.067e-24 1.671e-09 -4.927e-22 1.686e-08 -4.024e-06 
    1.401e-43 2.345e-13 -9.669e-44 -2.228e-43 -1.770e-17 8.032e-16 -8.268e-44 -1.603e-14 1.079e-07 6.646e-14 
    logsumexp: -14.535194396972656
    penalty: 5.120725631713867
    loss: -7.878251552581787
  penalty parameter: 1.4000000000000001
    z: 
    -5.953e-01 -1.388e+00 -9.809e-45 -7.885e-06 -2.228e-43 1.557e-42 -1.205e-43 -1.438e+00 -1.467e-01 -5.672e-09 
    1.103e-17 4.067e-42 -5.356e-14 1.147e-15 -2.182e-08 8.688e-44 -1.233e-43 3.153e-43 -4.623e-12 8.492e-42 
    1.155e-41 6.123e-17 6.306e-44 8.112e-05 -1.074e-15 1.696e-43 -7.784e-26 5.739e-36 5.621e-41 -6.859e-15 
    1.194e-17 4.817e-15 -2.384e-09 -5.674e-14 5.561e-05 2.270e-09 1.055e-08 8.126e-14 3.715e-10 -3.308e-05 
    1.401e-43 -3.340e-22 -9.669e-44 -2.228e-43 5.423e-14 -2.621e-14 -8.268e-44 2.564e-13 1.493e-18 -1.666e-08 
    logsumexp: -13.527323722839355
    penalty: 4.369583606719971
    loss: -7.40990686416626
  penalty parameter: 1.5
    z: 
    -5.550e-01 -1.295e+00 -9.809e-45 1.449e-05 -2.228e-43 -3.775e-06 -1.205e-43 -1.337e+00 -1.370e-01 3.294e-08 
    5.006e-14 5.217e-42 3.608e-06 -1.053e-11 -3.505e-11 8.688e-44 -1.233e-43 2.862e-39 1.888e-08 -2.754e-41 
    -1.323e-41 4.907e-10 6.306e-44 -1.335e-16 8.934e-10 1.696e-43 2.098e-15 -3.366e-13 -6.644e-11 -2.017e-14 
    -7.896e-11 2.940e-26 4.344e-06 -2.981e-25 -8.715e-12 -1.524e-05 1.066e-07 -1.497e-04 -3.275e-08 -6.376e-17 
    1.401e-43 -1.628e-14 -9.669e-44 -2.228e-43 -2.632e-13 1.216e-06 -8.268e-44 -1.847e-14 7.039e-12 -4.379e-15 
    logsumexp: -12.691032409667969
    penalty: 3.7913553714752197
    loss: -7.00399923324585
  penalty parameter: 1.6
    z: 
    -5.198e-01 -1.214e+00 -9.809e-45 -3.703e-05 1.881e-14 -1.221e-17 -1.205e-43 -1.252e+00 -1.286e-01 3.726e-15 
    -2.541e-10 9.064e-05 5.938e-05 1.227e-10 -1.307e-15 8.688e-44 -1.233e-43 -1.494e-12 4.963e-10 -1.012e-40 
    5.511e-20 9.556e-09 6.306e-44 9.961e-09 -1.017e-08 1.696e-43 -2.154e-23 -1.354e-24 4.931e-22 -1.712e-07 
    9.412e-10 -5.106e-13 -3.250e-08 7.534e-08 8.157e-16 -1.163e-15 1.797e-15 -1.169e-15 -4.053e-07 7.448e-06 
    1.401e-43 -9.324e-25 -9.669e-44 -6.806e-15 -1.750e-14 -2.008e-04 -8.268e-44 -1.080e-11 -1.583e-10 1.429e-26 
    logsumexp: -11.973453521728516
    penalty: 3.3277852535247803
    loss: -6.648996829986572
  penalty parameter: 1.7000000000000002
    z: 
    -4.889e-01 -1.143e+00 -9.809e-45 -2.334e-07 -4.875e-25 2.769e-09 -1.205e-43 -1.177e+00 -1.211e-01 3.357e-22 
    -3.736e-11 4.965e-16 4.104e-06 3.402e-15 1.319e-21 8.688e-44 -1.233e-43 8.876e-24 -1.616e-06 4.426e-12 
    3.150e-14 2.217e-11 6.306e-44 -5.690e-07 -1.485e-07 1.696e-43 -1.122e-13 -2.662e-08 2.348e-13 -7.645e-12 
    -1.442e-09 -1.783e-06 2.159e-15 -1.074e-19 -1.795e-12 2.623e-22 -1.044e-06 -5.417e-15 3.428e-15 -4.044e-14 
    1.401e-43 6.900e-14 -9.669e-44 1.929e-25 -1.614e-12 5.735e-16 -8.268e-44 7.681e-12 -1.290e-07 7.599e-13 
    logsumexp: -11.34440803527832
    penalty: 2.946180582046509
    loss: -6.335900783538818
  penalty parameter: 1.8
    z: 
    -4.614e-01 -1.080e+00 -9.809e-45 -7.683e-16 2.918e-36 5.091e-08 -1.205e-43 -1.111e+00 -1.144e-01 7.115e-14 
    -9.980e-08 -1.520e-27 3.000e-09 1.068e-09 -5.561e-14 8.688e-44 -1.233e-43 3.456e-09 3.569e-11 9.125e-24 
    -1.587e-25 1.150e-14 6.306e-44 -2.759e-09 -9.217e-16 1.696e-43 -2.053e-23 1.715e-15 -5.214e-08 4.434e-15 
    -1.125e-15 2.049e-05 -1.654e-10 2.535e-14 -8.240e-15 -8.108e-14 -2.458e-04 9.246e-08 7.136e-09 -7.328e-15 
    1.401e-43 -2.215e-17 -9.669e-44 -2.374e-37 9.583e-14 -7.500e-10 -8.268e-44 -5.865e-15 1.802e-15 -1.752e-05 
    logsumexp: -10.786173820495605
    penalty: 2.626927375793457
    loss: -6.057704448699951
  penalty parameter: 1.9000000000000001
    z: 
    -4.369e-01 -1.024e+00 -9.809e-45 1.085e-09 -3.753e-42 -1.038e-09 -1.205e-43 -1.052e+00 -1.084e-01 7.235e-25 
    5.766e-06 -1.992e-11 -5.050e-06 -5.793e-06 6.866e-25 8.688e-44 -1.233e-43 -3.092e-09 -8.812e-15 6.553e-11 
    -2.946e-10 7.434e-11 6.306e-44 1.231e-07 -2.286e-07 1.696e-43 7.163e-14 -1.092e-15 -3.268e-07 1.232e-05 
    1.072e-07 -7.060e-08 -2.045e-10 1.969e-07 4.024e-27 8.223e-25 7.128e-07 1.454e-06 7.101e-07 -2.999e-06 
    1.401e-43 -2.144e-14 -9.669e-44 8.730e-43 -3.490e-15 -2.123e-08 -8.268e-44 -6.852e-09 -5.434e-07 3.839e-12 
    logsumexp: -10.287016868591309
    penalty: 2.356914520263672
    loss: -5.808879375457764
  penalty parameter: 2.0
    z: 
    -4.148e-01 -9.730e-01 -9.809e-45 1.449e-09 2.210e-39 -8.567e-09 -1.205e-43 -9.985e-01 -1.030e-01 -3.011e-13 
    2.725e-16 -4.405e-05 1.748e-15 1.104e-07 3.329e-13 8.688e-44 -1.233e-43 -5.186e-15 -8.151e-12 1.475e-07 
    -9.035e-19 4.980e-11 6.306e-44 -8.674e-09 1.187e-05 1.696e-43 2.509e-19 3.276e-04 -1.073e-09 1.226e-15 
    -3.769e-06 1.762e-05 3.132e-10 -6.324e-06 -1.993e-13 -1.228e-13 -5.788e-10 -1.014e-08 -1.255e-08 -2.373e-15 
    1.401e-43 1.254e-25 -9.669e-44 3.164e-41 -1.798e-09 1.591e-11 -8.268e-44 1.472e-07 2.501e-06 7.663e-15 
    logsumexp: -9.83800983428955
    penalty: 2.126502513885498
    loss: -5.585004806518555
  penalty parameter: 2.1
    z: 
    -3.949e-01 -9.270e-01 -9.809e-45 1.731e-10 3.449e-12 -1.225e-06 -1.205e-43 -9.505e-01 -9.815e-02 5.571e-07 
    1.459e-09 -1.152e-07 -9.092e-07 -8.281e-05 -3.823e-08 8.688e-44 -1.233e-43 -8.109e-11 2.287e-13 1.677e-06 
    1.684e-14 3.853e-10 6.306e-44 -5.767e-08 9.848e-07 -3.043e-14 3.017e-14 2.670e-16 -5.579e-06 8.564e-16 
    -1.712e-07 6.560e-06 5.061e-15 -1.330e-08 -5.394e-12 1.888e-08 -2.845e-14 -7.327e-06 1.469e-05 -1.588e-14 
    1.401e-43 -4.507e-13 -9.669e-44 -7.087e-36 6.628e-09 3.798e-14 -8.268e-44 -2.677e-11 -2.892e-15 -8.186e-06 
    logsumexp: -9.431946754455566
    penalty: 1.92830491065979
    loss: -5.382506847381592
  penalty parameter: 2.2
    z: 
    -3.768e-01 -8.851e-01 -9.809e-45 -5.983e-06 1.744e-23 -3.727e-10 -1.205e-43 -9.069e-01 -9.372e-02 -9.419e-16 
    3.582e-07 -3.808e-15 3.626e-06 -8.046e-05 -4.388e-15 8.688e-44 -1.233e-43 3.703e-15 2.078e-14 6.843e-09 
    -4.363e-10 -2.530e-15 6.306e-44 2.249e-15 2.067e-10 6.781e-26 3.336e-21 2.148e-10 -4.330e-10 -6.563e-09 
    -7.478e-10 -5.103e-09 7.829e-09 -4.142e-09 -7.963e-15 1.963e-16 8.569e-15 -2.253e-05 -4.973e-05 -9.389e-09 
    1.401e-43 4.059e-11 -9.669e-44 -2.107e-13 1.758e-10 2.028e-14 -8.268e-44 -9.267e-05 1.629e-05 1.765e-15 
    logsumexp: -9.062949180603027
    penalty: 1.7565852403640747
    loss: -5.198461532592773
  penalty parameter: 2.3000000000000003
    z: 
    -3.603e-01 -8.468e-01 -9.809e-45 -1.568e-10 1.286e-09 4.741e-07 -1.205e-43 -8.671e-01 -8.966e-02 -1.092e-21 
    -3.395e-08 -1.262e-06 -1.969e-15 7.945e-16 -2.605e-20 8.688e-44 -1.233e-43 5.718e-24 5.613e-12 2.241e-05 
    -2.017e-10 -1.199e-08 6.306e-44 -2.397e-12 1.002e-14 -4.417e-37 6.570e-14 -6.505e-10 -1.190e-14 3.964e-06 
    -1.257e-05 2.168e-06 5.444e-06 -3.217e-15 2.870e-19 6.837e-19 1.753e-10 -4.960e-06 -1.072e-15 5.185e-06 
    1.401e-43 -8.155e-15 -9.669e-44 6.495e-24 -4.956e-07 -2.381e-09 -8.268e-44 -1.547e-15 1.905e-15 2.666e-14 
    logsumexp: -8.726156234741211
    penalty: 1.6068249940872192
    loss: -5.030458927154541
  penalty parameter: 2.4000000000000004
    z: 
    -3.451e-01 -8.117e-01 -9.809e-45 -7.330e-15 -5.931e-12 -1.687e-05 -1.205e-43 -8.307e-01 -8.595e-02 8.252e-14 
    -8.073e-12 9.438e-11 -3.301e-07 9.077e-13 4.109e-15 8.688e-44 -1.233e-43 1.793e-13 -1.574e-12 1.500e-09 
    -3.771e-07 -6.303e-07 6.306e-44 2.238e-12 7.809e-14 3.052e-42 3.801e-19 -2.295e-11 -1.608e-13 -8.605e-09 
    -4.347e-10 9.363e-10 1.783e-05 1.220e-09 4.162e-14 -4.654e-14 3.098e-10 3.133e-06 -4.654e-11 7.450e-07 
    1.401e-43 1.080e-16 -9.669e-44 1.066e-09 3.246e-15 -1.499e-07 -8.268e-44 -4.660e-10 1.923e-24 -3.299e-07 
    logsumexp: -8.417530059814453
    penalty: 1.475435495376587
    loss: -4.8764848709106445
  penalty parameter: 2.5
    z: 
    -3.312e-01 -7.794e-01 -9.809e-45 7.796e-11 -8.686e-15 8.119e-06 -1.205e-43 -7.972e-01 -8.253e-02 -7.281e-22 
    3.424e-14 1.760e-15 6.788e-17 4.749e-13 -3.987e-23 8.688e-44 -1.233e-43 -8.092e-20 1.595e-14 7.827e-16 
    -3.482e-15 -5.296e-08 6.306e-44 1.044e-14 -6.501e-13 3.924e-42 -3.977e-14 1.095e-16 -7.006e-14 4.704e-10 
    1.517e-14 -4.993e-07 -1.763e-07 1.942e-07 -2.143e-19 4.519e-22 3.019e-09 5.233e-05 -1.470e-10 1.962e-09 
    1.401e-43 2.435e-14 -9.669e-44 -8.310e-16 -2.540e-08 -8.745e-09 -8.268e-44 1.235e-08 9.499e-14 3.101e-07 
    logsumexp: -8.133675575256348
    penalty: 1.3595279455184937
    loss: -4.734855651855469
  penalty parameter: 2.6
    z: 
    -3.184e-01 -7.496e-01 -9.809e-45 -7.244e-10 1.901e-05 1.718e-07 -1.205e-43 -7.663e-01 -7.937e-02 -1.216e-13 
    -7.505e-15 -2.863e-08 5.729e-14 3.129e-14 -9.518e-14 8.688e-44 -1.233e-43 -4.695e-14 -2.012e-12 -3.230e-13 
    7.103e-10 1.603e-10 6.306e-44 3.541e-13 1.133e-13 -5.293e-42 4.884e-16 3.485e-14 -4.085e-14 2.723e-05 
    -3.046e-14 4.178e-06 -4.663e-12 -3.933e-08 9.121e-15 9.482e-14 -5.872e-15 3.055e-10 1.351e-11 2.788e-06 
    3.973e-14 -2.484e-19 -9.669e-44 1.781e-14 9.105e-07 7.262e-11 -8.268e-44 1.008e-10 1.124e-23 2.930e-15 
    logsumexp: -7.871727466583252
    penalty: 1.2567635774612427
    loss: -4.604142189025879
  penalty parameter: 2.7
    z: 
    -3.065e-01 -7.220e-01 -9.809e-45 -2.173e-11 -5.307e-17 2.703e-05 -1.205e-43 -7.377e-01 -7.644e-02 -1.861e-12 
    -2.928e-11 -1.899e-06 5.413e-09 -9.238e-15 -2.861e-12 8.688e-44 -1.233e-43 -1.647e-12 9.899e-13 4.029e-09 
    5.464e-08 -2.059e-05 6.306e-44 2.820e-15 -3.023e-14 -7.620e-12 -1.801e-14 9.672e-10 1.126e-12 7.586e-09 
    1.936e-11 7.267e-05 -5.804e-15 3.236e-11 3.365e-14 1.293e-20 -1.439e-10 -3.805e-15 -2.371e-14 -4.133e-06 
    1.579e-25 -3.935e-14 -9.669e-44 -3.900e-06 -4.516e-06 -1.015e-14 -8.268e-44 -1.240e-10 1.417e-13 -8.120e-07 
    logsumexp: -7.629239082336426
    penalty: 1.1652257442474365
    loss: -4.483129501342773
  penalty parameter: 2.8000000000000003
    z: 
    -2.955e-01 -6.963e-01 -9.809e-45 -4.901e-12 6.874e-14 6.081e-16 -1.205e-43 -7.112e-01 -7.372e-02 7.873e-15 
    1.821e-09 -8.844e-16 9.795e-08 -2.531e-13 -9.187e-15 8.688e-44 -1.233e-43 -1.073e-14 -8.252e-15 -1.458e-15 
    -7.658e-11 4.705e-09 6.306e-44 -1.583e-13 7.392e-12 3.243e-24 6.100e-14 -4.259e-09 -1.916e-10 -3.599e-07 
    9.612e-12 9.886e-16 2.147e-13 -2.416e-07 -9.522e-15 -8.901e-14 -4.045e-10 -4.568e-13 3.539e-14 -1.196e-15 
    -5.357e-37 5.835e-16 -9.669e-44 -9.148e-15 -1.968e-08 -1.020e-11 -8.268e-44 5.135e-15 3.937e-06 -2.024e-11 
    logsumexp: -7.4041242599487305
    penalty: 1.083338975906372
    loss: -4.37077522277832
  penalty parameter: 2.9000000000000004
    z: 
    -2.853e-01 -6.724e-01 -9.809e-45 1.132e-14 3.984e-10 1.229e-13 -1.205e-43 -6.865e-01 -7.119e-02 1.142e-10 
    -1.999e-10 4.987e-07 7.489e-10 1.412e-14 -1.331e-13 8.688e-44 3.491e-14 7.387e-13 5.628e-11 7.239e-10 
    1.770e-11 4.193e-07 6.306e-44 -1.236e-12 1.380e-11 -6.694e-09 -6.854e-15 3.043e-11 -7.828e-15 -1.770e-06 
    3.906e-06 4.439e-13 1.541e-14 3.588e-15 -2.487e-12 -5.198e-11 1.937e-11 3.470e-13 2.386e-13 6.607e-12 
    3.632e-42 2.599e-14 -9.669e-44 2.575e-14 1.566e-07 -6.498e-12 -8.268e-44 -3.313e-11 -2.880e-15 9.662e-15 
    logsumexp: -7.19457483291626
    penalty: 1.0097899436950684
    loss: -4.266183853149414
  penalty parameter: 3.0
    z: 
    -2.757e-01 -6.501e-01 -9.809e-45 2.862e-10 -1.059e-08 7.965e-13 9.838e-15 -6.634e-01 -6.883e-02 5.137e-15 
    1.653e-05 3.699e-07 -9.214e-08 6.185e-12 -9.804e-15 8.688e-44 -1.241e-25 2.058e-16 -7.471e-10 -1.116e-08 
    6.703e-15 1.528e-05 6.306e-44 1.540e-14 -1.329e-10 5.871e-15 -5.012e-12 2.083e-05 7.883e-10 -9.077e-05 
    2.782e-15 -7.415e-12 -2.628e-13 -1.467e-09 1.086e-14 5.087e-15 1.287e-07 6.588e-15 -3.193e-14 -1.807e-11 
    -4.619e-42 -4.171e-11 -9.669e-44 -2.418e-08 2.921e-15 3.594e-05 -8.268e-44 2.633e-10 3.207e-07 -8.576e-09 
    logsumexp: -6.999033451080322
    penalty: 0.9434857368469238
    loss: -4.168576240539551
  penalty parameter: 3.1
    z: 
    -2.668e-01 -6.292e-01 -9.809e-45 -3.721e-08 2.042e-11 2.103e-14 7.122e-26 -6.419e-01 -6.662e-02 5.189e-12 
    -2.142e-15 1.869e-15 -2.898e-15 -2.770e-12 -2.840e-17 8.688e-44 2.029e-37 -3.457e-12 -3.362e-10 2.432e-10 
    -6.408e-13 -4.770e-05 6.306e-44 -1.091e-10 2.674e-15 -5.880e-15 4.761e-15 3.086e-09 -2.048e-08 1.952e-09 
    4.882e-10 -6.260e-15 -2.837e-14 3.837e-10 -5.389e-12 -4.212e-08 -4.043e-15 2.896e-11 2.387e-13 -9.191e-08 
    2.242e-44 -8.694e-16 -9.669e-44 5.903e-07 5.287e-11 7.046e-16 -8.268e-44 8.112e-12 3.631e-15 -4.800e-05 
    logsumexp: -6.816139221191406
    penalty: 0.8835043907165527
    loss: -4.07727575302124
  penalty parameter: 3.2
    z: 
    -2.584e-01 -6.096e-01 -9.809e-45 -5.475e-07 7.756e-05 2.219e-11 3.383e-37 -6.217e-01 -6.454e-02 9.928e-15 
    -6.428e-11 2.080e-07 -7.395e-13 -4.117e-08 -2.887e-14 8.688e-44 -8.674e-43 2.181e-15 9.518e-11 -2.797e-11 
    3.720e-12 5.797e-16 6.306e-44 -2.612e-10 -1.007e-09 -1.656e-06 2.479e-11 -1.122e-08 -2.015e-10 5.144e-06 
    -1.229e-08 -5.126e-11 -4.034e-13 8.407e-08 8.753e-15 -4.062e-15 -2.028e-10 -6.625e-11 -1.142e-11 1.388e-15 
    -1.529e-41 4.917e-11 -9.669e-44 -6.065e-07 -1.133e-10 -8.594e-13 -8.268e-44 9.564e-13 2.173e-12 -4.145e-14 
    logsumexp: -6.644703388214111
    penalty: 0.8290665745735168
    loss: -3.9916903972625732
  penalty parameter: 3.3000000000000003
    z: 
    -2.505e-01 -5.912e-01 -9.809e-45 8.357e-08 -1.684e-08 1.172e-11 -1.652e-42 -6.028e-01 -6.259e-02 -5.429e-10 
    -8.408e-10 -2.432e-04 -1.454e-10 3.780e-15 2.652e-12 8.688e-44 2.592e-42 -2.445e-09 1.003e-14 -1.582e-14 
    3.345e-12 -7.087e-14 6.306e-44 -9.003e-10 5.158e-08 -2.069e-11 8.592e-15 -2.196e-07 -9.448e-11 -1.031e-08 
    -1.592e-09 -1.445e-10 2.034e-10 3.069e-10 1.986e-12 6.218e-09 5.129e-09 1.296e-12 1.144e-15 -4.181e-11 
    3.646e-08 -6.861e-15 -9.669e-44 2.512e-08 -1.353e-10 2.840e-10 -8.268e-44 1.891e-14 -5.405e-15 -2.605e-14 
    logsumexp: -6.483683109283447
    penalty: 0.779509961605072
    loss: -3.9113001823425293
  penalty parameter: 3.4000000000000004
    z: 
    -2.431e-01 -5.738e-01 -9.809e-45 3.000e-10 -1.689e-07 -1.039e-11 -2.120e-42 -5.850e-01 -6.076e-02 4.268e-15 
    -1.641e-10 -1.844e-15 -8.238e-12 1.652e-10 1.081e-14 8.688e-44 -1.434e-42 -5.652e-15 2.749e-12 7.310e-14 
    1.584e-14 -1.899e-12 6.306e-44 1.385e-11 8.556e-09 -9.155e-15 -2.532e-11 3.788e-06 -3.134e-05 -3.212e-05 
    -2.774e-11 -7.085e-12 -1.218e-15 3.927e-06 -8.771e-16 -3.646e-15 -2.296e-09 -7.100e-12 4.391e-12 4.644e-09 
    1.703e-19 -9.412e-10 -9.669e-44 6.976e-12 -2.094e-04 7.694e-11 -8.268e-44 1.316e-11 -3.675e-10 -7.566e-10 
    logsumexp: -6.332154273986816
    penalty: 0.7342674732208252
    loss: -3.8356447219848633
  penalty parameter: 3.5
    z: 
    -2.361e-01 -5.575e-01 -9.809e-45 1.783e-06 -2.255e-10 -2.403e-09 4.040e-42 -5.682e-01 -5.903e-02 -7.829e-07 
    -1.129e-05 -2.467e-13 -6.786e-13 -3.793e-09 -7.831e-05 8.688e-44 1.037e-41 -5.356e-06 2.522e-12 1.144e-12 
    -9.206e-11 -1.122e-14 6.306e-44 -1.272e-11 -4.798e-11 -1.354e-08 -3.727e-15 -1.151e-15 2.432e-08 -1.405e-09 
    -1.126e-11 -2.634e-14 4.491e-12 -8.758e-10 -1.369e-12 -1.563e-09 -5.583e-11 1.342e-14 1.773e-11 -6.032e-10 
    2.939e-08 -5.886e-15 -9.669e-44 1.008e-04 3.651e-07 -8.751e-05 -8.268e-44 2.051e-10 -6.184e-15 -4.820e-08 
    logsumexp: -6.189304828643799
    penalty: 0.6928530931472778
    loss: -3.7643189430236816
  penalty parameter: 3.6
    z: 
    -2.296e-01 -5.421e-01 -9.809e-45 8.520e-10 -3.815e-15 2.345e-15 -1.947e-06 -5.523e-01 -5.739e-02 2.052e-16 
    -2.355e-15 -1.546e-12 -2.096e-14 -2.110e-11 -1.416e-15 8.688e-44 -5.119e-27 -9.073e-16 -7.375e-09 -1.032e-14 
    1.172e-09 7.607e-12 6.306e-44 -8.534e-15 -1.004e-05 -1.113e-05 2.413e-06 2.285e-13 -3.930e-05 5.942e-05 
    1.346e-14 9.517e-14 -2.367e-10 1.105e-04 -4.316e-15 3.339e-15 4.309e-05 5.373e-11 1.166e-11 -1.243e-11 
    9.647e-12 -8.895e-08 -9.669e-44 -9.340e-07 -2.413e-10 -1.726e-07 -8.268e-44 9.281e-12 3.751e-05 2.865e-09 
    logsumexp: -6.054407596588135
    penalty: 0.6548463106155396
    loss: -3.696960926055908
  penalty parameter: 3.7
    z: 
    -2.233e-01 -5.275e-01 -9.809e-45 1.174e-14 -5.811e-14 4.863e-11 -3.895e-18 -5.373e-01 -5.585e-02 -3.372e-04 
    5.702e-12 -9.475e-13 -1.993e-11 -3.318e-13 5.623e-05 8.688e-44 -8.908e-14 1.033e-04 5.717e-15 1.036e-11 
    1.131e-10 8.732e-11 6.306e-44 -2.111e-11 2.939e-11 -1.168e-05 6.316e-16 6.187e-12 1.041e-08 -2.394e-07 
    5.700e-11 -5.640e-14 1.192e-11 3.639e-07 -1.487e-06 -1.178e-05 -1.228e-08 -2.586e-10 -1.544e-15 -2.072e-10 
    -9.301e-15 4.046e-15 -2.362e-14 2.554e-09 1.796e-14 -3.295e-10 -8.268e-44 -7.543e-06 -2.194e-15 -2.274e-12 
    logsumexp: -5.926816463470459
    penalty: 0.6198832988739014
    loss: -3.6332483291625977
  penalty parameter: 3.8000000000000003
    z: 
    -2.174e-01 -5.136e-01 -9.809e-45 -6.463e-14 9.005e-12 -2.305e-10 2.134e-07 -5.231e-01 -5.438e-02 -2.142e-16 
    1.153e-10 1.964e-14 -6.995e-11 1.623e-11 1.378e-16 8.688e-44 1.044e-24 1.007e-15 -1.330e-11 -2.994e-10 
    2.189e-09 1.628e-11 6.306e-44 1.353e-10 -6.496e-05 -2.312e-07 6.224e-05 1.183e-14 -1.357e-05 1.507e-10 
    3.369e-10 1.261e-13 -1.687e-05 -1.788e-10 1.385e-15 -1.557e-15 -1.564e-04 1.580e-11 6.983e-13 9.268e-15 
    9.677e-08 2.109e-04 -2.922e-26 -1.612e-11 5.240e-14 1.448e-06 -8.268e-44 -1.361e-15 -1.189e-04 1.947e-05 
    logsumexp: -5.805953502655029
    penalty: 0.5876474380493164
    loss: -3.5728933811187744
  penalty parameter: 3.9000000000000004
    z: 
    -2.118e-01 -5.005e-01 -9.809e-45 -3.623e-13 3.199e-11 -5.690e-11 4.073e-17 -5.096e-01 -5.299e-02 -6.041e-10 
    -1.376e-11 1.857e-11 -6.006e-12 -8.032e-15 1.267e-12 8.688e-44 -2.854e-10 8.764e-11 1.212e-10 -1.217e-09 
    3.503e-15 1.019e-04 6.306e-44 4.229e-11 -9.188e-08 -3.850e-10 -6.032e-17 3.438e-12 5.011e-10 -7.479e-13 
    6.311e-11 -3.276e-14 -1.832e-07 -8.077e-06 -3.435e-04 2.413e-04 -4.719e-09 -4.548e-05 -1.249e-12 8.452e-11 
    -1.851e-08 4.034e-16 1.044e-37 -7.307e-10 -9.316e-13 -1.893e-08 -8.268e-44 -3.102e-11 -3.176e-16 -1.952e-15 
    logsumexp: -5.691300868988037
    penalty: 0.5578625202178955
    loss: -3.515636920928955
  penalty parameter: 4.0
    z: 
    -2.065e-01 -4.880e-01 -9.809e-45 -4.664e-14 4.859e-12 -8.048e-12 3.466e-13 -4.968e-01 -5.167e-02 6.838e-08 
    8.367e-05 3.851e-11 9.684e-11 1.674e-11 1.359e-12 8.688e-44 -3.699e-19 2.612e-09 -9.162e-12 7.247e-11 
    -1.785e-12 -1.122e-07 6.306e-44 -6.724e-11 -1.591e-10 -1.249e-05 5.605e-12 -2.547e-12 -1.027e-12 -1.502e-14 
    4.400e-07 -1.461e-12 -1.906e-10 1.078e-08 1.635e-15 -1.315e-15 2.554e-06 2.281e-08 -1.615e-14 -1.679e-10 
    4.812e-15 8.822e-07 -1.808e-43 -6.580e-15 -5.627e-13 1.348e-15 -8.268e-44 -1.522e-10 3.422e-12 -2.875e-11 
    logsumexp: -5.58239221572876
    penalty: 0.5302863121032715
    loss: -3.461246967315674
  penalty parameter: 4.1000000000000005
    z: 
    -2.015e-01 -4.761e-01 -9.809e-45 -4.884e-14 -2.292e-14 -9.951e-15 -2.312e-11 -4.846e-01 -5.041e-02 -3.657e-08 
    -2.173e-15 2.586e-12 -6.653e-15 -1.011e-11 -8.258e-13 -1.137e-14 1.135e-13 -1.298e-09 2.449e-11 1.465e-04 
    -4.473e-12 -4.723e-10 6.306e-44 5.966e-15 -8.744e-08 -4.636e-09 -2.270e-10 1.117e-12 9.793e-15 1.601e-11 
    -1.746e-15 -8.127e-13 -1.308e-12 1.706e-11 3.977e-11 -3.464e-11 -2.474e-08 4.726e-10 -2.506e-13 -3.128e-10 
    1.561e-08 -4.016e-13 2.618e-42 1.756e-11 -9.535e-15 7.643e-14 -8.268e-44 -7.883e-11 -2.023e-11 -7.837e-10 
    logsumexp: -5.478804588317871
    penalty: 0.5047052502632141
    loss: -3.409512996673584
  penalty parameter: 4.2
    z: 
    -1.966e-01 -4.648e-01 -9.809e-45 1.670e-13 1.876e-13 -4.616e-14 4.968e-12 -4.731e-01 -4.922e-02 -4.001e-09 
    6.253e-13 -1.842e-04 -4.459e-11 -6.192e-12 1.220e-14 8.871e-26 -5.579e-07 1.131e-11 5.684e-15 -2.552e-07 
    -1.863e-12 2.134e-14 6.306e-44 7.830e-13 -4.518e-15 5.234e-05 -4.879e-10 -1.345e-13 -5.433e-12 1.937e-11 
    -2.145e-12 -4.902e-14 -5.395e-15 2.919e-10 2.897e-10 -5.721e-10 6.183e-15 -1.154e-14 1.136e-10 3.178e-12 
    2.960e-06 4.582e-15 -2.634e-43 9.922e-11 -1.383e-13 2.488e-12 -8.268e-44 -4.627e-12 3.202e-12 -1.266e-10 
    logsumexp: -5.380159854888916
    penalty: 0.4809318780899048
    loss: -3.360245943069458
  penalty parameter: 4.3
    z: 
    -1.920e-01 -4.540e-01 -9.809e-45 -6.954e-14 1.415e-13 -2.066e-12 5.347e-11 -4.620e-01 -4.808e-02 -3.706e-11 
    1.468e-12 2.781e-07 4.012e-10 -3.488e-12 -1.825e-13 -2.090e-37 -9.058e-10 -6.595e-06 -4.147e-13 -1.069e-10 
    2.231e-10 3.411e-14 6.306e-44 -5.529e-13 1.604e-11 1.788e-15 2.132e-11 2.329e-14 -3.013e-11 1.431e-12 
    -3.984e-12 -8.522e-14 -5.085e-12 6.187e-15 -2.932e-10 1.487e-10 4.311e-13 2.282e-13 1.188e-14 3.314e-14 
    1.753e-05 2.665e-09 4.329e-42 1.119e-11 -5.390e-14 -1.412e-12 -2.378e-14 -1.549e-15 1.483e-12 -3.700e-12 
    logsumexp: -5.286109924316406
    penalty: 0.45879927277565
    loss: -3.3132729530334473
  penalty parameter: 4.4
    z: 
    -1.877e-01 -4.437e-01 -9.809e-45 -1.151e-11 -2.082e-13 -3.330e-11 9.607e-15 -4.515e-01 -4.699e-02 2.060e-05 
    2.432e-12 -1.289e-10 1.835e-10 2.178e-14 5.574e-14 2.789e-42 -6.878e-15 2.294e-08 5.666e-13 2.123e-07 
    2.193e-15 -4.823e-12 6.306e-44 3.359e-14 1.636e-10 4.239e-13 -6.411e-05 4.047e-13 3.961e-11 2.062e-15 
    -3.450e-13 1.947e-13 -8.137e-11 -1.687e-11 -4.018e-12 8.228e-11 -3.825e-13 3.103e-13 1.959e-12 -7.408e-14 
    6.461e-07 4.605e-07 -4.428e-43 1.399e-11 -1.453e-14 6.854e-13 -4.289e-26 4.469e-13 -2.777e-14 2.239e-04 
    logsumexp: -5.196341514587402
    penalty: 0.43816035985946655
    loss: -3.2684359550476074
  penalty parameter: 4.5
    z: 
    -1.835e-01 -4.339e-01 -9.809e-45 -1.001e-14 1.966e-14 -1.709e-12 -3.071e-12 -4.414e-01 -4.594e-02 2.352e-15 
    -2.629e-14 -2.410e-10 2.705e-11 1.347e-13 -9.751e-14 3.585e-42 6.944e-09 1.597e-11 -5.529e-14 3.540e-16 
    -9.237e-13 -7.343e-12 6.306e-44 -6.921e-14 -3.861e-11 -1.062e-12 -8.386e-08 -4.058e-14 -2.352e-12 1.473e-14 
    -7.950e-14 3.490e-13 -1.909e-11 3.270e-10 1.256e-11 6.828e-15 -1.003e-12 5.109e-14 -2.560e-12 -2.674e-13 
    4.168e-08 3.036e-07 -5.850e-11 1.553e-14 -1.207e-12 1.140e-14 -3.577e-37 -3.162e-13 -7.120e-14 2.998e-05 
    logsumexp: -5.110570430755615
    penalty: 0.41888341307640076
    loss: -3.225594997406006
  penalty parameter: 4.6000000000000005
    z: 
    -1.795e-01 -4.245e-01 -9.809e-45 2.655e-13 -1.124e-11 2.893e-11 1.191e-11 -4.318e-01 -4.495e-02 3.157e-12 
    -3.003e-13 2.872e-15 -2.046e-11 1.629e-14 -1.676e-13 -2.549e-42 9.358e-06 -4.820e-10 -1.667e-14 -1.746e-11 
    1.037e-11 2.091e-12 6.306e-44 2.029e-12 -3.370e-09 4.967e-12 7.386e-10 3.061e-14 -2.035e-14 1.562e-14 
    3.921e-14 2.019e-14 -2.007e-12 -1.776e-13 -1.357e-14 -9.430e-14 -2.026e-15 -6.206e-14 -1.467e-11 -1.322e-14 
    -1.609e-10 -3.327e-08 -2.365e-22 -2.496e-12 6.090e-12 -1.237e-11 8.604e-43 4.015e-14 1.128e-12 1.452e-07 
    logsumexp: -5.028533458709717
    penalty: 0.40085113048553467
    loss: -3.1846184730529785
  penalty parameter: 4.7
    z: 
    -1.757e-01 -4.155e-01 -9.809e-45 -1.162e-12 -7.647e-11 1.043e-14 -2.132e-12 -4.225e-01 -4.399e-02 -1.749e-11 
    5.247e-12 -4.765e-13 -1.362e-14 1.163e-13 9.982e-14 1.334e-42 2.974e-05 -7.553e-15 1.244e-13 3.242e-11 
    3.428e-12 3.934e-14 6.306e-44 1.302e-12 -7.700e-15 1.191e-14 1.143e-04 -4.132e-14 3.869e-14 -1.763e-14 
    -4.063e-12 -1.239e-12 -6.804e-14 -3.159e-11 -6.570e-13 6.128e-15 1.755e-13 -1.084e-13 -1.301e-14 2.326e-14 
    2.233e-05 2.080e-10 5.371e-10 -5.223e-12 2.730e-11 -4.532e-11 3.796e-42 -7.022e-13 1.059e-11 5.706e-10 
    logsumexp: -4.94999361038208
    penalty: 0.3839589059352875
    loss: -3.1453866958618164
  penalty parameter: 4.800000000000001
    z: 
    -1.720e-01 -4.069e-01 -9.809e-45 2.960e-11 1.138e-11 3.814e-13 -1.474e-11 -4.137e-01 -4.308e-02 -8.192e-12 
    -1.363e-14 5.991e-11 1.953e-15 6.895e-14 5.130e-13 5.124e-26 5.280e-07 2.132e-12 -2.266e-14 7.857e-11 
    -2.314e-07 1.014e-13 6.306e-44 -4.014e-11 -4.434e-13 -6.067e-15 -3.281e-08 -1.380e-12 -3.744e-13 3.187e-13 
    -2.996e-12 2.658e-13 4.025e-14 -1.304e-12 6.563e-13 4.357e-14 -7.078e-14 -4.008e-13 2.651e-12 6.460e-14 
    -2.488e-08 5.628e-05 -1.662e-17 6.164e-11 6.518e-15 -3.009e-11 -2.039e-42 6.578e-14 2.622e-12 1.962e-04 
    logsumexp: -4.874730587005615
    penalty: 0.3681122958660126
    loss: -3.1077914237976074
  penalty parameter: 4.9
    z: 
    -1.685e-01 -3.986e-01 -9.809e-45 -4.658e-15 -6.199e-08 1.389e-11 -7.843e-15 -4.052e-01 -4.220e-02 -6.307e-12 
    -8.158e-13 -5.097e-10 1.217e-12 6.970e-12 -2.055e-12 1.752e-13 1.291e-08 1.625e-11 -9.885e-14 -1.307e-11 
    3.418e-15 -2.149e-13 6.306e-44 -1.671e-14 -6.181e-13 4.217e-12 -3.194e-10 4.496e-12 9.720e-14 6.679e-15 
    -3.162e-10 -3.691e-11 2.146e-13 -3.083e-14 1.179e-14 1.841e-12 2.411e-13 -7.151e-13 -1.259e-11 -1.552e-11 
    -5.372e-05 8.650e-08 3.483e-14 -1.235e-14 -6.408e-13 -5.869e-07 1.826e-42 -5.183e-15 1.279e-09 -9.583e-05 
    logsumexp: -4.802544116973877
    penalty: 0.353226900100708
    loss: -3.07173228263855
  penalty parameter: 5.0
    z: 
    -1.651e-01 -3.906e-01 -9.809e-45 -2.385e-13 -5.514e-15 -2.421e-12 1.204e-12 -3.971e-01 -4.136e-02 -6.720e-14 
    6.393e-13 -2.947e-10 1.199e-10 -1.030e-11 1.583e-14 -1.777e-25 4.409e-11 2.774e-12 -8.545e-14 -1.291e-05 
    8.916e-13 4.648e-14 6.306e-44 5.615e-13 8.578e-15 -1.216e-12 -1.813e-13 -1.325e-14 7.676e-15 -1.275e-13 
    -4.191e-15 4.682e-15 1.589e-12 -4.140e-13 -2.456e-13 7.584e-12 -4.812e-14 -1.521e-14 2.767e-12 1.370e-14 
    -5.662e-15 8.875e-11 -9.444e-08 4.283e-13 -6.832e-13 -3.931e-15 2.061e-23 -1.064e-12 -7.284e-15 8.234e-06 
    logsumexp: -4.733248710632324
    penalty: 0.33922645449638367
    loss: -3.037116527557373
  penalty parameter: 5.1000000000000005
    z: 
    -1.618e-01 -3.830e-01 -9.809e-45 8.471e-13 -6.364e-13 2.983e-14 -3.767e-12 -3.893e-01 -4.055e-02 2.733e-14 
    7.288e-14 2.281e-12 4.312e-16 -9.378e-13 -1.104e-12 1.781e-09 -1.283e-13 3.248e-12 1.144e-14 -1.229e-15 
    6.177e-12 2.286e-13 6.306e-44 -1.510e-12 -4.325e-14 6.739e-14 -1.025e-14 -1.179e-12 3.425e-14 8.793e-14 
    3.934e-12 -8.786e-13 -2.601e-14 -5.010e-12 -5.394e-14 4.652e-12 -2.666e-13 -5.160e-13 -1.586e-15 3.604e-12 
    -6.629e-14 1.115e-05 8.368e-05 3.010e-13 -2.023e-15 4.040e-13 8.772e-14 -8.020e-13 1.020e-12 -1.695e-07 
    logsumexp: -4.666675567626953
    penalty: 0.32604220509529114
    loss: -3.0038604736328125
  penalty parameter: 5.2
    z: 
    -1.587e-01 -3.756e-01 -9.809e-45 1.109e-14 -1.907e-12 -1.900e-14 7.698e-11 -3.818e-01 -3.977e-02 -5.039e-13 
    8.406e-14 6.154e-05 -6.347e-13 6.946e-14 5.838e-13 -3.882e-18 -3.174e-14 1.797e-14 -9.955e-14 -5.777e-13 
    -4.371e-12 -6.296e-12 6.306e-44 3.968e-11 1.818e-13 4.323e-15 3.391e-12 -8.831e-12 -7.995e-14 -5.715e-14 
    -6.085e-12 3.755e-13 1.714e-13 1.168e-14 1.041e-13 -2.865e-13 -3.163e-14 -1.089e-11 5.800e-14 -2.343e-12 
    7.516e-12 5.582e-09 3.341e-06 1.942e-15 -7.116e-14 -4.104e-12 -5.362e-25 -4.927e-13 1.057e-13 -6.820e-11 
    logsumexp: -4.602665424346924
    penalty: 0.3136119544506073
    loss: -2.9718832969665527
  penalty parameter: 5.300000000000001
    z: 
    -1.557e-01 -3.685e-01 -9.809e-45 -6.286e-13 -3.235e-10 -5.956e-12 1.022e-14 -3.745e-01 -3.902e-02 4.083e-12 
    -1.298e-13 1.595e-07 7.126e-13 -3.237e-14 9.414e-14 6.326e-14 1.049e-12 -1.230e-12 -7.160e-14 -5.374e-13 
    9.062e-15 -1.960e-14 6.306e-44 -1.053e-14 -6.996e-14 3.308e-13 2.708e-13 7.275e-12 -3.983e-13 -4.041e-13 
    -4.756e-11 1.665e-14 1.182e-12 4.033e-13 5.348e-13 4.960e-14 -3.296e-14 -1.931e-14 -6.790e-13 -2.511e-12 
    -2.057e-11 1.971e-04 -1.219e-15 1.829e-13 6.348e-14 -9.675e-13 -5.409e-10 1.048e-13 3.032e-13 3.391e-06 
    logsumexp: -4.541073799133301
    penalty: 0.3018791675567627
    loss: -2.9411141872406006
  penalty parameter: 5.4
    z: 
    -1.528e-01 -3.617e-01 -9.809e-45 3.176e-13 -6.996e-15 -1.651e-11 3.514e-14 -3.676e-01 -3.830e-02 1.094e-14 
    9.090e-14 -8.425e-11 -9.802e-11 1.808e-13 -9.550e-14 3.785e-08 8.141e-13 -1.667e-12 1.080e-13 -3.282e-12 
    8.062e-14 -7.092e-14 6.306e-44 -3.455e-13 2.266e-13 3.690e-14 3.599e-12 -2.575e-10 2.500e-13 -8.703e-13 
    -9.829e-12 5.128e-14 2.332e-13 -3.404e-13 3.607e-11 -1.757e-13 7.440e-13 -7.478e-13 -4.291e-11 1.194e-12 
    -4.613e-12 1.482e-06 -1.496e-11 5.696e-14 6.845e-14 -1.669e-14 5.741e-19 -2.113e-14 -2.731e-14 1.103e-08 
    logsumexp: -4.481767654418945
    penalty: 0.29079297184944153
    loss: -2.9114856719970703
  penalty parameter: 5.5
    z: 
    -1.500e-01 -3.552e-01 -9.809e-45 3.609e-14 2.447e-13 3.843e-12 -4.791e-12 -3.609e-01 -3.761e-02 -8.529e-13 
    -3.421e-14 -4.681e-06 6.803e-15 3.429e-14 -2.754e-13 -4.538e-06 4.770e-08 7.963e-13 1.364e-14 -1.531e-12 
    -1.790e-13 -2.721e-12 6.306e-44 7.146e-12 -4.056e-14 -1.446e-13 -2.542e-14 -1.308e-14 -8.927e-14 -1.501e-11 
    -1.444e-04 1.332e-12 2.152e-14 -7.092e-13 -1.733e-14 6.266e-14 -2.430e-13 -5.587e-13 1.017e-14 1.716e-12 
    -6.631e-10 2.943e-09 4.089e-09 -2.115e-13 -2.206e-12 4.890e-14 -1.198e-13 1.714e-13 3.899e-13 -9.891e-07 
    logsumexp: -4.424620151519775
    penalty: 0.28030624985694885
    loss: -2.8829357624053955
  penalty parameter: 5.6000000000000005
    z: 
    -1.473e-01 -3.488e-01 -9.809e-45 -4.428e-13 -1.913e-12 -6.628e-07 -1.884e-14 -3.544e-01 -3.694e-02 1.067e-12 
    8.601e-14 1.281e-09 4.265e-13 -3.348e-16 4.803e-12 -6.011e-06 -2.036e-15 3.300e-14 -3.870e-13 6.359e-14 
    1.654e-14 -3.216e-12 2.530e-15 2.153e-14 2.166e-13 2.356e-13 -2.945e-13 2.286e-13 -5.466e-14 -3.551e-11 
    1.778e-07 4.813e-13 4.842e-13 1.962e-13 -3.255e-13 2.144e-14 3.360e-14 -3.049e-09 2.931e-13 2.804e-14 
    -3.176e-15 -4.516e-09 2.326e-08 4.685e-14 1.450e-12 1.387e-13 -1.141e-08 7.347e-14 6.969e-12 2.186e-16 
    logsumexp: -4.369516372680664
    penalty: 0.27037692070007324
    loss: -2.855405807495117
  penalty parameter: 5.7
    z: 
    -1.448e-01 -3.427e-01 -9.809e-45 4.764e-14 -3.125e-15 -2.592e-15 1.314e-13 -3.482e-01 -3.629e-02 -3.864e-11 
    1.255e-13 -2.469e-05 -5.296e-13 -1.345e-13 -1.134e-14 3.205e-05 1.920e-13 -1.287e-13 -2.495e-14 6.916e-14 
    -6.823e-14 -4.735e-15 4.290e-26 -5.704e-13 -1.737e-14 -5.031e-12 -1.707e-13 -1.270e-12 3.426e-14 -5.398e-12 
    1.169e-10 3.024e-14 -9.762e-13 7.479e-14 1.252e-12 -5.562e-13 8.176e-13 5.231e-15 -1.063e-11 5.627e-13 
    3.472e-14 -2.214e-14 -8.833e-09 1.195e-13 1.232e-08 6.062e-14 3.825e-05 -1.024e-13 -2.258e-14 -1.092e-13 
    logsumexp: -4.316347122192383
    penalty: 0.2609656751155853
    loss: -2.828842878341675
  penalty parameter: 5.800000000000001
    z: 
    -1.423e-01 -3.368e-01 -9.809e-45 7.056e-14 7.042e-14 -3.120e-13 -1.639e-12 -3.422e-01 -3.566e-02 -1.198e-15 
    -3.227e-14 -1.824e-08 -2.754e-14 5.462e-14 8.297e-13 -2.028e-06 -1.137e-12 3.572e-13 3.376e-13 3.091e-13 
    5.479e-13 -2.324e-13 5.797e-38 7.558e-13 2.508e-14 2.024e-14 -1.492e-12 -2.167e-14 -4.761e-14 -1.482e-13 
    1.438e-05 2.257e-13 -8.702e-14 -1.332e-13 2.454e-12 9.961e-13 8.985e-13 4.036e-13 1.412e-14 3.039e-13 
    7.161e-12 2.526e-14 -1.985e-10 4.646e-14 3.311e-15 -1.383e-12 -3.408e-06 3.080e-13 -6.640e-13 -2.941e-12 
    logsumexp: -4.2650146484375
    penalty: 0.25203755497932434
    loss: -2.803196907043457
  penalty parameter: 5.9
    z: 
    -1.398e-01 -3.311e-01 -9.809e-45 3.229e-13 8.620e-14 -6.795e-14 2.089e-14 -3.363e-01 -3.506e-02 -4.400e-13 
    2.848e-13 1.687e-10 7.914e-14 -1.690e-13 7.362e-13 -1.221e-08 -4.335e-14 3.210e-14 -1.936e-13 -1.246e-12 
    -4.878e-13 1.074e-13 -8.408e-43 4.622e-13 -9.677e-14 9.594e-14 6.238e-15 -1.756e-13 1.160e-13 -3.668e-14 
    -5.183e-09 1.084e-13 -3.639e-14 1.122e-13 2.913e-14 -3.163e-14 2.430e-11 1.730e-12 -6.886e-14 -5.998e-14 
    1.141e-11 2.334e-12 1.466e-11 3.954e-14 3.562e-13 -3.038e-12 1.407e-15 1.307e-11 -2.826e-13 1.455e-12 
    logsumexp: -4.215424537658691
    penalty: 0.24355995655059814
    loss: -2.778420925140381
STOP: PyTorch finished in 2.81132 secs, after 60 rounds.
