Starting log: Thu Apr 23 14:40:44 2026.
Running on: jasper.local.

<Version 2025.Apr.20.230900@jasper>
Reading config file drsk.conf.
LPFILE ../data/myblending1.lp
LOUDCONSTRAINTS 0
STRUCTFILE ../data/struct_myblending1.conf
PARAMFILE drskparams.conf
Reading LP ../data/myblending1.lp.
Number of variables = 10.
Done reading LP.
Now storing LP data.

Storing linear constraints; 9 in total.
Stored linear constraints with code 0.
Storing quadratic constraints; 0 in total.
Quad constraints read with code 0.
Reading structure file ../data/struct_myblending1.conf.
I = 5 budget = 0.5
Read structure.
Reading parameter file drskparams.conf.
tol 0.01
maxits 10
lambda_hi 0.6
lambda_lo 0.5
xi 0.02
Running Algo1.
Solving Model
  variables = 10
  constraints = 9
 OPTIMAL. optimal value: 4.8325e+02 in time 1.3230e-02
Optimal objective = 483.247
Optimal variable values:
x1 = 16.4706
x2 = 40
x8 = 40
x9 = 4.23529
4 nonzero variables in solution
Writing solution to file form_0.sol.
Getting impact at iteration_cnt 0 using style 0-norm_per.
>feat: 0  name: demand_A  numrisky: 10
 riskyterm: 0  z: z_dA1  card: 1  vars: ['x1']
 j 0 h 0 var = x1 xval = 16.47058823529415 coeff = 0.8
 -> displacement 0.000e+00
 riskyterm: 1  z: z_dA2  card: 1  vars: ['x2']
 j 1 h 0 var = x2 xval = 40.0 coeff = 0.6
 -> displacement 5.282e+00
 riskyterm: 2  z: z_dA3  card: 1  vars: ['x3']
 j 2 h 0 var = x3 xval = 0.0 coeff = 0.7
 -> displacement 0.000e+00
 riskyterm: 3  z: z_dA4  card: 1  vars: ['x4']
 j 3 h 0 var = x4 xval = 0.0 coeff = 0.9
 -> displacement 0.000e+00
 riskyterm: 4  z: z_dA5  card: 1  vars: ['x5']
 j 4 h 0 var = x5 xval = 0.0 coeff = 0.5
 -> displacement 0.000e+00
 riskyterm: 5  z: z_dA6  card: 1  vars: ['x6']
 j 5 h 0 var = x6 xval = 0.0 coeff = 0.6
 -> displacement 0.000e+00
 riskyterm: 6  z: z_dA7  card: 1  vars: ['x7']
 j 6 h 0 var = x7 xval = 0.0 coeff = 0.7
 -> displacement 0.000e+00
 riskyterm: 7  z: z_dA8  card: 1  vars: ['x8']
 j 7 h 0 var = x8 xval = 40.0 coeff = 0.8
 -> displacement 9.282e+00
 riskyterm: 8  z: z_dA9  card: 1  vars: ['x9']
 j 8 h 0 var = x9 xval = 4.235294117647023 coeff = 0.6
 -> displacement 0.000e+00
 riskyterm: 9  z: z_dA10  card: 1  vars: ['x10']
 j 9 h 0 var = x10 xval = 0.0 coeff = 0.7
 -> displacement 0.000e+00
 feat: demand_A (>)  L0norm: 9.28235  L1norm: 14.5647  L2norm: 10.6801
>feat: 1  name: demand_B  numrisky: 10
 riskyterm: 0  z: z_dB1  card: 1  vars: ['x1']
 j 0 h 0 var = x1 xval = 16.47058823529415 coeff = 0.5
 -> displacement 0.000e+00
 riskyterm: 1  z: z_dB2  card: 1  vars: ['x2']
 j 1 h 0 var = x2 xval = 40.0 coeff = 0.7
 -> displacement 9.800e+00
 riskyterm: 2  z: z_dB3  card: 1  vars: ['x3']
 j 2 h 0 var = x3 xval = 0.0 coeff = 0.6
 -> displacement 0.000e+00
 riskyterm: 3  z: z_dB4  card: 1  vars: ['x4']
 j 3 h 0 var = x4 xval = 0.0 coeff = 0.4
 -> displacement 0.000e+00
 riskyterm: 4  z: z_dB5  card: 1  vars: ['x5']
 j 4 h 0 var = x5 xval = 0.0 coeff = 0.8
 -> displacement 0.000e+00
 riskyterm: 5  z: z_dB6  card: 1  vars: ['x6']
 j 5 h 0 var = x6 xval = 0.0 coeff = 0.7
 -> displacement 0.000e+00
 riskyterm: 6  z: z_dB7  card: 1  vars: ['x7']
 j 6 h 0 var = x7 xval = 0.0 coeff = 0.6
 -> displacement 0.000e+00
 riskyterm: 7  z: z_dB8  card: 1  vars: ['x8']
 j 7 h 0 var = x8 xval = 40.0 coeff = 0.5
 -> displacement 5.800e+00
 riskyterm: 8  z: z_dB9  card: 1  vars: ['x9']
 j 8 h 0 var = x9 xval = 4.235294117647023 coeff = 0.7
 -> displacement 0.000e+00
 riskyterm: 9  z: z_dB10  card: 1  vars: ['x10']
 j 9 h 0 var = x10 xval = 0.0 coeff = 0.6
 -> displacement 0.000e+00
 feat: demand_B (>)  L0norm: 9.8  L1norm: 15.6  L2norm: 11.3877
>feat: 2  name: quality_1  numrisky: 10
 riskyterm: 0  z: z_q1,1  card: 1  vars: ['x1']
 j 0 h 0 var = x1 xval = 16.47058823529415 coeff = 0.92
 -> displacement 7.096e+00
 riskyterm: 1  z: z_q1,2  card: 1  vars: ['x2']
 j 1 h 0 var = x2 xval = 40.0 coeff = 0.88
 -> displacement 1.712e+01
 riskyterm: 2  z: z_q1,3  card: 1  vars: ['x3']
 j 2 h 0 var = x3 xval = 0.0 coeff = 0.95
 -> displacement 0.000e+00
 riskyterm: 3  z: z_q1,4  card: 1  vars: ['x4']
 j 3 h 0 var = x4 xval = 0.0 coeff = 0.9
 -> displacement 0.000e+00
 riskyterm: 4  z: z_q1,5  card: 1  vars: ['x5']
 j 4 h 0 var = x5 xval = 0.0 coeff = 0.87
 -> displacement 0.000e+00
 riskyterm: 5  z: z_q1,6  card: 1  vars: ['x6']
 j 5 h 0 var = x6 xval = 0.0 coeff = 0.93
 -> displacement 0.000e+00
 riskyterm: 6  z: z_q1,7  card: 1  vars: ['x7']
 j 6 h 0 var = x7 xval = 0.0 coeff = 0.89
 -> displacement 0.000e+00
 riskyterm: 7  z: z_q1,8  card: 1  vars: ['x8']
 j 7 h 0 var = x8 xval = 40.0 coeff = 0.91
 -> displacement 1.772e+01
 riskyterm: 8  z: z_q1,9  card: 1  vars: ['x9']
 j 8 h 0 var = x9 xval = 4.235294117647023 coeff = 0.88
 -> displacement 1.384e+00
 riskyterm: 9  z: z_q1,10  card: 1  vars: ['x10']
 j 9 h 0 var = x10 xval = 0.0 coeff = 0.94
 -> displacement 0.000e+00
 feat: quality_1 (>)  L0norm: 17.72  L1norm: 43.32  L2norm: 25.6781
>feat: 3  name: quality_2  numrisky: 10
 riskyterm: 0  z: z_q2,1  card: 1  vars: ['x1']
 j 0 h 0 var = x1 xval = 16.47058823529415 coeff = 0.55
 -> displacement 4.529e+00
 riskyterm: 1  z: z_q2,2  card: 1  vars: ['x2']
 j 1 h 0 var = x2 xval = 40.0 coeff = 0.6
 -> displacement 1.200e+01
 riskyterm: 2  z: z_q2,3  card: 1  vars: ['x3']
 j 2 h 0 var = x3 xval = 0.0 coeff = 0.58
 -> displacement 0.000e+00
 riskyterm: 3  z: z_q2,4  card: 1  vars: ['x4']
 j 3 h 0 var = x4 xval = 0.0 coeff = 0.62
 -> displacement 0.000e+00
 riskyterm: 4  z: z_q2,5  card: 1  vars: ['x5']
 j 4 h 0 var = x5 xval = 0.0 coeff = 0.57
 -> displacement 0.000e+00
 riskyterm: 5  z: z_q2,6  card: 1  vars: ['x6']
 j 5 h 0 var = x6 xval = 0.0 coeff = 0.59
 -> displacement 0.000e+00
 riskyterm: 6  z: z_q2,7  card: 1  vars: ['x7']
 j 6 h 0 var = x7 xval = 0.0 coeff = 0.61
 -> displacement 0.000e+00
 riskyterm: 7  z: z_q2,8  card: 1  vars: ['x8']
 j 7 h 0 var = x8 xval = 40.0 coeff = 0.56
 -> displacement 1.120e+01
 riskyterm: 8  z: z_q2,9  card: 1  vars: ['x9']
 j 8 h 0 var = x9 xval = 4.235294117647023 coeff = 0.6
 -> displacement 1.271e+00
 riskyterm: 9  z: z_q2,10  card: 1  vars: ['x10']
 j 9 h 0 var = x10 xval = 0.0 coeff = 0.58
 -> displacement 0.000e+00
 feat: quality_2 (>)  L0norm: 12  L1norm: 29  L2norm: 17.0754
>feat: 4  name: quality_3  numrisky: 10
 riskyterm: 0  z: z_q3,1  card: 1  vars: ['x1']
 j 0 h 0 var = x1 xval = 16.47058823529415 coeff = 1.2
 -> displacement 9.882e+00
 riskyterm: 1  z: z_q3,2  card: 1  vars: ['x2']
 j 1 h 0 var = x2 xval = 40.0 coeff = 1.0
 -> displacement 2.000e+01
 riskyterm: 2  z: z_q3,3  card: 1  vars: ['x3']
 j 2 h 0 var = x3 xval = 0.0 coeff = 1.3
 -> displacement 0.000e+00
 riskyterm: 3  z: z_q3,4  card: 1  vars: ['x4']
 j 3 h 0 var = x4 xval = 0.0 coeff = 1.1
 -> displacement 0.000e+00
 riskyterm: 4  z: z_q3,5  card: 1  vars: ['x5']
 j 4 h 0 var = x5 xval = 0.0 coeff = 0.9
 -> displacement 0.000e+00
 riskyterm: 5  z: z_q3,6  card: 1  vars: ['x6']
 j 5 h 0 var = x6 xval = 0.0 coeff = 1.25
 -> displacement 0.000e+00
 riskyterm: 6  z: z_q3,7  card: 1  vars: ['x7']
 j 6 h 0 var = x7 xval = 0.0 coeff = 1.05
 -> displacement 0.000e+00
 riskyterm: 7  z: z_q3,8  card: 1  vars: ['x8']
 j 7 h 0 var = x8 xval = 40.0 coeff = 1.15
 -> displacement 2.300e+01
 riskyterm: 8  z: z_q3,9  card: 1  vars: ['x9']
 j 8 h 0 var = x9 xval = 4.235294117647023 coeff = 1.0
 -> displacement 2.118e+00
 riskyterm: 9  z: z_q3,10  card: 1  vars: ['x10']
 j 9 h 0 var = x10 xval = 0.0 coeff = 1.2
 -> displacement 0.000e+00
 feat: quality_3 (>)  L0norm: 23  L1norm: 55  L2norm: 32.1115
Max feature value: 23 at 4  L1-norm: 55  L2-norm: 32.1115.
Counter: 0  feature: 4  delta: 2.300e+01  ind: 7
Counter: 1  feature: 2  delta: 1.772e+01  ind: 7
Counter: 2  feature: 3  delta: 1.200e+01  ind: 1
Counter: 3  feature: 1  delta: 9.800e+00  ind: 1
Counter: 4  feature: 0  delta: 9.282e+00  ind: 7
Iteration 0.  Obj 483.25  Cost 483.25  IMP 0  Max-Impact 23.
