Starting log: Tue Apr 21 11:47:09 2026.
Running on: jasper.local.

<Version 2025.Apr.20.230900@jasper>
Reading config file drsk.conf.
LPFILE ../data/myblending1.lp
LOUDCONSTRAINTS 0
STRUCTFILE ../data/struct_myblending1.conf
PARAMFILE drskparams.conf
Reading LP ../data/myblending1.lp.
Number of variables = 10.
Done reading LP.
Now storing LP data.

Storing linear constraints; 9 in total.
Stored linear constraints with code 0.
Storing quadratic constraints; 0 in total.
Quad constraints read with code 0.
Reading structure file ../data/struct_myblending1.conf.
I = 5 budget = 0.5
Read structure.
Reading parameter file drskparams.conf.
tol 0.01
maxits 5
lambda_hi 0.75
lambda_lo 0.6
xi 0.01
Running Algo1.
Solving Model
  variables = 10
  constraints = 9
 OPTIMAL. optimal value: 4.8325e+02 in time 1.0521e-02
Optimal objective = 483.247
Optimal variable values:
x1 = 16.4706
x2 = 40
x8 = 40
x9 = 4.23529
4 nonzero variables in solution
Writing solution to file form_0.sol.
Getting impact at iteration_cnt 0 using style 0-norm_per.
>feat: 0  name: demand_A  numrisky: 10
 riskyterm: 0  z: z_dA1  card: 1  vars: ['x1']
 j 0 h 0 var = x1 xval = 16.47058823529415 coeff = 0.8
 -> displacement 0.000e+00
 riskyterm: 1  z: z_dA2  card: 1  vars: ['x2']
 j 1 h 0 var = x2 xval = 40.0 coeff = 0.6
 -> displacement 5.282e+00
 riskyterm: 2  z: z_dA3  card: 1  vars: ['x3']
 j 2 h 0 var = x3 xval = 0.0 coeff = 0.7
 -> displacement 0.000e+00
 riskyterm: 3  z: z_dA4  card: 1  vars: ['x4']
 j 3 h 0 var = x4 xval = 0.0 coeff = 0.9
 -> displacement 0.000e+00
 riskyterm: 4  z: z_dA5  card: 1  vars: ['x5']
 j 4 h 0 var = x5 xval = 0.0 coeff = 0.5
 -> displacement 0.000e+00
 riskyterm: 5  z: z_dA6  card: 1  vars: ['x6']
 j 5 h 0 var = x6 xval = 0.0 coeff = 0.6
 -> displacement 0.000e+00
 riskyterm: 6  z: z_dA7  card: 1  vars: ['x7']
 j 6 h 0 var = x7 xval = 0.0 coeff = 0.7
 -> displacement 0.000e+00
 riskyterm: 7  z: z_dA8  card: 1  vars: ['x8']
 j 7 h 0 var = x8 xval = 40.0 coeff = 0.8
 -> displacement 9.282e+00
 riskyterm: 8  z: z_dA9  card: 1  vars: ['x9']
 j 8 h 0 var = x9 xval = 4.235294117647023 coeff = 0.6
 -> displacement 0.000e+00
 riskyterm: 9  z: z_dA10  card: 1  vars: ['x10']
 j 9 h 0 var = x10 xval = 0.0 coeff = 0.7
 -> displacement 0.000e+00
 feat: demand_A (>)  L0norm: 9.28235  L1norm: 14.5647  L2norm: 10.6801
>feat: 1  name: demand_B  numrisky: 10
 riskyterm: 0  z: z_dB1  card: 1  vars: ['x1']
 j 0 h 0 var = x1 xval = 16.47058823529415 coeff = 0.5
 -> displacement 0.000e+00
 riskyterm: 1  z: z_dB2  card: 1  vars: ['x2']
 j 1 h 0 var = x2 xval = 40.0 coeff = 0.7
 -> displacement 9.800e+00
 riskyterm: 2  z: z_dB3  card: 1  vars: ['x3']
 j 2 h 0 var = x3 xval = 0.0 coeff = 0.6
 -> displacement 0.000e+00
 riskyterm: 3  z: z_dB4  card: 1  vars: ['x4']
 j 3 h 0 var = x4 xval = 0.0 coeff = 0.4
 -> displacement 0.000e+00
 riskyterm: 4  z: z_dB5  card: 1  vars: ['x5']
 j 4 h 0 var = x5 xval = 0.0 coeff = 0.8
 -> displacement 0.000e+00
 riskyterm: 5  z: z_dB6  card: 1  vars: ['x6']
 j 5 h 0 var = x6 xval = 0.0 coeff = 0.7
 -> displacement 0.000e+00
 riskyterm: 6  z: z_dB7  card: 1  vars: ['x7']
 j 6 h 0 var = x7 xval = 0.0 coeff = 0.6
 -> displacement 0.000e+00
 riskyterm: 7  z: z_dB8  card: 1  vars: ['x8']
 j 7 h 0 var = x8 xval = 40.0 coeff = 0.5
 -> displacement 5.800e+00
 riskyterm: 8  z: z_dB9  card: 1  vars: ['x9']
 j 8 h 0 var = x9 xval = 4.235294117647023 coeff = 0.7
 -> displacement 0.000e+00
 riskyterm: 9  z: z_dB10  card: 1  vars: ['x10']
 j 9 h 0 var = x10 xval = 0.0 coeff = 0.6
 -> displacement 0.000e+00
 feat: demand_B (>)  L0norm: 9.8  L1norm: 15.6  L2norm: 11.3877
>feat: 2  name: quality_1  numrisky: 10
 riskyterm: 0  z: z_q1,1  card: 1  vars: ['x1']
 j 0 h 0 var = x1 xval = 16.47058823529415 coeff = 0.92
 -> displacement 7.096e+00
 riskyterm: 1  z: z_q1,2  card: 1  vars: ['x2']
 j 1 h 0 var = x2 xval = 40.0 coeff = 0.88
 -> displacement 1.712e+01
 riskyterm: 2  z: z_q1,3  card: 1  vars: ['x3']
 j 2 h 0 var = x3 xval = 0.0 coeff = 0.95
 -> displacement 0.000e+00
 riskyterm: 3  z: z_q1,4  card: 1  vars: ['x4']
 j 3 h 0 var = x4 xval = 0.0 coeff = 0.9
 -> displacement 0.000e+00
 riskyterm: 4  z: z_q1,5  card: 1  vars: ['x5']
 j 4 h 0 var = x5 xval = 0.0 coeff = 0.87
 -> displacement 0.000e+00
 riskyterm: 5  z: z_q1,6  card: 1  vars: ['x6']
 j 5 h 0 var = x6 xval = 0.0 coeff = 0.93
 -> displacement 0.000e+00
 riskyterm: 6  z: z_q1,7  card: 1  vars: ['x7']
 j 6 h 0 var = x7 xval = 0.0 coeff = 0.89
 -> displacement 0.000e+00
 riskyterm: 7  z: z_q1,8  card: 1  vars: ['x8']
 j 7 h 0 var = x8 xval = 40.0 coeff = 0.91
 -> displacement 1.772e+01
 riskyterm: 8  z: z_q1,9  card: 1  vars: ['x9']
 j 8 h 0 var = x9 xval = 4.235294117647023 coeff = 0.88
 -> displacement 1.384e+00
 riskyterm: 9  z: z_q1,10  card: 1  vars: ['x10']
 j 9 h 0 var = x10 xval = 0.0 coeff = 0.94
 -> displacement 0.000e+00
 feat: quality_1 (>)  L0norm: 17.72  L1norm: 43.32  L2norm: 25.6781
>feat: 3  name: quality_2  numrisky: 10
 riskyterm: 0  z: z_q2,1  card: 1  vars: ['x1']
 j 0 h 0 var = x1 xval = 16.47058823529415 coeff = 0.55
 -> displacement 4.529e+00
 riskyterm: 1  z: z_q2,2  card: 1  vars: ['x2']
 j 1 h 0 var = x2 xval = 40.0 coeff = 0.6
 -> displacement 1.200e+01
 riskyterm: 2  z: z_q2,3  card: 1  vars: ['x3']
 j 2 h 0 var = x3 xval = 0.0 coeff = 0.58
 -> displacement 0.000e+00
 riskyterm: 3  z: z_q2,4  card: 1  vars: ['x4']
 j 3 h 0 var = x4 xval = 0.0 coeff = 0.62
 -> displacement 0.000e+00
 riskyterm: 4  z: z_q2,5  card: 1  vars: ['x5']
 j 4 h 0 var = x5 xval = 0.0 coeff = 0.57
 -> displacement 0.000e+00
 riskyterm: 5  z: z_q2,6  card: 1  vars: ['x6']
 j 5 h 0 var = x6 xval = 0.0 coeff = 0.59
 -> displacement 0.000e+00
 riskyterm: 6  z: z_q2,7  card: 1  vars: ['x7']
 j 6 h 0 var = x7 xval = 0.0 coeff = 0.61
 -> displacement 0.000e+00
 riskyterm: 7  z: z_q2,8  card: 1  vars: ['x8']
 j 7 h 0 var = x8 xval = 40.0 coeff = 0.56
 -> displacement 1.120e+01
 riskyterm: 8  z: z_q2,9  card: 1  vars: ['x9']
 j 8 h 0 var = x9 xval = 4.235294117647023 coeff = 0.6
 -> displacement 1.271e+00
 riskyterm: 9  z: z_q2,10  card: 1  vars: ['x10']
 j 9 h 0 var = x10 xval = 0.0 coeff = 0.58
 -> displacement 0.000e+00
 feat: quality_2 (>)  L0norm: 12  L1norm: 29  L2norm: 17.0754
>feat: 4  name: quality_3  numrisky: 10
 riskyterm: 0  z: z_q3,1  card: 1  vars: ['x1']
 j 0 h 0 var = x1 xval = 16.47058823529415 coeff = 1.2
 -> displacement 9.882e+00
 riskyterm: 1  z: z_q3,2  card: 1  vars: ['x2']
 j 1 h 0 var = x2 xval = 40.0 coeff = 1.0
 -> displacement 2.000e+01
 riskyterm: 2  z: z_q3,3  card: 1  vars: ['x3']
 j 2 h 0 var = x3 xval = 0.0 coeff = 1.3
 -> displacement 0.000e+00
 riskyterm: 3  z: z_q3,4  card: 1  vars: ['x4']
 j 3 h 0 var = x4 xval = 0.0 coeff = 1.1
 -> displacement 0.000e+00
 riskyterm: 4  z: z_q3,5  card: 1  vars: ['x5']
 j 4 h 0 var = x5 xval = 0.0 coeff = 0.9
 -> displacement 0.000e+00
 riskyterm: 5  z: z_q3,6  card: 1  vars: ['x6']
 j 5 h 0 var = x6 xval = 0.0 coeff = 1.25
 -> displacement 0.000e+00
 riskyterm: 6  z: z_q3,7  card: 1  vars: ['x7']
 j 6 h 0 var = x7 xval = 0.0 coeff = 1.05
 -> displacement 0.000e+00
 riskyterm: 7  z: z_q3,8  card: 1  vars: ['x8']
 j 7 h 0 var = x8 xval = 40.0 coeff = 1.15
 -> displacement 2.300e+01
 riskyterm: 8  z: z_q3,9  card: 1  vars: ['x9']
 j 8 h 0 var = x9 xval = 4.235294117647023 coeff = 1.0
 -> displacement 2.118e+00
 riskyterm: 9  z: z_q3,10  card: 1  vars: ['x10']
 j 9 h 0 var = x10 xval = 0.0 coeff = 1.2
 -> displacement 0.000e+00
 feat: quality_3 (>)  L0norm: 23  L1norm: 55  L2norm: 32.1115
Max feature value: 23 at 4  L1-norm: 55  L2-norm: 32.1115.
Counter: 0  feature: 4  delta: 2.300e+01  ind: 7
Counter: 1  feature: 2  delta: 1.772e+01  ind: 7
Counter: 2  feature: 3  delta: 1.200e+01  ind: 1
Counter: 3  feature: 1  delta: 9.800e+00  ind: 1
Counter: 4  feature: 0  delta: 9.282e+00  ind: 7
Iteration 0.  Obj 483.25  Cost 483.25  IMP 0  Max-Impact 23.
Adding impact variable with Theta 1.40072.
  NOTDONE: keep running.
Adding greedy cuts at iteration_cnt 0.
Writing LP to file form_1.lp.
Solving Model
  variables = 12
  constraints = 11
 OPTIMAL. optimal value: 5.1396e+02 in time 8.9288e-04
Optimal objective = 513.958
Optimal variable values:
x1 = 40
x2 = 20
x8 = 9.23077
x9 = 31.3846
IMP = 5.30769
phifunc_4_7 = 5.30769
6 nonzero variables in solution
Writing solution to file form_1.sol.
Getting impact at iteration_cnt 1 using style 0-norm_per.
>feat: 0  name: demand_A  numrisky: 10
 riskyterm: 0  z: z_dA1  card: 1  vars: ['x1']
 j 0 h 0 var = x1 xval = 40.0 coeff = 0.8
 -> displacement 1.078e+01
 riskyterm: 1  z: z_dA2  card: 1  vars: ['x2']
 j 1 h 0 var = x2 xval = 20.0 coeff = 0.6
 -> displacement 7.846e-01
 riskyterm: 2  z: z_dA3  card: 1  vars: ['x3']
 j 2 h 0 var = x3 xval = 0.0 coeff = 0.7
 -> displacement 0.000e+00
 riskyterm: 3  z: z_dA4  card: 1  vars: ['x4']
 j 3 h 0 var = x4 xval = 0.0 coeff = 0.9
 -> displacement 0.000e+00
 riskyterm: 4  z: z_dA5  card: 1  vars: ['x5']
 j 4 h 0 var = x5 xval = 0.0 coeff = 0.5
 -> displacement 0.000e+00
 riskyterm: 5  z: z_dA6  card: 1  vars: ['x6']
 j 5 h 0 var = x6 xval = 0.0 coeff = 0.6
 -> displacement 0.000e+00
 riskyterm: 6  z: z_dA7  card: 1  vars: ['x7']
 j 6 h 0 var = x7 xval = 0.0 coeff = 0.7
 -> displacement 0.000e+00
 riskyterm: 7  z: z_dA8  card: 1  vars: ['x8']
 j 7 h 0 var = x8 xval = 9.230769230769232 coeff = 0.8
 -> displacement 0.000e+00
 riskyterm: 8  z: z_dA9  card: 1  vars: ['x9']
 j 8 h 0 var = x9 xval = 31.384615384615387 coeff = 0.6
 -> displacement 4.200e+00
 riskyterm: 9  z: z_dA10  card: 1  vars: ['x10']
 j 9 h 0 var = x10 xval = 0.0 coeff = 0.7
 -> displacement 0.000e+00
 feat: demand_A (>)  L0norm: 10.7846  L1norm: 15.7692  L2norm: 11.6002
>feat: 1  name: demand_B  numrisky: 10
 riskyterm: 0  z: z_dB1  card: 1  vars: ['x1']
 j 0 h 0 var = x1 xval = 40.0 coeff = 0.5
 -> displacement 4.415e+00
 riskyterm: 1  z: z_dB2  card: 1  vars: ['x2']
 j 1 h 0 var = x2 xval = 20.0 coeff = 0.7
 -> displacement 1.415e+00
 riskyterm: 2  z: z_dB3  card: 1  vars: ['x3']
 j 2 h 0 var = x3 xval = 0.0 coeff = 0.6
 -> displacement 0.000e+00
 riskyterm: 3  z: z_dB4  card: 1  vars: ['x4']
 j 3 h 0 var = x4 xval = 0.0 coeff = 0.4
 -> displacement 0.000e+00
 riskyterm: 4  z: z_dB5  card: 1  vars: ['x5']
 j 4 h 0 var = x5 xval = 0.0 coeff = 0.8
 -> displacement 0.000e+00
 riskyterm: 5  z: z_dB6  card: 1  vars: ['x6']
 j 5 h 0 var = x6 xval = 0.0 coeff = 0.7
 -> displacement 0.000e+00
 riskyterm: 6  z: z_dB7  card: 1  vars: ['x7']
 j 6 h 0 var = x7 xval = 0.0 coeff = 0.6
 -> displacement 0.000e+00
 riskyterm: 7  z: z_dB8  card: 1  vars: ['x8']
 j 7 h 0 var = x8 xval = 9.230769230769232 coeff = 0.5
 -> displacement 0.000e+00
 riskyterm: 8  z: z_dB9  card: 1  vars: ['x9']
 j 8 h 0 var = x9 xval = 31.384615384615387 coeff = 0.7
 -> displacement 5.400e+00
 riskyterm: 9  z: z_dB10  card: 1  vars: ['x10']
 j 9 h 0 var = x10 xval = 0.0 coeff = 0.6
 -> displacement 0.000e+00
 feat: demand_B (>)  L0norm: 5.4  L1norm: 11.2308  L2norm: 7.11751
>feat: 2  name: quality_1  numrisky: 10
 riskyterm: 0  z: z_q1,1  card: 1  vars: ['x1']
 j 0 h 0 var = x1 xval = 40.0 coeff = 0.92
 -> displacement 1.798e+01
 riskyterm: 1  z: z_q1,2  card: 1  vars: ['x2']
 j 1 h 0 var = x2 xval = 20.0 coeff = 0.88
 -> displacement 8.382e+00
 riskyterm: 2  z: z_q1,3  card: 1  vars: ['x3']
 j 2 h 0 var = x3 xval = 0.0 coeff = 0.95
 -> displacement 0.000e+00
 riskyterm: 3  z: z_q1,4  card: 1  vars: ['x4']
 j 3 h 0 var = x4 xval = 0.0 coeff = 0.9
 -> displacement 0.000e+00
 riskyterm: 4  z: z_q1,5  card: 1  vars: ['x5']
 j 4 h 0 var = x5 xval = 0.0 coeff = 0.87
 -> displacement 0.000e+00
 riskyterm: 5  z: z_q1,6  card: 1  vars: ['x6']
 j 5 h 0 var = x6 xval = 0.0 coeff = 0.93
 -> displacement 0.000e+00
 riskyterm: 6  z: z_q1,7  card: 1  vars: ['x7']
 j 6 h 0 var = x7 xval = 0.0 coeff = 0.89
 -> displacement 0.000e+00
 riskyterm: 7  z: z_q1,8  card: 1  vars: ['x8']
 j 7 h 0 var = x8 xval = 9.230769230769232 coeff = 0.91
 -> displacement 3.782e+00
 riskyterm: 8  z: z_q1,9  card: 1  vars: ['x9']
 j 8 h 0 var = x9 xval = 31.384615384615387 coeff = 0.88
 -> displacement 1.339e+01
 riskyterm: 9  z: z_q1,10  card: 1  vars: ['x10']
 j 9 h 0 var = x10 xval = 0.0 coeff = 0.94
 -> displacement 0.000e+00
 feat: quality_1 (>)  L0norm: 17.9815  L1norm: 43.5354  L2norm: 24.2322
>feat: 3  name: quality_2  numrisky: 10
 riskyterm: 0  z: z_q2,1  card: 1  vars: ['x1']
 j 0 h 0 var = x1 xval = 40.0 coeff = 0.55
 -> displacement 1.100e+01
 riskyterm: 1  z: z_q2,2  card: 1  vars: ['x2']
 j 1 h 0 var = x2 xval = 20.0 coeff = 0.6
 -> displacement 6.000e+00
 riskyterm: 2  z: z_q2,3  card: 1  vars: ['x3']
 j 2 h 0 var = x3 xval = 0.0 coeff = 0.58
 -> displacement 0.000e+00
 riskyterm: 3  z: z_q2,4  card: 1  vars: ['x4']
 j 3 h 0 var = x4 xval = 0.0 coeff = 0.62
 -> displacement 0.000e+00
 riskyterm: 4  z: z_q2,5  card: 1  vars: ['x5']
 j 4 h 0 var = x5 xval = 0.0 coeff = 0.57
 -> displacement 0.000e+00
 riskyterm: 5  z: z_q2,6  card: 1  vars: ['x6']
 j 5 h 0 var = x6 xval = 0.0 coeff = 0.59
 -> displacement 0.000e+00
 riskyterm: 6  z: z_q2,7  card: 1  vars: ['x7']
 j 6 h 0 var = x7 xval = 0.0 coeff = 0.61
 -> displacement 0.000e+00
 riskyterm: 7  z: z_q2,8  card: 1  vars: ['x8']
 j 7 h 0 var = x8 xval = 9.230769230769232 coeff = 0.56
 -> displacement 2.585e+00
 riskyterm: 8  z: z_q2,9  card: 1  vars: ['x9']
 j 8 h 0 var = x9 xval = 31.384615384615387 coeff = 0.6
 -> displacement 9.415e+00
 riskyterm: 9  z: z_q2,10  card: 1  vars: ['x10']
 j 9 h 0 var = x10 xval = 0.0 coeff = 0.58
 -> displacement 0.000e+00
 feat: quality_2 (>)  L0norm: 11  L1norm: 29  L2norm: 15.8849
>feat: 4  name: quality_3  numrisky: 10
 riskyterm: 0  z: z_q3,1  card: 1  vars: ['x1']
 j 0 h 0 var = x1 xval = 40.0 coeff = 1.2
 -> displacement 2.400e+01
 riskyterm: 1  z: z_q3,2  card: 1  vars: ['x2']
 j 1 h 0 var = x2 xval = 20.0 coeff = 1.0
 -> displacement 1.000e+01
 riskyterm: 2  z: z_q3,3  card: 1  vars: ['x3']
 j 2 h 0 var = x3 xval = 0.0 coeff = 1.3
 -> displacement 0.000e+00
 riskyterm: 3  z: z_q3,4  card: 1  vars: ['x4']
 j 3 h 0 var = x4 xval = 0.0 coeff = 1.1
 -> displacement 0.000e+00
 riskyterm: 4  z: z_q3,5  card: 1  vars: ['x5']
 j 4 h 0 var = x5 xval = 0.0 coeff = 0.9
 -> displacement 0.000e+00
 riskyterm: 5  z: z_q3,6  card: 1  vars: ['x6']
 j 5 h 0 var = x6 xval = 0.0 coeff = 1.25
 -> displacement 0.000e+00
 riskyterm: 6  z: z_q3,7  card: 1  vars: ['x7']
 j 6 h 0 var = x7 xval = 0.0 coeff = 1.05
 -> displacement 0.000e+00
 riskyterm: 7  z: z_q3,8  card: 1  vars: ['x8']
 j 7 h 0 var = x8 xval = 9.230769230769232 coeff = 1.15
 -> displacement 5.308e+00
 riskyterm: 8  z: z_q3,9  card: 1  vars: ['x9']
 j 8 h 0 var = x9 xval = 31.384615384615387 coeff = 1.0
 -> displacement 1.569e+01
 riskyterm: 9  z: z_q3,10  card: 1  vars: ['x10']
 j 9 h 0 var = x10 xval = 0.0 coeff = 1.2
 -> displacement 0.000e+00
 feat: quality_3 (>)  L0norm: 24  L1norm: 55  L2norm: 30.8289
Max feature value: 24 at 4  L1-norm: 55  L2-norm: 30.8289.
Counter: 0  feature: 4  delta: 2.400e+01  ind: 0
Counter: 1  feature: 2  delta: 1.798e+01  ind: 0
Counter: 2  feature: 3  delta: 1.100e+01  ind: 0
Counter: 3  feature: 0  delta: 1.078e+01  ind: 0
Counter: 4  feature: 1  delta: 5.400e+00  ind: 8
Iteration 1.  Obj 513.96  Cost 506.52  IMP 5.3077  Max-Impact 24.
  NOTDONE: keep running.
Adding greedy cuts at iteration_cnt 1.
Writing LP to file form_2.lp.
Solving Model
  variables = 13
  constraints = 13
 OPTIMAL. optimal value: 5.1422e+02 in time 8.4400e-04
Optimal objective = 514.22
Optimal variable values:
x1 = 26.1735
x2 = 33.8265
x8 = 27.3115
x9 = 13.357
IMP = 15.7041
phifunc_4_7 = 15.7041
phifunc_4_0 = 15.7041
7 nonzero variables in solution
Writing solution to file form_2.sol.
Getting impact at iteration_cnt 2 using style 0-norm_per.
>feat: 0  name: demand_A  numrisky: 10
 riskyterm: 0  z: z_dA1  card: 1  vars: ['x1']
 j 0 h 0 var = x1 xval = 26.173541963015666 coeff = 0.8
 -> displacement 4.371e+00
 riskyterm: 1  z: z_dA2  card: 1  vars: ['x2']
 j 1 h 0 var = x2 xval = 33.826458036984334 coeff = 0.6
 -> displacement 4.050e+00
 riskyterm: 2  z: z_dA3  card: 1  vars: ['x3']
 j 2 h 0 var = x3 xval = 0.0 coeff = 0.7
 -> displacement 0.000e+00
 riskyterm: 3  z: z_dA4  card: 1  vars: ['x4']
 j 3 h 0 var = x4 xval = 0.0 coeff = 0.9
 -> displacement 0.000e+00
 riskyterm: 4  z: z_dA5  card: 1  vars: ['x5']
 j 4 h 0 var = x5 xval = 0.0 coeff = 0.5
 -> displacement 0.000e+00
 riskyterm: 5  z: z_dA6  card: 1  vars: ['x6']
 j 5 h 0 var = x6 xval = 0.0 coeff = 0.6
 -> displacement 0.000e+00
 riskyterm: 6  z: z_dA7  card: 1  vars: ['x7']
 j 6 h 0 var = x7 xval = 0.0 coeff = 0.7
 -> displacement 0.000e+00
 riskyterm: 7  z: z_dA8  card: 1  vars: ['x8']
 j 7 h 0 var = x8 xval = 27.311522048364175 coeff = 0.8
 -> displacement 4.826e+00
 riskyterm: 8  z: z_dA9  card: 1  vars: ['x9']
 j 8 h 0 var = x9 xval = 13.357041251778073 coeff = 0.6
 -> displacement 0.000e+00
 riskyterm: 9  z: z_dA10  card: 1  vars: ['x10']
 j 9 h 0 var = x10 xval = 0.0 coeff = 0.7
 -> displacement 0.000e+00
 feat: demand_A (>)  L0norm: 4.82646  L1norm: 13.2475  L2norm: 7.66834
>feat: 1  name: demand_B  numrisky: 10
 riskyterm: 0  z: z_dB1  card: 1  vars: ['x1']
 j 0 h 0 var = x1 xval = 26.173541963015666 coeff = 0.5
 -> displacement 1.772e+00
 riskyterm: 1  z: z_dB2  card: 1  vars: ['x2']
 j 1 h 0 var = x2 xval = 33.826458036984334 coeff = 0.7
 -> displacement 7.068e+00
 riskyterm: 2  z: z_dB3  card: 1  vars: ['x3']
 j 2 h 0 var = x3 xval = 0.0 coeff = 0.6
 -> displacement 0.000e+00
 riskyterm: 3  z: z_dB4  card: 1  vars: ['x4']
 j 3 h 0 var = x4 xval = 0.0 coeff = 0.4
 -> displacement 0.000e+00
 riskyterm: 4  z: z_dB5  card: 1  vars: ['x5']
 j 4 h 0 var = x5 xval = 0.0 coeff = 0.8
 -> displacement 0.000e+00
 riskyterm: 5  z: z_dB6  card: 1  vars: ['x6']
 j 5 h 0 var = x6 xval = 0.0 coeff = 0.7
 -> displacement 0.000e+00
 riskyterm: 6  z: z_dB7  card: 1  vars: ['x7']
 j 6 h 0 var = x7 xval = 0.0 coeff = 0.6
 -> displacement 0.000e+00
 riskyterm: 7  z: z_dB8  card: 1  vars: ['x8']
 j 7 h 0 var = x8 xval = 27.311522048364175 coeff = 0.5
 -> displacement 2.057e+00
 riskyterm: 8  z: z_dB9  card: 1  vars: ['x9']
 j 8 h 0 var = x9 xval = 13.357041251778073 coeff = 0.7
 -> displacement 0.000e+00
 riskyterm: 9  z: z_dB10  card: 1  vars: ['x10']
 j 9 h 0 var = x10 xval = 0.0 coeff = 0.6
 -> displacement 0.000e+00
 feat: demand_B (>)  L0norm: 7.06828  L1norm: 10.8976  L2norm: 7.57184
>feat: 2  name: quality_1  numrisky: 10
 riskyterm: 0  z: z_q1,1  card: 1  vars: ['x1']
 j 0 h 0 var = x1 xval = 26.173541963015666 coeff = 0.92
 -> displacement 1.159e+01
 riskyterm: 1  z: z_q1,2  card: 1  vars: ['x2']
 j 1 h 0 var = x2 xval = 33.826458036984334 coeff = 0.88
 -> displacement 1.443e+01
 riskyterm: 2  z: z_q1,3  card: 1  vars: ['x3']
 j 2 h 0 var = x3 xval = 0.0 coeff = 0.95
 -> displacement 0.000e+00
 riskyterm: 3  z: z_q1,4  card: 1  vars: ['x4']
 j 3 h 0 var = x4 xval = 0.0 coeff = 0.9
 -> displacement 0.000e+00
 riskyterm: 4  z: z_q1,5  card: 1  vars: ['x5']
 j 4 h 0 var = x5 xval = 0.0 coeff = 0.87
 -> displacement 0.000e+00
 riskyterm: 5  z: z_q1,6  card: 1  vars: ['x6']
 j 5 h 0 var = x6 xval = 0.0 coeff = 0.93
 -> displacement 0.000e+00
 riskyterm: 6  z: z_q1,7  card: 1  vars: ['x7']
 j 6 h 0 var = x7 xval = 0.0 coeff = 0.89
 -> displacement 0.000e+00
 riskyterm: 7  z: z_q1,8  card: 1  vars: ['x8']
 j 7 h 0 var = x8 xval = 27.311522048364175 coeff = 0.91
 -> displacement 1.197e+01
 riskyterm: 8  z: z_q1,9  card: 1  vars: ['x9']
 j 8 h 0 var = x9 xval = 13.357041251778073 coeff = 0.88
 -> displacement 5.422e+00
 riskyterm: 9  z: z_q1,10  card: 1  vars: ['x10']
 j 9 h 0 var = x10 xval = 0.0 coeff = 0.94
 -> displacement 0.000e+00
 feat: quality_1 (>)  L0norm: 14.429  L1norm: 43.4088  L2norm: 22.6969
>feat: 3  name: quality_2  numrisky: 10
 riskyterm: 0  z: z_q2,1  card: 1  vars: ['x1']
 j 0 h 0 var = x1 xval = 26.173541963015666 coeff = 0.55
 -> displacement 7.198e+00
 riskyterm: 1  z: z_q2,2  card: 1  vars: ['x2']
 j 1 h 0 var = x2 xval = 33.826458036984334 coeff = 0.6
 -> displacement 1.015e+01
 riskyterm: 2  z: z_q2,3  card: 1  vars: ['x3']
 j 2 h 0 var = x3 xval = 0.0 coeff = 0.58
 -> displacement 0.000e+00
 riskyterm: 3  z: z_q2,4  card: 1  vars: ['x4']
 j 3 h 0 var = x4 xval = 0.0 coeff = 0.62
 -> displacement 0.000e+00
 riskyterm: 4  z: z_q2,5  card: 1  vars: ['x5']
 j 4 h 0 var = x5 xval = 0.0 coeff = 0.57
 -> displacement 0.000e+00
 riskyterm: 5  z: z_q2,6  card: 1  vars: ['x6']
 j 5 h 0 var = x6 xval = 0.0 coeff = 0.59
 -> displacement 0.000e+00
 riskyterm: 6  z: z_q2,7  card: 1  vars: ['x7']
 j 6 h 0 var = x7 xval = 0.0 coeff = 0.61
 -> displacement 0.000e+00
 riskyterm: 7  z: z_q2,8  card: 1  vars: ['x8']
 j 7 h 0 var = x8 xval = 27.311522048364175 coeff = 0.56
 -> displacement 7.647e+00
 riskyterm: 8  z: z_q2,9  card: 1  vars: ['x9']
 j 8 h 0 var = x9 xval = 13.357041251778073 coeff = 0.6
 -> displacement 4.007e+00
 riskyterm: 9  z: z_q2,10  card: 1  vars: ['x10']
 j 9 h 0 var = x10 xval = 0.0 coeff = 0.58
 -> displacement 0.000e+00
 feat: quality_2 (>)  L0norm: 10.1479  L1norm: 29  L2norm: 15.1435
>feat: 4  name: quality_3  numrisky: 10
 riskyterm: 0  z: z_q3,1  card: 1  vars: ['x1']
 j 0 h 0 var = x1 xval = 26.173541963015666 coeff = 1.2
 -> displacement 1.570e+01
 riskyterm: 1  z: z_q3,2  card: 1  vars: ['x2']
 j 1 h 0 var = x2 xval = 33.826458036984334 coeff = 1.0
 -> displacement 1.691e+01
 riskyterm: 2  z: z_q3,3  card: 1  vars: ['x3']
 j 2 h 0 var = x3 xval = 0.0 coeff = 1.3
 -> displacement 0.000e+00
 riskyterm: 3  z: z_q3,4  card: 1  vars: ['x4']
 j 3 h 0 var = x4 xval = 0.0 coeff = 1.1
 -> displacement 0.000e+00
 riskyterm: 4  z: z_q3,5  card: 1  vars: ['x5']
 j 4 h 0 var = x5 xval = 0.0 coeff = 0.9
 -> displacement 0.000e+00
 riskyterm: 5  z: z_q3,6  card: 1  vars: ['x6']
 j 5 h 0 var = x6 xval = 0.0 coeff = 1.25
 -> displacement 0.000e+00
 riskyterm: 6  z: z_q3,7  card: 1  vars: ['x7']
 j 6 h 0 var = x7 xval = 0.0 coeff = 1.05
 -> displacement 0.000e+00
 riskyterm: 7  z: z_q3,8  card: 1  vars: ['x8']
 j 7 h 0 var = x8 xval = 27.311522048364175 coeff = 1.15
 -> displacement 1.570e+01
 riskyterm: 8  z: z_q3,9  card: 1  vars: ['x9']
 j 8 h 0 var = x9 xval = 13.357041251778073 coeff = 1.0
 -> displacement 6.679e+00
 riskyterm: 9  z: z_q3,10  card: 1  vars: ['x10']
 j 9 h 0 var = x10 xval = 0.0 coeff = 1.2
 -> displacement 0.000e+00
 feat: quality_3 (>)  L0norm: 16.9132  L1norm: 55  L2norm: 28.7036
Max feature value: 16.9132 at 4  L1-norm: 55  L2-norm: 28.7036.
Counter: 0  feature: 4  delta: 1.691e+01  ind: 1
Counter: 1  feature: 2  delta: 1.443e+01  ind: 1
Counter: 2  feature: 3  delta: 1.015e+01  ind: 1
Counter: 3  feature: 1  delta: 7.068e+00  ind: 1
Counter: 4  feature: 0  delta: 4.826e+00  ind: 7
Iteration 2.  Obj 514.22  Cost 492.22  IMP 15.704  Max-Impact 16.913.
  DONE: Found solution with desired impact reduction and moderate cost increase
Objective Value, Cost, Impact, and Max-Impact per iteration:
  Iteration 0   Objval 483.2470588   Cost 483.2470588   IMP          0   Max-Impact         23
  Iteration 1   Objval 513.9576471   Cost 506.5230769   IMP 5.307692308   Max-Impact         24
  Iteration 2   Objval 514.2203498   Cost 492.2233286   IMP 15.70412518   Max-Impact 16.91322902
Skipping solution check

Closing log: Tue Apr 21 11:47:35 2026.
