starting log: Tue Jun  9 12:37:08 2026
running on: freestyle.local

Version <Wed.May.13.155121.2026@freestyle>
reading config file ac.conf
reading case file ../../data/case14.m
reading case file thru lines
found mpc.version on line 16
found mpc.baseMVA on line 20
 baseMVA: 100.0
found mpc.bus on line 24
 slack bus: 1
 Bus 1 ID 1 is the reference bus
found end of bus section on line 39
 sumloadPd 258.99999999999994 numPload 11
 sumloadQd 73.5
 14 buses
found mpc.gen on line 43
 found end of gen section on line 49
 number of generators: 5 number of buses with gens: 5
 summaxPg: 772.4 summaxQg: 148.0
found mpc.branch on line 53
 found end of branch section on line 74
 branchcount: 20 active 20
  20 unconstrained
found mpc.gencost on line 80
 found end of gencost section on line 86
found mpc.bus_name on line 89
read time: 0.0003731250762939453
reading cut file ../../cutdata/cuts_explicit14.dat
numcuts: 1130; Theta: 1
 creating ampl object ...
 reading modfile ...
 modfile read in time 0.00031685829162597656 AMPL presolve off
 solver set to knitro
Lambda: 0.02
 sets and parameters loaded
 saving processed data to all_data
Now expanding to NLP.out.
 solving model ...

 ===============================================================
 ===============================================================
New max at branch 1 (1, 2) r 0.01938 f 1.14262 metric 0.0253022
Done.
Max metric 0.0253022 at 1
Ordered branch 1 (1, 2) r 0.01938 f 1.14262 metric 0.0253022 sum 0.0253022 summ2 = 0.000640204
Ordered branch 2 (1, 5) r 0.05403 f 0.578408 metric 0.0180761 sum 0.0433783 summ2 = 0.000966948
Ordered branch 4 (2, 4) r 0.05811 f 0.441354 metric 0.0113194 sum 0.0546978 summ2 = 0.00109508

Metric comp branch 1 (1, 2) metric 0.0253022 scaledz 0 value 0.00843408 summ = 0.00843408 c = 0.00646 cff = 0.00843408
Metric comp branch 2 (1, 5) metric 0.0180761 scaledz 0 value 0.00602535 summ = 0.0144594 c = 0.01801 cff = 0.00602535
Metric comp branch 4 (2, 4) metric 0.0113194 scaledz 0 value 0.00377315 summ = 0.0182326 c = 0.01937 cff = 0.00377315

 1 0.00646
 2 0.01801
 4 0.01937

 ====> Adversarial value: 0.0182326
 case ../../data/case14.m
 modfile ac_expthermal.mod
 solver knitro
 objective 8109.4324109244135
 impvalue  0.019999999998985125
 cutIMP1 = 0.02
 cutIMP2 = 0.02
 cutIMP3 = 0.0194108
 cutIMP4 = 0.0188892
 cutIMP5 = 0.0186518
 cutIMP6 = 0.0188076
 cutIMP7 = 0.0187802
 cutIMP8 = 0.0186708
 cutIMP9 = 0.0186194
 cutIMP10 = 0.0186115
 cutIMP11 = 0.0186096
 cutIMP12 = 0.0185865
 cutIMP13 = 0.0185897
 cutIMP14 = 0.0185851
 cutIMP15 = 0.0185851
 cutIMP16 = 0.0185851
 cutIMP17 = 0.0185851
 cutIMP18 = 0.0185851
 cutIMP19 = 0.0191554
 cutIMP20 = 0.0185663
 cutIMP21 = 0.0180446
 cutIMP22 = 0.0178073
 cutIMP23 = 0.017963
 cutIMP24 = 0.0179356
 cutIMP25 = 0.0178262
 cutIMP26 = 0.0177748
 cutIMP27 = 0.0177669
 cutIMP28 = 0.017765
 cutIMP29 = 0.0177419
 cutIMP30 = 0.0177452
 cutIMP31 = 0.0177405
 cutIMP32 = 0.0177405
 cutIMP33 = 0.0177405
 cutIMP34 = 0.0177405
 cutIMP35 = 0.0177405
 cutIMP36 = 0.0185663
 cutIMP37 = 0.0180446
 cutIMP38 = 0.0178073
 cutIMP39 = 0.017963
 cutIMP40 = 0.0179356
 cutIMP41 = 0.0178262
 cutIMP42 = 0.0177748
 cutIMP43 = 0.0177669
 cutIMP44 = 0.017765
 cutIMP45 = 0.0177419
 cutIMP46 = 0.0177452
 cutIMP47 = 0.0177405
 cutIMP48 = 0.0177405
 cutIMP49 = 0.0177405
 cutIMP50 = 0.0177405
 cutIMP51 = 0.0177405
 cutIMP52 = 0.0174555
 cutIMP53 = 0.0172181
 cutIMP54 = 0.0173738
 cutIMP55 = 0.0173465
 cutIMP56 = 0.017237
 cutIMP57 = 0.0171856
 cutIMP58 = 0.0171777
 cutIMP59 = 0.0171758
 cutIMP60 = 0.0171528
 cutIMP61 = 0.017156
 cutIMP62 = 0.0171513
 cutIMP63 = 0.0171513
 cutIMP64 = 0.0171513
 cutIMP65 = 0.0171513
 cutIMP66 = 0.0171513
 cutIMP67 = 0.0166965
 cutIMP68 = 0.0168522
 cutIMP69 = 0.0168248
 cutIMP70 = 0.0167154
 cutIMP71 = 0.016664
 cutIMP72 = 0.0166561
 cutIMP73 = 0.0166542
 cutIMP74 = 0.0166311
 cutIMP75 = 0.0166344
 cutIMP76 = 0.0166297
 cutIMP77 = 0.0166297
 cutIMP78 = 0.0166297
 cutIMP79 = 0.0166297
 cutIMP80 = 0.0166297
 cutIMP81 = 0.0166148
 cutIMP82 = 0.0165874
 cutIMP83 = 0.016478
 cutIMP84 = 0.0164266
 cutIMP85 = 0.0164187
 cutIMP86 = 0.0164168
 cutIMP87 = 0.0163937
 cutIMP88 = 0.016397
 cutIMP89 = 0.0163923
 cutIMP90 = 0.0163923
 cutIMP91 = 0.0163923
 cutIMP92 = 0.0163923
 cutIMP93 = 0.0163923
 cutIMP94 = 0.0167432
 cutIMP95 = 0.0166338
 cutIMP96 = 0.0165823
 cutIMP97 = 0.0165745
 cutIMP98 = 0.0165725
 cutIMP99 = 0.0165495
 cutIMP100 = 0.0165527
 cutIMP101 = 0.0165481
 cutIMP102 = 0.0165481
 cutIMP103 = 0.0165481
 cutIMP104 = 0.0165481
 cutIMP105 = 0.0165481
 cutIMP106 = 0.0166064
 cutIMP107 = 0.016555
 cutIMP108 = 0.0165471
 cutIMP109 = 0.0165452
 cutIMP110 = 0.0165221
 cutIMP111 = 0.0165253
 cutIMP112 = 0.0165207
 cutIMP113 = 0.0165207
 cutIMP114 = 0.0165207
 cutIMP115 = 0.0165207
 cutIMP116 = 0.0165207
 cutIMP117 = 0.0164455
 cutIMP118 = 0.0164377
 cutIMP119 = 0.0164357
 cutIMP120 = 0.0164127
 cutIMP121 = 0.0164159
 cutIMP122 = 0.0164113
 cutIMP123 = 0.0164113
 cutIMP124 = 0.0164113
 cutIMP125 = 0.0164113
 cutIMP126 = 0.0164113
 cutIMP127 = 0.0163862
 cutIMP128 = 0.0163843
 cutIMP129 = 0.0163613
 cutIMP130 = 0.0163645
 cutIMP131 = 0.0163598
 cutIMP132 = 0.0163598
 cutIMP133 = 0.0163598
 cutIMP134 = 0.0163598
 cutIMP135 = 0.0163598
 cutIMP136 = 0.0163764
 cutIMP137 = 0.0163534
 cutIMP138 = 0.0163566
 cutIMP139 = 0.016352
 cutIMP140 = 0.016352
 cutIMP141 = 0.016352
 cutIMP142 = 0.016352
 cutIMP143 = 0.016352
 cutIMP144 = 0.0163515
 cutIMP145 = 0.0163547
 cutIMP146 = 0.01635
 cutIMP147 = 0.01635
 cutIMP148 = 0.01635
 cutIMP149 = 0.01635
 cutIMP150 = 0.01635
 cutIMP151 = 0.0163316
 cutIMP152 = 0.016327
 cutIMP153 = 0.016327
 cutIMP154 = 0.016327
 cutIMP155 = 0.016327
 cutIMP156 = 0.016327
 cutIMP157 = 0.0163302
 cutIMP158 = 0.0163302
 cutIMP159 = 0.0163302
 cutIMP160 = 0.0163302
 cutIMP161 = 0.0163302
 cutIMP162 = 0.0163256
 cutIMP163 = 0.0163256
 cutIMP164 = 0.0163256
 cutIMP165 = 0.0163256
 cutIMP166 = 0.0163256
 cutIMP167 = 0.0163256
 cutIMP168 = 0.0163256
 cutIMP169 = 0.0163256
 cutIMP170 = 0.0163256
 cutIMP171 = 0.0163256
 cutIMP172 = 0.0173489
 cutIMP173 = 0.0167597
 cutIMP174 = 0.0162381
 cutIMP175 = 0.0160007
 cutIMP176 = 0.0161564
 cutIMP177 = 0.0161291
 cutIMP178 = 0.0160196
 cutIMP179 = 0.0159682
 cutIMP180 = 0.0159603
 cutIMP181 = 0.0159584
 cutIMP182 = 0.0159354
 cutIMP183 = 0.0159386
 cutIMP184 = 0.0159339
 cutIMP185 = 0.0159339
 cutIMP186 = 0.0159339
 cutIMP187 = 0.0159339
 cutIMP188 = 0.0159339
 cutIMP189 = 0.0167597
 cutIMP190 = 0.0162381
 cutIMP191 = 0.0160007
 cutIMP192 = 0.0161564
 cutIMP193 = 0.0161291
 cutIMP194 = 0.0160196
 cutIMP195 = 0.0159682
 cutIMP196 = 0.0159603
 cutIMP197 = 0.0159584
 cutIMP198 = 0.0159354
 cutIMP199 = 0.0159386
 cutIMP200 = 0.0159339
 cutIMP201 = 0.0159339
 cutIMP202 = 0.0159339
 cutIMP203 = 0.0159339
 cutIMP204 = 0.0159339
 cutIMP205 = 0.0156489
 cutIMP206 = 0.0154116
 cutIMP207 = 0.0155673
 cutIMP208 = 0.0155399
 cutIMP209 = 0.0154305
 cutIMP210 = 0.0153791
 cutIMP211 = 0.0153712
 cutIMP212 = 0.0153693
 cutIMP213 = 0.0153462
 cutIMP214 = 0.0153495
 cutIMP215 = 0.0153448
 cutIMP216 = 0.0153448
 cutIMP217 = 0.0153448
 cutIMP218 = 0.0153448
 cutIMP219 = 0.0153448
 cutIMP220 = 0.0148899
 cutIMP221 = 0.0150457
 cutIMP222 = 0.0150183
 cutIMP223 = 0.0149089
 cutIMP224 = 0.0148574
 cutIMP225 = 0.0148496
 cutIMP226 = 0.0148476
 cutIMP227 = 0.0148246
 cutIMP228 = 0.0148278
 cutIMP229 = 0.0148232
 cutIMP230 = 0.0148232
 cutIMP231 = 0.0148232
 cutIMP232 = 0.0148232
 cutIMP233 = 0.0148232
 cutIMP234 = 0.0148083
 cutIMP235 = 0.0147809
 cutIMP236 = 0.0146715
 cutIMP237 = 0.0146201
 cutIMP238 = 0.0146122
 cutIMP239 = 0.0146103
 cutIMP240 = 0.0145872
 cutIMP241 = 0.0145904
 cutIMP242 = 0.0145858
 cutIMP243 = 0.0145858
 cutIMP244 = 0.0145858
 cutIMP245 = 0.0145858
 cutIMP246 = 0.0145858
 cutIMP247 = 0.0149366
 cutIMP248 = 0.0148272
 cutIMP249 = 0.0147758
 cutIMP250 = 0.0147679
 cutIMP251 = 0.014766
 cutIMP252 = 0.0147429
 cutIMP253 = 0.0147462
 cutIMP254 = 0.0147415
 cutIMP255 = 0.0147415
 cutIMP256 = 0.0147415
 cutIMP257 = 0.0147415
 cutIMP258 = 0.0147415
 cutIMP259 = 0.0147998
 cutIMP260 = 0.0147484
 cutIMP261 = 0.0147405
 cutIMP262 = 0.0147386
 cutIMP263 = 0.0147155
 cutIMP264 = 0.0147188
 cutIMP265 = 0.0147141
 cutIMP266 = 0.0147141
 cutIMP267 = 0.0147141
 cutIMP268 = 0.0147141
 cutIMP269 = 0.0147141
 cutIMP270 = 0.014639
 cutIMP271 = 0.0146311
 cutIMP272 = 0.0146292
 cutIMP273 = 0.0146061
 cutIMP274 = 0.0146094
 cutIMP275 = 0.0146047
 cutIMP276 = 0.0146047
 cutIMP277 = 0.0146047
 cutIMP278 = 0.0146047
 cutIMP279 = 0.0146047
 cutIMP280 = 0.0145797
 cutIMP281 = 0.0145778
 cutIMP282 = 0.0145547
 cutIMP283 = 0.014558
 cutIMP284 = 0.0145533
 cutIMP285 = 0.0145533
 cutIMP286 = 0.0145533
 cutIMP287 = 0.0145533
 cutIMP288 = 0.0145533
 cutIMP289 = 0.0145699
 cutIMP290 = 0.0145468
 cutIMP291 = 0.0145501
 cutIMP292 = 0.0145454
 cutIMP293 = 0.0145454
 cutIMP294 = 0.0145454
 cutIMP295 = 0.0145454
 cutIMP296 = 0.0145454
 cutIMP297 = 0.0145449
 cutIMP298 = 0.0145482
 cutIMP299 = 0.0145435
 cutIMP300 = 0.0145435
 cutIMP301 = 0.0145435
 cutIMP302 = 0.0145435
 cutIMP303 = 0.0145435
 cutIMP304 = 0.0145251
 cutIMP305 = 0.0145204
 cutIMP306 = 0.0145204
 cutIMP307 = 0.0145204
 cutIMP308 = 0.0145204
 cutIMP309 = 0.0145204
 cutIMP310 = 0.0145237
 cutIMP311 = 0.0145237
 cutIMP312 = 0.0145237
 cutIMP313 = 0.0145237
 cutIMP314 = 0.0145237
 cutIMP315 = 0.014519
 cutIMP316 = 0.014519
 cutIMP317 = 0.014519
 cutIMP318 = 0.014519
 cutIMP319 = 0.014519
 cutIMP320 = 0.014519
 cutIMP321 = 0.014519
 cutIMP322 = 0.014519
 cutIMP323 = 0.014519
 cutIMP324 = 0.014519
 cutIMP325 = 0.0150706
 cutIMP326 = 0.0145489
 cutIMP327 = 0.0143116
 cutIMP328 = 0.0144673
 cutIMP329 = 0.0144399
 cutIMP330 = 0.0143305
 cutIMP331 = 0.0142791
 cutIMP332 = 0.0142712
 cutIMP333 = 0.0142693
 cutIMP334 = 0.0142462
 cutIMP335 = 0.0142495
 cutIMP336 = 0.0142448
 cutIMP337 = 0.0142448
 cutIMP338 = 0.0142448
 cutIMP339 = 0.0142448
 cutIMP340 = 0.0142448
 cutIMP341 = 0.0139598
 cutIMP342 = 0.0137224
 cutIMP343 = 0.0138781
 cutIMP344 = 0.0138508
 cutIMP345 = 0.0137413
 cutIMP346 = 0.0136899
 cutIMP347 = 0.013682
 cutIMP348 = 0.0136801
 cutIMP349 = 0.0136571
 cutIMP350 = 0.0136603
 cutIMP351 = 0.0136556
 cutIMP352 = 0.0136556
 cutIMP353 = 0.0136556
 cutIMP354 = 0.0136556
 cutIMP355 = 0.0136556
 cutIMP356 = 0.0132008
 cutIMP357 = 0.0133565
 cutIMP358 = 0.0133291
 cutIMP359 = 0.0132197
 cutIMP360 = 0.0131683
 cutIMP361 = 0.0131604
 cutIMP362 = 0.0131585
 cutIMP363 = 0.0131354
 cutIMP364 = 0.0131387
 cutIMP365 = 0.013134
 cutIMP366 = 0.013134
 cutIMP367 = 0.013134
 cutIMP368 = 0.013134
 cutIMP369 = 0.013134
 cutIMP370 = 0.0131191
 cutIMP371 = 0.0130917
 cutIMP372 = 0.0129823
 cutIMP373 = 0.0129309
 cutIMP374 = 0.012923
 cutIMP375 = 0.0129211
 cutIMP376 = 0.012898
 cutIMP377 = 0.0129013
 cutIMP378 = 0.0128966
 cutIMP379 = 0.0128966
 cutIMP380 = 0.0128966
 cutIMP381 = 0.0128966
 cutIMP382 = 0.0128966
 cutIMP383 = 0.0132475
 cutIMP384 = 0.0131381
 cutIMP385 = 0.0130866
 cutIMP386 = 0.0130788
 cutIMP387 = 0.0130768
 cutIMP388 = 0.0130538
 cutIMP389 = 0.013057
 cutIMP390 = 0.0130524
 cutIMP391 = 0.0130524
 cutIMP392 = 0.0130524
 cutIMP393 = 0.0130524
 cutIMP394 = 0.0130524
 cutIMP395 = 0.0131107
 cutIMP396 = 0.0130593
 cutIMP397 = 0.0130514
 cutIMP398 = 0.0130495
 cutIMP399 = 0.0130264
 cutIMP400 = 0.0130296
 cutIMP401 = 0.013025
 cutIMP402 = 0.013025
 cutIMP403 = 0.013025
 cutIMP404 = 0.013025
 cutIMP405 = 0.013025
 cutIMP406 = 0.0129498
 cutIMP407 = 0.012942
 cutIMP408 = 0.01294
 cutIMP409 = 0.012917
 cutIMP410 = 0.0129202
 cutIMP411 = 0.0129156
 cutIMP412 = 0.0129156
 cutIMP413 = 0.0129156
 cutIMP414 = 0.0129156
 cutIMP415 = 0.0129156
 cutIMP416 = 0.0128905
 cutIMP417 = 0.0128886
 cutIMP418 = 0.0128656
 cutIMP419 = 0.0128688
 cutIMP420 = 0.0128641
 cutIMP421 = 0.0128641
 cutIMP422 = 0.0128641
 cutIMP423 = 0.0128641
 cutIMP424 = 0.0128641
 cutIMP425 = 0.0128807
 cutIMP426 = 0.0128577
 cutIMP427 = 0.0128609
 cutIMP428 = 0.0128563
 cutIMP429 = 0.0128563
 cutIMP430 = 0.0128563
 cutIMP431 = 0.0128563
 cutIMP432 = 0.0128563
 cutIMP433 = 0.0128558
 cutIMP434 = 0.012859
 cutIMP435 = 0.0128543
 cutIMP436 = 0.0128543
 cutIMP437 = 0.0128543
 cutIMP438 = 0.0128543
 cutIMP439 = 0.0128543
 cutIMP440 = 0.0128359
 cutIMP441 = 0.0128313
 cutIMP442 = 0.0128313
 cutIMP443 = 0.0128313
 cutIMP444 = 0.0128313
 cutIMP445 = 0.0128313
 cutIMP446 = 0.0128345
 cutIMP447 = 0.0128345
 cutIMP448 = 0.0128345
 cutIMP449 = 0.0128345
 cutIMP450 = 0.0128345
 cutIMP451 = 0.0128299
 cutIMP452 = 0.0128299
 cutIMP453 = 0.0128299
 cutIMP454 = 0.0128299
 cutIMP455 = 0.0128299
 cutIMP456 = 0.0128299
 cutIMP457 = 0.0128299
 cutIMP458 = 0.0128299
 cutIMP459 = 0.0128299
 cutIMP460 = 0.0128299
 cutIMP461 = 0.0139598
 cutIMP462 = 0.0137224
 cutIMP463 = 0.0138781
 cutIMP464 = 0.0138508
 cutIMP465 = 0.0137413
 cutIMP466 = 0.0136899
 cutIMP467 = 0.013682
 cutIMP468 = 0.0136801
 cutIMP469 = 0.0136571
 cutIMP470 = 0.0136603
 cutIMP471 = 0.0136556
 cutIMP472 = 0.0136556
 cutIMP473 = 0.0136556
 cutIMP474 = 0.0136556
 cutIMP475 = 0.0136556
 cutIMP476 = 0.0132008
 cutIMP477 = 0.0133565
 cutIMP478 = 0.0133291
 cutIMP479 = 0.0132197
 cutIMP480 = 0.0131683
 cutIMP481 = 0.0131604
 cutIMP482 = 0.0131585
 cutIMP483 = 0.0131354
 cutIMP484 = 0.0131387
 cutIMP485 = 0.013134
 cutIMP486 = 0.013134
 cutIMP487 = 0.013134
 cutIMP488 = 0.013134
 cutIMP489 = 0.013134
 cutIMP490 = 0.0131191
 cutIMP491 = 0.0130917
 cutIMP492 = 0.0129823
 cutIMP493 = 0.0129309
 cutIMP494 = 0.012923
 cutIMP495 = 0.0129211
 cutIMP496 = 0.012898
 cutIMP497 = 0.0129013
 cutIMP498 = 0.0128966
 cutIMP499 = 0.0128966
 cutIMP500 = 0.0128966
 cutIMP501 = 0.0128966
 cutIMP502 = 0.0128966
 cutIMP503 = 0.0132475
 cutIMP504 = 0.0131381
 cutIMP505 = 0.0130866
 cutIMP506 = 0.0130788
 cutIMP507 = 0.0130768
 cutIMP508 = 0.0130538
 cutIMP509 = 0.013057
 cutIMP510 = 0.0130524
 cutIMP511 = 0.0130524
 cutIMP512 = 0.0130524
 cutIMP513 = 0.0130524
 cutIMP514 = 0.0130524
 cutIMP515 = 0.0131107
 cutIMP516 = 0.0130593
 cutIMP517 = 0.0130514
 cutIMP518 = 0.0130495
 cutIMP519 = 0.0130264
 cutIMP520 = 0.0130296
 cutIMP521 = 0.013025
 cutIMP522 = 0.013025
 cutIMP523 = 0.013025
 cutIMP524 = 0.013025
 cutIMP525 = 0.013025
 cutIMP526 = 0.0129498
 cutIMP527 = 0.012942
 cutIMP528 = 0.01294
 cutIMP529 = 0.012917
 cutIMP530 = 0.0129202
 cutIMP531 = 0.0129156
 cutIMP532 = 0.0129156
 cutIMP533 = 0.0129156
 cutIMP534 = 0.0129156
 cutIMP535 = 0.0129156
 cutIMP536 = 0.0128905
 cutIMP537 = 0.0128886
 cutIMP538 = 0.0128656
 cutIMP539 = 0.0128688
 cutIMP540 = 0.0128641
 cutIMP541 = 0.0128641
 cutIMP542 = 0.0128641
 cutIMP543 = 0.0128641
 cutIMP544 = 0.0128641
 cutIMP545 = 0.0128807
 cutIMP546 = 0.0128577
 cutIMP547 = 0.0128609
 cutIMP548 = 0.0128563
 cutIMP549 = 0.0128563
 cutIMP550 = 0.0128563
 cutIMP551 = 0.0128563
 cutIMP552 = 0.0128563
 cutIMP553 = 0.0128558
 cutIMP554 = 0.012859
 cutIMP555 = 0.0128543
 cutIMP556 = 0.0128543
 cutIMP557 = 0.0128543
 cutIMP558 = 0.0128543
 cutIMP559 = 0.0128543
 cutIMP560 = 0.0128359
 cutIMP561 = 0.0128313
 cutIMP562 = 0.0128313
 cutIMP563 = 0.0128313
 cutIMP564 = 0.0128313
 cutIMP565 = 0.0128313
 cutIMP566 = 0.0128345
 cutIMP567 = 0.0128345
 cutIMP568 = 0.0128345
 cutIMP569 = 0.0128345
 cutIMP570 = 0.0128345
 cutIMP571 = 0.0128299
 cutIMP572 = 0.0128299
 cutIMP573 = 0.0128299
 cutIMP574 = 0.0128299
 cutIMP575 = 0.0128299
 cutIMP576 = 0.0128299
 cutIMP577 = 0.0128299
 cutIMP578 = 0.0128299
 cutIMP579 = 0.0128299
 cutIMP580 = 0.0128299
 cutIMP581 = 0.0120225
 cutIMP582 = 0.0121782
 cutIMP583 = 0.0121508
 cutIMP584 = 0.0120414
 cutIMP585 = 0.01199
 cutIMP586 = 0.0119821
 cutIMP587 = 0.0119802
 cutIMP588 = 0.0119571
 cutIMP589 = 0.0119604
 cutIMP590 = 0.0119557
 cutIMP591 = 0.0119557
 cutIMP592 = 0.0119557
 cutIMP593 = 0.0119557
 cutIMP594 = 0.0119557
 cutIMP595 = 0.0119408
 cutIMP596 = 0.0119134
 cutIMP597 = 0.011804
 cutIMP598 = 0.0117526
 cutIMP599 = 0.0117447
 cutIMP600 = 0.0117428
 cutIMP601 = 0.0117197
 cutIMP602 = 0.011723
 cutIMP603 = 0.0117183
 cutIMP604 = 0.0117183
 cutIMP605 = 0.0117183
 cutIMP606 = 0.0117183
 cutIMP607 = 0.0117183
 cutIMP608 = 0.0120692
 cutIMP609 = 0.0119598
 cutIMP610 = 0.0119083
 cutIMP611 = 0.0119005
 cutIMP612 = 0.0118985
 cutIMP613 = 0.0118755
 cutIMP614 = 0.0118787
 cutIMP615 = 0.0118741
 cutIMP616 = 0.0118741
 cutIMP617 = 0.0118741
 cutIMP618 = 0.0118741
 cutIMP619 = 0.0118741
 cutIMP620 = 0.0119324
 cutIMP621 = 0.011881
 cutIMP622 = 0.0118731
 cutIMP623 = 0.0118712
 cutIMP624 = 0.0118481
 cutIMP625 = 0.0118513
 cutIMP626 = 0.0118467
 cutIMP627 = 0.0118467
 cutIMP628 = 0.0118467
 cutIMP629 = 0.0118467
 cutIMP630 = 0.0118467
 cutIMP631 = 0.0117715
 cutIMP632 = 0.0117637
 cutIMP633 = 0.0117617
 cutIMP634 = 0.0117387
 cutIMP635 = 0.0117419
 cutIMP636 = 0.0117373
 cutIMP637 = 0.0117373
 cutIMP638 = 0.0117373
 cutIMP639 = 0.0117373
 cutIMP640 = 0.0117373
 cutIMP641 = 0.0117122
 cutIMP642 = 0.0117103
 cutIMP643 = 0.0116873
 cutIMP644 = 0.0116905
 cutIMP645 = 0.0116858
 cutIMP646 = 0.0116858
 cutIMP647 = 0.0116858
 cutIMP648 = 0.0116858
 cutIMP649 = 0.0116858
 cutIMP650 = 0.0117024
 cutIMP651 = 0.0116794
 cutIMP652 = 0.0116826
 cutIMP653 = 0.011678
 cutIMP654 = 0.011678
 cutIMP655 = 0.011678
 cutIMP656 = 0.011678
 cutIMP657 = 0.011678
 cutIMP658 = 0.0116775
 cutIMP659 = 0.0116807
 cutIMP660 = 0.011676
 cutIMP661 = 0.011676
 cutIMP662 = 0.011676
 cutIMP663 = 0.011676
 cutIMP664 = 0.011676
 cutIMP665 = 0.0116576
 cutIMP666 = 0.011653
 cutIMP667 = 0.011653
 cutIMP668 = 0.011653
 cutIMP669 = 0.011653
 cutIMP670 = 0.011653
 cutIMP671 = 0.0116562
 cutIMP672 = 0.0116562
 cutIMP673 = 0.0116562
 cutIMP674 = 0.0116562
 cutIMP675 = 0.0116562
 cutIMP676 = 0.0116516
 cutIMP677 = 0.0116516
 cutIMP678 = 0.0116516
 cutIMP679 = 0.0116516
 cutIMP680 = 0.0116516
 cutIMP681 = 0.0116516
 cutIMP682 = 0.0116516
 cutIMP683 = 0.0116516
 cutIMP684 = 0.0116516
 cutIMP685 = 0.0116516
 cutIMP686 = 0.0108975
 cutIMP687 = 0.0108702
 cutIMP688 = 0.0107607
 cutIMP689 = 0.0107093
 cutIMP690 = 0.0107014
 cutIMP691 = 0.0106995
 cutIMP692 = 0.0106765
 cutIMP693 = 0.0106797
 cutIMP694 = 0.010675
 cutIMP695 = 0.010675
 cutIMP696 = 0.010675
 cutIMP697 = 0.010675
 cutIMP698 = 0.010675
 cutIMP699 = 0.0110259
 cutIMP700 = 0.0109165
 cutIMP701 = 0.0108651
 cutIMP702 = 0.0108572
 cutIMP703 = 0.0108553
 cutIMP704 = 0.0108322
 cutIMP705 = 0.0108354
 cutIMP706 = 0.0108308
 cutIMP707 = 0.0108308
 cutIMP708 = 0.0108308
 cutIMP709 = 0.0108308
 cutIMP710 = 0.0108308
 cutIMP711 = 0.0108891
 cutIMP712 = 0.0108377
 cutIMP713 = 0.0108298
 cutIMP714 = 0.0108279
 cutIMP715 = 0.0108048
 cutIMP716 = 0.0108081
 cutIMP717 = 0.0108034
 cutIMP718 = 0.0108034
 cutIMP719 = 0.0108034
 cutIMP720 = 0.0108034
 cutIMP721 = 0.0108034
 cutIMP722 = 0.0107283
 cutIMP723 = 0.0107204
 cutIMP724 = 0.0107185
 cutIMP725 = 0.0106954
 cutIMP726 = 0.0106986
 cutIMP727 = 0.010694
 cutIMP728 = 0.010694
 cutIMP729 = 0.010694
 cutIMP730 = 0.010694
 cutIMP731 = 0.010694
 cutIMP732 = 0.010669
 cutIMP733 = 0.010667
 cutIMP734 = 0.010644
 cutIMP735 = 0.0106472
 cutIMP736 = 0.0106426
 cutIMP737 = 0.0106426
 cutIMP738 = 0.0106426
 cutIMP739 = 0.0106426
 cutIMP740 = 0.0106426
 cutIMP741 = 0.0106592
 cutIMP742 = 0.0106361
 cutIMP743 = 0.0106393
 cutIMP744 = 0.0106347
 cutIMP745 = 0.0106347
 cutIMP746 = 0.0106347
 cutIMP747 = 0.0106347
 cutIMP748 = 0.0106347
 cutIMP749 = 0.0106342
 cutIMP750 = 0.0106374
 cutIMP751 = 0.0106328
 cutIMP752 = 0.0106328
 cutIMP753 = 0.0106328
 cutIMP754 = 0.0106328
 cutIMP755 = 0.0106328
 cutIMP756 = 0.0106144
 cutIMP757 = 0.0106097
 cutIMP758 = 0.0106097
 cutIMP759 = 0.0106097
 cutIMP760 = 0.0106097
 cutIMP761 = 0.0106097
 cutIMP762 = 0.0106129
 cutIMP763 = 0.0106129
 cutIMP764 = 0.0106129
 cutIMP765 = 0.0106129
 cutIMP766 = 0.0106129
 cutIMP767 = 0.0106083
 cutIMP768 = 0.0106083
 cutIMP769 = 0.0106083
 cutIMP770 = 0.0106083
 cutIMP771 = 0.0106083
 cutIMP772 = 0.0106083
 cutIMP773 = 0.0106083
 cutIMP774 = 0.0106083
 cutIMP775 = 0.0106083
 cutIMP776 = 0.0106083
 cutIMP777 = 0.0105511
 cutIMP778 = 0.0104417
 cutIMP779 = 0.0103903
 cutIMP780 = 0.0103824
 cutIMP781 = 0.0103805
 cutIMP782 = 0.0103574
 cutIMP783 = 0.0103607
 cutIMP784 = 0.010356
 cutIMP785 = 0.010356
 cutIMP786 = 0.010356
 cutIMP787 = 0.010356
 cutIMP788 = 0.010356
 cutIMP789 = 0.0104143
 cutIMP790 = 0.0103629
 cutIMP791 = 0.010355
 cutIMP792 = 0.0103531
 cutIMP793 = 0.0103301
 cutIMP794 = 0.0103333
 cutIMP795 = 0.0103286
 cutIMP796 = 0.0103286
 cutIMP797 = 0.0103286
 cutIMP798 = 0.0103286
 cutIMP799 = 0.0103286
 cutIMP800 = 0.0102535
 cutIMP801 = 0.0102456
 cutIMP802 = 0.0102437
 cutIMP803 = 0.0102206
 cutIMP804 = 0.0102239
 cutIMP805 = 0.0102192
 cutIMP806 = 0.0102192
 cutIMP807 = 0.0102192
 cutIMP808 = 0.0102192
 cutIMP809 = 0.0102192
 cutIMP810 = 0.0101942
 cutIMP811 = 0.0101923
 cutIMP812 = 0.0101692
 cutIMP813 = 0.0101725
 cutIMP814 = 0.0101678
 cutIMP815 = 0.0101678
 cutIMP816 = 0.0101678
 cutIMP817 = 0.0101678
 cutIMP818 = 0.0101678
 cutIMP819 = 0.0101844
 cutIMP820 = 0.0101613
 cutIMP821 = 0.0101646
 cutIMP822 = 0.0101599
 cutIMP823 = 0.0101599
 cutIMP824 = 0.0101599
 cutIMP825 = 0.0101599
 cutIMP826 = 0.0101599
 cutIMP827 = 0.0101594
 cutIMP828 = 0.0101627
 cutIMP829 = 0.010158
 cutIMP830 = 0.010158
 cutIMP831 = 0.010158
 cutIMP832 = 0.010158
 cutIMP833 = 0.010158
 cutIMP834 = 0.0101396
 cutIMP835 = 0.0101349
 cutIMP836 = 0.0101349
 cutIMP837 = 0.0101349
 cutIMP838 = 0.0101349
 cutIMP839 = 0.0101349
 cutIMP840 = 0.0101382
 cutIMP841 = 0.0101382
 cutIMP842 = 0.0101382
 cutIMP843 = 0.0101382
 cutIMP844 = 0.0101382
 cutIMP845 = 0.0101335
 cutIMP846 = 0.0101335
 cutIMP847 = 0.0101335
 cutIMP848 = 0.0101335
 cutIMP849 = 0.0101335
 cutIMP850 = 0.0101335
 cutIMP851 = 0.0101335
 cutIMP852 = 0.0101335
 cutIMP853 = 0.0101335
 cutIMP854 = 0.0101335
 cutIMP855 = 0.0107258
 cutIMP856 = 0.0106744
 cutIMP857 = 0.0106665
 cutIMP858 = 0.0106646
 cutIMP859 = 0.0106415
 cutIMP860 = 0.0106448
 cutIMP861 = 0.0106401
 cutIMP862 = 0.0106401
 cutIMP863 = 0.0106401
 cutIMP864 = 0.0106401
 cutIMP865 = 0.0106401
 cutIMP866 = 0.010565
 cutIMP867 = 0.0105571
 cutIMP868 = 0.0105552
 cutIMP869 = 0.0105321
 cutIMP870 = 0.0105354
 cutIMP871 = 0.0105307
 cutIMP872 = 0.0105307
 cutIMP873 = 0.0105307
 cutIMP874 = 0.0105307
 cutIMP875 = 0.0105307
 cutIMP876 = 0.0105057
 cutIMP877 = 0.0105038
 cutIMP878 = 0.0104807
 cutIMP879 = 0.010484
 cutIMP880 = 0.0104793
 cutIMP881 = 0.0104793
 cutIMP882 = 0.0104793
 cutIMP883 = 0.0104793
 cutIMP884 = 0.0104793
 cutIMP885 = 0.0104959
 cutIMP886 = 0.0104728
 cutIMP887 = 0.0104761
 cutIMP888 = 0.0104714
 cutIMP889 = 0.0104714
 cutIMP890 = 0.0104714
 cutIMP891 = 0.0104714
 cutIMP892 = 0.0104714
 cutIMP893 = 0.0104709
 cutIMP894 = 0.0104742
 cutIMP895 = 0.0104695
 cutIMP896 = 0.0104695
 cutIMP897 = 0.0104695
 cutIMP898 = 0.0104695
 cutIMP899 = 0.0104695
 cutIMP900 = 0.0104511
 cutIMP901 = 0.0104464
 cutIMP902 = 0.0104464
 cutIMP903 = 0.0104464
 cutIMP904 = 0.0104464
 cutIMP905 = 0.0104464
 cutIMP906 = 0.0104497
 cutIMP907 = 0.0104497
 cutIMP908 = 0.0104497
 cutIMP909 = 0.0104497
 cutIMP910 = 0.0104497
 cutIMP911 = 0.010445
 cutIMP912 = 0.010445
 cutIMP913 = 0.010445
 cutIMP914 = 0.010445
 cutIMP915 = 0.010445
 cutIMP916 = 0.010445
 cutIMP917 = 0.010445
 cutIMP918 = 0.010445
 cutIMP919 = 0.010445
 cutIMP920 = 0.010445
 cutIMP921 = 0.0105102
 cutIMP922 = 0.0105023
 cutIMP923 = 0.0105004
 cutIMP924 = 0.0104773
 cutIMP925 = 0.0104806
 cutIMP926 = 0.0104759
 cutIMP927 = 0.0104759
 cutIMP928 = 0.0104759
 cutIMP929 = 0.0104759
 cutIMP930 = 0.0104759
 cutIMP931 = 0.0104509
 cutIMP932 = 0.010449
 cutIMP933 = 0.0104259
 cutIMP934 = 0.0104292
 cutIMP935 = 0.0104245
 cutIMP936 = 0.0104245
 cutIMP937 = 0.0104245
 cutIMP938 = 0.0104245
 cutIMP939 = 0.0104245
 cutIMP940 = 0.0104411
 cutIMP941 = 0.010418
 cutIMP942 = 0.0104213
 cutIMP943 = 0.0104166
 cutIMP944 = 0.0104166
 cutIMP945 = 0.0104166
 cutIMP946 = 0.0104166
 cutIMP947 = 0.0104166
 cutIMP948 = 0.0104161
 cutIMP949 = 0.0104194
 cutIMP950 = 0.0104147
 cutIMP951 = 0.0104147
 cutIMP952 = 0.0104147
 cutIMP953 = 0.0104147
 cutIMP954 = 0.0104147
 cutIMP955 = 0.0103963
 cutIMP956 = 0.0103916
 cutIMP957 = 0.0103916
 cutIMP958 = 0.0103916
 cutIMP959 = 0.0103916
 cutIMP960 = 0.0103916
 cutIMP961 = 0.0103949
 cutIMP962 = 0.0103949
 cutIMP963 = 0.0103949
 cutIMP964 = 0.0103949
 cutIMP965 = 0.0103949
 cutIMP966 = 0.0103902
 cutIMP967 = 0.0103902
 cutIMP968 = 0.0103902
 cutIMP969 = 0.0103902
 cutIMP970 = 0.0103902
 cutIMP971 = 0.0103902
 cutIMP972 = 0.0103902
 cutIMP973 = 0.0103902
 cutIMP974 = 0.0103902
 cutIMP975 = 0.0103902
 cutIMP976 = 0.0102321
 cutIMP977 = 0.0102302
 cutIMP978 = 0.0102071
 cutIMP979 = 0.0102103
 cutIMP980 = 0.0102057
 cutIMP981 = 0.0102057
 cutIMP982 = 0.0102057
 cutIMP983 = 0.0102057
 cutIMP984 = 0.0102057
 cutIMP985 = 0.0102223
 cutIMP986 = 0.0101992
 cutIMP987 = 0.0102025
 cutIMP988 = 0.0101978
 cutIMP989 = 0.0101978
 cutIMP990 = 0.0101978
 cutIMP991 = 0.0101978
 cutIMP992 = 0.0101978
 cutIMP993 = 0.0101973
 cutIMP994 = 0.0102005
 cutIMP995 = 0.0101959
 cutIMP996 = 0.0101959
 cutIMP997 = 0.0101959
 cutIMP998 = 0.0101959
 cutIMP999 = 0.0101959
 cutIMP1000 = 0.0101775
 cutIMP1001 = 0.0101728
 cutIMP1002 = 0.0101728
 cutIMP1003 = 0.0101728
 cutIMP1004 = 0.0101728
 cutIMP1005 = 0.0101728
 cutIMP1006 = 0.0101761
 cutIMP1007 = 0.0101761
 cutIMP1008 = 0.0101761
 cutIMP1009 = 0.0101761
 cutIMP1010 = 0.0101761
 cutIMP1011 = 0.0101714
 cutIMP1012 = 0.0101714
 cutIMP1013 = 0.0101714
 cutIMP1014 = 0.0101714
 cutIMP1015 = 0.0101714
 cutIMP1016 = 0.0101714
 cutIMP1017 = 0.0101714
 cutIMP1018 = 0.0101714
 cutIMP1019 = 0.0101714
 cutIMP1020 = 0.0101714
 cutIMP1021 = 0.0101194
 cutIMP1022 = 0.0100964
 cutIMP1023 = 0.0100996
 cutIMP1024 = 0.010095
 cutIMP1025 = 0.010095
 cutIMP1026 = 0.010095
 cutIMP1027 = 0.010095
 cutIMP1028 = 0.010095
 cutIMP1029 = 0.0100945
 cutIMP1030 = 0.0100977
 cutIMP1031 = 0.010093
 cutIMP1032 = 0.010093
 cutIMP1033 = 0.010093
 cutIMP1034 = 0.010093
 cutIMP1035 = 0.010093
 cutIMP1036 = 0.0100746
 cutIMP1037 = 0.01007
 cutIMP1038 = 0.01007
 cutIMP1039 = 0.01007
 cutIMP1040 = 0.01007
 cutIMP1041 = 0.01007
 cutIMP1042 = 0.0100732
 cutIMP1043 = 0.0100732
 cutIMP1044 = 0.0100732
 cutIMP1045 = 0.0100732
 cutIMP1046 = 0.0100732
 cutIMP1047 = 0.0100686
 cutIMP1048 = 0.0100686
 cutIMP1049 = 0.0100686
 cutIMP1050 = 0.0100686
 cutIMP1051 = 0.0100686
 cutIMP1052 = 0.0100686
 cutIMP1053 = 0.0100686
 cutIMP1054 = 0.0100686
 cutIMP1055 = 0.0100686
 cutIMP1056 = 0.0100686
 cutIMP1057 = 0.0100787
 cutIMP1058 = 0.0100819
 cutIMP1059 = 0.0100773
 cutIMP1060 = 0.0100773
 cutIMP1061 = 0.0100773
 cutIMP1062 = 0.0100773
 cutIMP1063 = 0.0100773
 cutIMP1064 = 0.0100589
 cutIMP1065 = 0.0100542
 cutIMP1066 = 0.0100542
 cutIMP1067 = 0.0100542
 cutIMP1068 = 0.0100542
 cutIMP1069 = 0.0100542
 cutIMP1070 = 0.0100575
 cutIMP1071 = 0.0100575
 cutIMP1072 = 0.0100575
 cutIMP1073 = 0.0100575
 cutIMP1074 = 0.0100575
 cutIMP1075 = 0.0100528
 cutIMP1076 = 0.0100528
 cutIMP1077 = 0.0100528
 cutIMP1078 = 0.0100528
 cutIMP1079 = 0.0100528
 cutIMP1080 = 0.0100528
 cutIMP1081 = 0.0100528
 cutIMP1082 = 0.0100528
 cutIMP1083 = 0.0100528
 cutIMP1084 = 0.0100528
 cutIMP1085 = 0.010055
 cutIMP1086 = 0.0100504
 cutIMP1087 = 0.0100504
 cutIMP1088 = 0.0100504
 cutIMP1089 = 0.0100504
 cutIMP1090 = 0.0100504
 cutIMP1091 = 0.0100536
 cutIMP1092 = 0.0100536
 cutIMP1093 = 0.0100536
 cutIMP1094 = 0.0100536
 cutIMP1095 = 0.0100536
 cutIMP1096 = 0.010049
 cutIMP1097 = 0.010049
 cutIMP1098 = 0.010049
 cutIMP1099 = 0.010049
 cutIMP1100 = 0.010049
 cutIMP1101 = 0.010049
 cutIMP1102 = 0.010049
 cutIMP1103 = 0.010049
 cutIMP1104 = 0.010049
 cutIMP1105 = 0.010049
 cutIMP1106 = 0.0100075
 cutIMP1107 = 0.0100075
 cutIMP1108 = 0.0100075
 cutIMP1109 = 0.0100075
 cutIMP1110 = 0.0100075
 cutIMP1111 = 0.0100028
 cutIMP1112 = 0.0100028
 cutIMP1113 = 0.0100028
 cutIMP1114 = 0.0100028
 cutIMP1115 = 0.0100028
 cutIMP1116 = 0.0100028
 cutIMP1117 = 0.0100028
 cutIMP1118 = 0.0100028
 cutIMP1119 = 0.0100028
 cutIMP1120 = 0.0100028
 cutIMP1121 = 0.0100093
 cutIMP1122 = 0.0100093
 cutIMP1123 = 0.0100093
 cutIMP1124 = 0.0100093
 cutIMP1125 = 0.0100093
 cutIMP1126 = 0.0100093
 cutIMP1127 = 0.0100093
 cutIMP1128 = 0.0100093
 cutIMP1129 = 0.0100093
 cutIMP1130 = 0.0100093
 actual_cost 8109.412410924415
 active power generation 15
 active power demand 2.59
 active power loss 0.07426363672859343
 reactive power generation 15
 reactive power demand 0.735
 reactive power loss 0.07710165837066896
 solver runtime 0.11326885223388672
 time so far 18.59951901435852
 writing casename, modfile, obj and runtime to summary_ac.log
