starting log: Wed May 13 15:34:44 2026
running on: freestyle.local

Version <Wed.Apr.3.114200.2024@cool1>
reading config file ac.conf
reading case file ../../data/pglib_opf_case30000_goc__api.m
reading case file thru lines
found mpc.version on line 10
found mpc.baseMVA on line 11
 baseMVA: 100.0
found mpc.bus on line 15
 slack bus: 20006
 Bus 20006 ID 20006 is the reference bus
found end of bus section on line 30016
 sumloadPd 223182.02000000107 numPload 10648
 sumloadQd 30768.81000000003
 30000 buses
found mpc.gen on line 30020
 found end of gen section on line 33547
 number of generators: 3526 number of buses with gens: 2278
 summaxPg: 406292.0 summaxQg: 237492.05899999914
found mpc.gencost on line 33551
 found end of gencost section on line 37078
found mpc.branch on line 37082
 found end of branch section on line 72476
 branchcount: 35393 active 35393
  0 unconstrained
read time: 0.20046687126159668
reading cut file ../../cutdata/cuts11.dat
numcuts: 120; Theta: 271154
cut 1 of length 5.
cut 2 of length 5.
cut 3 of length 5.
cut 4 of length 5.
cut 5 of length 5.
cut 6 of length 5.
cut 7 of length 5.
cut 8 of length 5.
cut 9 of length 5.
cut 10 of length 5.
cut 11 of length 5.
cut 12 of length 5.
cut 13 of length 5.
cut 14 of length 5.
cut 15 of length 5.
cut 16 of length 5.
cut 17 of length 5.
cut 18 of length 5.
cut 19 of length 5.
cut 20 of length 5.
cut 21 of length 5.
cut 22 of length 5.
cut 23 of length 5.
cut 24 of length 5.
cut 25 of length 5.
cut 26 of length 5.
cut 27 of length 5.
cut 28 of length 5.
cut 29 of length 5.
cut 30 of length 5.
cut 31 of length 5.
cut 32 of length 5.
cut 33 of length 5.
cut 34 of length 5.
cut 35 of length 5.
cut 36 of length 5.
cut 37 of length 5.
cut 38 of length 5.
cut 39 of length 5.
cut 40 of length 5.
cut 41 of length 5.
cut 42 of length 5.
cut 43 of length 5.
cut 44 of length 5.
cut 45 of length 5.
cut 46 of length 5.
cut 47 of length 5.
cut 48 of length 5.
cut 49 of length 5.
cut 50 of length 5.
cut 51 of length 5.
cut 52 of length 5.
cut 53 of length 5.
cut 54 of length 5.
cut 55 of length 5.
cut 56 of length 5.
cut 57 of length 5.
cut 58 of length 5.
cut 59 of length 5.
cut 60 of length 5.
cut 61 of length 5.
cut 62 of length 5.
cut 63 of length 5.
cut 64 of length 5.
cut 65 of length 5.
cut 66 of length 5.
cut 67 of length 5.
cut 68 of length 5.
cut 69 of length 5.
cut 70 of length 5.
cut 71 of length 5.
cut 72 of length 5.
cut 73 of length 5.
cut 74 of length 5.
cut 75 of length 5.
cut 76 of length 5.
cut 77 of length 5.
cut 78 of length 5.
cut 79 of length 5.
cut 80 of length 5.
cut 81 of length 5.
cut 82 of length 5.
cut 83 of length 5.
cut 84 of length 5.
cut 85 of length 5.
cut 86 of length 5.
cut 87 of length 5.
cut 88 of length 5.
cut 89 of length 5.
cut 90 of length 5.
cut 91 of length 5.
cut 92 of length 5.
cut 93 of length 5.
cut 94 of length 5.
cut 95 of length 5.
cut 96 of length 5.
cut 97 of length 5.
cut 98 of length 5.
cut 99 of length 5.
cut 100 of length 5.
cut 101 of length 5.
cut 102 of length 5.
cut 103 of length 5.
cut 104 of length 5.
cut 105 of length 5.
cut 106 of length 5.
cut 107 of length 5.
cut 108 of length 5.
cut 109 of length 5.
cut 110 of length 5.
cut 111 of length 5.
cut 112 of length 5.
cut 113 of length 5.
cut 114 of length 5.
cut 115 of length 5.
cut 116 of length 5.
cut 117 of length 5.
cut 118 of length 5.
cut 119 of length 5.
cut 120 of length 5.
 creating ampl object ...
 reading modfile ...
 modfile read in time 0.00034117698669433594 AMPL presolve off
 solver set to knitro
 sets and parameters loaded
 saving processed data to all_data
Now expanding to NLP.out.
 solving model ...

 ===============================================================
 ===============================================================
New max at branch 1 (1, 2) r 0.0272635 f -0.0489977 metric 6.54536e-05
New max at branch 6 (7, 20) r 0.0109356 f 0.323826 metric 0.00114674
New max at branch 7 (7, 25) r 0.0181525 f -0.691233 metric 0.00867332
New max at branch 80 (74, 88) r 0.0192578 f 0.674316 metric 0.00875656
New max at branch 99 (87, 74) r 0.0135517 f -0.898693 metric 0.010945
New max at branch 180 (154, 2579) r 0.00397157 f -1.94989 metric 0.0151003
New max at branch 198 (170, 154) r 0.00504914 f -1.89747 metric 0.0181789
New max at branch 285 (243, 550) r 0.00466477 f 2.14337 metric 0.0214302
New max at branch 611 (518, 558) r 0.02722 f 1.05028 metric 0.0300262
New max at branch 865 (742, 1085) r 0.000591399 f -10.0497 metric 0.0597293
New max at branch 1408 (1193, 1196) r 0.000290161 f -33.0612 metric 0.317158
New max at branch 17813 (16744, 17268) r 0.00357313 f 10.0009 metric 0.35738
Done.
Max metric 0.35738 at 17813
Ordered branch 17813 (16744, 17268) r 0.00357313 f 10.0009 metric 0.35738 sum 0.35738 summ2 = 0.127721
Ordered branch 1408 (1193, 1196) r 0.000290161 f -33.0612 metric 0.317158 sum 0.674538 summ2 = 0.22831
Ordered branch 17647 (16544, 20010) r 0.000419622 f 24.1899 metric 0.245542 sum 0.92008 summ2 = 0.288601
Ordered branch 30172 (28199, 17307) r 0.00461955 f 7.28891 metric 0.245428 sum 1.16551 summ2 = 0.348836
Ordered branch 17648 (16544, 20148) r 0.000289533 f 28.5822 metric 0.236532 sum 1.40204 summ2 = 0.404783

Metric comp branch 17813 (16744, 17268) metric 0.35738 scaledz 0.561719 value 0.111625 summ = 0.111625 c = 0.00111605 cff = 0.111625
Metric comp branch 1408 (1193, 1196) metric 0.317158 scaledz 0.498499 value 0.0950522 summ = 0.206678 c = 8.69612e-05 cff = 0.0950522
Metric comp branch 17647 (16544, 20010) metric 0.245542 scaledz 0.385935 value 0.068061 summ = 0.274739 c = 0.000116314 cff = 0.068061
Metric comp branch 30172 (28199, 17307) metric 0.245428 scaledz 0.385757 value 0.0680208 summ = 0.34276 c = 0.00128031 cff = 0.0680208
Metric comp branch 17648 (16544, 20148) metric 0.236532 scaledz 0.371773 value 0.0648936 summ = 0.407653 c = 7.94347e-05 cff = 0.0648936

 17813 0.00111605
 1408 8.69612e-05
 17647 0.000116314
 30172 0.00128031
 17648 7.94347e-05

 ====> Adversarial value: 0.407653
 case ../../data/pglib_opf_case30000_goc__api.m
 modfile newac.mod
 solver knitro
 objective 1898334.3044692054
 impvalue  0.3906961713170169
 cutIMP1 = 0.347834
 cutIMP2 = 0.333433
 cutIMP3 = 0.351603
 cutIMP4 = 0.34626
 cutIMP5 = 0.35132
 cutIMP6 = 0.368784
 cutIMP7 = 0.335862
 cutIMP8 = 0.34727
 cutIMP9 = 0.33504
 cutIMP10 = 0.332945
 cutIMP11 = 0.368349
 cutIMP12 = 0.37924
 cutIMP13 = 0.375063
 cutIMP14 = 0.382602
 cutIMP15 = 0.381087
 cutIMP16 = 0.381343
 cutIMP17 = 0.371399
 cutIMP18 = 0.378914
 cutIMP19 = 0.374445
 cutIMP20 = 0.376947
 cutIMP21 = 0.38933
 cutIMP22 = 0.376901
 cutIMP23 = 0.390696
 cutIMP24 = 0.379697
 cutIMP25 = 0.389459
 cutIMP26 = 0.387212
 cutIMP27 = 0.371422
 cutIMP28 = 0.382745
 cutIMP29 = 0.387299
 cutIMP30 = 0.385209
 cutIMP31 = 0.372555
 cutIMP32 = 0.38495
 cutIMP33 = 0.379044
 cutIMP34 = 0.386399
 cutIMP35 = 0.385152
 cutIMP36 = 0.379041
 cutIMP37 = 0.367123
 cutIMP38 = 0.377577
 cutIMP39 = 0.386073
 cutIMP40 = 0.38274
 cutIMP41 = 0.38068
 cutIMP42 = 0.374584
 cutIMP43 = 0.382197
 cutIMP44 = 0.380935
 cutIMP45 = 0.374648
 cutIMP46 = 0.362374
 cutIMP47 = 0.37319
 cutIMP48 = 0.374674
 cutIMP49 = 0.381976
 cutIMP50 = 0.378535
 cutIMP51 = 0.383057
 cutIMP52 = 0.381558
 cutIMP53 = 0.390694
 cutIMP54 = 0.376383
 cutIMP55 = 0.387283
 cutIMP56 = 0.390696
 cutIMP57 = 0.383123
 cutIMP58 = 0.389444
 cutIMP59 = 0.370684
 cutIMP60 = 0.379457
 cutIMP61 = 0.381529
 cutIMP62 = 0.389167
 cutIMP63 = 0.37485
 cutIMP64 = 0.385755
 cutIMP65 = 0.389169
 cutIMP66 = 0.381596
 cutIMP67 = 0.38162
 cutIMP68 = 0.387915
 cutIMP69 = 0.369147
 cutIMP70 = 0.37792
 cutIMP71 = 0.383057
 cutIMP72 = 0.390694
 cutIMP73 = 0.37638
 cutIMP74 = 0.387282
 cutIMP75 = 0.390696
 cutIMP76 = 0.383146
 cutIMP77 = 0.381624
 cutIMP78 = 0.370665
 cutIMP79 = 0.389444
 cutIMP80 = 0.379456
 cutIMP81 = 0.390696
 cutIMP82 = 0.376359
 cutIMP83 = 0.387279
 cutIMP84 = 0.390696
 cutIMP85 = 0.381604
 cutIMP86 = 0.383133
 cutIMP87 = 0.383117
 cutIMP88 = 0.370585
 cutIMP89 = 0.389443
 cutIMP90 = 0.379453
 cutIMP91 = 0.377836
 cutIMP92 = 0.376299
 cutIMP93 = 0.377802
 cutIMP94 = 0.383921
 cutIMP95 = 0.377844
 cutIMP96 = 0.382023
 cutIMP97 = 0.385435
 cutIMP98 = 0.365301
 cutIMP99 = 0.384176
 cutIMP100 = 0.37417
 cutIMP101 = 0.38305
 cutIMP102 = 0.383087
 cutIMP103 = 0.376325
 cutIMP104 = 0.389173
 cutIMP105 = 0.383092
 cutIMP106 = 0.387279
 cutIMP107 = 0.390696
 cutIMP108 = 0.370575
 cutIMP109 = 0.389443
 cutIMP110 = 0.379451
 cutIMP111 = 0.383953
 cutIMP112 = 0.37783
 cutIMP113 = 0.376327
 cutIMP114 = 0.377867
 cutIMP115 = 0.377867
 cutIMP116 = 0.382054
 cutIMP117 = 0.385469
 cutIMP118 = 0.365347
 cutIMP119 = 0.38421
 cutIMP120 = 0.3742
 actual_cost 1792395.474831911
 active power generation 6218101
 active power demand 2231.8202
 active power loss 70.4701483225294
 reactive power generation 6218101
 reactive power demand 307.6881
 reactive power loss -420.67556389755526
 solver runtime 38.87378001213074
 time so far 44.09709286689758
 writing casename, modfile, obj and runtime to summary_ac.log
