 case pglib_opf_case30000_goc__api modfile ac.mod solver knitro obj 1877384.1181854787 runtime 41.64154505729675
 case pglib_opf_case30000_goc__api modfile ac.mod solver knitro obj 1877384.1181854787 runtime 41.07783889770508
 case pglib_opf_case30000_goc__api modfile ac.mod solver knitro obj 1877384.1181854787 runtime 40.46329998970032
 case case14 modfile ac.mod solver knitro obj 8081.187603066031 runtime 0.27160096168518066
 case case14 modfile ac.mod solver knitro obj 8081.187603066031 runtime 0.08771300315856934
 case case14 modfile ac.mod solver rocky obj 0.0 runtime 0.030354022979736328
 case case14 modfile ac.mod solver rocky obj 0.0 runtime 1.6504168510437012
 case pglib_opf_case30000_goc__api modfile ac.mod solver knitro obj 1877383.9460813256 runtime 46.599247217178345
 case pglib_opf_case30000_goc__api modfile ac.mod solver knitro obj 1777930.8680555678 runtime 469.87768721580505
 case pglib_opf_case13659_pegase__api modfile ac.mod solver knitro obj 9644952.310000243 runtime 37.39584302902222
 case pglib_opf_case13659_pegase__api modfile ac.mod solver knitro obj 9385711.452921793 runtime 25.918315649032593
 case pglib_opf_case30000_goc__api modfile ac.mod solver knitro obj 1901602.878004515 runtime 56.823790073394775
 case pglib_opf_case13659_pegase__api modfile ac.mod solver knitro obj 9385711.452921793 runtime 25.924675703048706
 case pglib_opf_case13659_pegase__api modfile ac.mod solver knitro obj 9524850.077432165 runtime 32.377939224243164
 case case_ACTIVSg70k modfile ac.mod solver knitro obj 16439504.264656331 runtime 127.30518698692322
 case case_ACTIVSg70k modfile ac.mod solver knitro obj 19170762250.571297 runtime 622.4213211536407
 case pglib_opf_case10480_goc__api modfile ac.mod solver knitro obj 31805200.3113591 runtime 21.60860800743103
 case pglib_opf_case10480_goc__api modfile ac.mod solver knitro obj 2863484.409400489 runtime 11.997030019760132
 case pglib_opf_case30000_goc__api modfile ac.mod solver knitro obj 1777930.8680555678 runtime 466.12890911102295
 case pglib_opf_case30000_goc__api modfile ac.mod solver knitro obj 1777930.8680555678 runtime 467.3073170185089
 case pglib_opf_case30000_goc__api modfile ac.mod solver knitro obj 1901602.878004515 runtime 56.04236102104187
 case pglib_opf_case13659_pegase__api modfile ac.mod solver knitro obj 9644952.310000243 runtime 36.38834285736084
 case pglib_opf_case13659_pegase__api modfile ac.mod solver knitro obj 9385711.452921793 runtime 25.8380389213562
 case pglib_opf_case13659_pegase__api modfile ac.mod solver knitro obj 21635809.329116367 runtime 90.93859386444092
 case case14 modfile ac.mod solver knitro obj 8081.187603066031 runtime 0.633051872253418
 case case14 modfile ac.mod solver knitro obj 8081.187603066031 runtime 0.30860400199890137
 case case14 modfile ac.mod solver knitro obj 8081.187603066031 runtime 0.09843611717224121
 case pglib_opf_case13659_pegase__api modfile ac.mod solver knitro obj 21635809.329116367 runtime 91.93310809135437
 case pglib_opf_case13659_pegase__api modfile ac.mod solver knitro obj 21635809.329116367 runtime 89.81463599205017
 case pglib_opf_case13659_pegase__api modfile ac.mod solver knitro obj 21635809.329116367 runtime 88.91865611076355
 case pglib_opf_case13659_pegase__api modfile ac.mod solver knitro obj 21636150.33125631 runtime 111.09738397598267
 case pglib_opf_case13659_pegase__api modfile ac.mod solver knitro obj 9385711.452921793 runtime 25.652508974075317
 case case14 modfile newac.mod solver knitro obj 8081.187603066031 runtime 0.09053826332092285
 case case14 modfile newac.mod solver knitro obj 8081.214962869152 runtime 0.0925440788269043
 case case14 modfile newac.mod solver knitro obj 8081.214962869152 runtime 0.32168078422546387
 case case14 modfile newac.mod solver knitro obj 8081.214962882552 runtime 0.09253406524658203
 case pglib_opf_case13659_pegase__api modfile newac.mod solver knitro obj 21635584.155333556 runtime 138.88198924064636
 case pglib_opf_case13659_pegase__api modfile newac.mod solver knitro obj 9690889.40746771 runtime 17.264294862747192
 case pglib_opf_case13659_pegase__api modfile newac.mod solver knitro obj 9385711.452921793 runtime 25.677352905273438
 case pglib_opf_case30000_goc__api modfile newac.mod solver knitro obj 1898334.3044692054 runtime 44.09709286689758
 case pglib_opf_case30000_goc__api modfile newac.mod solver knitro obj 1777930.8680555678 runtime 459.34127402305603
 case pglib_opf_case30000_goc__api modfile newac.mod solver knitro obj 1877392.5927684885 runtime 256.7280447483063
 case pglib_opf_case13659_pegase__api modfile newac.mod solver knitro obj 9693636.309275234 runtime 58.457895040512085
 case pglib_opf_case13659_pegase__api modfile newac.mod solver knitro obj 9690889.40746771 runtime 18.137414932250977
 case pglib_opf_case30000_goc__api modfile newac.mod solver knitro obj 1777930.8680555678 runtime 483.68038606643677
 case pglib_opf_case30000_goc__api modfile newac.mod solver knitro obj 1902755.3567102533 runtime 79.73834705352783
 case pglib_opf_case30000_goc__api modfile newac.mod solver knitro obj 1902755.3567102533 runtime 76.14850306510925
 case pglib_opf_case30000_goc__api modfile newac.mod solver knitro obj 1777930.8680555678 runtime 505.58531188964844
 case pglib_opf_case13659_pegase__api modfile newac.mod solver knitro obj 9385711.452921793 runtime 27.785391092300415
 case pglib_opf_case13659_pegase__api modfile newac.mod solver knitro obj 9694978.64005736 runtime 21.54583239555359
 case case14 modfile ac_expthermal.mod solver knitro obj 8081.187603062856 runtime 35.14157176017761
 case case14 modfile ac_expthermal.mod solver knitro obj 8081.187603062856 runtime 6.18185019493103
 case case14 modfile ac_expthermal.mod solver knitro obj 8081.187603062856 runtime 7.592348098754883
 case case14 modfile ac_expthermal.mod solver knitro obj 8109.4324109244135 runtime 18.59951901435852
 case pglib_opf_case13659_pegase__api modfile ac_expthermal.mod solver knitro obj 9387676.281326734 runtime 168.1910798549652
 case pglib_opf_case13659_pegase__api modfile ac_expthermal.mod solver knitro obj 9397491.210732901 runtime 179.3773500919342
